from numpy import array

try:
    import cPickle as pickle

except: #workaround for python3.X
    import _pickle as pickle


from mpmath import mpf 

parser = None

scaler = 'GeneralizedLinearScaler'

thermodynamics = 'ThermoCorrections'

solver = 'SteadyStateSolver'

mapper = 'MinResidMapper'

binary_data = pickle.load(open("zxy cracking.pkl","rb"))

locals().update(binary_data)

A_uc = None

DEBUG = False

adsorbate_coefficient_matrix = array([[ 0.     ,  0.80244, -1.77189],
       [ 0.19596,  0.27657, -1.26168],
       [ 0.28239,  0.49141, -2.89911],
       [ 0.     ,  0.21862, -2.47426],
       [ 0.     ,  1.     , -0.     ],
       [ 1.     ,  0.     ,  0.     ]])

adsorbate_interaction_model = 'ideal'

adsorbate_interactions = None

adsorbate_names = ('C3H6_s', 'C3H8_s', 'C6H13_s', 'C6H14_s', 'CH3CH2CH_s', 'H_s')

adsorbate_thermo_mode = 'frozen_adsorbate'

analytical_jacobian = True

atomic_reservoir_dict = {'H': 'C3H8_g', 'C': 'C6H14_g'}

atomic_reservoir_list = [{'H': 'C3H6_g', 'C': 'C3H8_g'}, {'H': 'C3H6_g', 'C': 'C6H14_g'}, {'H': 'C3H8_g', 'C': 'C6H14_g'}]

atoms_dict = {}

avoid_scaling = False

coefficient_matrix = array([[ 0.        ,  0.80244   , -1.77189   ],
       [ 0.19596   ,  0.27657   , -1.26168   ],
       [ 0.28239   ,  0.49141   , -2.89911   ],
       [ 0.        ,  0.21862   , -2.47426   ],
       [ 0.        ,  1.        , -0.        ],
       [ 1.        ,  0.        ,  0.        ],
       [ 0.        ,  0.51063094, -0.9382477 ],
       [-0.11754031, -0.04504128,  1.01992613],
       [ 0.        , -0.64418342,  0.7492588 ]])

coefficient_maxs = [[1e+99, 1e+99, 1e+99], [1e+99, 1e+99, 1e+99], [1e+99, 1e+99, 1e+99], [1e+99, 1e+99, 1e+99], [0.0, 1e+99, 1e+99], [1e+99, 0.0, 1e+99], [1e+99, 1e+99, 1e+99], [1e+99, 1e+99, 1e+99], [1e+99, 1e+99, 1e+99]]

coefficient_mins = [[0, 0, -1e+99], [0, 0, -1e+99], [0, 0, -1e+99], [0, 0, -1e+99], [0.0, 0, -1e+99], [0, 0.0, -1e+99], [0, 0, -1e+99], [0, 0, -1e+99], [0, 0, -1e+99]]

coverage_headers = ['coverage', 'coadsorbate_coverage']

data_file = 'zxy cracking.pkl'

decimal_precision = 100

default_constraints = ['+', '+', None]

default_interaction_constraints = None

descriptor_decimal_precision = 2

descriptor_dict = {'FeZSM5': [-1.675, -2.368], 'CoZSM5': [1.13, -1.204], 'NiZSM5': [0.641, -1.26], 'CuZSM5': [1.267, -0.825], 'ZnZSM5': [-0.396, -0.683], 'PtZSM5': [0.6, -0.596], 'AgZSM5': [2.257, 0.723], 'AuZSM5': [2.151, 0.665]}

descriptor_names = ('H_s', 'CH3CH2CH_s')

descriptor_ranges = [[-2, 4], [1, -3]]

echem_transition_state_names = []

electrochemical_thermo_mode = 'simple_electrochemical'

elementary_rxns = ([['s', 'C6H14_g'], ['C6H14_s']], [['s', 'C6H14_s'], ['C6H13-H_s', 's'], ['C6H13_s', 'H_s']], [['C6H13_s', 'H_s'], ['CH3CH2CH-C3H8_s', 's'], ['CH3CH2CH_s', 'C3H8_s']], [['CH3CH2CH_s'], ['CH3CHCH-H_s'], ['C3H6_s']], [['C3H6_s'], ['C3H6_g', 's']], [['C3H8_s'], ['C3H8_g', 's']])

estimate_frequencies = True

extrapolate_coverages = False

fix_x_star = False

fixed_entropy_dict = {'H2_g': 0.00135, 'other': 0.002}

force_recalculation = False

force_recompilation = False

frequency_dict = {'C6H14_g': [], 'C3H6_g': [], 'C3H8_g': [], 's': [], 'C3H6_s': [], 'C3H8_s': [], 'C6H13_s': [], 'C6H14_s': [], 'CH3CH2CH_s': [], 'H_s': [], 'C6H13-H_s': [], 'CH3CH2CH-C3H8_s': [], 'CH3CHCH-H_s': [], '*_s': [], 'g': [], '*_g': []}

frequency_surface_names = []

frequency_unit_conversion = 0.0001239842

gas_names = ('C3H6_g', 'C3H8_g', 'C6H14_g')

gas_pressures = [0.05, 0.05, 1.0]

gas_thermo_mode = 'fixed_entropy_gas'

hbond_dict = {'COOH': -0.25, 'OCHO': 0.0, 'CO': -0.1, 'CHO': -0.1, 'CH2O': 0.0, 'OCH3': 0.0, 'O': 0.0, 'OH': -0.5, 'H': 0.0, 'COH': -0.25, 'C': 0.0, 'CH': 0.0, 'CH2': 0.0, 'CH3': 0.0, 'CHOH': -0.25, 'COHOH': -0.25, 'OCH2O': 0.0, 'CH2OH': -0.25, 'OCHCH2': 0.0, 'OCHCHO': 0.0}

hindered_ads_params = {}

ideal_gas_params = {'H2_g': [2, 'linear', 0], 'N2_g': [2, 'linear', 0], 'O2_g': [2, 'linear', 1.0], 'H2O_g': [2, 'nonlinear', 0], 'CO_g': [1, 'linear', 0], 'CH4_g': [12, 'nonlinear', 0], 'NH3_g': [3, 'nonlinear', 0], 'CH3OH_g': [1, 'nonlinear', 0], 'CH3CH2OH_g': [1, 'nonlinear', 0], 'CO2_g': [2, 'linear', 0], 'CH2O_g': [2, 'nonlinear', 0], 'HCOOH_g': [1, 'nonlinear', 0], 'CH2CH2_g': [4, 'nonlinear', 0], 'CH3CHCH2_g': [1, 'nonlinear', 0], 'CH3CH2CHCH2_g': [1, 'nonlinear', 0], 'CH3CHCHCH3_g': [2, 'nonlinear', 0], 'CH3CH3CCH2_g': [2, 'nonlinear', 0], 'pe_g': [2, 'linear', 0], 'C2H2_g': [2, 'linear', 0], 'C2H4_g': [4, 'nonlinear', 0], 'C2H6_g': [6, 'nonlinear', 0], 'C3H6_g': [1, 'nonlinear', 0], 'CH3COOH_g': [1, 'nonlinear', 0], 'CH3CHO_g': [1, 'nonlinear', 0], 'C5H4O2_g': [1, 'nonlinear', 0], 'C5H6O2_g': [1, 'nonlinear', 0], 'C5H6O_g': [1, 'nonlinear', 0], 'HCl_g': [1, 'linear', 0], 'Cl2_g': [2, 'linear', 0]}

input_file = 'zxyenergies.txt'

interaction_fitting_mode = None

interaction_surface_names = None

internally_constrain_coverages = True

kBT = mpf('0.075229312532940000000000000000000000000000000000000000000000000000000000000000000000000000000000000000000000000000000000000000014')

max_bisections = 3

max_damping_iterations = 10

max_initial_guesses = 3

max_rootfinding_iterations = 100

max_self_interaction = 'Pd'

model_name = 'zxycracking'

numerical_representation = 'mpmath'

optimize_analytical_expressions = False

outer_solver_log = 'outer_solver.log'

output_labels = {'coverage': ('C3H6_s', 'C3H8_s', 'C6H13_s', 'C6H14_s', 'CH3CH2CH_s', 'H_s'), 'rate': ([['s', 'C6H14_g'], ['C6H14_s']], [['s', 'C6H14_s'], ['C6H13-H_s', 's'], ['C6H13_s', 'H_s']], [['C6H13_s', 'H_s'], ['CH3CH2CH-C3H8_s', 's'], ['CH3CH2CH_s', 'C3H8_s']], [['CH3CH2CH_s'], ['CH3CHCH-H_s'], ['C3H6_s']], [['C3H6_s'], ['C3H6_g', 's']], [['C3H8_s'], ['C3H8_g', 's']]), 'rate_control': [('C3H6_g', 'C3H8_g', 'C6H14_g'), ('C3H6_s', 'C3H8_s', 'C6H13_s', 'C6H14_s', 'CH3CH2CH_s', 'H_s', 'C6H13-H_s', 'CH3CH2CH-C3H8_s', 'CH3CHCH-H_s')], 'selectivity_control': [('C3H6_g', 'C3H8_g', 'C6H14_g'), ('C3H6_s', 'C3H8_s', 'C6H13_s', 'C6H14_s', 'CH3CH2CH_s', 'H_s', 'C6H13-H_s', 'CH3CH2CH-C3H8_s', 'CH3CHCH-H_s')], 'rxn_order': [('C3H6_g', 'C3H8_g', 'C6H14_g'), ('C3H6_g', 'C3H8_g', 'C6H14_g')], 'production_rate': ('C3H6_g', 'C3H8_g', 'C6H14_g')}

output_variables = ['coverage', 'rate', 'production_rate', 'rate', 'rate_control', 'coverage', 'selectivity_control', 'rxn_order']

parameter_dict = {'C3H6_s': [-4.541, -2.02, -2.771, -2.583, -1.273, -2.205, -1.614, -1.62], 'C3H8_s': [-2.987, -0.666, -1.521, -1.545, -0.808, -0.948, -1.059, -0.923], 'C6H13_s': [-4.08, -3.304, -3.738, -2.648, -3.646, -3.335, -1.713, -1.768], 'C6H14_s': [-3.446, -2.529, -2.777, -2.608, -2.193, -2.309, -2.616, -2.529], 'CH3CH2CH_s': [-2.368, -1.204, -1.26, -0.825, -0.683, -0.596, 0.723, 0.665], 'H_s': [-1.675, 1.13, 0.641, 1.267, -0.396, 0.6, 2.257, 2.151], 'C6H13-H_s': [-3.25, -2.351, -2.297, -1.381, -0.008, -1.443, -0.047, 0.438], 'CH3CH2CH-C3H8_s': [-2.744, -0.392, 3.916, -1.088, 3.627, 4.348, 0.014, 0.026], 'CH3CHCH-H_s': [3.42, 0.486, 2.915, -0.423, 0.846, 0.268, 1.085, 0.971]}

parameter_mode = 'formation_energy'

parameter_names = ('C3H6_s', 'C3H8_s', 'C6H13_s', 'C6H14_s', 'CH3CH2CH_s', 'H_s', 'C6H13-H_s', 'CH3CH2CH-C3H8_s', 'CH3CHCH-H_s')

parse_headers = ['formation_energy', 'frequencies']

perturbation_size = 1e-14

prefactor_list = ['kB*T/h', 'kB*T/h', 'kB*T/h', 'kB*T/h', 'kB*T/h', 'kB*T/h']

pressure_mode = 'static'

products = ['C3H6_g', 'C3H8_g']

reactants = ['C6H14_g']

required_headers = ['species_name', 'surface_name', 'site_name', 'formation_energy', 'frequencies', 'reference']

residual_threshold = 0.9

resolution = [12, 12]

rxn_expressions = ['*_s + C6H14_g -> C6H14*', '*_s + C6H14* <-> C6H13-H* + *_s -> C6H13* + H*', 'C6H13* + H* <-> CH3CH2CH-C3H8* + *_s -> CH3CH2CH* + C3H8*', 'CH3CH2CH* <-> CH3CHCH-H* -> C3H6* ', 'C3H6*  -> C3H6_g + *_s', 'C3H8*  -> C3H8_g + *_s']

rxn_options_dict = {'prefactor': {}, 'beta': {}}

scaling_constraint_dict = {'H_s': ['+', 0, None], 'CH3CH2CH_s': [0, '+', None]}

search_directions = [[0, 0], [0, 1], [1, 0], [0, -1], [-1, 0], [-1, 1], [1, 1], [1, -1], [-1, -1]]

setup_file = 'zxycracking.mkm'

shomate_params = {'H2_g:298-1000': [33.066178, -11.363417, 11.432816, -2.772874, -0.158558, -9.980797, 172.707974, 0], 'H2_g:1000-2500': [18.563083, 12.257357, -2.859786, 0.268238, 1.97799, -1.147438, 156.288133, 0], 'H2_g:2500-6000': [43.41356, -4.293079, 1.272428, -0.096876, -20.533862, -38.515158, 162.081354, 0], 'CH4_g:298-1300': [-0.703029, 108.4773, -42.52157, 5.862788, 0.678565, -76.84376, 158.7163, -74.8731], 'CH4_g:1300-1600': [85.81217, 11.26467, -2.114146, 0.13819, -26.42221, -153.5327, 224.4143, -74.8731], 'CO_g:298-1300': [25.56759, 6.09613, 4.054656, -2.671201, 0.131021, -118.0089, 227.3665, -110.5271], 'CO_g:1300-1600': [35.1507, 1.300095, -0.205921, 0.01355, -3.28278, -127.8375, 231.712, -110.5271], 'H2O_g:100-500': [36.303952, -24.11232, 63.64111, -38.9524, -0.01385, -10.23966, 237.39431, 0.0], 'H2O_g:500-1700': [30.092, 6.832514, 6.793435, -2.53448, 0.082139, -250.881, 223.3967, -241.8264], 'H2O_g:1700-6000': [41.96426, 8.622053, -1.49978, 0.098119, -11.15764, -272.1797, 219.7809, -241.8264], 'CO2_g:298-1200': [24.99735, 55.18696, -33.69137, 7.948387, -0.136638, -403.6075, 228.2431, -393.5224], 'CO2_g:1200-6000': [58.16639, 2.720075, -0.492289, 0.038844, -6.447293, -425.9186, 263.6125, -393.5224], 'O2_g:100-700': [31.32234, -20.23531, 57.8664, -36.50624, -0.007374, -8.903471, 246.7945, 0.0], 'O2_g:700-2000': [30.03235, 8.772972, -3.988133, 0.788313, -0.741599, -11.32468, 236.1663, 0.0], 'O2_g:2000-6000': [20.91111, 10.72071, -2.020498, 0.146449, 9.245722, 5.337651, 237.6185, 0.0], 'NH3_g:298-1400': [19.99563, 49.77119, -15.37599, 1.921168, 0.189174, -53.30667, 203.8591, -45.89806], 'N2_g:100-500': [28.98641, 1.853978, -9.647459, 16.63537, 0.000117, -8.671914, 226.4168, 0.0], 'N2_g:500-2000': [19.50583, 19.88705, -8.598535, 1.369784, 0.527601, -4.935202, 212.39, 0.0], 'N2O_g:298-1400': [27.67988, 51.14898, -30.64454, 6.847911, -0.157906, 71.24934, 238.6164, 82.04824], 'NO2_g:298-1200': [16.10857, 75.89525, -54.3874, 14.30777, 0.239423, 26.17464, 240.5386, 33.09502], 'NO_g:298-1200': [23.83491, 12.58878, -1.139011, -1.497459, 0.214194, 83.35783, 237.1219, 90.29114], 'NO3_g:298-1200': [11.22316, 166.3889, -148.4458, 47.40598, -0.176791, 61.00858, 221.7679, 71.128], 'HNO2_g:298-1200': [24.89974, 91.37563, -64.84614, 17.92007, -0.134737, -88.13596, 254.2671, -76.73498], 'HNO3_g:298-1200': [19.63229, 153.9599, -115.8378, 32.87955, -0.249114, -146.8818, 247.7049, -134.306], 'HCN_g:298-1200': [32.69373, 22.59205, -4.369142, -0.407697, -0.282399, 123.4811, 233.2597, 135.1432], 'CH2CH2_g:298-1200': [-6.38788, 184.4019, -112.9718, 28.49593, 0.31554, 48.17332, 163.1568, 52.46694], 'CH2O_g:298-1500': [5.193767, 93.23249, -44.85457, 7.882279, 0.551175, -119.3591, 202.4663, -115.8972], 'CH3OH_g:298-1500': [-1.0845814245433651, 153.2463565199489, -79.53050359618254, 16.47130239316011, 0.5220334601533215, -4.897417024069, 199.1893745506112, 0.0], 'C5H4O2_g:100-1500': [-16.36694, 0.46958, -0.000331925, 8.50912e-08, 198590.9145, -1661.34999, -15.68938, 12461.34999], 'C5H6O2_g:100-1500': [-18.57626, 0.50733, -0.000335824, 8.28263e-08, 231619.2141, -6357.53523, 2.75692, 7057.53523], 'C5H6O_g:50-1500': [1.26847, 0.35388, -0.000173962, 2.87427e-08, 48401.71207, -5691.94893, -85.38991, 7191.94893], 'Cl2_g:298-1000': [33.0506, 12.2294, -12.0651, 4.38533, -0.159494, -10.8348, 259.029, 0.0], 'HCl_g:298-1200': [32.12392, -13.45805, 19.86852, -6.853936, -0.049672, -101.6206, 228.6866, -92.31201], 'CH3CH2OH_g:298-1500': [-4.7367880805894265, 271.96181550301463, -169.34946529216657, 43.73860153608533, 0.24643430702178773, -9.828280829187861, 203.3325622617075, 0.0], 'CH3CHO_g:298-1500': [4.8037386340099095, 185.92002366990326, -99.1084610902012, 20.61473919069016, 0.2770802548558646, -8.566600040790945, 220.00244674443837, 0.0], 'HCOOH_g:298-1500': [3.802752304225226, 153.66217894746168, -84.64046773816926, 16.297377707561505, 0.2772064997263338, -6.16527, 212.9698972559699, 0]}

site_names = ('s', 'g')

species_definitions = {'C6H14_g': {'name': 'C6H14', 'site': 'g', 'type': 'gas', 'n_sites': 0, 'composition': {'H': 14, 'C': 6}, 'pressure': 1.0, 'formation_energy': -1.051, 'formation_energy_source': 'Input File Tutorial.', 'frequencies': []}, 'C3H6_g': {'name': 'C3H6', 'site': 'g', 'type': 'gas', 'n_sites': 0, 'composition': {'H': 6, 'C': 3}, 'pressure': 0.05, 'formation_energy': 0.0, 'formation_energy_source': 'Input File Tutorial.', 'frequencies': []}, 'C3H8_g': {'name': 'C3H8', 'site': 'g', 'type': 'gas', 'n_sites': 0, 'composition': {'H': 8, 'C': 3}, 'pressure': 0.05, 'formation_energy': 0.0, 'formation_energy_source': 'Input File Tutorial.', 'frequencies': []}, 's': {'name': 's', 'site': 's', 'type': 'site', 'formation_energy': 0, 'n_sites': 1, 'composition': {}, 'site_names': ['111'], 'total': 1, 'frequencies': []}, 'C3H6_s': {'name': 'C3H6', 'site': 's', 'type': 'adsorbate', 'n_sites': 1, 'composition': {'H': 6, 'C': 3}, 'formation_energy': [-4.541, -2.02, -2.771, -2.583, -1.273, -2.205, -1.614, -1.62], 'formation_energy_source': ['Input File Tutorial.', 'Input File Tutorial.', 'Input File Tutorial.', 'Input File Tutorial.', 'Input File Tutorial.', 'Input File Tutorial.', 'Input File Tutorial.', 'Input File Tutorial.'], 'frequencies': []}, 'C3H8_s': {'name': 'C3H8', 'site': 's', 'type': 'adsorbate', 'n_sites': 1, 'composition': {'H': 8, 'C': 3}, 'formation_energy': [-2.987, -0.666, -1.521, -1.545, -0.808, -0.948, -1.059, -0.923], 'formation_energy_source': ['Input File Tutorial.', 'Input File Tutorial.', 'Input File Tutorial.', 'Input File Tutorial.', 'Input File Tutorial.', 'Input File Tutorial.', 'Input File Tutorial.', 'Input File Tutorial.'], 'frequencies': []}, 'C6H13_s': {'name': 'C6H13', 'site': 's', 'type': 'adsorbate', 'n_sites': 1, 'composition': {'H': 13, 'C': 6}, 'formation_energy': [-4.08, -3.304, -3.738, -2.648, -3.646, -3.335, -1.713, -1.768], 'formation_energy_source': ['Input File Tutorial.', 'Input File Tutorial.', 'Input File Tutorial.', 'Input File Tutorial.', 'Input File Tutorial.', 'Input File Tutorial.', 'Input File Tutorial.', 'Input File Tutorial.'], 'frequencies': []}, 'C6H14_s': {'name': 'C6H14', 'site': 's', 'type': 'adsorbate', 'n_sites': 1, 'composition': {'H': 14, 'C': 6}, 'formation_energy': [-3.446, -2.529, -2.777, -2.608, -2.193, -2.309, -2.616, -2.529], 'formation_energy_source': ['Input File Tutorial.', 'Input File Tutorial.', 'Input File Tutorial.', 'Input File Tutorial.', 'Input File Tutorial.', 'Input File Tutorial.', 'Input File Tutorial.', 'Input File Tutorial.'], 'frequencies': []}, 'CH3CH2CH_s': {'name': 'CH3CH2CH', 'site': 's', 'type': 'adsorbate', 'n_sites': 1, 'composition': {'H': 6, 'C': 3}, 'formation_energy': [-2.368, -1.204, -1.26, -0.825, -0.683, -0.596, 0.723, 0.665], 'formation_energy_source': ['Input File Tutorial.', 'Input File Tutorial.', 'Input File Tutorial.', 'Input File Tutorial.', 'Input File Tutorial.', 'Input File Tutorial.', 'Input File Tutorial.', 'Input File Tutorial.'], 'frequencies': []}, 'H_s': {'name': 'H', 'site': 's', 'type': 'adsorbate', 'n_sites': 1, 'composition': {'H': 1}, 'formation_energy': [-1.675, 1.13, 0.641, 1.267, -0.396, 0.6, 2.257, 2.151], 'formation_energy_source': ['Input File Tutorial.', 'Input File Tutorial.', 'Input File Tutorial.', 'Input File Tutorial.', 'Input File Tutorial.', 'Input File Tutorial.', 'Input File Tutorial.', 'Input File Tutorial.'], 'frequencies': []}, 'C6H13-H_s': {'name': 'C6H13-H', 'site': 's', 'type': 'transition_state', 'n_sites': 1, 'composition': {'H': 14, 'C': 6}, 'formation_energy': [-3.25, -2.351, -2.297, -1.381, -0.008, -1.443, -0.047, 0.438], 'formation_energy_source': ['Input File Tutorial.', 'Input File Tutorial.', 'Input File Tutorial.', 'Input File Tutorial.', 'Input File Tutorial.', 'Input File Tutorial.', 'Input File Tutorial.', 'Input File Tutorial.'], 'frequencies': []}, 'CH3CH2CH-C3H8_s': {'name': 'CH3CH2CH-C3H8', 'site': 's', 'type': 'transition_state', 'n_sites': 1, 'composition': {'H': 14, 'C': 6}, 'formation_energy': [-2.744, -0.392, 3.916, -1.088, 3.627, 4.348, 0.014, 0.026], 'formation_energy_source': ['Input File Tutorial.', 'Input File Tutorial.', 'Input File Tutorial.', 'Input File Tutorial.', 'Input File Tutorial.', 'Input File Tutorial.', 'Input File Tutorial.', 'Input File Tutorial.'], 'frequencies': []}, 'CH3CHCH-H_s': {'name': 'CH3CHCH-H', 'site': 's', 'type': 'transition_state', 'n_sites': 1, 'composition': {'H': 6, 'C': 3}, 'formation_energy': [3.42, 0.486, 2.915, -0.423, 0.846, 0.268, 1.085, 0.971], 'formation_energy_source': ['Input File Tutorial.', 'Input File Tutorial.', 'Input File Tutorial.', 'Input File Tutorial.', 'Input File Tutorial.', 'Input File Tutorial.', 'Input File Tutorial.', 'Input File Tutorial.'], 'frequencies': []}, '*_s': {'name': 's', 'site': 's', 'type': 'site', 'formation_energy': 0, 'n_sites': 1, 'composition': {}, 'site_names': ['111'], 'total': 1, 'frequencies': []}, 'g': {'name': 'g', 'site': 'g', 'type': 'site', 'formation_energy': 0, 'n_sites': 0, 'site_names': ['gas'], 'total': 0, 'composition': {}, 'frequencies': []}, '*_g': {'name': 'g', 'site': 'g', 'type': 'site', 'formation_energy': 0, 'n_sites': 0, 'site_names': ['gas'], 'total': 0, 'composition': {}, 'frequencies': []}}

standard_coadsorbate_coverage = 'min'

standard_coverage = 'min'

surface_names = ('FeZSM5', 'CoZSM5', 'NiZSM5', 'CuZSM5', 'ZnZSM5', 'PtZSM5', 'AgZSM5', 'AuZSM5')

temperature = 873

thermodynamic_corrections = ['gas', 'adsorbate']

thermodynamic_variables = ['temperature', 'gas_pressures', 'voltage', 'beta', 'pH', 'Upzc', 'gas_thermo_mode', 'adsorbate_thermo_mode']

tolerance = 1e-50

total_coefficient_dict = {'C3H6_s': array([ 0.     ,  0.80244, -1.77189]), 'C3H8_s': array([ 0.19596,  0.27657, -1.26168]), 'C6H13_s': array([ 0.28239,  0.49141, -2.89911]), 'C6H14_s': array([ 0.     ,  0.21862, -2.47426]), 'CH3CH2CH_s': array([ 0.,  1., -0.]), 'H_s': array([1., 0., 0.]), 'C6H13-H_s': array([ 0.     ,  1.17186, -0.47969]), 'CH3CH2CH-C3H8_s': array([0.     , 0.44557, 1.27238]), 'CH3CHCH-H_s': array([0.   , 0.   , 1.196])}

transition_state_coefficient_matrix = array([[ 0.        ,  0.51063094, -0.9382477 ],
       [-0.11754031, -0.04504128,  1.01992613],
       [ 0.        , -0.64418342,  0.7492588 ]])

transition_state_cross_interaction_mode = 'transition_state_scaling'

transition_state_names = ('C6H13-H_s', 'CH3CH2CH-C3H8_s', 'CH3CHCH-H_s')

transition_state_scaling_coefficients = [[2.335700934998983, 4.840883692690457], [-0.09165722662301012, 0.7542017516929629], [-0.6441834175661927, 0.7492587999178454]]

transition_state_scaling_matrix = array([[ 0.        ,  0.        ,  0.        ,  2.33570093,  0.        ,
         0.        ,  4.84088369],
       [-0.        , -0.        , -0.09165723, -0.        , -0.        ,
        -0.09165723,  0.75420175],
       [-0.        , -0.        , -0.        , -0.        , -0.64418342,
        -0.        ,  0.7492588 ]])

transition_state_scaling_mode = 'initial_state'

transition_state_scaling_parameters = {}

use_numbers_solver = True

verbose = 1

stdout = """mapper_iteration_0: status - 144 points do not have valid solution.
minresid_iteration_0: success - [ 4.00,-3.00] using coverages from [ 4.00,-3.00]
minresid_iteration_0: success - [ 4.00,-2.64] using coverages from [ 4.00,-2.64]
minresid_iteration_0: success - [ 4.00,-2.27] using coverages from [ 4.00,-2.27]
minresid_iteration_0: success - [ 4.00,-1.91] using coverages from [ 4.00,-1.91]
minresid_iteration_0: success - [ 4.00,-1.55] using coverages from [ 4.00,-1.55]
minresid_iteration_0: success - [ 4.00,-1.18] using coverages from [ 4.00,-1.18]
minresid_iteration_0: success - [ 4.00,-0.82] using coverages from [ 4.00,-0.82]
minresid_iteration_0: success - [ 4.00,-0.45] using coverages from [ 4.00,-0.45]
minresid_iteration_0: success - [ 4.00,-0.09] using coverages from [ 4.00,-0.09]
minresid_iteration_0: success - [ 4.00, 0.27] using coverages from [ 4.00, 0.27]
minresid_iteration_0: success - [ 4.00, 0.64] using coverages from [ 4.00, 0.64]
minresid_iteration_0: success - [ 4.00, 1.00] using coverages from [ 4.00, 1.00]
minresid_iteration_0: success - [ 3.45,-3.00] using coverages from [ 3.45,-3.00]
minresid_iteration_0: success - [ 3.45,-2.64] using coverages from [ 3.45,-2.64]
minresid_iteration_0: success - [ 3.45,-2.27] using coverages from [ 3.45,-2.27]
minresid_iteration_0: success - [ 3.45,-1.91] using coverages from [ 3.45,-1.91]
minresid_iteration_0: success - [ 3.45,-1.55] using coverages from [ 3.45,-1.55]
minresid_iteration_0: success - [ 3.45,-1.18] using coverages from [ 3.45,-1.18]
minresid_iteration_0: success - [ 3.45,-0.82] using coverages from [ 3.45,-0.82]
minresid_iteration_0: success - [ 3.45,-0.45] using coverages from [ 3.45,-0.45]
minresid_iteration_0: success - [ 3.45,-0.09] using coverages from [ 3.45,-0.09]
minresid_iteration_0: success - [ 3.45, 0.27] using coverages from [ 3.45, 0.27]
minresid_iteration_0: success - [ 3.45, 0.64] using coverages from [ 3.45, 0.64]
minresid_iteration_0: success - [ 3.45, 1.00] using coverages from [ 3.45, 1.00]
minresid_iteration_0: success - [ 2.91,-3.00] using coverages from [ 2.91,-3.00]
minresid_iteration_0: success - [ 2.91,-2.64] using coverages from [ 2.91,-2.64]
minresid_iteration_0: success - [ 2.91,-2.27] using coverages from [ 2.91,-2.27]
minresid_iteration_0: success - [ 2.91,-1.91] using coverages from [ 2.91,-1.91]
minresid_iteration_0: success - [ 2.91,-1.55] using coverages from [ 2.91,-1.55]
minresid_iteration_0: success - [ 2.91,-1.18] using coverages from [ 2.91,-1.18]
minresid_iteration_0: success - [ 2.91,-0.82] using coverages from [ 2.91,-0.82]
minresid_iteration_0: success - [ 2.91,-0.45] using coverages from [ 2.91,-0.45]
minresid_iteration_0: success - [ 2.91,-0.09] using coverages from [ 2.91,-0.09]
minresid_iteration_0: success - [ 2.91, 0.27] using coverages from [ 2.91, 0.27]
minresid_iteration_0: success - [ 2.91, 0.64] using coverages from [ 2.91, 0.64]
minresid_iteration_0: success - [ 2.91, 1.00] using coverages from [ 2.91, 1.00]
minresid_iteration_0: success - [ 2.36,-3.00] using coverages from [ 2.36,-3.00]
minresid_iteration_0: success - [ 2.36,-2.64] using coverages from [ 2.36,-2.64]
minresid_iteration_0: success - [ 2.36,-2.27] using coverages from [ 2.36,-2.27]
minresid_iteration_0: success - [ 2.36,-1.91] using coverages from [ 2.36,-1.91]
minresid_iteration_0: success - [ 2.36,-1.55] using coverages from [ 2.36,-1.55]
minresid_iteration_0: success - [ 2.36,-1.18] using coverages from [ 2.36,-1.18]
minresid_iteration_0: success - [ 2.36,-0.82] using coverages from [ 2.36,-0.82]
minresid_iteration_0: success - [ 2.36,-0.45] using coverages from [ 2.36,-0.45]
minresid_iteration_0: success - [ 2.36,-0.09] using coverages from [ 2.36,-0.09]
minresid_iteration_0: success - [ 2.36, 0.27] using coverages from [ 2.36, 0.27]
minresid_iteration_0: success - [ 2.36, 0.64] using coverages from [ 2.36, 0.64]
minresid_iteration_0: success - [ 2.36, 1.00] using coverages from [ 2.36, 1.00]
minresid_iteration_0: success - [ 1.82,-3.00] using coverages from [ 1.82,-3.00]
minresid_iteration_0: success - [ 1.82,-2.64] using coverages from [ 1.82,-2.64]
minresid_iteration_0: success - [ 1.82,-2.27] using coverages from [ 1.82,-2.27]
minresid_iteration_0: success - [ 1.82,-1.91] using coverages from [ 1.82,-1.91]
minresid_iteration_0: success - [ 1.82,-1.55] using coverages from [ 1.82,-1.55]
minresid_iteration_0: success - [ 1.82,-1.18] using coverages from [ 1.82,-1.18]
minresid_iteration_0: success - [ 1.82,-0.82] using coverages from [ 1.82,-0.82]
minresid_iteration_0: success - [ 1.82,-0.45] using coverages from [ 1.82,-0.45]
minresid_iteration_0: success - [ 1.82,-0.09] using coverages from [ 1.82,-0.09]
minresid_iteration_0: success - [ 1.82, 0.27] using coverages from [ 1.82, 0.27]
minresid_iteration_0: success - [ 1.82, 0.64] using coverages from [ 1.82, 0.64]
minresid_iteration_0: success - [ 1.82, 1.00] using coverages from [ 1.82, 1.00]
minresid_iteration_0: success - [ 1.27,-3.00] using coverages from [ 1.27,-3.00]
minresid_iteration_0: success - [ 1.27,-2.64] using coverages from [ 1.27,-2.64]
minresid_iteration_0: success - [ 1.27,-2.27] using coverages from [ 1.27,-2.27]
minresid_iteration_0: success - [ 1.27,-1.91] using coverages from [ 1.27,-1.91]
minresid_iteration_0: success - [ 1.27,-1.55] using coverages from [ 1.27,-1.55]
minresid_iteration_0: success - [ 1.27,-1.18] using coverages from [ 1.27,-1.18]
minresid_iteration_0: success - [ 1.27,-0.82] using coverages from [ 1.27,-0.82]
minresid_iteration_0: success - [ 1.27,-0.45] using coverages from [ 1.27,-0.45]
minresid_iteration_0: success - [ 1.27,-0.09] using coverages from [ 1.27,-0.09]
minresid_iteration_0: success - [ 1.27, 0.27] using coverages from [ 1.27, 0.27]
minresid_iteration_0: success - [ 1.27, 0.64] using coverages from [ 1.27, 0.64]
minresid_iteration_0: success - [ 1.27, 1.00] using coverages from [ 1.27, 1.00]
minresid_iteration_0: success - [ 0.73,-3.00] using coverages from [ 0.73,-3.00]
minresid_iteration_0: success - [ 0.73,-2.64] using coverages from [ 0.73,-2.64]
minresid_iteration_0: success - [ 0.73,-2.27] using coverages from [ 0.73,-2.27]
minresid_iteration_0: success - [ 0.73,-1.91] using coverages from [ 0.73,-1.91]
minresid_iteration_0: success - [ 0.73,-1.55] using coverages from [ 0.73,-1.55]
minresid_iteration_0: success - [ 0.73,-1.18] using coverages from [ 0.73,-1.18]
minresid_iteration_0: success - [ 0.73,-0.82] using coverages from [ 0.73,-0.82]
minresid_iteration_0: success - [ 0.73,-0.45] using coverages from [ 0.73,-0.45]
minresid_iteration_0: success - [ 0.73,-0.09] using coverages from [ 0.73,-0.09]
minresid_iteration_0: success - [ 0.73, 0.27] using coverages from [ 0.73, 0.27]
minresid_iteration_0: success - [ 0.73, 0.64] using coverages from [ 0.73, 0.64]
minresid_iteration_0: success - [ 0.73, 1.00] using coverages from [ 0.73, 1.00]
minresid_iteration_0: success - [ 0.18,-3.00] using coverages from [ 0.18,-3.00]
minresid_iteration_0: success - [ 0.18,-2.64] using coverages from [ 0.18,-2.64]
minresid_iteration_0: success - [ 0.18,-2.27] using coverages from [ 0.18,-2.27]
minresid_iteration_0: success - [ 0.18,-1.91] using coverages from [ 0.18,-1.91]
minresid_iteration_0: success - [ 0.18,-1.55] using coverages from [ 0.18,-1.55]
minresid_iteration_0: success - [ 0.18,-1.18] using coverages from [ 0.18,-1.18]
minresid_iteration_0: success - [ 0.18,-0.82] using coverages from [ 0.18,-0.82]
minresid_iteration_0: success - [ 0.18,-0.45] using coverages from [ 0.18,-0.45]
minresid_iteration_0: success - [ 0.18,-0.09] using coverages from [ 0.18,-0.09]
minresid_iteration_0: success - [ 0.18, 0.27] using coverages from [ 0.18, 0.27]
minresid_iteration_0: success - [ 0.18, 0.64] using coverages from [ 0.18, 0.64]
minresid_iteration_0: success - [ 0.18, 1.00] using coverages from [ 0.18, 1.00]
minresid_iteration_0: success - [-0.36,-3.00] using coverages from [-0.36,-3.00]
minresid_iteration_0: success - [-0.36,-2.64] using coverages from [-0.36,-2.64]
minresid_iteration_0: success - [-0.36,-2.27] using coverages from [-0.36,-2.27]
minresid_iteration_0: success - [-0.36,-1.91] using coverages from [-0.36,-1.91]
minresid_iteration_0: success - [-0.36,-1.55] using coverages from [-0.36,-1.55]
minresid_iteration_0: success - [-0.36,-1.18] using coverages from [-0.36,-1.18]
minresid_iteration_0: success - [-0.36,-0.82] using coverages from [-0.36,-0.82]
minresid_iteration_0: success - [-0.36,-0.45] using coverages from [-0.36,-0.45]
minresid_iteration_0: success - [-0.36,-0.09] using coverages from [-0.36,-0.09]
minresid_iteration_0: success - [-0.36, 0.27] using coverages from [-0.36, 0.27]
minresid_iteration_0: success - [-0.36, 0.64] using coverages from [-0.36, 0.64]
minresid_iteration_0: success - [-0.36, 1.00] using coverages from [-0.36, 1.00]
minresid_iteration_0: success - [-0.91,-3.00] using coverages from [-0.91,-3.00]
minresid_iteration_0: success - [-0.91,-2.64] using coverages from [-0.91,-2.64]
minresid_iteration_0: success - [-0.91,-2.27] using coverages from [-0.91,-2.27]
minresid_iteration_0: success - [-0.91,-1.91] using coverages from [-0.91,-1.91]
minresid_iteration_0: success - [-0.91,-1.55] using coverages from [-0.91,-1.55]
minresid_iteration_0: success - [-0.91,-1.18] using coverages from [-0.91,-1.18]
minresid_iteration_0: success - [-0.91,-0.82] using coverages from [-0.91,-0.82]
minresid_iteration_0: success - [-0.91,-0.45] using coverages from [-0.91,-0.45]
minresid_iteration_0: success - [-0.91,-0.09] using coverages from [-0.91,-0.09]
minresid_iteration_0: success - [-0.91, 0.27] using coverages from [-0.91, 0.27]
minresid_iteration_0: success - [-0.91, 0.64] using coverages from [-0.91, 0.64]
minresid_iteration_0: success - [-0.91, 1.00] using coverages from [-0.91, 1.00]
minresid_iteration_0: success - [-1.45,-3.00] using coverages from [-1.45,-3.00]
minresid_iteration_0: success - [-1.45,-2.64] using coverages from [-1.45,-2.64]
minresid_iteration_0: success - [-1.45,-2.27] using coverages from [-1.45,-2.27]
minresid_iteration_0: success - [-1.45,-1.91] using coverages from [-1.45,-1.91]
minresid_iteration_0: success - [-1.45,-1.55] using coverages from [-1.45,-1.55]
minresid_iteration_0: success - [-1.45,-1.18] using coverages from [-1.45,-1.18]
minresid_iteration_0: success - [-1.45,-0.82] using coverages from [-1.45,-0.82]
minresid_iteration_0: success - [-1.45,-0.45] using coverages from [-1.45,-0.45]
minresid_iteration_0: success - [-1.45,-0.09] using coverages from [-1.45,-0.09]
minresid_iteration_0: success - [-1.45, 0.27] using coverages from [-1.45, 0.27]
minresid_iteration_0: success - [-1.45, 0.64] using coverages from [-1.45, 0.64]
minresid_iteration_0: success - [-1.45, 1.00] using coverages from [-1.45, 1.00]
minresid_iteration_0: success - [-2.00,-3.00] using coverages from [-2.00,-3.00]
minresid_iteration_0: success - [-2.00,-2.64] using coverages from [-2.00,-2.64]
minresid_iteration_0: success - [-2.00,-2.27] using coverages from [-2.00,-2.27]
minresid_iteration_0: success - [-2.00,-1.91] using coverages from [-2.00,-1.91]
minresid_iteration_0: success - [-2.00,-1.55] using coverages from [-2.00,-1.55]
minresid_iteration_0: success - [-2.00,-1.18] using coverages from [-2.00,-1.18]
minresid_iteration_0: success - [-2.00,-0.82] using coverages from [-2.00,-0.82]
minresid_iteration_0: success - [-2.00,-0.45] using coverages from [-2.00,-0.45]
minresid_iteration_0: success - [-2.00,-0.09] using coverages from [-2.00,-0.09]
minresid_iteration_0: success - [-2.00, 0.27] using coverages from [-2.00, 0.27]
minresid_iteration_0: success - [-2.00, 0.64] using coverages from [-2.00, 0.64]
minresid_iteration_0: success - [-2.00, 1.00] using coverages from [-2.00, 1.00]
mapper_iteration_1: status - 0 points do not have valid solution.
initial_evaluation: success - initial guess at point [ 4.00,-3.00]
initial_evaluation: success - initial guess at point [ 4.00,-2.64]
initial_evaluation: success - initial guess at point [ 4.00,-2.27]
initial_evaluation: success - initial guess at point [ 4.00,-1.91]
initial_evaluation: success - initial guess at point [ 4.00,-1.55]
initial_evaluation: success - initial guess at point [ 4.00,-1.18]
initial_evaluation: success - initial guess at point [ 4.00,-0.82]
initial_evaluation: success - initial guess at point [ 4.00,-0.45]
initial_evaluation: success - initial guess at point [ 4.00,-0.09]
initial_evaluation: success - initial guess at point [ 4.00, 0.27]
initial_evaluation: success - initial guess at point [ 4.00, 0.64]
initial_evaluation: success - initial guess at point [ 4.00, 1.00]
initial_evaluation: success - initial guess at point [ 3.45,-3.00]
initial_evaluation: success - initial guess at point [ 3.45,-2.64]
initial_evaluation: success - initial guess at point [ 3.45,-2.27]
initial_evaluation: success - initial guess at point [ 3.45,-1.91]
initial_evaluation: success - initial guess at point [ 3.45,-1.55]
initial_evaluation: success - initial guess at point [ 3.45,-1.18]
initial_evaluation: success - initial guess at point [ 3.45,-0.82]
initial_evaluation: success - initial guess at point [ 3.45,-0.45]
initial_evaluation: success - initial guess at point [ 3.45,-0.09]
initial_evaluation: success - initial guess at point [ 3.45, 0.27]
initial_evaluation: success - initial guess at point [ 3.45, 0.64]
initial_evaluation: success - initial guess at point [ 3.45, 1.00]
initial_evaluation: success - initial guess at point [ 2.91,-3.00]
initial_evaluation: success - initial guess at point [ 2.91,-2.64]
initial_evaluation: success - initial guess at point [ 2.91,-2.27]
initial_evaluation: success - initial guess at point [ 2.91,-1.91]
initial_evaluation: success - initial guess at point [ 2.91,-1.55]
initial_evaluation: success - initial guess at point [ 2.91,-1.18]
initial_evaluation: success - initial guess at point [ 2.91,-0.82]
initial_evaluation: success - initial guess at point [ 2.91,-0.45]
initial_evaluation: success - initial guess at point [ 2.91,-0.09]
initial_evaluation: success - initial guess at point [ 2.91, 0.27]
initial_evaluation: success - initial guess at point [ 2.91, 0.64]
initial_evaluation: success - initial guess at point [ 2.91, 1.00]
initial_evaluation: success - initial guess at point [ 2.36,-3.00]
initial_evaluation: success - initial guess at point [ 2.36,-2.64]
initial_evaluation: success - initial guess at point [ 2.36,-2.27]
initial_evaluation: success - initial guess at point [ 2.36,-1.91]
initial_evaluation: success - initial guess at point [ 2.36,-1.55]
initial_evaluation: success - initial guess at point [ 2.36,-1.18]
initial_evaluation: success - initial guess at point [ 2.36,-0.82]
initial_evaluation: success - initial guess at point [ 2.36,-0.45]
initial_evaluation: success - initial guess at point [ 2.36,-0.09]
initial_evaluation: success - initial guess at point [ 2.36, 0.27]
initial_evaluation: success - initial guess at point [ 2.36, 0.64]
initial_evaluation: success - initial guess at point [ 2.36, 1.00]
initial_evaluation: success - initial guess at point [ 1.82,-3.00]
initial_evaluation: success - initial guess at point [ 1.82,-2.64]
initial_evaluation: success - initial guess at point [ 1.82,-2.27]
initial_evaluation: success - initial guess at point [ 1.82,-1.91]
initial_evaluation: success - initial guess at point [ 1.82,-1.55]
initial_evaluation: success - initial guess at point [ 1.82,-1.18]
initial_evaluation: success - initial guess at point [ 1.82,-0.82]
initial_evaluation: success - initial guess at point [ 1.82,-0.45]
initial_evaluation: success - initial guess at point [ 1.82,-0.09]
initial_evaluation: success - initial guess at point [ 1.82, 0.27]
initial_evaluation: success - initial guess at point [ 1.82, 0.64]
initial_evaluation: success - initial guess at point [ 1.82, 1.00]
initial_evaluation: success - initial guess at point [ 1.27,-3.00]
initial_evaluation: success - initial guess at point [ 1.27,-2.64]
initial_evaluation: success - initial guess at point [ 1.27,-2.27]
initial_evaluation: success - initial guess at point [ 1.27,-1.91]
initial_evaluation: success - initial guess at point [ 1.27,-1.55]
initial_evaluation: success - initial guess at point [ 1.27,-1.18]
initial_evaluation: success - initial guess at point [ 1.27,-0.82]
initial_evaluation: success - initial guess at point [ 1.27,-0.45]
initial_evaluation: success - initial guess at point [ 1.27,-0.09]
initial_evaluation: success - initial guess at point [ 1.27, 0.27]
initial_evaluation: success - initial guess at point [ 1.27, 0.64]
initial_evaluation: success - initial guess at point [ 1.27, 1.00]
initial_evaluation: success - initial guess at point [ 0.73,-3.00]
initial_evaluation: success - initial guess at point [ 0.73,-2.64]
initial_evaluation: success - initial guess at point [ 0.73,-2.27]
initial_evaluation: success - initial guess at point [ 0.73,-1.91]
initial_evaluation: success - initial guess at point [ 0.73,-1.55]
initial_evaluation: success - initial guess at point [ 0.73,-1.18]
initial_evaluation: success - initial guess at point [ 0.73,-0.82]
initial_evaluation: success - initial guess at point [ 0.73,-0.45]
initial_evaluation: success - initial guess at point [ 0.73,-0.09]
initial_evaluation: success - initial guess at point [ 0.73, 0.27]
initial_evaluation: success - initial guess at point [ 0.73, 0.64]
initial_evaluation: success - initial guess at point [ 0.73, 1.00]
initial_evaluation: success - initial guess at point [ 0.18,-3.00]
initial_evaluation: success - initial guess at point [ 0.18,-2.64]
initial_evaluation: success - initial guess at point [ 0.18,-2.27]
initial_evaluation: success - initial guess at point [ 0.18,-1.91]
initial_evaluation: success - initial guess at point [ 0.18,-1.55]
initial_evaluation: success - initial guess at point [ 0.18,-1.18]
initial_evaluation: success - initial guess at point [ 0.18,-0.82]
initial_evaluation: success - initial guess at point [ 0.18,-0.45]
initial_evaluation: success - initial guess at point [ 0.18,-0.09]
initial_evaluation: success - initial guess at point [ 0.18, 0.27]
initial_evaluation: success - initial guess at point [ 0.18, 0.64]
initial_evaluation: success - initial guess at point [ 0.18, 1.00]
initial_evaluation: success - initial guess at point [-0.36,-3.00]
initial_evaluation: success - initial guess at point [-0.36,-2.64]
initial_evaluation: success - initial guess at point [-0.36,-2.27]
initial_evaluation: success - initial guess at point [-0.36,-1.91]
initial_evaluation: success - initial guess at point [-0.36,-1.55]
initial_evaluation: success - initial guess at point [-0.36,-1.18]
initial_evaluation: success - initial guess at point [-0.36,-0.82]
initial_evaluation: success - initial guess at point [-0.36,-0.45]
initial_evaluation: success - initial guess at point [-0.36,-0.09]
initial_evaluation: success - initial guess at point [-0.36, 0.27]
initial_evaluation: success - initial guess at point [-0.36, 0.64]
initial_evaluation: success - initial guess at point [-0.36, 1.00]
initial_evaluation: success - initial guess at point [-0.91,-3.00]
initial_evaluation: success - initial guess at point [-0.91,-2.64]
initial_evaluation: success - initial guess at point [-0.91,-2.27]
initial_evaluation: success - initial guess at point [-0.91,-1.91]
initial_evaluation: success - initial guess at point [-0.91,-1.55]
initial_evaluation: success - initial guess at point [-0.91,-1.18]
initial_evaluation: success - initial guess at point [-0.91,-0.82]
initial_evaluation: success - initial guess at point [-0.91,-0.45]
initial_evaluation: success - initial guess at point [-0.91,-0.09]
initial_evaluation: success - initial guess at point [-0.91, 0.27]
initial_evaluation: success - initial guess at point [-0.91, 0.64]
initial_evaluation: success - initial guess at point [-0.91, 1.00]
initial_evaluation: success - initial guess at point [-1.45,-3.00]
initial_evaluation: success - initial guess at point [-1.45,-2.64]
initial_evaluation: success - initial guess at point [-1.45,-2.27]
initial_evaluation: success - initial guess at point [-1.45,-1.91]
initial_evaluation: success - initial guess at point [-1.45,-1.55]
initial_evaluation: success - initial guess at point [-1.45,-1.18]
initial_evaluation: success - initial guess at point [-1.45,-0.82]
initial_evaluation: success - initial guess at point [-1.45,-0.45]
initial_evaluation: success - initial guess at point [-1.45,-0.09]
initial_evaluation: success - initial guess at point [-1.45, 0.27]
initial_evaluation: success - initial guess at point [-1.45, 0.64]
initial_evaluation: success - initial guess at point [-1.45, 1.00]
initial_evaluation: success - initial guess at point [-2.00,-3.00]
initial_evaluation: success - initial guess at point [-2.00,-2.64]
initial_evaluation: success - initial guess at point [-2.00,-2.27]
initial_evaluation: success - initial guess at point [-2.00,-1.91]
initial_evaluation: success - initial guess at point [-2.00,-1.55]
initial_evaluation: success - initial guess at point [-2.00,-1.18]
initial_evaluation: success - initial guess at point [-2.00,-0.82]
initial_evaluation: success - initial guess at point [-2.00,-0.45]
initial_evaluation: success - initial guess at point [-2.00,-0.09]
initial_evaluation: success - initial guess at point [-2.00, 0.27]
initial_evaluation: success - initial guess at point [-2.00, 0.64]
initial_evaluation: success - initial guess at point [-2.00, 1.00]
mapper_iteration_0: status - 0 points do not have valid solution."""