from numpy import array

try:
    import cPickle as pickle

except: #workaround for python3.X
    import _pickle as pickle


from mpmath import mpf 

parser = None

scaler = 'ThermodynamicScaler'

thermodynamics = 'ThermoCorrections'

solver = 'SteadyStateSolver'

mapper = 'MinResidMapper'

binary_data = pickle.load(open("baseline_timn.pkl","rb"))

locals().update(binary_data)

__citation__ = """If you find CatMAP useful to your research, please cite both the following papers:

 Medford, A. J., Shi, C., Hoffmann, M. J., Lausche, A. C., Fitzgibbon, S. R., Bligaard, T., & Nørskov, J. K. (2015). CatMAP: a software package for descriptor-based microkinetic mapping of catalytic trends. Catalysis Letters, 145, 794-807. 
 Vijay, S., H. Heenen, H., Singh, A. R., Chan, K., & Voss, J. (2024). Number of sites-based solver for determining coverages from steady-state mean-field micro-kinetic models. Journal of Computational Chemistry, 45(9), 546-551.
"""
A_uc = None

DEBUG = False

adsorbate_interaction_model = 'ideal'

adsorbate_interactions = None

adsorbate_names = ('C6H12O_s', 'C6H12_s', 'H2O2_s', 'H2O_s', 'Ha_s', 'Hb_s', 'OH_s', 'OOH_s', 'O_s')

adsorbate_thermo_mode = 'frozen_adsorbate'

analytical_jacobian = True

atomic_reservoir_list = [{'H': 'C6H12O_g', 'C': 'C6H12_g', 'O': 'H2O2_g'}, {'H': 'C6H12O_g', 'C': 'C6H12_g', 'O': 'H2O_g'}, {'H': 'H2O2_g', 'C': 'C6H12O_g', 'O': 'H2O_g'}, {'H': 'H2O2_g', 'C': 'C6H12_g', 'O': 'H2O_g'}]

atoms_dict = {}

citation_info_written = True

coverage_headers = ['coverage', 'coadsorbate_coverage']

data_file = 'baseline_timn.pkl'

decimal_precision = 460

descriptor_decimal_precision = 2

descriptor_names = ('temperature', 'pressure')

descriptor_ranges = [[333.15, 333.15], [1.0, 1.0]]

echem_transition_state_names = []

electrochemical_thermo_mode = 'simple_electrochemical'

elementary_rxns = ([['s', 'H2O2_g'], ['H2O2_s']], [['H2O2_s', 's'], ['Ha_s', 'OOH_s']], [['s', 'C6H12_g'], ['C6H12_s']], [['OOH_s', 'C6H12_s', 's'], ['OOH-C6H12_s', 's', 's'], ['C6H12O_s', 'O_s', 'Hb_s']], [['C6H12O_s'], ['C6H12O_g', 's']], [['Hb_s', 'O_s'], ['Hb-O_s', 's'], ['OH_s', 's']], [['Ha_s', 'OH_s'], ['s', 'H2O_s']], [['H2O_s'], ['H2O_g', 's']])

estimate_frequencies = True

extrapolate_coverages = False

fix_x_star = False

fixed_entropy_dict = {'H2_g': 0.00135, 'other': 0.002}

force_recalculation = False

force_recompilation = False

frequency_dict = {'C6H12_g': [], 'H2O2_g': [], 'H2O_g': [], 'C6H12O_g': [], 's': [], 'Ha_s': [], 'Hb_s': [], 'Hb-O_s': [], 'C6H12O_s': [], 'C6H12_s': [], 'H2O2_s': [], 'H2O_s': [], 'OH_s': [], 'OOH_s': [], 'O_s': [], 'OOH-C6H12_s': [], 'g': [], '*_g': [], '*_s': []}

frequency_surface_names = []

frequency_unit_conversion = 0.0001239842

gas_names = ('C6H12O_g', 'C6H12_g', 'H2O2_g', 'H2O_g')

gas_pressures = [1e-20, 1.0, 0.185, 0.815]

gas_thermo_mode = 'frozen_gas'

hbond_dict = {'COOH': -0.25, 'OCHO': 0.0, 'CO': -0.1, 'CHO': -0.1, 'CH2O': 0.0, 'OCH3': 0.0, 'O': 0.0, 'OH': -0.5, 'H': 0.0, 'COH': -0.25, 'C': 0.0, 'CH': 0.0, 'CH2': 0.0, 'CH3': 0.0, 'CHOH': -0.25, 'COHOH': -0.25, 'OCH2O': 0.0, 'CH2OH': -0.25, 'OCHCH2': 0.0, 'OCHCHO': 0.0}

hindered_ads_params = {}

ideal_gas_params = {'H2_g': [2, 'linear', 0], 'N2_g': [2, 'linear', 0], 'O2_g': [2, 'linear', 1.0], 'H2O_g': [2, 'nonlinear', 0], 'CO_g': [1, 'linear', 0], 'CH4_g': [12, 'nonlinear', 0], 'NH3_g': [3, 'nonlinear', 0], 'CH3OH_g': [1, 'nonlinear', 0], 'CH3CH2OH_g': [1, 'nonlinear', 0], 'CO2_g': [2, 'linear', 0], 'CH2O_g': [2, 'nonlinear', 0], 'HCOOH_g': [1, 'nonlinear', 0], 'CH2CH2_g': [4, 'nonlinear', 0], 'CH3CHCH2_g': [1, 'nonlinear', 0], 'CH3CH2CHCH2_g': [1, 'nonlinear', 0], 'CH3CHCHCH3_g': [2, 'nonlinear', 0], 'CH3CH3CCH2_g': [2, 'nonlinear', 0], 'pe_g': [2, 'linear', 0], 'C2H2_g': [2, 'linear', 0], 'C2H4_g': [4, 'nonlinear', 0], 'C2H6_g': [6, 'nonlinear', 0], 'C3H6_g': [1, 'nonlinear', 0], 'CH3COOH_g': [1, 'nonlinear', 0], 'CH3CHO_g': [1, 'nonlinear', 0], 'C5H4O2_g': [1, 'nonlinear', 0], 'C5H6O2_g': [1, 'nonlinear', 0], 'C5H6O_g': [1, 'nonlinear', 0], 'HCl_g': [1, 'linear', 0], 'Cl2_g': [2, 'linear', 0]}

input_file = 'H:\\catmap\\catmap\\lyq_alkene_epoxidation\\2-creating_microkinetic_model\\energies_dft_neb.txt'

interaction_fitting_mode = None

interaction_surface_names = None

internally_constrain_coverages = True

max_bisections = 5

max_damping_iterations = 10

max_initial_guesses = 3

max_rootfinding_iterations = 400

model_name = 'baseline_timn'

numerical_representation = 'mpmath'

optimize_analytical_expressions = False

outer_solver_log = 'outer_solver.log'

output_labels = {'coverage': ('C6H12O_s', 'C6H12_s', 'H2O2_s', 'H2O_s', 'Ha_s', 'Hb_s', 'OH_s', 'OOH_s', 'O_s'), 'rate': ([['s', 'H2O2_g'], ['H2O2_s']], [['H2O2_s', 's'], ['Ha_s', 'OOH_s']], [['s', 'C6H12_g'], ['C6H12_s']], [['OOH_s', 'C6H12_s', 's'], ['OOH-C6H12_s', 's', 's'], ['C6H12O_s', 'O_s', 'Hb_s']], [['C6H12O_s'], ['C6H12O_g', 's']], [['Hb_s', 'O_s'], ['Hb-O_s', 's'], ['OH_s', 's']], [['Ha_s', 'OH_s'], ['s', 'H2O_s']], [['H2O_s'], ['H2O_g', 's']]), 'turnover_frequency': ('C6H12O_g', 'C6H12_g', 'H2O2_g', 'H2O_g')}

output_variables = ['coverage', 'rate', 'turnover_frequency']

parameter_mode = 'formation_energy'

parameter_names = ('C6H12O_s', 'C6H12_s', 'H2O2_s', 'H2O_s', 'Ha_s', 'Hb_s', 'OH_s', 'OOH_s', 'O_s', 'Hb-O_s', 'OOH-C6H12_s')

parse_headers = ['formation_energy', 'frequencies']

perturbation_size = 1e-14

prefactor_list = ['kB*T/h', 'kB*T/h', 'kB*T/h', 'kB*T/h', 'kB*T/h', 'kB*T/h', 'kB*T/h', 'kB*T/h']

pressure = 1.0

pressure_mode = 'concentration'

recalculate = True

required_headers = ['species_name', 'surface_name', 'site_name', 'formation_energy', 'frequencies', 'reference']

residual_threshold = 0.9

resolution = [1, 1]

rxn_expressions = ['* + H2O2_g <-> H2O2*', 'H2O2* + * -> Ha* + OOH*', '* + C6H12_g <-> C6H12*', 'OOH* + C6H12* + * <-> OOH-C6H12* + 2* -> C6H12O* + O* + Hb*', 'C6H12O* <-> C6H12O_g + *', 'Hb* + O* <-> Hb-O* + * -> OH* + *', 'Ha* + OH* -> * + H2O*', 'H2O* <-> H2O_g + *']

rxn_options_dict = {'prefactor': {}, 'beta': {}}

scaling_constraint_dict = {'OOH_s': ['+', 0, None], 'O_s': [0, '+', None]}

search_directions = [[0, 0], [0, 1], [1, 0], [0, -1], [-1, 0], [-1, 1], [1, 1], [1, -1], [-1, -1]]

setup_file = 'baseline_timn.mkm'

shomate_params = {'H2_g:298-1000': [33.066178, -11.363417, 11.432816, -2.772874, -0.158558, -9.980797, 172.707974, 0], 'H2_g:1000-2500': [18.563083, 12.257357, -2.859786, 0.268238, 1.97799, -1.147438, 156.288133, 0], 'H2_g:2500-6000': [43.41356, -4.293079, 1.272428, -0.096876, -20.533862, -38.515158, 162.081354, 0], 'CH4_g:298-1300': [-0.703029, 108.4773, -42.52157, 5.862788, 0.678565, -76.84376, 158.7163, -74.8731], 'CH4_g:1300-1600': [85.81217, 11.26467, -2.114146, 0.13819, -26.42221, -153.5327, 224.4143, -74.8731], 'CO_g:298-1300': [25.56759, 6.09613, 4.054656, -2.671201, 0.131021, -118.0089, 227.3665, -110.5271], 'CO_g:1300-1600': [35.1507, 1.300095, -0.205921, 0.01355, -3.28278, -127.8375, 231.712, -110.5271], 'H2O_g:100-500': [36.303952, -24.11232, 63.64111, -38.9524, -0.01385, -10.23966, 237.39431, 0.0], 'H2O_g:500-1700': [30.092, 6.832514, 6.793435, -2.53448, 0.082139, -250.881, 223.3967, -241.8264], 'H2O_g:1700-6000': [41.96426, 8.622053, -1.49978, 0.098119, -11.15764, -272.1797, 219.7809, -241.8264], 'CO2_g:298-1200': [24.99735, 55.18696, -33.69137, 7.948387, -0.136638, -403.6075, 228.2431, -393.5224], 'CO2_g:1200-6000': [58.16639, 2.720075, -0.492289, 0.038844, -6.447293, -425.9186, 263.6125, -393.5224], 'O2_g:100-700': [31.32234, -20.23531, 57.8664, -36.50624, -0.007374, -8.903471, 246.7945, 0.0], 'O2_g:700-2000': [30.03235, 8.772972, -3.988133, 0.788313, -0.741599, -11.32468, 236.1663, 0.0], 'O2_g:2000-6000': [20.91111, 10.72071, -2.020498, 0.146449, 9.245722, 5.337651, 237.6185, 0.0], 'NH3_g:298-1400': [19.99563, 49.77119, -15.37599, 1.921168, 0.189174, -53.30667, 203.8591, -45.89806], 'N2_g:100-500': [28.98641, 1.853978, -9.647459, 16.63537, 0.000117, -8.671914, 226.4168, 0.0], 'N2_g:500-2000': [19.50583, 19.88705, -8.598535, 1.369784, 0.527601, -4.935202, 212.39, 0.0], 'N2O_g:298-1400': [27.67988, 51.14898, -30.64454, 6.847911, -0.157906, 71.24934, 238.6164, 82.04824], 'NO2_g:298-1200': [16.10857, 75.89525, -54.3874, 14.30777, 0.239423, 26.17464, 240.5386, 33.09502], 'NO_g:298-1200': [23.83491, 12.58878, -1.139011, -1.497459, 0.214194, 83.35783, 237.1219, 90.29114], 'NO3_g:298-1200': [11.22316, 166.3889, -148.4458, 47.40598, -0.176791, 61.00858, 221.7679, 71.128], 'HNO2_g:298-1200': [24.89974, 91.37563, -64.84614, 17.92007, -0.134737, -88.13596, 254.2671, -76.73498], 'HNO3_g:298-1200': [19.63229, 153.9599, -115.8378, 32.87955, -0.249114, -146.8818, 247.7049, -134.306], 'HCN_g:298-1200': [32.69373, 22.59205, -4.369142, -0.407697, -0.282399, 123.4811, 233.2597, 135.1432], 'CH2CH2_g:298-1200': [-6.38788, 184.4019, -112.9718, 28.49593, 0.31554, 48.17332, 163.1568, 52.46694], 'CH2O_g:298-1500': [5.193767, 93.23249, -44.85457, 7.882279, 0.551175, -119.3591, 202.4663, -115.8972], 'CH3OH_g:298-1500': [-1.0845814245433651, 153.2463565199489, -79.53050359618254, 16.47130239316011, 0.5220334601533215, -4.897417024069, 199.1893745506112, 0.0], 'C5H4O2_g:100-1500': [-16.36694, 0.46958, -0.000331925, 8.50912e-08, 198590.9145, -1661.34999, -15.68938, 12461.34999], 'C5H6O2_g:100-1500': [-18.57626, 0.50733, -0.000335824, 8.28263e-08, 231619.2141, -6357.53523, 2.75692, 7057.53523], 'C5H6O_g:50-1500': [1.26847, 0.35388, -0.000173962, 2.87427e-08, 48401.71207, -5691.94893, -85.38991, 7191.94893], 'Cl2_g:298-1000': [33.0506, 12.2294, -12.0651, 4.38533, -0.159494, -10.8348, 259.029, 0.0], 'HCl_g:298-1200': [32.12392, -13.45805, 19.86852, -6.853936, -0.049672, -101.6206, 228.6866, -92.31201], 'CH3CH2OH_g:298-1500': [-4.7367880805894265, 271.96181550301463, -169.34946529216657, 43.73860153608533, 0.24643430702178773, -9.828280829187861, 203.3325622617075, 0.0], 'CH3CHO_g:298-1500': [4.8037386340099095, 185.92002366990326, -99.1084610902012, 20.61473919069016, 0.2770802548558646, -8.566600040790945, 220.00244674443837, 0.0], 'HCOOH_g:298-1500': [3.802752304225226, 153.66217894746168, -84.64046773816926, 16.297377707561505, 0.2772064997263338, -6.16527, 212.9698972559699, 0]}

site_names = ('g', 's')

species_definitions = {'C6H12_g': {'name': 'C6H12', 'site': 'g', 'type': 'gas', 'n_sites': 0, 'composition': {'H': 12, 'C': 6}, 'concentration': 1.0, 'formation_energy': -26.031223, 'formation_energy_source': 'DFT_Gibbs_gas', 'frequencies': []}, 'H2O2_g': {'name': 'H2O2', 'site': 'g', 'type': 'gas', 'n_sites': 0, 'composition': {'H': 2, 'O': 2}, 'concentration': 0.185, 'formation_energy': -7.162091, 'formation_energy_source': 'DFT_Gibbs_gas', 'frequencies': []}, 'H2O_g': {'name': 'H2O', 'site': 'g', 'type': 'gas', 'n_sites': 0, 'composition': {'H': 2, 'O': 1}, 'concentration': 0.815, 'formation_energy': -7.614457, 'formation_energy_source': 'DFT_Gibbs_gas', 'frequencies': []}, 'C6H12O_g': {'name': 'C6H12O', 'site': 'g', 'type': 'gas', 'n_sites': 0, 'composition': {'H': 12, 'C': 6, 'O': 1}, 'concentration': 1e-20, 'formation_energy': -27.667771, 'formation_energy_source': 'DFT_Gibbs_gas', 'frequencies': []}, 's': {'name': 's', 'site': 's', 'type': 'site', 'formation_energy': 0, 'n_sites': 1, 'composition': {}, 'site_names': ['111'], 'total': 1, 'frequencies': []}, 'Ha_s': {'name': 'Ha', 'site': 's', 'type': 'adsorbate', 'n_sites': 1, 'composition': {'H': 1}, 'formation_energy': [-2.207374], 'formation_energy_source': ['DFT_Gibbs_single'], 'frequencies': []}, 'Hb_s': {'name': 'Hb', 'site': 's', 'type': 'adsorbate', 'n_sites': 1, 'composition': {'H': 1}, 'formation_energy': [-2.2619135], 'formation_energy_source': ['DFT_Gibbs_single'], 'frequencies': []}, 'Hb-O_s': {'name': 'Hb-O', 'site': 's', 'type': 'transition_state', 'n_sites': 1, 'composition': {'H': 1, 'O': 1}, 'formation_energy': [-1.7757225], 'formation_energy_source': ['NEB_forward_TS_minus_IS_mapped'], 'frequencies': []}, 'C6H12O_s': {'name': 'C6H12O', 'site': 's', 'type': 'adsorbate', 'n_sites': 1, 'composition': {'H': 12, 'C': 6, 'O': 1}, 'formation_energy': [-27.8533935], 'formation_energy_source': ['DFT_Gibbs_single'], 'frequencies': []}, 'C6H12_s': {'name': 'C6H12', 'site': 's', 'type': 'adsorbate', 'n_sites': 1, 'composition': {'H': 12, 'C': 6}, 'formation_energy': [-26.1502785], 'formation_energy_source': ['DFT_Gibbs_single'], 'frequencies': []}, 'H2O2_s': {'name': 'H2O2', 'site': 's', 'type': 'adsorbate', 'n_sites': 1, 'composition': {'H': 2, 'O': 2}, 'formation_energy': [-7.1705045], 'formation_energy_source': ['DFT_Gibbs_single'], 'frequencies': []}, 'H2O_s': {'name': 'H2O', 'site': 's', 'type': 'adsorbate', 'n_sites': 1, 'composition': {'H': 2, 'O': 1}, 'formation_energy': [-7.664046], 'formation_energy_source': ['DFT_Gibbs_single'], 'frequencies': []}, 'OH_s': {'name': 'OH', 'site': 's', 'type': 'adsorbate', 'n_sites': 1, 'composition': {'H': 1, 'O': 1}, 'formation_energy': [-4.1689345], 'formation_energy_source': ['DFT_Gibbs_single'], 'frequencies': []}, 'OOH_s': {'name': 'OOH', 'site': 's', 'type': 'adsorbate', 'n_sites': 1, 'composition': {'H': 1, 'O': 2}, 'formation_energy': [-4.1043285], 'formation_energy_source': ['DFT_Gibbs_single'], 'frequencies': []}, 'O_s': {'name': 'O', 'site': 's', 'type': 'adsorbate', 'n_sites': 1, 'composition': {'O': 1}, 'formation_energy': [0.2964765], 'formation_energy_source': ['DFT_Gibbs_single'], 'frequencies': []}, 'OOH-C6H12_s': {'name': 'OOH-C6H12', 'site': 's', 'type': 'transition_state', 'n_sites': 1, 'composition': {'H': 13, 'C': 6, 'O': 2}, 'formation_energy': [-29.920307], 'formation_energy_source': ['NEB_forward_TS_minus_IS_mapped'], 'frequencies': []}, 'g': {'name': 'g', 'site': 'g', 'type': 'site', 'formation_energy': 0, 'n_sites': 0, 'site_names': ['gas'], 'total': 0, 'composition': {}, 'frequencies': []}, '*_g': {'name': 'g', 'site': 'g', 'type': 'site', 'formation_energy': 0, 'n_sites': 0, 'site_names': ['gas'], 'total': 0, 'composition': {}, 'frequencies': []}, '*_s': {'name': 's', 'site': 's', 'type': 'site', 'formation_energy': 0, 'n_sites': 1, 'composition': {}, 'site_names': ['111'], 'total': 1, 'frequencies': []}}

standard_coadsorbate_coverage = 'min'

standard_coverage = 'min'

surface_names = ('timn',)

temperature = 333.15

thermodynamic_corrections = ['gas', 'adsorbate']

thermodynamic_variables = ['temperature', 'gas_pressures', 'voltage', 'beta', 'pH', 'Upzc', 'gas_thermo_mode', 'adsorbate_thermo_mode', 'pressure']

transition_state_names = ('Hb-O_s', 'OOH-C6H12_s')

use_numbers_solver = True

verbose = 1

stdout = """header_evaluation: fail - could not save mp = <mpmath.ctx_mp.MPContext object at 0x0000028B83467620>


header_evaluation: fail - could not save tolerance = mpf('9.9999999999999999999999999999999999999999999999999999999999999999999999999999999999999999999999999999999999999999999999999999999999999999999999999999999999999999999999999999999999999999999999999999999999999999999999999999999999999999999999999999999999999999999999999999999999999999999999999999999999999999999999999999999999999999999999999999999999999999999999999999999999999999999999999279821642666651341375612045949991678539398627562470234654364573010444169760118642175447502958175667478e-341')


initial_evaluation: success - initial guess at point [333.15, 1.00]
mapper_iteration_0: status - 0 points do not have valid solution.
header_evaluation: fail - could not save coverage_map = [[[333.15, 1.0], [mpf('0.00000000000000000000000000000000000000000000000000000000000000000000000000000000000000000000000000000087210324168430091930046114995212454825842633693806030443103298947569151098371749747095417294535003060729516439490934829786407551656912379845015165455005363508411912517547121324106473449389907540159762723274487544249997217095116509211389795379638715911298683854486759897393446135104649395563349870927075011271982905133166420387264741118686394488134197403522460985909840733657366992434307601841322245412511707959308570339396482377862333338865453433405237012685240167235710796498027313674875'), mpf('0.0000000000000000000000000000000000000000000000000000000000000000000000000000000000085815396681910036610991686490218778551693458102799111694664445008897591682059007897149686714043114400223702585385476775026135435390645554412382704208697770368292923810565267673443954213079369335639882885683200626415584689458062384400625032757150597476474997359687589236214547109891465319214128374737911695207454984203043991172905980267054345397476030650128736939404394040436203042860412881522083387824616077542127046710883576888356199720763450180225841728128671742539689379450952431346634'), mpf('0.000000000000000000000000000000000000000000000000000000000000000000000000000000000000033649825143533524841854328065312947064860171580773327230991187260095108476821900868237073862401212471479869458999046072907677393627398590964644191761082160780864714223418582288552710171678594476514804932280064475668642003540841072195451599909598514755992869200117019009169318560552245927493880878334263126608525041342685654756108674313392897981220539143806269732271643253271987259420251899777417616213662580670838729750501212967897960054980552986528908459962154354963417448793325235225326'), mpf('0.00000000000000000000000000000000000000000000000000000000000000000000000000000000000062209612715003431709446843921049677812243610646776323529059618805086449130948508861407156185584419645450264754805619071477397296377387110110475962868967603654300231590783290521473187637816457311729883732845271922587234587356278972214456784596604728022338008042475659175832210773033978022464122872900788593048032465905118245382414854718128599921372312508465884124312299822871613541553330497157051136797676255117461611066154974578170639254281962382014779469868437311150719111236456995029881'), mpf('5.9754431078587506925537289922913059218990504022706463746498471491352475272730581585861504466400361815047497035311878668783706554987811448886262461459714561523523501877809046763883452843792149960843410389801248575959339984034501728881597193038438445011335095109705249375873512223797124004518343857185976133727337768151763780792773624234059153232594249401947670957329344184335633859443132789742377991452986556756462056673232452679976121611047283491106169999785932418994232658442986963208637e-201'), mpf('0.000000000000000000000000000000000000000000000000000000000000000000000000000000000000000000000000000000000000000000000000000000000061311053717365330189359381220206901233058174788870885541120326022871955574018914523655708087353984221675199540271864757800224365128095762889880938065425032795320659991429861459502656148020259566358232792900365080717505510149384675490366627988814119848886923266123069624899404745105478921892949808181341817959914410685651939775700517242444671005545507031905142130582499820876584568802767040316554332711148494547565660517991426114651863319105409362486864763219936960492382846031002519476202'), mpf('0.00000000000097444363455629531981383925093154059637499154855463312643931023019959763894491277509661760086238391014050507707291991321144809682214994502329338924208451210790202417460700377356195680552961408764523315550335914165115418123431157323451817176003787496517046318828102672002861206270942212521809228497163249530606231772235007519301305446551310891921843462748300864106110720717627631975402577905073127988359769909491284724023447996175448064831797932742833564413036171957732228439358253852227902'), mpf('0.0000000000005505822215885792117813421669835156915763823253083982166891028482206821464977135621810614857287856477814691713194634010569221613172750620736488992541361021270653216289126346524875788218776228904382206635079284534026590982773489737784352535383336679581499950491787400477036700541103352128852747926021009876035517620795562688244281548372957390039396069113020852248864968240140064508334799375220889490669436601483328563896381138332569202148924370617977262698074215960323778326408210883974429'), mpf('0.99999999999847497414385512546840481858208494371204862612613696865687158692157972020518440219572438383174106500908031008897487839181018673571956659218114059446907618712024084011744444262117779687927114401393177700525508079112847932241319699348479066838305828866170256020030197286130909256500832946357725591180086037149720095287181318961405333744688618919379000838054674649258600936142362892506029856955133791561409397546799322343901089393075961074899404974769004435589413384572812904046364'), mpf('0.00000000000000000000000000000000000000000000000000000000000000000000000000000000000013568584651336557776017077501572716297563505557955967217718485739377866339125552873876482118389068699234539297949671256093238850195205754156298112720436198757667781213413926350793295039157873484850834104945269142601092674576447413280355213777067825758248110689663378777558194641520759370049346998103497328976519491796843964688160550986563017376169239416680798406046644101703936914269257212176434640720235783783768264192074758044901705241663038467132177455222786621137196035527800325996883')]]]


header_evaluation: fail - could not save kBT = mpf('0.028708643150456998040645441960805328562855720520019531249999999999999999999999999999999999999999999999999999999999999999999999999999999999999999999999999999999999999999999999999999999999999999999999999999999999999999999999999999999999999999999999999999999999999999999999999999999999999999999999999999999999999999999999999999999999999999999999999999999999999999999999999999999999999999999999999999999999999999999999999999999999999999999999999999999999999999999999999999999999999999999999966')


header_evaluation: fail - could not save mp = <mpmath.ctx_mp.MPContext object at 0x0000028B83467620>


header_evaluation: fail - could not save rate_map = [[[333.15, 1.0], [mpf('1.8344962406981912259642698231612097996300419015222067151269543730293922900224921192467866670150389940798299051934943060908644879166669871744847079293754137090285179475473130648375998609344919349622806977368147221561103659099317952882940740844535236672970076409056070874177970151151405203452727132153777950408207075416120045501594042375855533517153956724238695066058618967976846270899814592025890804161618103187867266259552421172021961601982766311153073124957462392059668498630513638645751e-238'), mpf('3.2308966048753756733499745101079441261939648234425918367309196548491716461974814157083674845130692427243297656061869023778596399612562274865229360980543823270923175827789804730423434673923874963479613403105179164056612371328401333310223417623132866827158875989138526635187123589787437731382018896945806992411091303160050899472988629661167124475450245663764670607617060058267283058288082735935673094393443299978155679393944068781229368745079264308606236308898893565305124376760908600645715e-171'), mpf('1.8344962406981912259642698231612667451277386565665177863174132008738601217793873689732324087295084078031846147458287459303054513587620217620547810738644824028173828922574407826260195796319596454233283678391091864681400197771158627159288078544735248427674695982635716474401622733621679607138076110241510668060104178993511551898598069952346422172956101506955716228892516045081795938597921474006845104256391023264060225052739614826735212742303908294508272984546422219786822327688138126801717e-238'), mpf('1.1379205745630843601204942878793733483664535686195974534641316063814895517358574945060087047417711376678217393135706413231835621465915960465219404560685812732469378517423017213605775818934725514704196602590193617971937367593911519089015255908672088733812250846959389836574350605816211697068701143327247422023340928911954077745390577938035224922525556582407792550544573239534736342100736058837610967587458284138240208673877572990279086980799055718614180844322518988208879590205022858807959e-174'), mpf('8.067503459281017568464501964467214038510715365926061126068632073889388323262900380298461504925260250468713863177415323788323198243539813847179525614549841017994875923238012011242621100975996172531834558497638926480225922272522644041190787342074814623592115864810662056048388953673185216371211516074768986360156021689445423371130520695764736486426024282612557185182942108313647672532627162331729513656752189338777269601670428133726871794609155478792322597372155794481859030094560825251922e-227'), mpf('6.965951475737752511469064298041190883275215556050695179994563974506341329906165586356306139353825523380359275894834810683690968766272513477478594768041728310921928177779913113949970689067762403656876804855956213119681553589934650094568679247484633462676073328883501395112070697094700689254014235332484994468785460351439704691783563496901016143216769744940665956471685012305593976172750966721003511940610093370283486319854203184367121423660960368902411621858192936962966341530265117842406e-217'), mpf('-1.9382464374630943380164397636641876326710529960464142682452292884832136623301847494606905177458699099642133830391639150482045593586853774928812809047002323473917391033382589322643732534855598003845224566327337933976373035934983202661159451922506189082774701563901607998631761431676561905706627998517469118595139438637995529155487867115772765071826645531990079423684502699613854272080694619593293639213198605726729959030088214065777421622668442934169941145131802648323583916428356424661898e-176'), mpf('1.8344962406981912259642698231612955318709192473684460629057190878534776826416651851961860115744831169452652872668423095126307876403697158484340381737057141335053758633179626521696307702068687677353487953967212120888474026900952435303276527517973740861478608730035612315913807335038518840158910444086675386132241262213236525337389072245929791898836745053522138226971395626207848254666557010650663296616964005892355353391795057776012361657308075172556886716552613287578856452158864148345802e-238')]]]


header_evaluation: fail - could not save tolerance = mpf('9.9999999999999999999999999999999999999999999999999999999999999999999999999999999999999999999999999999999999999999999999999999999999999999999999999999999999999999999999999999999999999999999999999999999999999999999999999999999999999999999999999999999999999999999999999999999999999999999999999999999999999999999999999999999999999999999999999999999999999999999999999999999999999999999999999279821642666651341375612045949991678539398627562470234654364573010444169760118642175447502958175667478e-341')


header_evaluation: fail - could not save turnover_frequency_map = [[[333.15, 1.0], [mpf('8.067503459281017568464501964467214038510715365926061126068632073889388323262900380298461504925260250468713863177415323788323198243539813847179525614549841017994875923238012011242621100975996172531834558497638926480225922272522644041190787342074814623592115864810662056048388953673185216371211516074768986360156021689445423371130520695764736486426024282612557185182942108313647672532627162331729513656752189338777269601670428133726871794609155478792322597372155794481859030094560825251922e-227'), mpf('-1.8344962406981912259642698231612667451277386565665177863174132008738601217793873689732324087295084078031846147458287459303054513587620217620547810738644824028173828922574407826260195796319596454233283678391091864681400197771158627159288078544735248427674695982635716474401622733621679607138076110241510668060104178993511551898598069952346422172956101506955716228892516045081795938597921474006845104256391023264060225052739614826735212742303908294508272984546422219786822327688138126801717e-238'), mpf('-1.8344962406981912259642698231612097996300419015222067151269543730293922900224921192467866670150389940798299051934943060908644879166669871744847079293754137090285179475473130648375998609344919349622806977368147221561103659099317952882940740844535236672970076409056070874177970151151405203452727132153777950408207075416120045501594042375855533517153956724238695066058618967976846270899814592025890804161618103187867266259552421172021961601982766311153073124957462392059668498630513638645751e-238'), mpf('1.8344962406981912259642698231612955318709192473684460629057190878534776826416651851961860115744831169452652872668423095126307876403697158484340381737057141335053758633179626521696307702068687677353487953967212120888474026900952435303276527517973740861478608730035612315913807335038518840158910444086675386132241262213236525337389072245929791898836745053522138226971395626207848254666557010650663296616964005892355353391795057776012361657308075172556886716552613287578856452158864148345802e-238')]]]

"""