from numpy import array

try:
    import cPickle as pickle

except: #workaround for python3.X
    import _pickle as pickle


from mpmath import mpf 

parser = None

scaler = 'ThermodynamicScaler'

thermodynamics = 'ThermoCorrections'

solver = 'SteadyStateSolver'

mapper = 'MinResidMapper'

binary_data = pickle.load(open("baseline_tihf.pkl","rb"))

locals().update(binary_data)

__citation__ = """If you find CatMAP useful to your research, please cite both the following papers:

 Medford, A. J., Shi, C., Hoffmann, M. J., Lausche, A. C., Fitzgibbon, S. R., Bligaard, T., & Nørskov, J. K. (2015). CatMAP: a software package for descriptor-based microkinetic mapping of catalytic trends. Catalysis Letters, 145, 794-807. 
 Vijay, S., H. Heenen, H., Singh, A. R., Chan, K., & Voss, J. (2024). Number of sites-based solver for determining coverages from steady-state mean-field micro-kinetic models. Journal of Computational Chemistry, 45(9), 546-551.
"""
A_uc = None

DEBUG = False

adsorbate_interaction_model = 'ideal'

adsorbate_interactions = None

adsorbate_names = ('C6H12O_s', 'C6H12_s', 'H2O2_s', 'H2O_s', 'Ha_s', 'Hb_s', 'OH_s', 'OOH_s', 'O_s')

adsorbate_thermo_mode = 'frozen_adsorbate'

analytical_jacobian = True

atomic_reservoir_dict = {'H': 'H2O2_g', 'O': 'H2O_g', 'C': 'C6H12_g'}

atomic_reservoir_list = [{'H': 'C6H12O_g', 'O': 'H2O2_g', 'C': 'C6H12_g'}, {'H': 'C6H12O_g', 'O': 'H2O_g', 'C': 'C6H12_g'}, {'H': 'H2O2_g', 'O': 'H2O_g', 'C': 'C6H12O_g'}, {'H': 'H2O2_g', 'O': 'H2O_g', 'C': 'C6H12_g'}]

atoms_dict = {}

citation_info_written = True

coverage_headers = ['coverage', 'coadsorbate_coverage']

data_file = 'baseline_tihf.pkl'

decimal_precision = 460

descriptor_decimal_precision = 2

descriptor_names = ('temperature', 'pressure')

descriptor_ranges = [[333.15, 333.15], [1.0, 1.0]]

echem_transition_state_names = []

electrochemical_thermo_mode = 'simple_electrochemical'

elementary_rxns = ([['s', 'H2O2_g'], ['H2O2_s']], [['H2O2_s', 's'], ['Ha_s', 'OOH_s']], [['s', 'C6H12_g'], ['C6H12_s']], [['OOH_s', 'C6H12_s', 's'], ['OOH-C6H12_s', 's', 's'], ['C6H12O_s', 'O_s', 'Hb_s']], [['C6H12O_s'], ['C6H12O_g', 's']], [['Hb_s', 'O_s'], ['Hb-O_s', 's'], ['OH_s', 's']], [['Ha_s', 'OH_s'], ['s', 'H2O_s']], [['H2O_s'], ['H2O_g', 's']])

estimate_frequencies = True

extrapolate_coverages = False

fix_x_star = False

fixed_entropy_dict = {'H2_g': 0.00135, 'other': 0.002}

force_recalculation = False

force_recompilation = False

frequency_dict = {'C6H12_g': [], 'H2O2_g': [], 'H2O_g': [], 'C6H12O_g': [], 's': [], 'Ha_s': [], 'Hb_s': [], 'Hb-O_s': [], 'C6H12O_s': [], 'C6H12_s': [], 'H2O2_s': [], 'H2O_s': [], 'OH_s': [], 'OOH_s': [], 'O_s': [], 'OOH-C6H12_s': [], 'g': [], '*_g': [], '*_s': []}

frequency_surface_names = []

frequency_unit_conversion = 0.0001239842

gas_names = ('C6H12O_g', 'C6H12_g', 'H2O2_g', 'H2O_g')

gas_pressures = [np.float64(1e-20), np.float64(1.0), np.float64(0.185), np.float64(0.815)]

gas_thermo_mode = 'frozen_gas'

hbond_dict = {'COOH': -0.25, 'OCHO': 0.0, 'CO': -0.1, 'CHO': -0.1, 'CH2O': 0.0, 'OCH3': 0.0, 'O': 0.0, 'OH': -0.5, 'H': 0.0, 'COH': -0.25, 'C': 0.0, 'CH': 0.0, 'CH2': 0.0, 'CH3': 0.0, 'CHOH': -0.25, 'COHOH': -0.25, 'OCH2O': 0.0, 'CH2OH': -0.25, 'OCHCH2': 0.0, 'OCHCHO': 0.0}

hindered_ads_params = {}

ideal_gas_params = {'H2_g': [2, 'linear', 0], 'N2_g': [2, 'linear', 0], 'O2_g': [2, 'linear', 1.0], 'H2O_g': [2, 'nonlinear', 0], 'CO_g': [1, 'linear', 0], 'CH4_g': [12, 'nonlinear', 0], 'NH3_g': [3, 'nonlinear', 0], 'CH3OH_g': [1, 'nonlinear', 0], 'CH3CH2OH_g': [1, 'nonlinear', 0], 'CO2_g': [2, 'linear', 0], 'CH2O_g': [2, 'nonlinear', 0], 'HCOOH_g': [1, 'nonlinear', 0], 'CH2CH2_g': [4, 'nonlinear', 0], 'CH3CHCH2_g': [1, 'nonlinear', 0], 'CH3CH2CHCH2_g': [1, 'nonlinear', 0], 'CH3CHCHCH3_g': [2, 'nonlinear', 0], 'CH3CH3CCH2_g': [2, 'nonlinear', 0], 'pe_g': [2, 'linear', 0], 'C2H2_g': [2, 'linear', 0], 'C2H4_g': [4, 'nonlinear', 0], 'C2H6_g': [6, 'nonlinear', 0], 'C3H6_g': [1, 'nonlinear', 0], 'CH3COOH_g': [1, 'nonlinear', 0], 'CH3CHO_g': [1, 'nonlinear', 0], 'C5H4O2_g': [1, 'nonlinear', 0], 'C5H6O2_g': [1, 'nonlinear', 0], 'C5H6O_g': [1, 'nonlinear', 0], 'HCl_g': [1, 'linear', 0], 'Cl2_g': [2, 'linear', 0]}

input_file = 'H:\\catmap\\catmap\\lyq_alkene_epoxidation\\2-creating_microkinetic_model\\energies_dft_neb.txt'

interaction_fitting_mode = None

interaction_surface_names = None

internally_constrain_coverages = True

max_bisections = 3

max_damping_iterations = 10

max_initial_guesses = 3

max_rootfinding_iterations = 250

model_name = 'baseline_tihf'

numerical_representation = 'mpmath'

optimize_analytical_expressions = False

outer_solver_log = 'outer_solver.log'

output_labels = {'coverage': ('C6H12O_s', 'C6H12_s', 'H2O2_s', 'H2O_s', 'Ha_s', 'Hb_s', 'OH_s', 'OOH_s', 'O_s'), 'rate': ([['s', 'H2O2_g'], ['H2O2_s']], [['H2O2_s', 's'], ['Ha_s', 'OOH_s']], [['s', 'C6H12_g'], ['C6H12_s']], [['OOH_s', 'C6H12_s', 's'], ['OOH-C6H12_s', 's', 's'], ['C6H12O_s', 'O_s', 'Hb_s']], [['C6H12O_s'], ['C6H12O_g', 's']], [['Hb_s', 'O_s'], ['Hb-O_s', 's'], ['OH_s', 's']], [['Ha_s', 'OH_s'], ['s', 'H2O_s']], [['H2O_s'], ['H2O_g', 's']]), 'turnover_frequency': ('C6H12O_g', 'C6H12_g', 'H2O2_g', 'H2O_g')}

output_variables = ['coverage', 'rate', 'turnover_frequency']

parameter_mode = 'formation_energy'

parameter_names = ('C6H12O_s', 'C6H12_s', 'H2O2_s', 'H2O_s', 'Ha_s', 'Hb_s', 'OH_s', 'OOH_s', 'O_s', 'Hb-O_s', 'OOH-C6H12_s')

parse_headers = ['formation_energy', 'frequencies']

perturbation_size = 1e-14

prefactor_list = ['kB*T/h', 'kB*T/h', 'kB*T/h', 'kB*T/h', 'kB*T/h', 'kB*T/h', 'kB*T/h', 'kB*T/h']

pressure = np.float64(1.0)

pressure_mode = 'concentration'

required_headers = ['species_name', 'surface_name', 'site_name', 'formation_energy', 'frequencies', 'reference']

residual_threshold = 0.9

resolution = [1, 1]

rxn_expressions = ['* + H2O2_g <-> H2O2*', 'H2O2* + * -> Ha* + OOH*', '* + C6H12_g <-> C6H12*', 'OOH* + C6H12* + * <-> OOH-C6H12* + 2* -> C6H12O* + O* + Hb*', 'C6H12O* <-> C6H12O_g + *', 'Hb* + O* <-> Hb-O* + * -> OH* + *', 'Ha* + OH* -> * + H2O*', 'H2O* <-> H2O_g + *']

rxn_options_dict = {'prefactor': {}, 'beta': {}}

scaling_constraint_dict = {'OOH_s': ['+', 0, None], 'O_s': [0, '+', None]}

search_directions = [[0, 0], [0, 1], [1, 0], [0, -1], [-1, 0], [-1, 1], [1, 1], [1, -1], [-1, -1]]

setup_file = 'baseline_tihf.mkm'

shomate_params = {'H2_g:298-1000': [33.066178, -11.363417, 11.432816, -2.772874, -0.158558, -9.980797, 172.707974, 0], 'H2_g:1000-2500': [18.563083, 12.257357, -2.859786, 0.268238, 1.97799, -1.147438, 156.288133, 0], 'H2_g:2500-6000': [43.41356, -4.293079, 1.272428, -0.096876, -20.533862, -38.515158, 162.081354, 0], 'CH4_g:298-1300': [-0.703029, 108.4773, -42.52157, 5.862788, 0.678565, -76.84376, 158.7163, -74.8731], 'CH4_g:1300-1600': [85.81217, 11.26467, -2.114146, 0.13819, -26.42221, -153.5327, 224.4143, -74.8731], 'CO_g:298-1300': [25.56759, 6.09613, 4.054656, -2.671201, 0.131021, -118.0089, 227.3665, -110.5271], 'CO_g:1300-1600': [35.1507, 1.300095, -0.205921, 0.01355, -3.28278, -127.8375, 231.712, -110.5271], 'H2O_g:100-500': [36.303952, -24.11232, 63.64111, -38.9524, -0.01385, -10.23966, 237.39431, 0.0], 'H2O_g:500-1700': [30.092, 6.832514, 6.793435, -2.53448, 0.082139, -250.881, 223.3967, -241.8264], 'H2O_g:1700-6000': [41.96426, 8.622053, -1.49978, 0.098119, -11.15764, -272.1797, 219.7809, -241.8264], 'CO2_g:298-1200': [24.99735, 55.18696, -33.69137, 7.948387, -0.136638, -403.6075, 228.2431, -393.5224], 'CO2_g:1200-6000': [58.16639, 2.720075, -0.492289, 0.038844, -6.447293, -425.9186, 263.6125, -393.5224], 'O2_g:100-700': [31.32234, -20.23531, 57.8664, -36.50624, -0.007374, -8.903471, 246.7945, 0.0], 'O2_g:700-2000': [30.03235, 8.772972, -3.988133, 0.788313, -0.741599, -11.32468, 236.1663, 0.0], 'O2_g:2000-6000': [20.91111, 10.72071, -2.020498, 0.146449, 9.245722, 5.337651, 237.6185, 0.0], 'NH3_g:298-1400': [19.99563, 49.77119, -15.37599, 1.921168, 0.189174, -53.30667, 203.8591, -45.89806], 'N2_g:100-500': [28.98641, 1.853978, -9.647459, 16.63537, 0.000117, -8.671914, 226.4168, 0.0], 'N2_g:500-2000': [19.50583, 19.88705, -8.598535, 1.369784, 0.527601, -4.935202, 212.39, 0.0], 'N2O_g:298-1400': [27.67988, 51.14898, -30.64454, 6.847911, -0.157906, 71.24934, 238.6164, 82.04824], 'NO2_g:298-1200': [16.10857, 75.89525, -54.3874, 14.30777, 0.239423, 26.17464, 240.5386, 33.09502], 'NO_g:298-1200': [23.83491, 12.58878, -1.139011, -1.497459, 0.214194, 83.35783, 237.1219, 90.29114], 'NO3_g:298-1200': [11.22316, 166.3889, -148.4458, 47.40598, -0.176791, 61.00858, 221.7679, 71.128], 'HNO2_g:298-1200': [24.89974, 91.37563, -64.84614, 17.92007, -0.134737, -88.13596, 254.2671, -76.73498], 'HNO3_g:298-1200': [19.63229, 153.9599, -115.8378, 32.87955, -0.249114, -146.8818, 247.7049, -134.306], 'HCN_g:298-1200': [32.69373, 22.59205, -4.369142, -0.407697, -0.282399, 123.4811, 233.2597, 135.1432], 'CH2CH2_g:298-1200': [-6.38788, 184.4019, -112.9718, 28.49593, 0.31554, 48.17332, 163.1568, 52.46694], 'CH2O_g:298-1500': [5.193767, 93.23249, -44.85457, 7.882279, 0.551175, -119.3591, 202.4663, -115.8972], 'CH3OH_g:298-1500': [-1.0845814245433651, 153.2463565199489, -79.53050359618254, 16.47130239316011, 0.5220334601533215, -4.897417024069, 199.1893745506112, 0.0], 'C5H4O2_g:100-1500': [-16.36694, 0.46958, -0.000331925, 8.50912e-08, 198590.9145, -1661.34999, -15.68938, 12461.34999], 'C5H6O2_g:100-1500': [-18.57626, 0.50733, -0.000335824, 8.28263e-08, 231619.2141, -6357.53523, 2.75692, 7057.53523], 'C5H6O_g:50-1500': [1.26847, 0.35388, -0.000173962, 2.87427e-08, 48401.71207, -5691.94893, -85.38991, 7191.94893], 'Cl2_g:298-1000': [33.0506, 12.2294, -12.0651, 4.38533, -0.159494, -10.8348, 259.029, 0.0], 'HCl_g:298-1200': [32.12392, -13.45805, 19.86852, -6.853936, -0.049672, -101.6206, 228.6866, -92.31201], 'CH3CH2OH_g:298-1500': [-4.7367880805894265, 271.96181550301463, -169.34946529216657, 43.73860153608533, 0.24643430702178773, -9.828280829187861, 203.3325622617075, 0.0], 'CH3CHO_g:298-1500': [4.8037386340099095, 185.92002366990326, -99.1084610902012, 20.61473919069016, 0.2770802548558646, -8.566600040790945, 220.00244674443837, 0.0], 'HCOOH_g:298-1500': [3.802752304225226, 153.66217894746168, -84.64046773816926, 16.297377707561505, 0.2772064997263338, -6.16527, 212.9698972559699, 0]}

site_names = ('g', 's')

species_definitions = {'C6H12_g': {'name': 'C6H12', 'site': 'g', 'type': 'gas', 'n_sites': 0, 'composition': {'H': 12, 'C': 6}, 'concentration': 1.0, 'formation_energy': -26.031223, 'formation_energy_source': 'DFT_Gibbs_gas', 'frequencies': []}, 'H2O2_g': {'name': 'H2O2', 'site': 'g', 'type': 'gas', 'n_sites': 0, 'composition': {'H': 2, 'O': 2}, 'concentration': 0.185, 'formation_energy': -7.162091, 'formation_energy_source': 'DFT_Gibbs_gas', 'frequencies': []}, 'H2O_g': {'name': 'H2O', 'site': 'g', 'type': 'gas', 'n_sites': 0, 'composition': {'H': 2, 'O': 1}, 'concentration': 0.815, 'formation_energy': -7.614457, 'formation_energy_source': 'DFT_Gibbs_gas', 'frequencies': []}, 'C6H12O_g': {'name': 'C6H12O', 'site': 'g', 'type': 'gas', 'n_sites': 0, 'composition': {'H': 12, 'O': 1, 'C': 6}, 'concentration': 1e-20, 'formation_energy': -27.667771, 'formation_energy_source': 'DFT_Gibbs_gas', 'frequencies': []}, 's': {'name': 's', 'site': 's', 'type': 'site', 'formation_energy': 0, 'n_sites': 1, 'composition': {}, 'site_names': ['111'], 'total': 1, 'frequencies': []}, 'Ha_s': {'name': 'Ha', 'site': 's', 'type': 'adsorbate', 'n_sites': 1, 'composition': {'H': 1}, 'formation_energy': [-0.8904355], 'formation_energy_source': ['DFT_Gibbs_single'], 'frequencies': []}, 'Hb_s': {'name': 'Hb', 'site': 's', 'type': 'adsorbate', 'n_sites': 1, 'composition': {'H': 1}, 'formation_energy': [0.4834265], 'formation_energy_source': ['DFT_Gibbs_single'], 'frequencies': []}, 'Hb-O_s': {'name': 'Hb-O', 'site': 's', 'type': 'transition_state', 'n_sites': 1, 'composition': {'H': 1, 'O': 1}, 'formation_energy': [1.042426], 'formation_energy_source': ['NEB_forward_TS_minus_IS_mapped'], 'frequencies': []}, 'C6H12O_s': {'name': 'C6H12O', 'site': 's', 'type': 'adsorbate', 'n_sites': 1, 'composition': {'H': 12, 'O': 1, 'C': 6}, 'formation_energy': [-27.953115], 'formation_energy_source': ['DFT_Gibbs_single'], 'frequencies': []}, 'C6H12_s': {'name': 'C6H12', 'site': 's', 'type': 'adsorbate', 'n_sites': 1, 'composition': {'H': 12, 'C': 6}, 'formation_energy': [-26.1186915], 'formation_energy_source': ['DFT_Gibbs_single'], 'frequencies': []}, 'H2O2_s': {'name': 'H2O2', 'site': 's', 'type': 'adsorbate', 'n_sites': 1, 'composition': {'H': 2, 'O': 2}, 'formation_energy': [-7.2401555], 'formation_energy_source': ['DFT_Gibbs_single'], 'frequencies': []}, 'H2O_s': {'name': 'H2O', 'site': 's', 'type': 'adsorbate', 'n_sites': 1, 'composition': {'H': 2, 'O': 1}, 'formation_energy': [-7.729881], 'formation_energy_source': ['DFT_Gibbs_single'], 'frequencies': []}, 'OH_s': {'name': 'OH', 'site': 's', 'type': 'adsorbate', 'n_sites': 1, 'composition': {'H': 1, 'O': 1}, 'formation_energy': [-3.1592795], 'formation_energy_source': ['DFT_Gibbs_single'], 'frequencies': []}, 'OOH_s': {'name': 'OOH', 'site': 's', 'type': 'adsorbate', 'n_sites': 1, 'composition': {'H': 1, 'O': 2}, 'formation_energy': [-3.8063665], 'formation_energy_source': ['DFT_Gibbs_single'], 'frequencies': []}, 'O_s': {'name': 'O', 'site': 's', 'type': 'adsorbate', 'n_sites': 1, 'composition': {'O': 1}, 'formation_energy': [0.3350345], 'formation_energy_source': ['DFT_Gibbs_single'], 'frequencies': []}, 'OOH-C6H12_s': {'name': 'OOH-C6H12', 'site': 's', 'type': 'transition_state', 'n_sites': 1, 'composition': {'C': 6, 'H': 13, 'O': 2}, 'formation_energy': [-29.693216], 'formation_energy_source': ['NEB_forward_TS_minus_IS_mapped'], 'frequencies': []}, 'g': {'name': 'g', 'site': 'g', 'type': 'site', 'formation_energy': 0, 'n_sites': 0, 'site_names': ['gas'], 'total': 0, 'composition': {}, 'frequencies': []}, '*_g': {'name': 'g', 'site': 'g', 'type': 'site', 'formation_energy': 0, 'n_sites': 0, 'site_names': ['gas'], 'total': 0, 'composition': {}, 'frequencies': []}, '*_s': {'name': 's', 'site': 's', 'type': 'site', 'formation_energy': 0, 'n_sites': 1, 'composition': {}, 'site_names': ['111'], 'total': 1, 'frequencies': []}}

standard_coadsorbate_coverage = 'min'

standard_coverage = 'min'

surface_names = ('tihf',)

temperature = np.float64(333.15)

thermodynamic_corrections = ['gas', 'adsorbate']

thermodynamic_variables = ['temperature', 'gas_pressures', 'voltage', 'beta', 'pH', 'Upzc', 'gas_thermo_mode', 'adsorbate_thermo_mode', 'pressure']

transition_state_names = ('Hb-O_s', 'OOH-C6H12_s')

use_numbers_solver = True

verbose = 1

stdout = """header_evaluation: fail - could not save mp = <mpmath.ctx_mp.MPContext object at 0x0000025B080E70E0>


header_evaluation: fail - could not save tolerance = mpf('9.9999999999999999999999999999999999999999999999999999999999999999999999999999999999999999999999999999999999999999999999999999999999999999999999999999999999999999999999999999999999999999999999999999999999999999999999999999999999999999999999999999999999999999999999999999999999999999999999999999999999999999999999999999999999999999999999999999999999999999999999999999999999999999999999999279821642666651341375612045949991678539398627562470234654364573010444169760118642175447502958175667478e-341')


mapper_iteration_0: status - 1 points do not have valid solution.
rootfinding_iteration_2: cancel - stationary point or singular jacobian (residual = 3.102951097057098e+22)
minresid_iteration_0: fail - [333.15, 1.00] using coverages from [333.15, 1.00]; initial residual was 6.890844865083376e+55 (residual = 3.102951097057098e+22)
rootfinding_iteration_250: maxiter - exceeded maximum iterations (residual = 3.4102923389299203e-292)
minresid_iteration_1: fail - [333.15, 1.00] using coverages from [333.15, 1.00]; initial residual was 1.8325609641449807e+26 (residual = 3.4102923389299203e-292)
minresid_iteration_2: success - [333.15, 1.00] using coverages from [333.15, 1.00]
mapper_iteration_1: status - 0 points do not have valid solution.
header_evaluation: fail - could not save coverage_map = [[[np.float64(333.15), np.float64(1.0)], [mpf('0.0000000000000000000000000000000000000000000000000000000000000000000000000000000000000000031842020268851896079394932930782666984945447565869969621643295457210656953239111460737680921378316074560964964739166807101193390555566657585115792643533214118175967594422462508554619072589167057357613823063075001107234299803680523970445874166815545810456238159390659613819982616607710723519793909272839483991645108057726776446686177725320832771661046655805100570131841207741506779315656111198887328949087420808416810653186235614026636738209843128296370120896222517043020597499261541307034'), mpf('0.00000000000000000000000000000000000000000000000000000000000000000000000032330177679035852817594603704599166393080862431402680988545515381196280706806322208639510976155098990724637285620352312586354192580896142974790445397983732477873970383965071959546643307142003041548603983664436115015243423636418703726843346335195254216837212779352507465463809481148814354887041182089614241781417372453364396205574276998543845619659840024315879491963477971640123948161299904946173259244578388082269369498153359091170637087951931912600295200004428055064036638687003081578698'), mpf('0.00000000000000000000000000000000000000000000000000000000000000000000000004310417541517237850868870001216369937643769441125212876623420109934976002121733273671304875362908141974450410344070312476264181520882742241943536185876078523032724767150954189129233054876783859484089222961752946543286059509265998869635224503533438439258621440584411376191484744341290264853175002285642192963189466084113607298650343408311023440976420853829297101258272532807055718338594166592042486851148476318828301252102296636658097128292637025299516530842799700552870217868292875697959'), mpf('0.00000000000000000000000000000000000000000000000000000000000000000000000069769705760577368019973419220065626568805449652949298856356642617017834039573601747083806237449591676183004447337919634990331185841479425812748015623401883821335775540185793937050242212862194654311666408581856874450933000043053411652623089964727126106399072386460870394588958074976265433492336677350837850157114660261675623269015464023084754567334060286972787282066250800046048886115170834945663398972375468623192053822781141989122064626813024697077215626370769350509028347335065748924472'), mpf('8.3431901760263098604188196777333552604526251190625162076589556374268467164862735780181714772715050029109599848091123473408997692606205160991362624803181631726319079583572739405358191270326817730024366994206808776837876106929890376325110000206216847801841269746682640332397423224856433391264540814606635835881635120809438831536418883754586901574282358842566780540952884245250883330566239014826105549187394246628388348211656525011654260959336919858365968844417793600142530786752540036277843e-202'), mpf('0.0000000000000000000000000000000000000000000000000000000000000000000000000000000000000000000000000000000000000000000000000000000000000000017006526818533270088637477304651095011840584631492890718308177046574293167541378524132894307094023420080802597951000506264586165004557869070853759194093609047610729455897588007674847742352628575877083483510604829128174980257132031714177905161618439678744803442838784630866952532550223072063337871271060166953829971211577807261788674440739754487063997519348278149990626546610834363289018356317748922575070594702466501716033134763696164367851166008933293643938302725276731053820974139851022'), mpf('0.00000000000055100817143637774810277296224059167833349499688542863728674913076480906980320693879634328055605690603649075639558642323268464341347053943090799440739114744465390029935960555924488029537562350706209299177015569852576816254508605494009138519623096497235232910892491320832881453883353769104889979212680084582058574966358601275874302539005394243464811021760260511351935879454985105320688973444179120967979503229026916349677804189471864806954124169740210316326502368375237037061166915700821198'), mpf('0.99999999666467348965775498232013576300078663554253511154283800046203942538468004964017042047296638099781451439195293482389993611474265646868342751764568012277391754305273484269598902812502340338686841372893389266414201495610033888509486627547547440266134019852695606587757213489663942089392246909300913314999412531101045577224339052786913720374844506072431431104813470634479346373039125647973458103117313271015724232815589636900183113360504681771963423084394893699809836823939091693100914'), mpf('0.0000000033347755021708086399317614640369727727791313934602765709006738244050913008673802588212388363295463958277949177337004864245639950228859045660806013210455688130649742142843522844234086338991956721364314121462189633985534572393815322606087384088350594649388435642569585525711398696775063309606571123931589040124172942153006644923618157494852203670202175961240438029817000727156726494794815902852100440699034837024333692981623449522375151711365236832658646455430801536046123916887484011927962'), mpf('0.000000000000000000000000000000000000000000000000000000000000000000000000015360830611341523698427483248081795939421548352965365327660126194828675045643365537897458552385393378947227047888003953961750511786560447426940999862366330496236676089293311427097752788151601388710582432613993077807221892148830364764516299749421571268016092571717872348623210741457342779382429600382787334019023656569434627524714976783402576355016104480838579575072021980080483165287536282300816304177402173607267982194425434803423628986329425872306449479830286121236480240647090426990389')]]]


header_evaluation: fail - could not save kBT = mpf('0.028708643150456998040645441960805328562855720520019531249999999999999999999999999999999999999999999999999999999999999999999999999999999999999999999999999999999999999999999999999999999999999999999999999999999999999999999999999999999999999999999999999999999999999999999999999999999999999999999999999999999999999999999999999999999999999999999999999999999999999999999999999999999999999999999999999999999999999999999999999999999999999999999999999999999999999999999999999999999999999999999999966')


header_evaluation: fail - could not save mp = <mpmath.ctx_mp.MPContext object at 0x0000025B080E70E0>


header_evaluation: fail - could not save rate_map = [[[np.float64(333.15), np.float64(1.0)], [mpf('-9.1100551375635074575319454672131459576247449011891904924806982676570714613823904894772710704508262452624226233238676312962984255921505466228694232814178565316484091136448938658159901835989120657355756787161754079975997528039523808503048247490680595577644930918085304882669051109283908840535515707522591050704104314191995983905763787578148826670150352382781730626067721842535048273544917039838805264625637225499422119185284389795467605045452419478509640347812840325943974692991819485571544e-179'), mpf('1.5396566940754824838142190466148010373346802576720747635354013459121037069880162511216558007699410824450752290367146820466272472761280264056069105581248969446054890723864268625918153915017539311159437452008119565807602736071799166575732429443518821242761331703692477696903625699908990153305516310091742746333373978979176576944026161566590438694695154038880566323525223863934024291087437455859621920442115900595247842272597570510588196538680398846057953091853501761358543201405484966626923e-173'), mpf('-1.0496086606808296911138980966446308678264935547115021284492165740126106403247364799993868565109147931154600492388870777184369063816307722532219863423675138370616315495520613066597562940600958333652391487105874602026258768987350678765321676413772335979404516547008259525455777943885547756359719796766937274705319660710480879430592772500920868830806267241798211088697875515944164541205214374651808910407031770533790244494552378644522272181169121971937626969595743488711507390000117840932352e-180'), mpf('2.1145483951097005863289289945283958162973220817542219355386009913437898594987673726676147230967291256543580243199973938075258270645121221603377180484297284824183441007379469872807305978607739592809692548966052567409330635353107716379472127396664094406704111758553611791653472310067560762890038128385748409279365047757234499223920419312995363626746834398150410347015791642429309706266267138363474615761235408755371525690459263531443398530551649420088292728090491962078026809940148586593012e-176'), mpf('1.5322047113842877116155290870510015105208300420443353370446402049626908301135119997335287337605394025766628675320336364274491550746821396668960326806612790386328403462085838725178985165240088844842207267865782585087559937288486980635355631009502948361497636363734691504288817872429842866663840840360197287504576099311819147867536826904741926665639790759744568783252185268093224095389817618260737446455307855833394009351072170133103458430395190913108667994228952941463392009832877755549657e-171'), mpf('3.8012437099341328606012550725291292641169042698191701633131194325408184070393509949320280560927258399374483572619457156619342746002865309732222807232016253858376998637404692652662180120325813834926018972142495585348180127274519003644783372621487804586472426119143380270622442818782448555790452558140020972001286008546412458399021888093826971392564473648475471595650896052581831675149698583324159457874587348511617896529974018195147615584716219548289498120669790031846481344633438969966966e-222'), mpf('-1.5822053396158765549967016970840248765233972459099956950320017070212532701620393683769179719478966006646213338782721391543747999004517998671719395932143062698541417325679172830422873718291616239681986720096005772314491026813450259548019954386519616171829631851446426459987551678401319914256288009777530589771665583487182103117154570432969689027905710950958478496237001279832752074748756058801555384275673604454008356123480117043154219879801036297571860360403372856863710068857355375976197e-189'), mpf('2.3236314172510577118007947062478361020915995656766024842328326073140998454630460938323909895361810315663853890976825612809972936652549295758323696335643472888049719280046985775061916903853068700682920560989365857157387894886781754793346203920760504447138254639933723977615014742095239184198444683792633992617928530260421926548720771401205010427778642746806783178850322369465096609486798144235148289816125022499474100822469301168718537926912453692619767357884092281728349493275687412983214e-180')]]]


header_evaluation: fail - could not save tolerance = mpf('9.9999999999999999999999999999999999999999999999999999999999999999999999999999999999999999999999999999999999999999999999999999999999999999999999999999999999999999999999999999999999999999999999999999999999999999999999999999999999999999999999999999999999999999999999999999999999999999999999999999999999999999999999999999999999999999999999999999999999999999999999999999999999999999999999999279821642666651341375612045949991678539398627562470234654364573010444169760118642175447502958175667478e-341')


header_evaluation: fail - could not save turnover_frequency_map = [[[np.float64(333.15), np.float64(1.0)], [mpf('1.5322047113842877116155290870510015105208300420443353370446402049626908301135119997335287337605394025766628675320336364274491550746821396668960326806612790386328403462085838725178985165240088844842207267865782585087559937288486980635355631009502948361497636363734691504288817872429842866663840840360197287504576099311819147867536826904741926665639790759744568783252185268093224095389817618260737446455307855833394009351072170133103458430395190913108667994228952941463392009832877755549657e-171'), mpf('1.0496086606808296911138980966446308678264935547115021284492165740126106403247364799993868565109147931154600492388870777184369063816307722532219863423675138370616315495520613066597562940600958333652391487105874602026258768987350678765321676413772335979404516547008259525455777943885547756359719796766937274705319660710480879430592772500920868830806267241798211088697875515944164541205214374651808910407031770533790244494552378644522272181169121971937626969595743488711507390000117840932352e-180'), mpf('9.1100551375635074575319454672131459576247449011891904924806982676570714613823904894772710704508262452624226233238676312962984255921505466228694232814178565316484091136448938658159901835989120657355756787161754079975997528039523808503048247490680595577644930918085304882669051109283908840535515707522591050704104314191995983905763787578148826670150352382781730626067721842535048273544917039838805264625637225499422119185284389795467605045452419478509640347812840325943974692991819485571544e-179'), mpf('2.3236314172510577118007947062478361020915995656766024842328326073140998454630460938323909895361810315663853890976825612809972936652549295758323696335643472888049719280046985775061916903853068700682920560989365857157387894886781754793346203920760504447138254639933723977615014742095239184198444683792633992617928530260421926548720771401205010427778642746806783178850322369465096609486798144235148289816125022499474100822469301168718537926912453692619767357884092281728349493275687412983214e-180')]]]

"""