from numpy import array

try:
    import cPickle as pickle

except: #workaround for python3.X
    import _pickle as pickle


from mpmath import mpf 

parser = None

scaler = 'ThermodynamicScaler'

thermodynamics = 'ThermoCorrections'

solver = 'SteadyStateSolver'

mapper = 'MinResidMapper'

binary_data = pickle.load(open("baseline_titi.pkl","rb"))

locals().update(binary_data)

__citation__ = """If you find CatMAP useful to your research, please cite both the following papers:

 Medford, A. J., Shi, C., Hoffmann, M. J., Lausche, A. C., Fitzgibbon, S. R., Bligaard, T., & Nørskov, J. K. (2015). CatMAP: a software package for descriptor-based microkinetic mapping of catalytic trends. Catalysis Letters, 145, 794-807. 
 Vijay, S., H. Heenen, H., Singh, A. R., Chan, K., & Voss, J. (2024). Number of sites-based solver for determining coverages from steady-state mean-field micro-kinetic models. Journal of Computational Chemistry, 45(9), 546-551.
"""
A_uc = None

DEBUG = False

adsorbate_interaction_model = 'ideal'

adsorbate_interactions = None

adsorbate_names = ('C6H12O_s', 'C6H12_s', 'H2O2_s', 'H2O_s', 'Ha_s', 'Hb_s', 'OH_s', 'OOH_s', 'O_s')

adsorbate_thermo_mode = 'frozen_adsorbate'

analytical_jacobian = True

atomic_reservoir_list = [{'H': 'C6H12O_g', 'C': 'C6H12_g', 'O': 'H2O2_g'}, {'H': 'C6H12O_g', 'C': 'C6H12_g', 'O': 'H2O_g'}, {'H': 'H2O2_g', 'C': 'C6H12O_g', 'O': 'H2O_g'}, {'H': 'H2O2_g', 'C': 'C6H12_g', 'O': 'H2O_g'}]

atoms_dict = {}

citation_info_written = True

coverage_headers = ['coverage', 'coadsorbate_coverage']

data_file = 'baseline_titi.pkl'

decimal_precision = 460

descriptor_decimal_precision = 2

descriptor_names = ('temperature', 'pressure')

descriptor_ranges = [[333.15, 333.15], [1.0, 1.0]]

echem_transition_state_names = []

electrochemical_thermo_mode = 'simple_electrochemical'

elementary_rxns = ([['s', 'H2O2_g'], ['H2O2_s']], [['H2O2_s', 's'], ['Ha_s', 'OOH_s']], [['s', 'C6H12_g'], ['C6H12_s']], [['OOH_s', 'C6H12_s', 's'], ['OOH-C6H12_s', 's', 's'], ['C6H12O_s', 'O_s', 'Hb_s']], [['C6H12O_s'], ['C6H12O_g', 's']], [['Hb_s', 'O_s'], ['Hb-O_s', 's'], ['OH_s', 's']], [['Ha_s', 'OH_s'], ['s', 'H2O_s']], [['H2O_s'], ['H2O_g', 's']])

estimate_frequencies = True

extrapolate_coverages = False

fix_x_star = False

fixed_entropy_dict = {'H2_g': 0.00135, 'other': 0.002}

force_recalculation = False

force_recompilation = False

frequency_dict = {'C6H12_g': [], 'H2O2_g': [], 'H2O_g': [], 'C6H12O_g': [], 's': [], 'Ha_s': [], 'Hb_s': [], 'Hb-O_s': [], 'C6H12O_s': [], 'C6H12_s': [], 'H2O2_s': [], 'H2O_s': [], 'OH_s': [], 'OOH_s': [], 'O_s': [], 'OOH-C6H12_s': [], 'g': [], '*_g': [], '*_s': []}

frequency_surface_names = []

frequency_unit_conversion = 0.0001239842

gas_names = ('C6H12O_g', 'C6H12_g', 'H2O2_g', 'H2O_g')

gas_pressures = [1e-20, 1.0, 0.185, 0.815]

gas_thermo_mode = 'frozen_gas'

hbond_dict = {'COOH': -0.25, 'OCHO': 0.0, 'CO': -0.1, 'CHO': -0.1, 'CH2O': 0.0, 'OCH3': 0.0, 'O': 0.0, 'OH': -0.5, 'H': 0.0, 'COH': -0.25, 'C': 0.0, 'CH': 0.0, 'CH2': 0.0, 'CH3': 0.0, 'CHOH': -0.25, 'COHOH': -0.25, 'OCH2O': 0.0, 'CH2OH': -0.25, 'OCHCH2': 0.0, 'OCHCHO': 0.0}

hindered_ads_params = {}

ideal_gas_params = {'H2_g': [2, 'linear', 0], 'N2_g': [2, 'linear', 0], 'O2_g': [2, 'linear', 1.0], 'H2O_g': [2, 'nonlinear', 0], 'CO_g': [1, 'linear', 0], 'CH4_g': [12, 'nonlinear', 0], 'NH3_g': [3, 'nonlinear', 0], 'CH3OH_g': [1, 'nonlinear', 0], 'CH3CH2OH_g': [1, 'nonlinear', 0], 'CO2_g': [2, 'linear', 0], 'CH2O_g': [2, 'nonlinear', 0], 'HCOOH_g': [1, 'nonlinear', 0], 'CH2CH2_g': [4, 'nonlinear', 0], 'CH3CHCH2_g': [1, 'nonlinear', 0], 'CH3CH2CHCH2_g': [1, 'nonlinear', 0], 'CH3CHCHCH3_g': [2, 'nonlinear', 0], 'CH3CH3CCH2_g': [2, 'nonlinear', 0], 'pe_g': [2, 'linear', 0], 'C2H2_g': [2, 'linear', 0], 'C2H4_g': [4, 'nonlinear', 0], 'C2H6_g': [6, 'nonlinear', 0], 'C3H6_g': [1, 'nonlinear', 0], 'CH3COOH_g': [1, 'nonlinear', 0], 'CH3CHO_g': [1, 'nonlinear', 0], 'C5H4O2_g': [1, 'nonlinear', 0], 'C5H6O2_g': [1, 'nonlinear', 0], 'C5H6O_g': [1, 'nonlinear', 0], 'HCl_g': [1, 'linear', 0], 'Cl2_g': [2, 'linear', 0]}

input_file = 'H:\\catmap\\catmap\\lyq_alkene_epoxidation\\2-creating_microkinetic_model\\energies_dft_neb.txt'

interaction_fitting_mode = None

interaction_surface_names = None

internally_constrain_coverages = True

max_bisections = 5

max_damping_iterations = 10

max_initial_guesses = 3

max_rootfinding_iterations = 400

model_name = 'baseline_titi'

numerical_representation = 'mpmath'

optimize_analytical_expressions = False

outer_solver_log = 'outer_solver.log'

output_labels = {'coverage': ('C6H12O_s', 'C6H12_s', 'H2O2_s', 'H2O_s', 'Ha_s', 'Hb_s', 'OH_s', 'OOH_s', 'O_s'), 'rate': ([['s', 'H2O2_g'], ['H2O2_s']], [['H2O2_s', 's'], ['Ha_s', 'OOH_s']], [['s', 'C6H12_g'], ['C6H12_s']], [['OOH_s', 'C6H12_s', 's'], ['OOH-C6H12_s', 's', 's'], ['C6H12O_s', 'O_s', 'Hb_s']], [['C6H12O_s'], ['C6H12O_g', 's']], [['Hb_s', 'O_s'], ['Hb-O_s', 's'], ['OH_s', 's']], [['Ha_s', 'OH_s'], ['s', 'H2O_s']], [['H2O_s'], ['H2O_g', 's']]), 'turnover_frequency': ('C6H12O_g', 'C6H12_g', 'H2O2_g', 'H2O_g')}

output_variables = ['coverage', 'rate', 'turnover_frequency']

parameter_mode = 'formation_energy'

parameter_names = ('C6H12O_s', 'C6H12_s', 'H2O2_s', 'H2O_s', 'Ha_s', 'Hb_s', 'OH_s', 'OOH_s', 'O_s', 'Hb-O_s', 'OOH-C6H12_s')

parse_headers = ['formation_energy', 'frequencies']

perturbation_size = 1e-14

prefactor_list = ['kB*T/h', 'kB*T/h', 'kB*T/h', 'kB*T/h', 'kB*T/h', 'kB*T/h', 'kB*T/h', 'kB*T/h']

pressure = 1.0

pressure_mode = 'concentration'

recalculate = True

required_headers = ['species_name', 'surface_name', 'site_name', 'formation_energy', 'frequencies', 'reference']

residual_threshold = 0.9

resolution = [1, 1]

rxn_expressions = ['* + H2O2_g <-> H2O2*', 'H2O2* + * -> Ha* + OOH*', '* + C6H12_g <-> C6H12*', 'OOH* + C6H12* + * <-> OOH-C6H12* + 2* -> C6H12O* + O* + Hb*', 'C6H12O* <-> C6H12O_g + *', 'Hb* + O* <-> Hb-O* + * -> OH* + *', 'Ha* + OH* -> * + H2O*', 'H2O* <-> H2O_g + *']

rxn_options_dict = {'prefactor': {}, 'beta': {}}

scaling_constraint_dict = {'OOH_s': ['+', 0, None], 'O_s': [0, '+', None]}

search_directions = [[0, 0], [0, 1], [1, 0], [0, -1], [-1, 0], [-1, 1], [1, 1], [1, -1], [-1, -1]]

setup_file = 'baseline_titi.mkm'

shomate_params = {'H2_g:298-1000': [33.066178, -11.363417, 11.432816, -2.772874, -0.158558, -9.980797, 172.707974, 0], 'H2_g:1000-2500': [18.563083, 12.257357, -2.859786, 0.268238, 1.97799, -1.147438, 156.288133, 0], 'H2_g:2500-6000': [43.41356, -4.293079, 1.272428, -0.096876, -20.533862, -38.515158, 162.081354, 0], 'CH4_g:298-1300': [-0.703029, 108.4773, -42.52157, 5.862788, 0.678565, -76.84376, 158.7163, -74.8731], 'CH4_g:1300-1600': [85.81217, 11.26467, -2.114146, 0.13819, -26.42221, -153.5327, 224.4143, -74.8731], 'CO_g:298-1300': [25.56759, 6.09613, 4.054656, -2.671201, 0.131021, -118.0089, 227.3665, -110.5271], 'CO_g:1300-1600': [35.1507, 1.300095, -0.205921, 0.01355, -3.28278, -127.8375, 231.712, -110.5271], 'H2O_g:100-500': [36.303952, -24.11232, 63.64111, -38.9524, -0.01385, -10.23966, 237.39431, 0.0], 'H2O_g:500-1700': [30.092, 6.832514, 6.793435, -2.53448, 0.082139, -250.881, 223.3967, -241.8264], 'H2O_g:1700-6000': [41.96426, 8.622053, -1.49978, 0.098119, -11.15764, -272.1797, 219.7809, -241.8264], 'CO2_g:298-1200': [24.99735, 55.18696, -33.69137, 7.948387, -0.136638, -403.6075, 228.2431, -393.5224], 'CO2_g:1200-6000': [58.16639, 2.720075, -0.492289, 0.038844, -6.447293, -425.9186, 263.6125, -393.5224], 'O2_g:100-700': [31.32234, -20.23531, 57.8664, -36.50624, -0.007374, -8.903471, 246.7945, 0.0], 'O2_g:700-2000': [30.03235, 8.772972, -3.988133, 0.788313, -0.741599, -11.32468, 236.1663, 0.0], 'O2_g:2000-6000': [20.91111, 10.72071, -2.020498, 0.146449, 9.245722, 5.337651, 237.6185, 0.0], 'NH3_g:298-1400': [19.99563, 49.77119, -15.37599, 1.921168, 0.189174, -53.30667, 203.8591, -45.89806], 'N2_g:100-500': [28.98641, 1.853978, -9.647459, 16.63537, 0.000117, -8.671914, 226.4168, 0.0], 'N2_g:500-2000': [19.50583, 19.88705, -8.598535, 1.369784, 0.527601, -4.935202, 212.39, 0.0], 'N2O_g:298-1400': [27.67988, 51.14898, -30.64454, 6.847911, -0.157906, 71.24934, 238.6164, 82.04824], 'NO2_g:298-1200': [16.10857, 75.89525, -54.3874, 14.30777, 0.239423, 26.17464, 240.5386, 33.09502], 'NO_g:298-1200': [23.83491, 12.58878, -1.139011, -1.497459, 0.214194, 83.35783, 237.1219, 90.29114], 'NO3_g:298-1200': [11.22316, 166.3889, -148.4458, 47.40598, -0.176791, 61.00858, 221.7679, 71.128], 'HNO2_g:298-1200': [24.89974, 91.37563, -64.84614, 17.92007, -0.134737, -88.13596, 254.2671, -76.73498], 'HNO3_g:298-1200': [19.63229, 153.9599, -115.8378, 32.87955, -0.249114, -146.8818, 247.7049, -134.306], 'HCN_g:298-1200': [32.69373, 22.59205, -4.369142, -0.407697, -0.282399, 123.4811, 233.2597, 135.1432], 'CH2CH2_g:298-1200': [-6.38788, 184.4019, -112.9718, 28.49593, 0.31554, 48.17332, 163.1568, 52.46694], 'CH2O_g:298-1500': [5.193767, 93.23249, -44.85457, 7.882279, 0.551175, -119.3591, 202.4663, -115.8972], 'CH3OH_g:298-1500': [-1.0845814245433651, 153.2463565199489, -79.53050359618254, 16.47130239316011, 0.5220334601533215, -4.897417024069, 199.1893745506112, 0.0], 'C5H4O2_g:100-1500': [-16.36694, 0.46958, -0.000331925, 8.50912e-08, 198590.9145, -1661.34999, -15.68938, 12461.34999], 'C5H6O2_g:100-1500': [-18.57626, 0.50733, -0.000335824, 8.28263e-08, 231619.2141, -6357.53523, 2.75692, 7057.53523], 'C5H6O_g:50-1500': [1.26847, 0.35388, -0.000173962, 2.87427e-08, 48401.71207, -5691.94893, -85.38991, 7191.94893], 'Cl2_g:298-1000': [33.0506, 12.2294, -12.0651, 4.38533, -0.159494, -10.8348, 259.029, 0.0], 'HCl_g:298-1200': [32.12392, -13.45805, 19.86852, -6.853936, -0.049672, -101.6206, 228.6866, -92.31201], 'CH3CH2OH_g:298-1500': [-4.7367880805894265, 271.96181550301463, -169.34946529216657, 43.73860153608533, 0.24643430702178773, -9.828280829187861, 203.3325622617075, 0.0], 'CH3CHO_g:298-1500': [4.8037386340099095, 185.92002366990326, -99.1084610902012, 20.61473919069016, 0.2770802548558646, -8.566600040790945, 220.00244674443837, 0.0], 'HCOOH_g:298-1500': [3.802752304225226, 153.66217894746168, -84.64046773816926, 16.297377707561505, 0.2772064997263338, -6.16527, 212.9698972559699, 0]}

site_names = ('g', 's')

species_definitions = {'C6H12_g': {'name': 'C6H12', 'site': 'g', 'type': 'gas', 'n_sites': 0, 'composition': {'H': 12, 'C': 6}, 'concentration': 1.0, 'formation_energy': -26.031223, 'formation_energy_source': 'DFT_Gibbs_gas', 'frequencies': []}, 'H2O2_g': {'name': 'H2O2', 'site': 'g', 'type': 'gas', 'n_sites': 0, 'composition': {'H': 2, 'O': 2}, 'concentration': 0.185, 'formation_energy': -7.162091, 'formation_energy_source': 'DFT_Gibbs_gas', 'frequencies': []}, 'H2O_g': {'name': 'H2O', 'site': 'g', 'type': 'gas', 'n_sites': 0, 'composition': {'H': 2, 'O': 1}, 'concentration': 0.815, 'formation_energy': -7.614457, 'formation_energy_source': 'DFT_Gibbs_gas', 'frequencies': []}, 'C6H12O_g': {'name': 'C6H12O', 'site': 'g', 'type': 'gas', 'n_sites': 0, 'composition': {'H': 12, 'C': 6, 'O': 1}, 'concentration': 1e-20, 'formation_energy': -27.667771, 'formation_energy_source': 'DFT_Gibbs_gas', 'frequencies': []}, 's': {'name': 's', 'site': 's', 'type': 'site', 'formation_energy': 0, 'n_sites': 1, 'composition': {}, 'site_names': ['111'], 'total': 1, 'frequencies': []}, 'Ha_s': {'name': 'Ha', 'site': 's', 'type': 'adsorbate', 'n_sites': 1, 'composition': {'H': 1}, 'formation_energy': [-1.754743], 'formation_energy_source': ['DFT_Gibbs_single'], 'frequencies': []}, 'Hb_s': {'name': 'Hb', 'site': 's', 'type': 'adsorbate', 'n_sites': 1, 'composition': {'H': 1}, 'formation_energy': [-1.50894], 'formation_energy_source': ['DFT_Gibbs_single'], 'frequencies': []}, 'Hb-O_s': {'name': 'Hb-O', 'site': 's', 'type': 'transition_state', 'n_sites': 1, 'composition': {'H': 1, 'O': 1}, 'formation_energy': [-0.889662], 'formation_energy_source': ['NEB_forward_TS_minus_IS_mapped'], 'frequencies': []}, 'C6H12O_s': {'name': 'C6H12O', 'site': 's', 'type': 'adsorbate', 'n_sites': 1, 'composition': {'H': 12, 'C': 6, 'O': 1}, 'formation_energy': [-28.152308], 'formation_energy_source': ['DFT_Gibbs_single'], 'frequencies': []}, 'C6H12_s': {'name': 'C6H12', 'site': 's', 'type': 'adsorbate', 'n_sites': 1, 'composition': {'H': 12, 'C': 6}, 'formation_energy': [-26.2167775], 'formation_energy_source': ['DFT_Gibbs_single'], 'frequencies': []}, 'H2O2_s': {'name': 'H2O2', 'site': 's', 'type': 'adsorbate', 'n_sites': 1, 'composition': {'H': 2, 'O': 2}, 'formation_energy': [-7.3379775], 'formation_energy_source': ['DFT_Gibbs_single'], 'frequencies': []}, 'H2O_s': {'name': 'H2O', 'site': 's', 'type': 'adsorbate', 'n_sites': 1, 'composition': {'H': 2, 'O': 1}, 'formation_energy': [-8.5669295], 'formation_energy_source': ['DFT_Gibbs_single'], 'frequencies': []}, 'OH_s': {'name': 'OH', 'site': 's', 'type': 'adsorbate', 'n_sites': 1, 'composition': {'H': 1, 'O': 1}, 'formation_energy': [-3.8609795], 'formation_energy_source': ['DFT_Gibbs_single'], 'frequencies': []}, 'OOH_s': {'name': 'OOH', 'site': 's', 'type': 'adsorbate', 'n_sites': 1, 'composition': {'H': 1, 'O': 2}, 'formation_energy': [-3.975032], 'formation_energy_source': ['DFT_Gibbs_single'], 'frequencies': []}, 'O_s': {'name': 'O', 'site': 's', 'type': 'adsorbate', 'n_sites': 1, 'composition': {'O': 1}, 'formation_energy': [0.463091], 'formation_energy_source': ['DFT_Gibbs_single'], 'frequencies': []}, 'OOH-C6H12_s': {'name': 'OOH-C6H12', 'site': 's', 'type': 'transition_state', 'n_sites': 1, 'composition': {'H': 13, 'C': 6, 'O': 2}, 'formation_energy': [-29.8971925], 'formation_energy_source': ['NEB_forward_TS_minus_IS_mapped'], 'frequencies': []}, 'g': {'name': 'g', 'site': 'g', 'type': 'site', 'formation_energy': 0, 'n_sites': 0, 'site_names': ['gas'], 'total': 0, 'composition': {}, 'frequencies': []}, '*_g': {'name': 'g', 'site': 'g', 'type': 'site', 'formation_energy': 0, 'n_sites': 0, 'site_names': ['gas'], 'total': 0, 'composition': {}, 'frequencies': []}, '*_s': {'name': 's', 'site': 's', 'type': 'site', 'formation_energy': 0, 'n_sites': 1, 'composition': {}, 'site_names': ['111'], 'total': 1, 'frequencies': []}}

standard_coadsorbate_coverage = 'min'

standard_coverage = 'min'

surface_names = ('titi',)

temperature = 333.15

thermodynamic_corrections = ['gas', 'adsorbate']

thermodynamic_variables = ['temperature', 'gas_pressures', 'voltage', 'beta', 'pH', 'Upzc', 'gas_thermo_mode', 'adsorbate_thermo_mode', 'pressure']

transition_state_names = ('Hb-O_s', 'OOH-C6H12_s')

use_numbers_solver = True

verbose = 1

stdout = """header_evaluation: fail - could not save mp = <mpmath.ctx_mp.MPContext object at 0x0000028B83467620>


header_evaluation: fail - could not save tolerance = mpf('9.9999999999999999999999999999999999999999999999999999999999999999999999999999999999999999999999999999999999999999999999999999999999999999999999999999999999999999999999999999999999999999999999999999999999999999999999999999999999999999999999999999999999999999999999999999999999999999999999999999999999999999999999999999999999999999999999999999999999999999999999999999999999999999999999999279821642666651341375612045949991678539398627562470234654364573010444169760118642175447502958175667478e-341')


initial_evaluation: success - initial guess at point [333.15, 1.00]
mapper_iteration_0: status - 0 points do not have valid solution.
header_evaluation: fail - could not save coverage_map = [[[333.15, 1.0], [mpf('0.0000000000000000000000000000000000000010234698426060641333034994067656410698838067962003146016759712804481632193350037695562863373104202305410016944024010055099228340338696781459932467767488990073909355772722850567990223955487348337530270441831733592516761967401501726873603040221191998699527940019226806393517790314635372993667615903598573137353897898723551199733579389852206758191696815419426667805762261792830308781267302627483292535450494746465452185048284798641758336187942312541027753388964988180243414071791907469814827'), mpf('0.0000000000000000000000030702277849775526262135584014945026545552600156586828001915472417798323687605189774343516039831013198989859366852519154721204049020826456580999854119620128572421549521582791347341959260522262389225086754150697764266913964853242684263895862462655997098195070324591337926401388212038320514139746398657878784274297688617752016334742179499915239529442961483965355262879329014627226410177912340990519330712734831001612742883377535623929041797170654388561428367983871454439097414418110010380632'), mpf('0.00000000000000000000000040559084774041994627833959551953431582001685247258269444103668663162238525922817419502326599970134939485327849321265974876496117481766037538299801828254303970103672809638242835762217205985972704249852049798762784066998185994681743103391126113584796262231600100144767393619949422812297798480631281196561525776108649826688672675505765027919279066203243985328809378051721983967231617790775944509796980433592690432885491594779127203308012415663057516254895421251498448103547804713459458092415'), mpf('0.0000000000010000000000785268195742079072127150887892296990073343090827325979255155749613390447125097537014688400560080247711539254772450391164018592902547140104532791046177686403040915073921237297212821019903914194843791108346758189422494560135913698086334905887249015874660788789433163509873700461663975988560482332403122676890039029254103772116841435623753938087963609080006272880681137637362927337469154238226852466994255773396579706306343643379167688089192576622199085577914914367792578426384659'), mpf('0.9999999999989999999999179925736631542489679238984724736111206952544255908710397100381687481820447046832734351017165857624136173077210819079795421979504942245400713569189275539121563145758090005786165800524247435041468970150866496049408214374912747292973059282430650192184319910224575731621324259899046647188098553763557085213837064328602535184601891458719251291749887298860560271746953104887405649750488063924826024627722825359813093245481811289834364438589610994385313410174290403187835'), mpf('0.0000000000000000000000000000000000000000000000000000000000000000000016950520022656765195601820323064865943273847067541996592853462339498185389623277125936341064486127308946527463653890972475056371028087040626784699086821769922698949118788376939147969938862951820455525597067853997515889460669877645570607771996217760853362793607599607431437983312838286697823900953623836245968270743627926233404324254063733580766974621281763911865687658503515669529243977690358976613441817695247769364744683200549859009754714156195256865302714805484333741257376730079387904'), mpf('0.000000000000000000000000000000000000000000000000000000000000000000000000000000000010847289325252004553155699664746290237212259790036618456807351784390535085380918441132974705468461418942887730271456048116811723738302000874026550829918813343568174042596853710433649478881399354327204720419987311962092011050548090536562776139445646598807205023862218966078990664371630412051921367266593912094343838431640604769160633242268360576853517401092441331850139669059336819746115952187943491067530793790918908840465203679138394813344583645072186057105224352789924102737727664248833'), mpf('0.00000000000000000000000000000000000000000000000000000000000000000000000000091184211000233700749716383417642969560918846437459188159326632221776404771333249261168499774548846762457117739892629386441102620470768471256106406356834244216980389615835194396827838119253714713322774742715315142229981435929255757839923227617643184887077899944417214982647911716710956781938104789612023554770010847842193338251726404740906033392711599883317394145738161485823872719291610896543567745952143652450546234880632811441557482725462734183528637054443528024346096542760808737495368'), mpf('0.0000000000000000000000000000000000000000000000000000000000000000000016950520022656765195601820323064865943273847067541996592853462339498185389623277125936341064486127308946527463653890972475056371028087040626784699086821769922698949118788376939147969938862951820455525597067853997515889460669877645570607771996217760853362793607599607431437983312838286697823900953623836245968270743627926233404324254063733580766974621281763911865687658503515669529243977690358976613441817695247769364744683168934347566735356447249142248932972286829319335519959691088800126'), mpf('0.0000000000000000000000000047881299198702233992721352185195980957528545140907399615328524400199990131749045193342534325396842262261782899416847928754617183094280183826189022761598860294120606866126354187205697025429233071797545936230472597858192596900036222789402747739250285116995854003010397317731921349046063522130778836110288973632614539781531109508320790739443771366948991629314272199360125364507002407726950487620468566564608700868964046658730399510526625653048189049276797446232177052813010607744915080890469')]]]


header_evaluation: fail - could not save kBT = mpf('0.028708643150456998040645441960805328562855720520019531249999999999999999999999999999999999999999999999999999999999999999999999999999999999999999999999999999999999999999999999999999999999999999999999999999999999999999999999999999999999999999999999999999999999999999999999999999999999999999999999999999999999999999999999999999999999999999999999999999999999999999999999999999999999999999999999999999999999999999999999999999999999999999999999999999999999999999999999999999999999999999999999966')


header_evaluation: fail - could not save mp = <mpmath.ctx_mp.MPContext object at 0x0000028B83467620>


header_evaluation: fail - could not save rate_map = [[[333.15, 1.0], [mpf('0.000000000000000000000000000000000000000000000000000000000000000000000000000000000000000000000000000000000000000000000000000000086514693431509761015927127840995378362067044055261103880049401472910822343358981038460365757878452762461511211721320424753264647231788632346158377918710051550640003193414664521553381038018063188720126293736738357074552236349140719070673339611039346149284650529941218026367476756818361957758276493412471194091512260626267294073358223430063487105151728577355424788432330118600951171640725586111593504218882698193544655382175698526725933468304211396257226338156321173071641394031149474183479'), mpf('0.000000000000000000000000000000000000000000000000000000000000000000000000000000000000000000000000000000000000000000000000000000086514693431509761015927127840995378362067044055261103880049401472910822343358981038460365757878452762461511211721320424753264647274389427061877615866810410847160903173600134865705766654158149964069211067037191793529226659891734962926717160014482367153812432599446589461953321115337703520365242931756848274927872736249703852104321244721355803856970870554830393383755309753484566223565554957517724789744868971942881298226991176962841125326933539986529489896770883158854170326057740547467665'), mpf('0.000000000000000000000000000000000000000000000000000000000000000000000000000000000000000000000000000000000000000000000000000000086514693431509761015927127840995378362067044055261103880049401472910822343358981038460365757878452762461511211721320424753264647231788632346158377918710051550640003193414664521553381038018063188720126293736738357074552236349140719070673339611039346149284650529941218026367476756818361957758276493412471194121557534714083012450228689202572107955160532673357588225160138777029333664158718216354600006525760216844762223676763634416307694888804803914198798694913584066400334540018081830770188'), mpf('0.000000000000000000000000000000000000000000000000000000000000000000000000000000000000000000000000000000000000000000000000000000086514693431509761015927127840995378362067044055261103880049401472910822343358981038460365757878452762461511211721320415787767456539752880642983755881963981795831105270013593196704189815381469487925844739525252963153130094516651004154044861302364375122136361509424124442366361709159575421019505303302460120164695790190640602622809465931817763962239522881026503194377916744869137596266409547322655939633093000852017958975494653122548671298938371189833804868564375091381298475528993887349687'), mpf('0.000000000000000000000000000000000000000000000000000000000000000000000000000000000000000000000000000000000000000000000000000000086514693431509761015927127840995378362067044055261103880049401472910822343358981038460365757878452762461511211721320424753264647231788632346158377918710051550640003193414664521553381038018063188720126293736738357074552236349140719070673339611039346149284650529941218026367476756818361958440285782522398571149506611826634192034138323500513741409912979924064585482249843360337146352707527134837225933800441323111787331685794234979311643487925112247883131771075806956322006557779914880576286'), mpf('0.000000000000000000000000000000000000000000000000000000000000000000000000000000000000000000000000000000000000000000000000000000086514693431509761015927127840995378362067044055261103880049401472910822343358981076457959798218012820945670266257260991233739460130708192533920684230831129058197180429443362000577255043732676943016315186771013704518493798960241786455861251471042823903627788474943914247665967771892970488785339528621291151440034666283932601910178872970861014707315135779341950207902309323151987218866863980744271886344562674879958843033840064159472809577827182485486170708228302569276764924293915265981347'), mpf('0.000000000000000000000000000000000000000000000000000000000000000000000000000000000000000000000000000000000000000000000000000000086514693431509761015927127840995378362067044055261103880049401472910822343358981038460365757878452762461511211721320424753264647231788631839378595872991059488166529550464894376496837319835774816134041528609235826847863070204497420421518113627161166219730053938327020172779458132472832506887581503231210730155146639673652361567765229780724591808400628647814438738495831807138360531811697457067517046255434644373837352402809798497362991633201951339902621556689928673361962379285851889568355'), mpf('0.000000000000000000000000000000000000000000000000000000000000000000000000000000000000000000000000000000000000000000000000000000086514693431509761015927127840995378362067044055261103880049401472910822343358981038460365757878452762461511211721320424753264647231788632346158377918710051550640003193414664521553381038018063188720126293736738357074552236349140719070673339611039346149284650529941218026367476756818361957758276493412471194136745839741500413259999130858355619455275491287145989018738959956896547446364045311881428742174799515421082602577417156257065226317635515041823280328316278450673794290475884770844451')]]]


header_evaluation: fail - could not save tolerance = mpf('9.9999999999999999999999999999999999999999999999999999999999999999999999999999999999999999999999999999999999999999999999999999999999999999999999999999999999999999999999999999999999999999999999999999999999999999999999999999999999999999999999999999999999999999999999999999999999999999999999999999999999999999999999999999999999999999999999999999999999999999999999999999999999999999999999999279821642666651341375612045949991678539398627562470234654364573010444169760118642175447502958175667478e-341')


header_evaluation: fail - could not save turnover_frequency_map = [[[333.15, 1.0], [mpf('0.000000000000000000000000000000000000000000000000000000000000000000000000000000000000000000000000000000000000000000000000000000086514693431509761015927127840995378362067044055261103880049401472910822343358981038460365757878452762461511211721320424753264647231788632346158377918710051550640003193414664521553381038018063188720126293736738357074552236349140719070673339611039346149284650529941218026367476756818361958440285782522398571149506611826634192034138323500513741409912979924064585482249843360337146352707527134837225933800441323111787331685794234979311643487925112247883131771075806956322006557779914880576286'), mpf('-0.000000000000000000000000000000000000000000000000000000000000000000000000000000000000000000000000000000000000000000000000000000086514693431509761015927127840995378362067044055261103880049401472910822343358981038460365757878452762461511211721320424753264647231788632346158377918710051550640003193414664521553381038018063188720126293736738357074552236349140719070673339611039346149284650529941218026367476756818361957758276493412471194121557534714083012450228689202572107955160532673357588225160138777029333664158718216354600006525760216844762223676763634416307694888804803914198798694913584066400334540018081830770188'), mpf('-0.000000000000000000000000000000000000000000000000000000000000000000000000000000000000000000000000000000000000000000000000000000086514693431509761015927127840995378362067044055261103880049401472910822343358981038460365757878452762461511211721320424753264647231788632346158377918710051550640003193414664521553381038018063188720126293736738357074552236349140719070673339611039346149284650529941218026367476756818361957758276493412471194091512260626267294073358223430063487105151728577355424788432330118600951171640725586111593504218882698193544655382175698526725933468304211396257226338156321173071641394031149474183479'), mpf('0.000000000000000000000000000000000000000000000000000000000000000000000000000000000000000000000000000000000000000000000000000000086514693431509761015927127840995378362067044055261103880049401472910822343358981038460365757878452762461511211721320424753264647231788632346158377918710051550640003193414664521553381038018063188720126293736738357074552236349140719070673339611039346149284650529941218026367476756818361957758276493412471194136745839741500413259999130858355619455275491287145989018738959956896547446364045311881428742174799515421082602577417156257065226317635515041823280328316278450673794290475884770844451')]]]

"""