from numpy import array

try:
    import cPickle as pickle

except: #workaround for python3.X
    import _pickle as pickle


from mpmath import mpf 

parser = None

scaler = 'ThermodynamicScaler'

thermodynamics = 'ThermoCorrections'

solver = 'SteadyStateSolver'

mapper = 'MinResidMapper'

binary_data = pickle.load(open("baseline_tire.pkl","rb"))

locals().update(binary_data)

__citation__ = """If you find CatMAP useful to your research, please cite both the following papers:

 Medford, A. J., Shi, C., Hoffmann, M. J., Lausche, A. C., Fitzgibbon, S. R., Bligaard, T., & Nørskov, J. K. (2015). CatMAP: a software package for descriptor-based microkinetic mapping of catalytic trends. Catalysis Letters, 145, 794-807. 
 Vijay, S., H. Heenen, H., Singh, A. R., Chan, K., & Voss, J. (2024). Number of sites-based solver for determining coverages from steady-state mean-field micro-kinetic models. Journal of Computational Chemistry, 45(9), 546-551.
"""
A_uc = None

DEBUG = False

adsorbate_interaction_model = 'ideal'

adsorbate_interactions = None

adsorbate_names = ('C6H12O_s', 'C6H12_s', 'H2O2_s', 'H2O_s', 'Ha_s', 'Hb_s', 'OH_s', 'OOH_s', 'O_s')

adsorbate_thermo_mode = 'frozen_adsorbate'

analytical_jacobian = True

atomic_reservoir_dict = {'H': 'H2O2_g', 'O': 'H2O_g', 'C': 'C6H12_g'}

atomic_reservoir_list = [{'H': 'C6H12O_g', 'O': 'H2O2_g', 'C': 'C6H12_g'}, {'H': 'C6H12O_g', 'O': 'H2O_g', 'C': 'C6H12_g'}, {'H': 'H2O2_g', 'O': 'H2O_g', 'C': 'C6H12O_g'}, {'H': 'H2O2_g', 'O': 'H2O_g', 'C': 'C6H12_g'}]

atoms_dict = {}

citation_info_written = True

coverage_headers = ['coverage', 'coadsorbate_coverage']

data_file = 'baseline_tire.pkl'

decimal_precision = 460

descriptor_decimal_precision = 2

descriptor_names = ('temperature', 'pressure')

descriptor_ranges = [[333.15, 333.15], [1.0, 1.0]]

echem_transition_state_names = []

electrochemical_thermo_mode = 'simple_electrochemical'

elementary_rxns = ([['s', 'H2O2_g'], ['H2O2_s']], [['H2O2_s', 's'], ['Ha_s', 'OOH_s']], [['s', 'C6H12_g'], ['C6H12_s']], [['OOH_s', 'C6H12_s', 's'], ['OOH-C6H12_s', 's', 's'], ['C6H12O_s', 'O_s', 'Hb_s']], [['C6H12O_s'], ['C6H12O_g', 's']], [['Hb_s', 'O_s'], ['Hb-O_s', 's'], ['OH_s', 's']], [['Ha_s', 'OH_s'], ['s', 'H2O_s']], [['H2O_s'], ['H2O_g', 's']])

estimate_frequencies = True

extrapolate_coverages = False

fix_x_star = False

fixed_entropy_dict = {'H2_g': 0.00135, 'other': 0.002}

force_recalculation = False

force_recompilation = False

frequency_dict = {'C6H12_g': [], 'H2O2_g': [], 'H2O_g': [], 'C6H12O_g': [], 's': [], 'Ha_s': [], 'Hb_s': [], 'Hb-O_s': [], 'C6H12O_s': [], 'C6H12_s': [], 'H2O2_s': [], 'H2O_s': [], 'OH_s': [], 'OOH_s': [], 'O_s': [], 'OOH-C6H12_s': [], 'g': [], '*_g': [], '*_s': []}

frequency_surface_names = []

frequency_unit_conversion = 0.0001239842

gas_names = ('C6H12O_g', 'C6H12_g', 'H2O2_g', 'H2O_g')

gas_pressures = [np.float64(1e-20), np.float64(1.0), np.float64(0.185), np.float64(0.815)]

gas_thermo_mode = 'frozen_gas'

hbond_dict = {'COOH': -0.25, 'OCHO': 0.0, 'CO': -0.1, 'CHO': -0.1, 'CH2O': 0.0, 'OCH3': 0.0, 'O': 0.0, 'OH': -0.5, 'H': 0.0, 'COH': -0.25, 'C': 0.0, 'CH': 0.0, 'CH2': 0.0, 'CH3': 0.0, 'CHOH': -0.25, 'COHOH': -0.25, 'OCH2O': 0.0, 'CH2OH': -0.25, 'OCHCH2': 0.0, 'OCHCHO': 0.0}

hindered_ads_params = {}

ideal_gas_params = {'H2_g': [2, 'linear', 0], 'N2_g': [2, 'linear', 0], 'O2_g': [2, 'linear', 1.0], 'H2O_g': [2, 'nonlinear', 0], 'CO_g': [1, 'linear', 0], 'CH4_g': [12, 'nonlinear', 0], 'NH3_g': [3, 'nonlinear', 0], 'CH3OH_g': [1, 'nonlinear', 0], 'CH3CH2OH_g': [1, 'nonlinear', 0], 'CO2_g': [2, 'linear', 0], 'CH2O_g': [2, 'nonlinear', 0], 'HCOOH_g': [1, 'nonlinear', 0], 'CH2CH2_g': [4, 'nonlinear', 0], 'CH3CHCH2_g': [1, 'nonlinear', 0], 'CH3CH2CHCH2_g': [1, 'nonlinear', 0], 'CH3CHCHCH3_g': [2, 'nonlinear', 0], 'CH3CH3CCH2_g': [2, 'nonlinear', 0], 'pe_g': [2, 'linear', 0], 'C2H2_g': [2, 'linear', 0], 'C2H4_g': [4, 'nonlinear', 0], 'C2H6_g': [6, 'nonlinear', 0], 'C3H6_g': [1, 'nonlinear', 0], 'CH3COOH_g': [1, 'nonlinear', 0], 'CH3CHO_g': [1, 'nonlinear', 0], 'C5H4O2_g': [1, 'nonlinear', 0], 'C5H6O2_g': [1, 'nonlinear', 0], 'C5H6O_g': [1, 'nonlinear', 0], 'HCl_g': [1, 'linear', 0], 'Cl2_g': [2, 'linear', 0]}

input_file = 'H:\\catmap\\catmap\\lyq_alkene_epoxidation\\2-creating_microkinetic_model\\energies_dft_neb.txt'

interaction_fitting_mode = None

interaction_surface_names = None

internally_constrain_coverages = True

max_bisections = 3

max_damping_iterations = 10

max_initial_guesses = 3

max_rootfinding_iterations = 250

model_name = 'baseline_tire'

numerical_representation = 'mpmath'

optimize_analytical_expressions = False

outer_solver_log = 'outer_solver.log'

output_labels = {'coverage': ('C6H12O_s', 'C6H12_s', 'H2O2_s', 'H2O_s', 'Ha_s', 'Hb_s', 'OH_s', 'OOH_s', 'O_s'), 'rate': ([['s', 'H2O2_g'], ['H2O2_s']], [['H2O2_s', 's'], ['Ha_s', 'OOH_s']], [['s', 'C6H12_g'], ['C6H12_s']], [['OOH_s', 'C6H12_s', 's'], ['OOH-C6H12_s', 's', 's'], ['C6H12O_s', 'O_s', 'Hb_s']], [['C6H12O_s'], ['C6H12O_g', 's']], [['Hb_s', 'O_s'], ['Hb-O_s', 's'], ['OH_s', 's']], [['Ha_s', 'OH_s'], ['s', 'H2O_s']], [['H2O_s'], ['H2O_g', 's']]), 'turnover_frequency': ('C6H12O_g', 'C6H12_g', 'H2O2_g', 'H2O_g')}

output_variables = ['coverage', 'rate', 'turnover_frequency']

parameter_mode = 'formation_energy'

parameter_names = ('C6H12O_s', 'C6H12_s', 'H2O2_s', 'H2O_s', 'Ha_s', 'Hb_s', 'OH_s', 'OOH_s', 'O_s', 'Hb-O_s', 'OOH-C6H12_s')

parse_headers = ['formation_energy', 'frequencies']

perturbation_size = 1e-14

prefactor_list = ['kB*T/h', 'kB*T/h', 'kB*T/h', 'kB*T/h', 'kB*T/h', 'kB*T/h', 'kB*T/h', 'kB*T/h']

pressure = np.float64(1.0)

pressure_mode = 'concentration'

required_headers = ['species_name', 'surface_name', 'site_name', 'formation_energy', 'frequencies', 'reference']

residual_threshold = 0.9

resolution = [1, 1]

rxn_expressions = ['* + H2O2_g <-> H2O2*', 'H2O2* + * -> Ha* + OOH*', '* + C6H12_g <-> C6H12*', 'OOH* + C6H12* + * <-> OOH-C6H12* + 2* -> C6H12O* + O* + Hb*', 'C6H12O* <-> C6H12O_g + *', 'Hb* + O* <-> Hb-O* + * -> OH* + *', 'Ha* + OH* -> * + H2O*', 'H2O* <-> H2O_g + *']

rxn_options_dict = {'prefactor': {}, 'beta': {}}

scaling_constraint_dict = {'OOH_s': ['+', 0, None], 'O_s': [0, '+', None]}

search_directions = [[0, 0], [0, 1], [1, 0], [0, -1], [-1, 0], [-1, 1], [1, 1], [1, -1], [-1, -1]]

setup_file = 'baseline_tire.mkm'

shomate_params = {'H2_g:298-1000': [33.066178, -11.363417, 11.432816, -2.772874, -0.158558, -9.980797, 172.707974, 0], 'H2_g:1000-2500': [18.563083, 12.257357, -2.859786, 0.268238, 1.97799, -1.147438, 156.288133, 0], 'H2_g:2500-6000': [43.41356, -4.293079, 1.272428, -0.096876, -20.533862, -38.515158, 162.081354, 0], 'CH4_g:298-1300': [-0.703029, 108.4773, -42.52157, 5.862788, 0.678565, -76.84376, 158.7163, -74.8731], 'CH4_g:1300-1600': [85.81217, 11.26467, -2.114146, 0.13819, -26.42221, -153.5327, 224.4143, -74.8731], 'CO_g:298-1300': [25.56759, 6.09613, 4.054656, -2.671201, 0.131021, -118.0089, 227.3665, -110.5271], 'CO_g:1300-1600': [35.1507, 1.300095, -0.205921, 0.01355, -3.28278, -127.8375, 231.712, -110.5271], 'H2O_g:100-500': [36.303952, -24.11232, 63.64111, -38.9524, -0.01385, -10.23966, 237.39431, 0.0], 'H2O_g:500-1700': [30.092, 6.832514, 6.793435, -2.53448, 0.082139, -250.881, 223.3967, -241.8264], 'H2O_g:1700-6000': [41.96426, 8.622053, -1.49978, 0.098119, -11.15764, -272.1797, 219.7809, -241.8264], 'CO2_g:298-1200': [24.99735, 55.18696, -33.69137, 7.948387, -0.136638, -403.6075, 228.2431, -393.5224], 'CO2_g:1200-6000': [58.16639, 2.720075, -0.492289, 0.038844, -6.447293, -425.9186, 263.6125, -393.5224], 'O2_g:100-700': [31.32234, -20.23531, 57.8664, -36.50624, -0.007374, -8.903471, 246.7945, 0.0], 'O2_g:700-2000': [30.03235, 8.772972, -3.988133, 0.788313, -0.741599, -11.32468, 236.1663, 0.0], 'O2_g:2000-6000': [20.91111, 10.72071, -2.020498, 0.146449, 9.245722, 5.337651, 237.6185, 0.0], 'NH3_g:298-1400': [19.99563, 49.77119, -15.37599, 1.921168, 0.189174, -53.30667, 203.8591, -45.89806], 'N2_g:100-500': [28.98641, 1.853978, -9.647459, 16.63537, 0.000117, -8.671914, 226.4168, 0.0], 'N2_g:500-2000': [19.50583, 19.88705, -8.598535, 1.369784, 0.527601, -4.935202, 212.39, 0.0], 'N2O_g:298-1400': [27.67988, 51.14898, -30.64454, 6.847911, -0.157906, 71.24934, 238.6164, 82.04824], 'NO2_g:298-1200': [16.10857, 75.89525, -54.3874, 14.30777, 0.239423, 26.17464, 240.5386, 33.09502], 'NO_g:298-1200': [23.83491, 12.58878, -1.139011, -1.497459, 0.214194, 83.35783, 237.1219, 90.29114], 'NO3_g:298-1200': [11.22316, 166.3889, -148.4458, 47.40598, -0.176791, 61.00858, 221.7679, 71.128], 'HNO2_g:298-1200': [24.89974, 91.37563, -64.84614, 17.92007, -0.134737, -88.13596, 254.2671, -76.73498], 'HNO3_g:298-1200': [19.63229, 153.9599, -115.8378, 32.87955, -0.249114, -146.8818, 247.7049, -134.306], 'HCN_g:298-1200': [32.69373, 22.59205, -4.369142, -0.407697, -0.282399, 123.4811, 233.2597, 135.1432], 'CH2CH2_g:298-1200': [-6.38788, 184.4019, -112.9718, 28.49593, 0.31554, 48.17332, 163.1568, 52.46694], 'CH2O_g:298-1500': [5.193767, 93.23249, -44.85457, 7.882279, 0.551175, -119.3591, 202.4663, -115.8972], 'CH3OH_g:298-1500': [-1.0845814245433651, 153.2463565199489, -79.53050359618254, 16.47130239316011, 0.5220334601533215, -4.897417024069, 199.1893745506112, 0.0], 'C5H4O2_g:100-1500': [-16.36694, 0.46958, -0.000331925, 8.50912e-08, 198590.9145, -1661.34999, -15.68938, 12461.34999], 'C5H6O2_g:100-1500': [-18.57626, 0.50733, -0.000335824, 8.28263e-08, 231619.2141, -6357.53523, 2.75692, 7057.53523], 'C5H6O_g:50-1500': [1.26847, 0.35388, -0.000173962, 2.87427e-08, 48401.71207, -5691.94893, -85.38991, 7191.94893], 'Cl2_g:298-1000': [33.0506, 12.2294, -12.0651, 4.38533, -0.159494, -10.8348, 259.029, 0.0], 'HCl_g:298-1200': [32.12392, -13.45805, 19.86852, -6.853936, -0.049672, -101.6206, 228.6866, -92.31201], 'CH3CH2OH_g:298-1500': [-4.7367880805894265, 271.96181550301463, -169.34946529216657, 43.73860153608533, 0.24643430702178773, -9.828280829187861, 203.3325622617075, 0.0], 'CH3CHO_g:298-1500': [4.8037386340099095, 185.92002366990326, -99.1084610902012, 20.61473919069016, 0.2770802548558646, -8.566600040790945, 220.00244674443837, 0.0], 'HCOOH_g:298-1500': [3.802752304225226, 153.66217894746168, -84.64046773816926, 16.297377707561505, 0.2772064997263338, -6.16527, 212.9698972559699, 0]}

site_names = ('g', 's')

species_definitions = {'C6H12_g': {'name': 'C6H12', 'site': 'g', 'type': 'gas', 'n_sites': 0, 'composition': {'H': 12, 'C': 6}, 'concentration': 1.0, 'formation_energy': -26.031223, 'formation_energy_source': 'DFT_Gibbs_gas', 'frequencies': []}, 'H2O2_g': {'name': 'H2O2', 'site': 'g', 'type': 'gas', 'n_sites': 0, 'composition': {'H': 2, 'O': 2}, 'concentration': 0.185, 'formation_energy': -7.162091, 'formation_energy_source': 'DFT_Gibbs_gas', 'frequencies': []}, 'H2O_g': {'name': 'H2O', 'site': 'g', 'type': 'gas', 'n_sites': 0, 'composition': {'H': 2, 'O': 1}, 'concentration': 0.815, 'formation_energy': -7.614457, 'formation_energy_source': 'DFT_Gibbs_gas', 'frequencies': []}, 'C6H12O_g': {'name': 'C6H12O', 'site': 'g', 'type': 'gas', 'n_sites': 0, 'composition': {'H': 12, 'O': 1, 'C': 6}, 'concentration': 1e-20, 'formation_energy': -27.667771, 'formation_energy_source': 'DFT_Gibbs_gas', 'frequencies': []}, 's': {'name': 's', 'site': 's', 'type': 'site', 'formation_energy': 0, 'n_sites': 1, 'composition': {}, 'site_names': ['111'], 'total': 1, 'frequencies': []}, 'Ha_s': {'name': 'Ha', 'site': 's', 'type': 'adsorbate', 'n_sites': 1, 'composition': {'H': 1}, 'formation_energy': [-1.5584925], 'formation_energy_source': ['DFT_Gibbs_single'], 'frequencies': []}, 'Hb_s': {'name': 'Hb', 'site': 's', 'type': 'adsorbate', 'n_sites': 1, 'composition': {'H': 1}, 'formation_energy': [-0.8782555], 'formation_energy_source': ['DFT_Gibbs_single'], 'frequencies': []}, 'Hb-O_s': {'name': 'Hb-O', 'site': 's', 'type': 'transition_state', 'n_sites': 1, 'composition': {'H': 1, 'O': 1}, 'formation_energy': [-3.1101335], 'formation_energy_source': ['NEB_forward_TS_minus_IS_mapped'], 'frequencies': []}, 'C6H12O_s': {'name': 'C6H12O', 'site': 's', 'type': 'adsorbate', 'n_sites': 1, 'composition': {'H': 12, 'O': 1, 'C': 6}, 'formation_energy': [-27.911677], 'formation_energy_source': ['DFT_Gibbs_single'], 'frequencies': []}, 'C6H12_s': {'name': 'C6H12', 'site': 's', 'type': 'adsorbate', 'n_sites': 1, 'composition': {'H': 12, 'C': 6}, 'formation_energy': [-26.1495385], 'formation_energy_source': ['DFT_Gibbs_single'], 'frequencies': []}, 'H2O2_s': {'name': 'H2O2', 'site': 's', 'type': 'adsorbate', 'n_sites': 1, 'composition': {'H': 2, 'O': 2}, 'formation_energy': [-7.2745195], 'formation_energy_source': ['DFT_Gibbs_single'], 'frequencies': []}, 'H2O_s': {'name': 'H2O', 'site': 's', 'type': 'adsorbate', 'n_sites': 1, 'composition': {'H': 2, 'O': 1}, 'formation_energy': [-7.7673405], 'formation_energy_source': ['DFT_Gibbs_single'], 'frequencies': []}, 'OH_s': {'name': 'OH', 'site': 's', 'type': 'adsorbate', 'n_sites': 1, 'composition': {'H': 1, 'O': 1}, 'formation_energy': [-3.7482435], 'formation_energy_source': ['DFT_Gibbs_single'], 'frequencies': []}, 'OOH_s': {'name': 'OOH', 'site': 's', 'type': 'adsorbate', 'n_sites': 1, 'composition': {'H': 1, 'O': 2}, 'formation_energy': [-5.1042155], 'formation_energy_source': ['DFT_Gibbs_single'], 'frequencies': []}, 'O_s': {'name': 'O', 'site': 's', 'type': 'adsorbate', 'n_sites': 1, 'composition': {'O': 1}, 'formation_energy': [-2.449751], 'formation_energy_source': ['DFT_Gibbs_single'], 'frequencies': []}, 'OOH-C6H12_s': {'name': 'OOH-C6H12', 'site': 's', 'type': 'transition_state', 'n_sites': 1, 'composition': {'C': 6, 'H': 13, 'O': 2}, 'formation_energy': [-30.808908], 'formation_energy_source': ['NEB_forward_TS_minus_IS_mapped'], 'frequencies': []}, 'g': {'name': 'g', 'site': 'g', 'type': 'site', 'formation_energy': 0, 'n_sites': 0, 'site_names': ['gas'], 'total': 0, 'composition': {}, 'frequencies': []}, '*_g': {'name': 'g', 'site': 'g', 'type': 'site', 'formation_energy': 0, 'n_sites': 0, 'site_names': ['gas'], 'total': 0, 'composition': {}, 'frequencies': []}, '*_s': {'name': 's', 'site': 's', 'type': 'site', 'formation_energy': 0, 'n_sites': 1, 'composition': {}, 'site_names': ['111'], 'total': 1, 'frequencies': []}}

standard_coadsorbate_coverage = 'min'

standard_coverage = 'min'

surface_names = ('tire',)

temperature = np.float64(333.15)

thermodynamic_corrections = ['gas', 'adsorbate']

thermodynamic_variables = ['temperature', 'gas_pressures', 'voltage', 'beta', 'pH', 'Upzc', 'gas_thermo_mode', 'adsorbate_thermo_mode', 'pressure']

transition_state_names = ('Hb-O_s', 'OOH-C6H12_s')

use_numbers_solver = True

verbose = 1

stdout = """header_evaluation: fail - could not save mp = <mpmath.ctx_mp.MPContext object at 0x0000025B080E70E0>


header_evaluation: fail - could not save tolerance = mpf('9.9999999999999999999999999999999999999999999999999999999999999999999999999999999999999999999999999999999999999999999999999999999999999999999999999999999999999999999999999999999999999999999999999999999999999999999999999999999999999999999999999999999999999999999999999999999999999999999999999999999999999999999999999999999999999999999999999999999999999999999999999999999999999999999999999279821642666651341375612045949991678539398627562470234654364573010444169760118642175447502958175667478e-341')


mapper_iteration_0: status - 1 points do not have valid solution.
rootfinding_iteration_250: maxiter - exceeded maximum iterations (residual = 7.746300460682743e-295)
minresid_iteration_0: fail - [333.15, 1.00] using coverages from [333.15, 1.00]; initial residual was 1.8689840763198226e+55 (residual = 7.746300460682743e-295)
rootfinding_iteration_250: maxiter - exceeded maximum iterations (residual = 0.0)
minresid_iteration_1: fail - [333.15, 1.00] using coverages from [333.15, 1.00]; initial residual was 2.1926433300713226e+26 (residual = 0.0)
minresid_iteration_2: success - [333.15, 1.00] using coverages from [333.15, 1.00]
mapper_iteration_1: status - 0 points do not have valid solution.
header_evaluation: fail - could not save coverage_map = [[[np.float64(333.15), np.float64(1.0)], [mpf('0.0000000000000000000000000000000000000000000000000000000000000000000000000000000000000000000000000000000000000000000041472509181304214694655416999077014280492556956955471669332116696989091316365229146131578464353777857564350619902909291910311928997985736657935045786831185616512465720880900840560962667544002769077764397963673318086045299553564718448568092890184086498302583069546282997753749726530979243585744790235610384634388156317440816752912289473834309663017675689843829707547659403217072607431831905398275290793473869446500611275096485548286848027084962365897142922995911770886614552682756277744152'), mpf('0.0000000000000000000000000000000000000000000000000000000000000000000000000000000000000000000000000052224033722805326457154474436025496042346340024841446193922335902614375380278674000468779834499837188802850339885339537795610384504632175867210746111245921725761232713260057010645421686840038058971355912062249724090733244482004544740339908649601453835471590033310398571719629704815483389745771802591708105196227913181459522330643433964214378043893616727091167231493126676980757834541814511580367678197804197172156393463584765863152594944310406115506122746507979729915479601484003206362166'), mpf('0.00000000000000000000000000000000000000000000000000000000000000000000000000000000000000000000000000078701974799815147724576081804310699578166008617793562818018169554859005063485725804641415817684516584270006996870030865531327285684444255061182238540551749474177749318524892119817817760344668609778644681330243195688141032929911214013456286508406006042045953558853318107425545805224088420244519415212765653027983105365760129470473056844253665482831307193717771482734009331047249559441552057689612486433686479048416775716236188322801015647174665464831277042047999085089975941046547537778536'), mpf('0.000000000000000000000000000000000000000000000000000000000000000000000000000000000000000000000000014189295703556659012373961443839019260314765394943177819340598743684736918453790686051086175263557581915469708186278813544893387539184100835838123792428653303217975082975051459292385064019457519152418013172892193774826822432448428208240513532445174121388206481050967395589688187040166560931260637921061428337093351438665034757430405427929810959209258188470395485569494607347229212094158845066104452083523926654508317911075179109203188934336937392414519520776593526782405732218292202819233'), mpf('1.5756135517356436112436188093284755171177569463387311115710452770684521763208446472128444914284491764617383129057224527138839159114079453408527468331281102338295122293292248140781673168259381059378320827861692962461233176628115480712641104972386339591324485883368908903415737304124463969913388650029921381964443698789812620274142060044082238783080933142409606968801012791951195280650214088579781052224001883559363994780167678086823392661662747599670206929086191235931599211065036864094968e-197'), mpf('0.00000000000000000000000000000000000000000000000000000000000000000000000000000000000000000000000000000000000000000000000000000000000000000000000000015772763371027856436168609502123783933973001615040631922157831189740894314389213147330559675303979378697488764265057741215613127036369559008655935601019543371171466265307213422545892401644172576454020035891054883858130215536805425285251485428832437928338937509483362906450608141069165733165932571695825342199838085612792892485343016580859742647980575024845626967601262097952823352627714352073584658199875385151368892844715261511271370264775012281693380506786661403646822144684223926163759'), mpf('0.000000000000000000000000000000000000000004237155568239926771951876248601442103604083126386300143665269651775203801650326260452347320772561853565722816892539140681307442333256209241290415144907698410229944421404846929413130853857561287046211892382157629038130456499135371633084961911323610909957421667098508396595823178312270723812663878428186593424638286602313971590879125372500118757475559134344851407184644529006410170118568195170033230105707550874816798890604644046717357140289156738285380218773970709645010095119227294227681'), mpf('0.0000000000000096164852832054514999650488151792460189974861898027866717871386703253508729242074101783107888124432321593468024715826799958417410810492103090571869005329095713070228855033346608449685468481688583529213261604550201923041430426039047630976582856662177431997199929097260878420076853817018019868026682653979272035824133920915368420051362429626033157769621448515041612861425977328973158932911867169157258248271994985268734404648432208207887463103981455830200721019069013212510180536240934625841'), mpf('0.99999999999999038351471679454850003495118058359841276258703824533707961141922607056600068949244613613611117255733253691536694962154740960938236055688809702017402240349422820768579158059319570060056578447017263365516063311857978642893905514556787350797122384623815253993526161651742814366988937331687513859406629475624874380344234461627672696223239138879116039109629983250125315042975466657365886179781959093624435109814342358288152037707391963501608072550610868095949557086510204293921817'), mpf('0.000000000000000000000000000000000000000000000000000000000000000000000000000000000000000000000000000084729415960290513929149502833354492190421809157967478787518392001480507084333829943029820003672673810446793361352200677760799910694463917513918111381314217932285917021629129465606766260712576236348525012434221908284437760643520816144860531767315049336435768568146286367195454608704032005964203214490515693875753121393726013792350546150353948061932839739294215518430103607552839819352758263804502051992644927111973728100730395037139607373578598323025741079477649116214525510425046410327597')]]]


header_evaluation: fail - could not save kBT = mpf('0.028708643150456998040645441960805328562855720520019531249999999999999999999999999999999999999999999999999999999999999999999999999999999999999999999999999999999999999999999999999999999999999999999999999999999999999999999999999999999999999999999999999999999999999999999999999999999999999999999999999999999999999999999999999999999999999999999999999999999999999999999999999999999999999999999999999999999999999999999999999999999999999999999999999999999999999999999999999999999999999999999999966')


header_evaluation: fail - could not save mp = <mpmath.ctx_mp.MPContext object at 0x0000025B080E70E0>


header_evaluation: fail - could not save rate_map = [[[np.float64(333.15), np.float64(1.0)], [mpf('-5.1848888392239833636562464280293095332675417102278438165588763023264361141581584785169517762355001068998902375333571134994942457862853980705655296403036582743831366038937028435020927943866407399800783396667819684680755190864113426382070921034453084587411352166545364976898415041997538010919786451918185982340964781580624716879266714308883902172252911728849117055492439774144883268962169293262043886658432594740171363476222998010938070161247825537241499676460491227793738131694580541969966e-178'), mpf('2.5611381344711394428055082416831305741769974169847296333613591644381759257047437373799360522590765716612906235760787716434870308713854367755164627687658763356275986221303032289252846796871600414739516648693058929222517654898824114749495418933621910736196723563162923551877091114707837883628272867474925717487568754563697726600943137423320871212980564227497348078853857560109817418376579270467736693457512174880744097857309980931467397727295310173808261976705520496366195087894435397662973e-196'), mpf('2.5691004639091669658578285297151566986030443058915307284372732434648771293564969784442926897897208890359405937408880875669091892919233227040302287607049820278214636695522808217948292960486989383079163385585041915096357382887831079464205575583544659371370698602047025022413764222700310182919399543190321196908977439052455150473236490688263805986146677351266241632590481599709457172279372495607122389572909987671397723468960210573785583747484800923103819637235169171044148609275818217317272e-178'), mpf('5.506944799081367406850456351292063575711631377054818993924430910506350192147387430591882410304794409950734739620593173346978711857366033790732320925190828867040721128089015664597521823715160293141759217202955603902313296557626262518343158014671276488621398129022004818881337110782282906256624765233625882110535110091880166433335292945559737728806744791813763001832012304795213236116338085377469080976648904899325231194670927094153692227477566901255160535347066447621023727515362670838915e-207'), mpf('4.1370645387613542745986448556143410722891497485762359746429860421582031005690981665507645127254746006063529549714523090560729519012722647584942967887155416924172500874317066637770782821900349318599727764093062296396004830137870806643574142102852162641244555160053277889550997313007673150349042981830221185404010788518702422544258752552379466181988001924950592337250928707964750131110920130620793567473269065088723980038283686592985287052034851660329072979473630607458406716602707010795003e-171'), mpf('1.6736941479876394495182613651050898832764924829401587699683135098964732205651354176403737831867372253714783494042827052340872101875449600879411110780347388127446788053171884483484128528399261056408090013522442539433242644549574138751196895478315335733186170633872628023377746276405951650275725534464479717888745200262696671823700805160017429270996707441770027237292284466843760060919733175075965053964544504180988040797974089501226608926749499459187113046600437474915856139994537132915659e-214'), mpf('-4.9874661660586900854853823416516819381038631131513414150623858379569901614322157472885509377244482543817596667076314550510296125313812373261154633911454631420611050016820816141801280766263928261484043303176080720163119650154222088672844230801834436329234023033510713070228373575671727859923240199001087181625408513768327004713165216843886817771254790051067422755513459955210752708454584715723136272191033889983606541724835687958786548731980259704049954598095963793600379167360046037738497e-223'), mpf('7.7245164207992264651656560321997420486746689611307084592576431244156989008052936850691298339391159446415053877738061202754989222113596073257394379417708262755607395586024227982696579015672670076176052770744466422637724818815845465333757997558768934627443192663560944822388066406689875544028333057813001184599822002974788537377567149946723483149654423370854015593847901822845142750629197225638833512457284581677899309144447966189927008642935131379737189984585913409497454017597219085491616e-179')]]]


header_evaluation: fail - could not save tolerance = mpf('9.9999999999999999999999999999999999999999999999999999999999999999999999999999999999999999999999999999999999999999999999999999999999999999999999999999999999999999999999999999999999999999999999999999999999999999999999999999999999999999999999999999999999999999999999999999999999999999999999999999999999999999999999999999999999999999999999999999999999999999999999999999999999999999999999999279821642666651341375612045949991678539398627562470234654364573010444169760118642175447502958175667478e-341')


header_evaluation: fail - could not save turnover_frequency_map = [[[np.float64(333.15), np.float64(1.0)], [mpf('4.1370645387613542745986448556143410722891497485762359746429860421582031005690981665507645127254746006063529549714523090560729519012722647584942967887155416924172500874317066637770782821900349318599727764093062296396004830137870806643574142102852162641244555160053277889550997313007673150349042981830221185404010788518702422544258752552379466181988001924950592337250928707964750131110920130620793567473269065088723980038283686592985287052034851660329072979473630607458406716602707010795003e-171'), mpf('-2.5691004639091669658578285297151566986030443058915307284372732434648771293564969784442926897897208890359405937408880875669091892919233227040302287607049820278214636695522808217948292960486989383079163385585041915096357382887831079464205575583544659371370698602047025022413764222700310182919399543190321196908977439052455150473236490688263805986146677351266241632590481599709457172279372495607122389572909987671397723468960210573785583747484800923103819637235169171044148609275818217317272e-178'), mpf('5.1848888392239833636562464280293095332675417102278438165588763023264361141581584785169517762355001068998902375333571134994942457862853980705655296403036582743831366038937028435020927943866407399800783396667819684680755190864113426382070921034453084587411352166545364976898415041997538010919786451918185982340964781580624716879266714308883902172252911728849117055492439774144883268962169293262043886658432594740171363476222998010938070161247825537241499676460491227793738131694580541969966e-178'), mpf('7.7245164207992264651656560321997420486746689611307084592576431244156989008052936850691298339391159446415053877738061202754989222113596073257394379417708262755607395586024227982696579015672670076176052770744466422637724818815845465333757997558768934627443192663560944822388066406689875544028333057813001184599822002974788537377567149946723483149654423370854015593847901822845142750629197225638833512457284581677899309144447966189927008642935131379737189984585913409497454017597219085491616e-179')]]]

"""