from numpy import array

try:
    import cPickle as pickle

except: #workaround for python3.X
    import _pickle as pickle


from mpmath import mpf 

parser = None

scaler = 'GeneralizedLinearScaler'

thermodynamics = 'ThermoCorrections'

solver = 'SteadyStateSolver'

mapper = 'MinResidMapper'

binary_data = pickle.load(open("alkene_epoxidation.pkl","rb"))

locals().update(binary_data)

__citation__ = """If you find CatMAP useful to your research, please cite both the following papers:

 Medford, A. J., Shi, C., Hoffmann, M. J., Lausche, A. C., Fitzgibbon, S. R., Bligaard, T., & Nørskov, J. K. (2015). CatMAP: a software package for descriptor-based microkinetic mapping of catalytic trends. Catalysis Letters, 145, 794-807. 
 Vijay, S., H. Heenen, H., Singh, A. R., Chan, K., & Voss, J. (2024). Number of sites-based solver for determining coverages from steady-state mean-field micro-kinetic models. Journal of Computational Chemistry, 45(9), 546-551.
"""
A_uc = None

DEBUG = False

adsorbate_interaction_model = 'ideal'

adsorbate_interactions = None

adsorbate_names = ('C6H12O_s', 'C6H12_s', 'H2O2_s', 'H2O_s', 'Ha_s', 'Hb_s', 'OH_s', 'OOH_s', 'O_s')

adsorbate_thermo_mode = 'frozen_adsorbate'

analytical_jacobian = True

atomic_reservoir_dict = {'O': 'H2O2_g', 'C': 'C6H12_g', 'H': 'H2O_g'}

atomic_reservoir_list = [{'O': 'C6H12O_g', 'C': 'C6H12_g', 'H': 'H2O2_g'}, {'O': 'C6H12O_g', 'C': 'C6H12_g', 'H': 'H2O_g'}, {'O': 'H2O2_g', 'C': 'C6H12O_g', 'H': 'H2O_g'}, {'O': 'H2O2_g', 'C': 'C6H12_g', 'H': 'H2O_g'}]

atoms_dict = {}

avoid_scaling = False

citation_info_written = True

coefficient_maxs = [[1e+99, 1e+99, 1e+99], [1e+99, 1e+99, 1e+99], [1e+99, 1e+99, 1e+99], [1e+99, 1e+99, 1e+99], [1e+99, 1e+99, 1e+99], [1e+99, 1e+99, 1e+99], [1e+99, 1e+99, 1e+99], [1e+99, 0.0, 1e+99], [0.0, 1e+99, 1e+99], [1e+99, 1e+99, 1e+99], [1e+99, 1e+99, 1e+99]]

coefficient_mins = [[0, 0, -1e+99], [0, 0, -1e+99], [0, 0, -1e+99], [0, 0, -1e+99], [0, 0, -1e+99], [0, 0, -1e+99], [0, 0, -1e+99], [0, 0.0, -1e+99], [0.0, 0, -1e+99], [0, 0, -1e+99], [0, 0, -1e+99]]

coverage_headers = ['coverage', 'coadsorbate_coverage']

data_file = 'alkene_epoxidation.pkl'

decimal_precision = 100

default_constraints = ['+', '+', None]

default_interaction_constraints = None

descriptor_decimal_precision = 2

descriptor_dict = {'tife': [-2.793, 0.669], 'timn': [-4.104, 0.296], 'tihf': [-3.806, 0.335], 'tire': [-5.104, -2.45], 'timo': [-4.973, -3.148], 'tiv': [-4.738, -0.465], 'tizr': [-3.812, 1.738], 'tico': [-2.773, 1.98], 'titi': [-3.975, 0.463], 'tiw': [-5.289, -3.317], 'tita': [-6.172, -1.926], 'ticr': [-4.61, -1.103], 'ti': [-3.536, 1.922], 'tini': [-4.154, 0.512]}

descriptor_names = ('OOH_s', 'O_s')

descriptor_ranges = [[-7.0, -2.5], [-4.0, 2.5]]

echem_transition_state_names = []

electrochemical_thermo_mode = 'simple_electrochemical'

elementary_rxns = ([['s', 'H2O2_g'], ['H2O2_s']], [['H2O2_s', 's'], ['Ha_s', 'OOH_s']], [['s', 'C6H12_g'], ['C6H12_s']], [['OOH_s', 'C6H12_s', 's'], ['OOH-C6H12_s', 's', 's'], ['C6H12O_s', 'O_s', 'Hb_s']], [['C6H12O_s'], ['C6H12O_g', 's']], [['Hb_s', 'O_s'], ['Hb-O_s', 's'], ['OH_s', 's']], [['Ha_s', 'OH_s'], ['s', 'H2O_s']], [['H2O_s'], ['H2O_g', 's']])

estimate_frequencies = True

extrapolate_coverages = False

fix_x_star = False

fixed_entropy_dict = {'H2_g': 0.00135, 'other': 0.002}

force_recalculation = False

force_recompilation = False

frequency_dict = {'C6H12_g': [], 'H2O2_g': [], 'H2O_g': [], 'C6H12O_g': [], 's': [], 'Ha_s': [], 'Hb_s': [], 'Hb-O_s': [], 'C6H12O_s': [], 'C6H12_s': [], 'H2O2_s': [], 'H2O_s': [], 'OH_s': [], 'OOH_s': [], 'O_s': [], 'OOH-C6H12_s': [], '*_s': [], 'g': [], '*_g': []}

frequency_surface_names = []

frequency_unit_conversion = 0.0001239842

gas_names = ('C6H12O_g', 'C6H12_g', 'H2O2_g', 'H2O_g')

gas_pressures = [1e-20, 1.0, 0.185, 0.815]

gas_thermo_mode = 'frozen_gas'

hbond_dict = {'COOH': -0.25, 'OCHO': 0.0, 'CO': -0.1, 'CHO': -0.1, 'CH2O': 0.0, 'OCH3': 0.0, 'O': 0.0, 'OH': -0.5, 'H': 0.0, 'COH': -0.25, 'C': 0.0, 'CH': 0.0, 'CH2': 0.0, 'CH3': 0.0, 'CHOH': -0.25, 'COHOH': -0.25, 'OCH2O': 0.0, 'CH2OH': -0.25, 'OCHCH2': 0.0, 'OCHCHO': 0.0}

hindered_ads_params = {}

ideal_gas_params = {'H2_g': [2, 'linear', 0], 'N2_g': [2, 'linear', 0], 'O2_g': [2, 'linear', 1.0], 'H2O_g': [2, 'nonlinear', 0], 'CO_g': [1, 'linear', 0], 'CH4_g': [12, 'nonlinear', 0], 'NH3_g': [3, 'nonlinear', 0], 'CH3OH_g': [1, 'nonlinear', 0], 'CH3CH2OH_g': [1, 'nonlinear', 0], 'CO2_g': [2, 'linear', 0], 'CH2O_g': [2, 'nonlinear', 0], 'HCOOH_g': [1, 'nonlinear', 0], 'CH2CH2_g': [4, 'nonlinear', 0], 'CH3CHCH2_g': [1, 'nonlinear', 0], 'CH3CH2CHCH2_g': [1, 'nonlinear', 0], 'CH3CHCHCH3_g': [2, 'nonlinear', 0], 'CH3CH3CCH2_g': [2, 'nonlinear', 0], 'pe_g': [2, 'linear', 0], 'C2H2_g': [2, 'linear', 0], 'C2H4_g': [4, 'nonlinear', 0], 'C2H6_g': [6, 'nonlinear', 0], 'C3H6_g': [1, 'nonlinear', 0], 'CH3COOH_g': [1, 'nonlinear', 0], 'CH3CHO_g': [1, 'nonlinear', 0], 'C5H4O2_g': [1, 'nonlinear', 0], 'C5H6O2_g': [1, 'nonlinear', 0], 'C5H6O_g': [1, 'nonlinear', 0], 'HCl_g': [1, 'linear', 0], 'Cl2_g': [2, 'linear', 0]}

input_file = 'energies.txt'

interaction_fitting_mode = None

interaction_surface_names = None

internally_constrain_coverages = True

max_bisections = 3

max_damping_iterations = 10

max_initial_guesses = 3

max_rootfinding_iterations = 100

max_self_interaction = 'Pd'

model_name = 'alkene_epoxidation'

numerical_representation = 'mpmath'

optimize_analytical_expressions = False

outer_solver_log = 'outer_solver.log'

output_labels = {'coverage': ('C6H12O_s', 'C6H12_s', 'H2O2_s', 'H2O_s', 'Ha_s', 'Hb_s', 'OH_s', 'OOH_s', 'O_s'), 'rate': ([['s', 'H2O2_g'], ['H2O2_s']], [['H2O2_s', 's'], ['Ha_s', 'OOH_s']], [['s', 'C6H12_g'], ['C6H12_s']], [['OOH_s', 'C6H12_s', 's'], ['OOH-C6H12_s', 's', 's'], ['C6H12O_s', 'O_s', 'Hb_s']], [['C6H12O_s'], ['C6H12O_g', 's']], [['Hb_s', 'O_s'], ['Hb-O_s', 's'], ['OH_s', 's']], [['Ha_s', 'OH_s'], ['s', 'H2O_s']], [['H2O_s'], ['H2O_g', 's']]), 'rate_control': [('C6H12O_g', 'C6H12_g', 'H2O2_g', 'H2O_g'), ('C6H12O_s', 'C6H12_s', 'H2O2_s', 'H2O_s', 'Ha_s', 'Hb_s', 'OH_s', 'OOH_s', 'O_s', 'Hb-O_s', 'OOH-C6H12_s')], 'selectivity_control': [('C6H12O_g', 'C6H12_g', 'H2O2_g', 'H2O_g'), ('C6H12O_s', 'C6H12_s', 'H2O2_s', 'H2O_s', 'Ha_s', 'Hb_s', 'OH_s', 'OOH_s', 'O_s', 'Hb-O_s', 'OOH-C6H12_s')], 'rxn_order': [('C6H12O_g', 'C6H12_g', 'H2O2_g', 'H2O_g'), ('C6H12O_g', 'C6H12_g', 'H2O2_g', 'H2O_g')], 'production_rate': ('C6H12O_g', 'C6H12_g', 'H2O2_g', 'H2O_g')}

output_variables = ['coverage', 'rate', 'production_rate', 'rate', 'rate_control', 'coverage', 'selectivity_control', 'rxn_order']

parameter_dict = {'Ha_s': [-1.893, -2.207, -0.89, -1.558, -1.805, -1.213, -0.995, -2.121, -1.755, -1.192, -1.463, -1.966, 0.432, -3.82], 'Hb_s': [-2.946, -2.262, 0.483, -0.878, -1.234, -0.803, 0.291, -2.162, -1.509, -0.22, 0.003, -1.289, -4.475, -3.663], 'Hb-O_s': [-2.1040185, -1.7762855, 1.041965, -3.110127, -4.39482, -1.292677, 2.090183, 0.043994, -0.889813, -3.428762, -1.907033, -2.5851555, -2.275929, -3.117], 'C6H12O_s': [-27.89, -27.853, -27.953, -27.912, -28.151, -27.867, -28.114, -26.952, -28.152, -28.113, -27.959, -27.869, -27.958, -27.943], 'C6H12_s': [-26.179, -26.15, -26.119, -26.15, -26.177, -26.127, -26.214, -26.162, -26.217, -30.109, -26.142, -26.2, -26.13, -26.189], 'H2O2_s': [-6.133, -7.171, -7.24, -7.275, -7.456, -7.12, -7.242, -6.218, -7.338, -7.345, -7.503, -7.287, -7.02, -7.581], 'H2O_s': [-7.485, -7.664, -7.73, -7.767, -7.885, -7.565, -7.735, -6.563, -8.567, -7.877, -7.944, -7.812, -7.426, -8.018], 'OH_s': [-3.776, -4.169, -3.159, -3.748, -5.737, -4.81, -3.111, -2.245, -3.861, -5.577, -6.484, -4.83, -2.54, -4.061], 'OOH_s': [-2.793, -4.104, -3.806, -5.104, -4.973, -4.738, -3.812, -2.773, -3.975, -5.289, -6.172, -4.61, -3.536, -4.154], 'O_s': [0.669, 0.296, 0.335, -2.45, -3.148, -0.465, 1.738, 1.98, 0.463, -3.317, -1.926, -1.103, 1.922, 0.512], 'OOH-C6H12_s': [-28.812584, -29.9197, -29.693158, -30.809154, -31.011816, -30.707851, -29.748593, -28.378656, -29.897383, -35.96465, -33.488636, -30.289595, -29.472437, -29.826]}

parameter_mode = 'formation_energy'

parameter_names = ('C6H12O_s', 'C6H12_s', 'H2O2_s', 'H2O_s', 'Ha_s', 'Hb_s', 'OH_s', 'OOH_s', 'O_s', 'Hb-O_s', 'OOH-C6H12_s')

parse_headers = ['formation_energy', 'frequencies']

perturbation_size = 1e-14

prefactor_list = ['kB*T/h', 'kB*T/h', 'kB*T/h', 'kB*T/h', 'kB*T/h', 'kB*T/h', 'kB*T/h', 'kB*T/h']

pressure_mode = 'static'

products = ['C6H12O_g', 'H2O_g']

reactants = ['C6H12_g', 'H2O2_g']

required_headers = ['species_name', 'surface_name', 'site_name', 'formation_energy', 'frequencies', 'reference']

residual_threshold = 0.9

resolution = [20, 20]

rxn_expressions = ['* + H2O2_g <-> H2O2*', 'H2O2* + * -> Ha* + OOH*', '* + C6H12_g <-> C6H12*', 'OOH* + C6H12* + * <-> OOH-C6H12* + 2* -> C6H12O* + O* + Hb*', 'C6H12O* <-> C6H12O_g + *', 'Hb* + O* <-> Hb-O* + * -> OH* + *', 'Ha* + OH* -> * + H2O*', 'H2O* <-> H2O_g + *']

rxn_options_dict = {'prefactor': {}, 'beta': {}}

scaling_constraint_dict = {'OOH_s': ['+', 0, None], 'O_s': [0, '+', None]}

search_directions = [[0, 0], [0, 1], [1, 0], [0, -1], [-1, 0], [-1, 1], [1, 1], [1, -1], [-1, -1]]

setup_file = 'alkene_epoxidation.mkm'

shomate_params = {'H2_g:298-1000': [33.066178, -11.363417, 11.432816, -2.772874, -0.158558, -9.980797, 172.707974, 0], 'H2_g:1000-2500': [18.563083, 12.257357, -2.859786, 0.268238, 1.97799, -1.147438, 156.288133, 0], 'H2_g:2500-6000': [43.41356, -4.293079, 1.272428, -0.096876, -20.533862, -38.515158, 162.081354, 0], 'CH4_g:298-1300': [-0.703029, 108.4773, -42.52157, 5.862788, 0.678565, -76.84376, 158.7163, -74.8731], 'CH4_g:1300-1600': [85.81217, 11.26467, -2.114146, 0.13819, -26.42221, -153.5327, 224.4143, -74.8731], 'CO_g:298-1300': [25.56759, 6.09613, 4.054656, -2.671201, 0.131021, -118.0089, 227.3665, -110.5271], 'CO_g:1300-1600': [35.1507, 1.300095, -0.205921, 0.01355, -3.28278, -127.8375, 231.712, -110.5271], 'H2O_g:100-500': [36.303952, -24.11232, 63.64111, -38.9524, -0.01385, -10.23966, 237.39431, 0.0], 'H2O_g:500-1700': [30.092, 6.832514, 6.793435, -2.53448, 0.082139, -250.881, 223.3967, -241.8264], 'H2O_g:1700-6000': [41.96426, 8.622053, -1.49978, 0.098119, -11.15764, -272.1797, 219.7809, -241.8264], 'CO2_g:298-1200': [24.99735, 55.18696, -33.69137, 7.948387, -0.136638, -403.6075, 228.2431, -393.5224], 'CO2_g:1200-6000': [58.16639, 2.720075, -0.492289, 0.038844, -6.447293, -425.9186, 263.6125, -393.5224], 'O2_g:100-700': [31.32234, -20.23531, 57.8664, -36.50624, -0.007374, -8.903471, 246.7945, 0.0], 'O2_g:700-2000': [30.03235, 8.772972, -3.988133, 0.788313, -0.741599, -11.32468, 236.1663, 0.0], 'O2_g:2000-6000': [20.91111, 10.72071, -2.020498, 0.146449, 9.245722, 5.337651, 237.6185, 0.0], 'NH3_g:298-1400': [19.99563, 49.77119, -15.37599, 1.921168, 0.189174, -53.30667, 203.8591, -45.89806], 'N2_g:100-500': [28.98641, 1.853978, -9.647459, 16.63537, 0.000117, -8.671914, 226.4168, 0.0], 'N2_g:500-2000': [19.50583, 19.88705, -8.598535, 1.369784, 0.527601, -4.935202, 212.39, 0.0], 'N2O_g:298-1400': [27.67988, 51.14898, -30.64454, 6.847911, -0.157906, 71.24934, 238.6164, 82.04824], 'NO2_g:298-1200': [16.10857, 75.89525, -54.3874, 14.30777, 0.239423, 26.17464, 240.5386, 33.09502], 'NO_g:298-1200': [23.83491, 12.58878, -1.139011, -1.497459, 0.214194, 83.35783, 237.1219, 90.29114], 'NO3_g:298-1200': [11.22316, 166.3889, -148.4458, 47.40598, -0.176791, 61.00858, 221.7679, 71.128], 'HNO2_g:298-1200': [24.89974, 91.37563, -64.84614, 17.92007, -0.134737, -88.13596, 254.2671, -76.73498], 'HNO3_g:298-1200': [19.63229, 153.9599, -115.8378, 32.87955, -0.249114, -146.8818, 247.7049, -134.306], 'HCN_g:298-1200': [32.69373, 22.59205, -4.369142, -0.407697, -0.282399, 123.4811, 233.2597, 135.1432], 'CH2CH2_g:298-1200': [-6.38788, 184.4019, -112.9718, 28.49593, 0.31554, 48.17332, 163.1568, 52.46694], 'CH2O_g:298-1500': [5.193767, 93.23249, -44.85457, 7.882279, 0.551175, -119.3591, 202.4663, -115.8972], 'CH3OH_g:298-1500': [-1.0845814245433651, 153.2463565199489, -79.53050359618254, 16.47130239316011, 0.5220334601533215, -4.897417024069, 199.1893745506112, 0.0], 'C5H4O2_g:100-1500': [-16.36694, 0.46958, -0.000331925, 8.50912e-08, 198590.9145, -1661.34999, -15.68938, 12461.34999], 'C5H6O2_g:100-1500': [-18.57626, 0.50733, -0.000335824, 8.28263e-08, 231619.2141, -6357.53523, 2.75692, 7057.53523], 'C5H6O_g:50-1500': [1.26847, 0.35388, -0.000173962, 2.87427e-08, 48401.71207, -5691.94893, -85.38991, 7191.94893], 'Cl2_g:298-1000': [33.0506, 12.2294, -12.0651, 4.38533, -0.159494, -10.8348, 259.029, 0.0], 'HCl_g:298-1200': [32.12392, -13.45805, 19.86852, -6.853936, -0.049672, -101.6206, 228.6866, -92.31201], 'CH3CH2OH_g:298-1500': [-4.7367880805894265, 271.96181550301463, -169.34946529216657, 43.73860153608533, 0.24643430702178773, -9.828280829187861, 203.3325622617075, 0.0], 'CH3CHO_g:298-1500': [4.8037386340099095, 185.92002366990326, -99.1084610902012, 20.61473919069016, 0.2770802548558646, -8.566600040790945, 220.00244674443837, 0.0], 'HCOOH_g:298-1500': [3.802752304225226, 153.66217894746168, -84.64046773816926, 16.297377707561505, 0.2772064997263338, -6.16527, 212.9698972559699, 0]}

site_names = ('s', 'g')

standard_coadsorbate_coverage = 'min'

standard_coverage = 'min'

surface_names = ('tife', 'timn', 'tihf', 'tire', 'timo', 'tiv', 'tizr', 'tico', 'titi', 'tiw', 'tita', 'ticr', 'ti', 'tini')

temperature = 333.15

thermodynamic_corrections = ['gas', 'adsorbate']

thermodynamic_variables = ['temperature', 'gas_pressures', 'voltage', 'beta', 'pH', 'Upzc', 'gas_thermo_mode', 'adsorbate_thermo_mode']

tolerance = 1e-50

transition_state_cross_interaction_mode = 'transition_state_scaling'

transition_state_names = ('Hb-O_s', 'OOH-C6H12_s')

transition_state_scaling_coefficients = [[np.float64(1.0135580636758212), np.float64(0.1281153761397369)], [np.float64(1.1915765871480317), np.float64(6.03440310276549)]]

transition_state_scaling_mode = 'initial_state'

transition_state_scaling_parameters = {}

use_numbers_solver = True

verbose = 1

stdout = """mapper_iteration_0: status - 400 points do not have valid solution.
minresid_iteration_0: success - [-2.50, 2.50] using coverages from [-2.50, 2.50]
minresid_iteration_0: success - [-2.50, 2.16] using coverages from [-2.50, 2.16]
minresid_iteration_0: success - [-2.50, 1.82] using coverages from [-2.50, 1.82]
minresid_iteration_0: success - [-2.50, 1.47] using coverages from [-2.50, 1.47]
minresid_iteration_0: success - [-2.50, 1.13] using coverages from [-2.50, 1.13]
minresid_iteration_0: success - [-2.50, 0.79] using coverages from [-2.50, 0.79]
minresid_iteration_0: success - [-2.50, 0.45] using coverages from [-2.50, 0.45]
minresid_iteration_0: success - [-2.50, 0.11] using coverages from [-2.50, 0.11]
minresid_iteration_0: success - [-2.50,-0.24] using coverages from [-2.50,-0.24]
minresid_iteration_0: success - [-2.50,-0.58] using coverages from [-2.50,-0.58]
minresid_iteration_0: success - [-2.50,-0.92] using coverages from [-2.50,-0.92]
minresid_iteration_0: success - [-2.50,-1.26] using coverages from [-2.50,-1.26]
minresid_iteration_0: success - [-2.50,-1.61] using coverages from [-2.50,-1.61]
minresid_iteration_0: success - [-2.50,-1.95] using coverages from [-2.50,-1.95]
minresid_iteration_0: success - [-2.50,-2.29] using coverages from [-2.50,-2.29]
minresid_iteration_0: success - [-2.50,-2.63] using coverages from [-2.50,-2.63]
minresid_iteration_0: success - [-2.50,-2.97] using coverages from [-2.50,-2.97]
minresid_iteration_0: success - [-2.50,-3.32] using coverages from [-2.50,-3.32]
minresid_iteration_0: success - [-2.50,-3.66] using coverages from [-2.50,-3.66]
minresid_iteration_0: success - [-2.50,-4.00] using coverages from [-2.50,-4.00]
minresid_iteration_0: success - [-2.74, 2.50] using coverages from [-2.74, 2.50]
minresid_iteration_0: success - [-2.74, 2.16] using coverages from [-2.74, 2.16]
minresid_iteration_0: success - [-2.74, 1.82] using coverages from [-2.74, 1.82]
minresid_iteration_0: success - [-2.74, 1.47] using coverages from [-2.74, 1.47]
minresid_iteration_0: success - [-2.74, 1.13] using coverages from [-2.74, 1.13]
minresid_iteration_0: success - [-2.74, 0.79] using coverages from [-2.74, 0.79]
minresid_iteration_0: success - [-2.74, 0.45] using coverages from [-2.74, 0.45]
minresid_iteration_0: success - [-2.74, 0.11] using coverages from [-2.74, 0.11]
minresid_iteration_0: success - [-2.74,-0.24] using coverages from [-2.74,-0.24]
minresid_iteration_0: success - [-2.74,-0.58] using coverages from [-2.74,-0.58]
minresid_iteration_0: success - [-2.74,-0.92] using coverages from [-2.74,-0.92]
minresid_iteration_0: success - [-2.74,-1.26] using coverages from [-2.74,-1.26]
minresid_iteration_0: success - [-2.74,-1.61] using coverages from [-2.74,-1.61]
minresid_iteration_0: success - [-2.74,-1.95] using coverages from [-2.74,-1.95]
minresid_iteration_0: success - [-2.74,-2.29] using coverages from [-2.74,-2.29]
minresid_iteration_0: success - [-2.74,-2.63] using coverages from [-2.74,-2.63]
minresid_iteration_0: success - [-2.74,-2.97] using coverages from [-2.74,-2.97]
minresid_iteration_0: success - [-2.74,-3.32] using coverages from [-2.74,-3.32]
minresid_iteration_0: success - [-2.74,-3.66] using coverages from [-2.74,-3.66]
minresid_iteration_0: success - [-2.74,-4.00] using coverages from [-2.74,-4.00]
minresid_iteration_0: success - [-2.97, 2.50] using coverages from [-2.97, 2.50]
minresid_iteration_0: success - [-2.97, 2.16] using coverages from [-2.97, 2.16]
minresid_iteration_0: success - [-2.97, 1.82] using coverages from [-2.97, 1.82]
minresid_iteration_0: success - [-2.97, 1.47] using coverages from [-2.97, 1.47]
minresid_iteration_0: success - [-2.97, 1.13] using coverages from [-2.97, 1.13]
minresid_iteration_0: success - [-2.97, 0.79] using coverages from [-2.97, 0.79]
minresid_iteration_0: success - [-2.97, 0.45] using coverages from [-2.97, 0.45]
minresid_iteration_0: success - [-2.97, 0.11] using coverages from [-2.97, 0.11]
minresid_iteration_0: success - [-2.97,-0.24] using coverages from [-2.97,-0.24]
minresid_iteration_0: success - [-2.97,-0.58] using coverages from [-2.97,-0.58]
minresid_iteration_0: success - [-2.97,-0.92] using coverages from [-2.97,-0.92]
minresid_iteration_0: success - [-2.97,-1.26] using coverages from [-2.97,-1.26]
minresid_iteration_0: success - [-2.97,-1.61] using coverages from [-2.97,-1.61]
minresid_iteration_0: success - [-2.97,-1.95] using coverages from [-2.97,-1.95]
minresid_iteration_0: success - [-2.97,-2.29] using coverages from [-2.97,-2.29]
minresid_iteration_0: success - [-2.97,-2.63] using coverages from [-2.97,-2.63]
minresid_iteration_0: success - [-2.97,-2.97] using coverages from [-2.97,-2.97]
minresid_iteration_0: success - [-2.97,-3.32] using coverages from [-2.97,-3.32]
minresid_iteration_0: success - [-2.97,-3.66] using coverages from [-2.97,-3.66]
minresid_iteration_0: success - [-2.97,-4.00] using coverages from [-2.97,-4.00]
minresid_iteration_0: success - [-3.21, 2.50] using coverages from [-3.21, 2.50]
minresid_iteration_0: success - [-3.21, 2.16] using coverages from [-3.21, 2.16]
minresid_iteration_0: success - [-3.21, 1.82] using coverages from [-3.21, 1.82]
minresid_iteration_0: success - [-3.21, 1.47] using coverages from [-3.21, 1.47]
minresid_iteration_0: success - [-3.21, 1.13] using coverages from [-3.21, 1.13]
minresid_iteration_0: success - [-3.21, 0.79] using coverages from [-3.21, 0.79]
minresid_iteration_0: success - [-3.21, 0.45] using coverages from [-3.21, 0.45]
minresid_iteration_0: success - [-3.21, 0.11] using coverages from [-3.21, 0.11]
minresid_iteration_0: success - [-3.21,-0.24] using coverages from [-3.21,-0.24]
minresid_iteration_0: success - [-3.21,-0.58] using coverages from [-3.21,-0.58]
minresid_iteration_0: success - [-3.21,-0.92] using coverages from [-3.21,-0.92]
minresid_iteration_0: success - [-3.21,-1.26] using coverages from [-3.21,-1.26]
minresid_iteration_0: success - [-3.21,-1.61] using coverages from [-3.21,-1.61]
minresid_iteration_0: success - [-3.21,-1.95] using coverages from [-3.21,-1.95]
minresid_iteration_0: success - [-3.21,-2.29] using coverages from [-3.21,-2.29]
minresid_iteration_0: success - [-3.21,-2.63] using coverages from [-3.21,-2.63]
minresid_iteration_0: success - [-3.21,-2.97] using coverages from [-3.21,-2.97]
minresid_iteration_0: success - [-3.21,-3.32] using coverages from [-3.21,-3.32]
minresid_iteration_0: success - [-3.21,-3.66] using coverages from [-3.21,-3.66]
minresid_iteration_0: success - [-3.21,-4.00] using coverages from [-3.21,-4.00]
minresid_iteration_0: success - [-3.45, 2.50] using coverages from [-3.45, 2.50]
minresid_iteration_0: success - [-3.45, 2.16] using coverages from [-3.45, 2.16]
minresid_iteration_0: success - [-3.45, 1.82] using coverages from [-3.45, 1.82]
minresid_iteration_0: success - [-3.45, 1.47] using coverages from [-3.45, 1.47]
minresid_iteration_0: success - [-3.45, 1.13] using coverages from [-3.45, 1.13]
minresid_iteration_0: success - [-3.45, 0.79] using coverages from [-3.45, 0.79]
minresid_iteration_0: success - [-3.45, 0.45] using coverages from [-3.45, 0.45]
minresid_iteration_0: success - [-3.45, 0.11] using coverages from [-3.45, 0.11]
minresid_iteration_0: success - [-3.45,-0.24] using coverages from [-3.45,-0.24]
minresid_iteration_0: success - [-3.45,-0.58] using coverages from [-3.45,-0.58]
minresid_iteration_0: success - [-3.45,-0.92] using coverages from [-3.45,-0.92]
minresid_iteration_0: success - [-3.45,-1.26] using coverages from [-3.45,-1.26]
minresid_iteration_0: success - [-3.45,-1.61] using coverages from [-3.45,-1.61]
minresid_iteration_0: success - [-3.45,-1.95] using coverages from [-3.45,-1.95]
minresid_iteration_0: success - [-3.45,-2.29] using coverages from [-3.45,-2.29]
minresid_iteration_0: success - [-3.45,-2.63] using coverages from [-3.45,-2.63]
minresid_iteration_0: success - [-3.45,-2.97] using coverages from [-3.45,-2.97]
minresid_iteration_0: success - [-3.45,-3.32] using coverages from [-3.45,-3.32]
minresid_iteration_0: success - [-3.45,-3.66] using coverages from [-3.45,-3.66]
minresid_iteration_0: success - [-3.45,-4.00] using coverages from [-3.45,-4.00]
minresid_iteration_0: success - [-3.68, 2.50] using coverages from [-3.68, 2.50]
minresid_iteration_0: success - [-3.68, 2.16] using coverages from [-3.68, 2.16]
minresid_iteration_0: success - [-3.68, 1.82] using coverages from [-3.68, 1.82]
minresid_iteration_0: success - [-3.68, 1.47] using coverages from [-3.68, 1.47]
minresid_iteration_0: success - [-3.68, 1.13] using coverages from [-3.68, 1.13]
minresid_iteration_0: success - [-3.68, 0.79] using coverages from [-3.68, 0.79]
minresid_iteration_0: success - [-3.68, 0.45] using coverages from [-3.68, 0.45]
minresid_iteration_0: success - [-3.68, 0.11] using coverages from [-3.68, 0.11]
minresid_iteration_0: success - [-3.68,-0.24] using coverages from [-3.68,-0.24]
minresid_iteration_0: success - [-3.68,-0.58] using coverages from [-3.68,-0.58]
minresid_iteration_0: success - [-3.68,-0.92] using coverages from [-3.68,-0.92]
minresid_iteration_0: success - [-3.68,-1.26] using coverages from [-3.68,-1.26]
minresid_iteration_0: success - [-3.68,-1.61] using coverages from [-3.68,-1.61]
minresid_iteration_0: success - [-3.68,-1.95] using coverages from [-3.68,-1.95]
minresid_iteration_0: success - [-3.68,-2.29] using coverages from [-3.68,-2.29]
minresid_iteration_0: success - [-3.68,-2.63] using coverages from [-3.68,-2.63]
minresid_iteration_0: success - [-3.68,-2.97] using coverages from [-3.68,-2.97]
minresid_iteration_0: success - [-3.68,-3.32] using coverages from [-3.68,-3.32]
minresid_iteration_0: success - [-3.68,-3.66] using coverages from [-3.68,-3.66]
minresid_iteration_0: success - [-3.68,-4.00] using coverages from [-3.68,-4.00]
minresid_iteration_0: success - [-3.92, 2.50] using coverages from [-3.92, 2.50]
minresid_iteration_0: success - [-3.92, 2.16] using coverages from [-3.92, 2.16]
minresid_iteration_0: success - [-3.92, 1.82] using coverages from [-3.92, 1.82]
minresid_iteration_0: success - [-3.92, 1.47] using coverages from [-3.92, 1.47]
minresid_iteration_0: success - [-3.92, 1.13] using coverages from [-3.92, 1.13]
minresid_iteration_0: success - [-3.92, 0.79] using coverages from [-3.92, 0.79]
minresid_iteration_0: success - [-3.92, 0.45] using coverages from [-3.92, 0.45]
minresid_iteration_0: success - [-3.92, 0.11] using coverages from [-3.92, 0.11]
minresid_iteration_0: success - [-3.92,-0.24] using coverages from [-3.92,-0.24]
minresid_iteration_0: success - [-3.92,-0.58] using coverages from [-3.92,-0.58]
minresid_iteration_0: success - [-3.92,-0.92] using coverages from [-3.92,-0.92]
minresid_iteration_0: success - [-3.92,-1.26] using coverages from [-3.92,-1.26]
minresid_iteration_0: success - [-3.92,-1.61] using coverages from [-3.92,-1.61]
minresid_iteration_0: success - [-3.92,-1.95] using coverages from [-3.92,-1.95]
minresid_iteration_0: success - [-3.92,-2.29] using coverages from [-3.92,-2.29]
minresid_iteration_0: success - [-3.92,-2.63] using coverages from [-3.92,-2.63]
minresid_iteration_0: success - [-3.92,-2.97] using coverages from [-3.92,-2.97]
minresid_iteration_0: success - [-3.92,-3.32] using coverages from [-3.92,-3.32]
minresid_iteration_0: success - [-3.92,-3.66] using coverages from [-3.92,-3.66]
minresid_iteration_0: success - [-3.92,-4.00] using coverages from [-3.92,-4.00]
minresid_iteration_0: success - [-4.16, 2.50] using coverages from [-4.16, 2.50]
minresid_iteration_0: success - [-4.16, 2.16] using coverages from [-4.16, 2.16]
minresid_iteration_0: success - [-4.16, 1.82] using coverages from [-4.16, 1.82]
minresid_iteration_0: success - [-4.16, 1.47] using coverages from [-4.16, 1.47]
minresid_iteration_0: success - [-4.16, 1.13] using coverages from [-4.16, 1.13]
minresid_iteration_0: success - [-4.16, 0.79] using coverages from [-4.16, 0.79]
minresid_iteration_0: success - [-4.16, 0.45] using coverages from [-4.16, 0.45]
minresid_iteration_0: success - [-4.16, 0.11] using coverages from [-4.16, 0.11]
minresid_iteration_0: success - [-4.16,-0.24] using coverages from [-4.16,-0.24]
minresid_iteration_0: success - [-4.16,-0.58] using coverages from [-4.16,-0.58]
minresid_iteration_0: success - [-4.16,-0.92] using coverages from [-4.16,-0.92]
minresid_iteration_0: success - [-4.16,-1.26] using coverages from [-4.16,-1.26]
minresid_iteration_0: success - [-4.16,-1.61] using coverages from [-4.16,-1.61]
minresid_iteration_0: success - [-4.16,-1.95] using coverages from [-4.16,-1.95]
minresid_iteration_0: success - [-4.16,-2.29] using coverages from [-4.16,-2.29]
minresid_iteration_0: success - [-4.16,-2.63] using coverages from [-4.16,-2.63]
minresid_iteration_0: success - [-4.16,-2.97] using coverages from [-4.16,-2.97]
minresid_iteration_0: success - [-4.16,-3.32] using coverages from [-4.16,-3.32]
minresid_iteration_0: success - [-4.16,-3.66] using coverages from [-4.16,-3.66]
minresid_iteration_0: success - [-4.16,-4.00] using coverages from [-4.16,-4.00]
minresid_iteration_0: success - [-4.39, 2.50] using coverages from [-4.39, 2.50]
minresid_iteration_0: success - [-4.39, 2.16] using coverages from [-4.39, 2.16]
minresid_iteration_0: success - [-4.39, 1.82] using coverages from [-4.39, 1.82]
minresid_iteration_0: success - [-4.39, 1.47] using coverages from [-4.39, 1.47]
minresid_iteration_0: success - [-4.39, 1.13] using coverages from [-4.39, 1.13]
minresid_iteration_0: success - [-4.39, 0.79] using coverages from [-4.39, 0.79]
minresid_iteration_0: success - [-4.39, 0.45] using coverages from [-4.39, 0.45]
minresid_iteration_0: success - [-4.39, 0.11] using coverages from [-4.39, 0.11]
minresid_iteration_0: success - [-4.39,-0.24] using coverages from [-4.39,-0.24]
minresid_iteration_0: success - [-4.39,-0.58] using coverages from [-4.39,-0.58]
minresid_iteration_0: success - [-4.39,-0.92] using coverages from [-4.39,-0.92]
minresid_iteration_0: success - [-4.39,-1.26] using coverages from [-4.39,-1.26]
minresid_iteration_0: success - [-4.39,-1.61] using coverages from [-4.39,-1.61]
minresid_iteration_0: success - [-4.39,-1.95] using coverages from [-4.39,-1.95]
minresid_iteration_0: success - [-4.39,-2.29] using coverages from [-4.39,-2.29]
minresid_iteration_0: success - [-4.39,-2.63] using coverages from [-4.39,-2.63]
minresid_iteration_0: success - [-4.39,-2.97] using coverages from [-4.39,-2.97]
minresid_iteration_0: success - [-4.39,-3.32] using coverages from [-4.39,-3.32]
minresid_iteration_0: success - [-4.39,-3.66] using coverages from [-4.39,-3.66]
minresid_iteration_0: success - [-4.39,-4.00] using coverages from [-4.39,-4.00]
minresid_iteration_0: success - [-4.63, 2.50] using coverages from [-4.63, 2.50]
minresid_iteration_0: success - [-4.63, 2.16] using coverages from [-4.63, 2.16]
minresid_iteration_0: success - [-4.63, 1.82] using coverages from [-4.63, 1.82]
minresid_iteration_0: success - [-4.63, 1.47] using coverages from [-4.63, 1.47]
minresid_iteration_0: success - [-4.63, 1.13] using coverages from [-4.63, 1.13]
minresid_iteration_0: success - [-4.63, 0.79] using coverages from [-4.63, 0.79]
minresid_iteration_0: success - [-4.63, 0.45] using coverages from [-4.63, 0.45]
minresid_iteration_0: success - [-4.63, 0.11] using coverages from [-4.63, 0.11]
minresid_iteration_0: success - [-4.63,-0.24] using coverages from [-4.63,-0.24]
minresid_iteration_0: success - [-4.63,-0.58] using coverages from [-4.63,-0.58]
minresid_iteration_0: success - [-4.63,-0.92] using coverages from [-4.63,-0.92]
minresid_iteration_0: success - [-4.63,-1.26] using coverages from [-4.63,-1.26]
minresid_iteration_0: success - [-4.63,-1.61] using coverages from [-4.63,-1.61]
minresid_iteration_0: success - [-4.63,-1.95] using coverages from [-4.63,-1.95]
minresid_iteration_0: success - [-4.63,-2.29] using coverages from [-4.63,-2.29]
minresid_iteration_0: success - [-4.63,-2.63] using coverages from [-4.63,-2.63]
minresid_iteration_0: success - [-4.63,-2.97] using coverages from [-4.63,-2.97]
minresid_iteration_0: success - [-4.63,-3.32] using coverages from [-4.63,-3.32]
minresid_iteration_0: success - [-4.63,-3.66] using coverages from [-4.63,-3.66]
minresid_iteration_0: success - [-4.63,-4.00] using coverages from [-4.63,-4.00]
minresid_iteration_0: success - [-4.87, 2.50] using coverages from [-4.87, 2.50]
minresid_iteration_0: success - [-4.87, 2.16] using coverages from [-4.87, 2.16]
minresid_iteration_0: success - [-4.87, 1.82] using coverages from [-4.87, 1.82]
minresid_iteration_0: success - [-4.87, 1.47] using coverages from [-4.87, 1.47]
minresid_iteration_0: success - [-4.87, 1.13] using coverages from [-4.87, 1.13]
minresid_iteration_0: success - [-4.87, 0.79] using coverages from [-4.87, 0.79]
minresid_iteration_0: success - [-4.87, 0.45] using coverages from [-4.87, 0.45]
minresid_iteration_0: success - [-4.87, 0.11] using coverages from [-4.87, 0.11]
minresid_iteration_0: success - [-4.87,-0.24] using coverages from [-4.87,-0.24]
minresid_iteration_0: success - [-4.87,-0.58] using coverages from [-4.87,-0.58]
minresid_iteration_0: success - [-4.87,-0.92] using coverages from [-4.87,-0.92]
minresid_iteration_0: success - [-4.87,-1.26] using coverages from [-4.87,-1.26]
minresid_iteration_0: success - [-4.87,-1.61] using coverages from [-4.87,-1.61]
minresid_iteration_0: success - [-4.87,-1.95] using coverages from [-4.87,-1.95]
minresid_iteration_0: success - [-4.87,-2.29] using coverages from [-4.87,-2.29]
minresid_iteration_0: success - [-4.87,-2.63] using coverages from [-4.87,-2.63]
minresid_iteration_0: success - [-4.87,-2.97] using coverages from [-4.87,-2.97]
minresid_iteration_0: success - [-4.87,-3.32] using coverages from [-4.87,-3.32]
minresid_iteration_0: success - [-4.87,-3.66] using coverages from [-4.87,-3.66]
minresid_iteration_0: success - [-4.87,-4.00] using coverages from [-4.87,-4.00]
minresid_iteration_0: success - [-5.11, 2.50] using coverages from [-5.11, 2.50]
minresid_iteration_0: success - [-5.11, 2.16] using coverages from [-5.11, 2.16]
minresid_iteration_0: success - [-5.11, 1.82] using coverages from [-5.11, 1.82]
minresid_iteration_0: success - [-5.11, 1.47] using coverages from [-5.11, 1.47]
minresid_iteration_0: success - [-5.11, 1.13] using coverages from [-5.11, 1.13]
minresid_iteration_0: success - [-5.11, 0.79] using coverages from [-5.11, 0.79]
minresid_iteration_0: success - [-5.11, 0.45] using coverages from [-5.11, 0.45]
minresid_iteration_0: success - [-5.11, 0.11] using coverages from [-5.11, 0.11]
minresid_iteration_0: success - [-5.11,-0.24] using coverages from [-5.11,-0.24]
minresid_iteration_0: success - [-5.11,-0.58] using coverages from [-5.11,-0.58]
minresid_iteration_0: success - [-5.11,-0.92] using coverages from [-5.11,-0.92]
minresid_iteration_0: success - [-5.11,-1.26] using coverages from [-5.11,-1.26]
minresid_iteration_0: success - [-5.11,-1.61] using coverages from [-5.11,-1.61]
minresid_iteration_0: success - [-5.11,-1.95] using coverages from [-5.11,-1.95]
minresid_iteration_0: success - [-5.11,-2.29] using coverages from [-5.11,-2.29]
minresid_iteration_0: success - [-5.11,-2.63] using coverages from [-5.11,-2.63]
minresid_iteration_0: success - [-5.11,-2.97] using coverages from [-5.11,-2.97]
minresid_iteration_0: success - [-5.11,-3.32] using coverages from [-5.11,-3.32]
minresid_iteration_0: success - [-5.11,-3.66] using coverages from [-5.11,-3.66]
minresid_iteration_0: success - [-5.11,-4.00] using coverages from [-5.11,-4.00]
minresid_iteration_0: success - [-5.34, 2.50] using coverages from [-5.34, 2.50]
minresid_iteration_0: success - [-5.34, 2.16] using coverages from [-5.34, 2.16]
minresid_iteration_0: success - [-5.34, 1.82] using coverages from [-5.34, 1.82]
minresid_iteration_0: success - [-5.34, 1.47] using coverages from [-5.34, 1.47]
minresid_iteration_0: success - [-5.34, 1.13] using coverages from [-5.34, 1.13]
minresid_iteration_0: success - [-5.34, 0.79] using coverages from [-5.34, 0.79]
minresid_iteration_0: success - [-5.34, 0.45] using coverages from [-5.34, 0.45]
minresid_iteration_0: success - [-5.34, 0.11] using coverages from [-5.34, 0.11]
minresid_iteration_0: success - [-5.34,-0.24] using coverages from [-5.34,-0.24]
minresid_iteration_0: success - [-5.34,-0.58] using coverages from [-5.34,-0.58]
minresid_iteration_0: success - [-5.34,-0.92] using coverages from [-5.34,-0.92]
minresid_iteration_0: success - [-5.34,-1.26] using coverages from [-5.34,-1.26]
minresid_iteration_0: success - [-5.34,-1.61] using coverages from [-5.34,-1.61]
minresid_iteration_0: success - [-5.34,-1.95] using coverages from [-5.34,-1.95]
minresid_iteration_0: success - [-5.34,-2.29] using coverages from [-5.34,-2.29]
minresid_iteration_0: success - [-5.34,-2.63] using coverages from [-5.34,-2.63]
minresid_iteration_0: success - [-5.34,-2.97] using coverages from [-5.34,-2.97]
minresid_iteration_0: success - [-5.34,-3.32] using coverages from [-5.34,-3.32]
minresid_iteration_0: success - [-5.34,-3.66] using coverages from [-5.34,-3.66]
minresid_iteration_0: success - [-5.34,-4.00] using coverages from [-5.34,-4.00]
minresid_iteration_0: success - [-5.58, 2.50] using coverages from [-5.58, 2.50]
minresid_iteration_0: success - [-5.58, 2.16] using coverages from [-5.58, 2.16]
minresid_iteration_0: success - [-5.58, 1.82] using coverages from [-5.58, 1.82]
minresid_iteration_0: success - [-5.58, 1.47] using coverages from [-5.58, 1.47]
minresid_iteration_0: success - [-5.58, 1.13] using coverages from [-5.58, 1.13]
minresid_iteration_0: success - [-5.58, 0.79] using coverages from [-5.58, 0.79]
minresid_iteration_0: success - [-5.58, 0.45] using coverages from [-5.58, 0.45]
minresid_iteration_0: success - [-5.58, 0.11] using coverages from [-5.58, 0.11]
minresid_iteration_0: success - [-5.58,-0.24] using coverages from [-5.58,-0.24]
minresid_iteration_0: success - [-5.58,-0.58] using coverages from [-5.58,-0.58]
minresid_iteration_0: success - [-5.58,-0.92] using coverages from [-5.58,-0.92]
minresid_iteration_0: success - [-5.58,-1.26] using coverages from [-5.58,-1.26]
minresid_iteration_0: success - [-5.58,-1.61] using coverages from [-5.58,-1.61]
minresid_iteration_0: success - [-5.58,-1.95] using coverages from [-5.58,-1.95]
minresid_iteration_0: success - [-5.58,-2.29] using coverages from [-5.58,-2.29]
minresid_iteration_0: success - [-5.58,-2.63] using coverages from [-5.58,-2.63]
minresid_iteration_0: success - [-5.58,-2.97] using coverages from [-5.58,-2.97]
minresid_iteration_0: success - [-5.58,-3.32] using coverages from [-5.58,-3.32]
minresid_iteration_0: success - [-5.58,-3.66] using coverages from [-5.58,-3.66]
minresid_iteration_0: success - [-5.58,-4.00] using coverages from [-5.58,-4.00]
minresid_iteration_0: success - [-5.82, 2.50] using coverages from [-5.82, 2.50]
minresid_iteration_0: success - [-5.82, 2.16] using coverages from [-5.82, 2.16]
minresid_iteration_0: success - [-5.82, 1.82] using coverages from [-5.82, 1.82]
minresid_iteration_0: success - [-5.82, 1.47] using coverages from [-5.82, 1.47]
minresid_iteration_0: success - [-5.82, 1.13] using coverages from [-5.82, 1.13]
minresid_iteration_0: success - [-5.82, 0.79] using coverages from [-5.82, 0.79]
minresid_iteration_0: success - [-5.82, 0.45] using coverages from [-5.82, 0.45]
minresid_iteration_0: success - [-5.82, 0.11] using coverages from [-5.82, 0.11]
minresid_iteration_0: success - [-5.82,-0.24] using coverages from [-5.82,-0.24]
minresid_iteration_0: success - [-5.82,-0.58] using coverages from [-5.82,-0.58]
minresid_iteration_0: success - [-5.82,-0.92] using coverages from [-5.82,-0.92]
minresid_iteration_0: success - [-5.82,-1.26] using coverages from [-5.82,-1.26]
minresid_iteration_0: success - [-5.82,-1.61] using coverages from [-5.82,-1.61]
minresid_iteration_0: success - [-5.82,-1.95] using coverages from [-5.82,-1.95]
minresid_iteration_0: success - [-5.82,-2.29] using coverages from [-5.82,-2.29]
minresid_iteration_0: success - [-5.82,-2.63] using coverages from [-5.82,-2.63]
minresid_iteration_0: success - [-5.82,-2.97] using coverages from [-5.82,-2.97]
minresid_iteration_0: success - [-5.82,-3.32] using coverages from [-5.82,-3.32]
minresid_iteration_0: success - [-5.82,-3.66] using coverages from [-5.82,-3.66]
minresid_iteration_0: success - [-5.82,-4.00] using coverages from [-5.82,-4.00]
minresid_iteration_0: success - [-6.05, 2.50] using coverages from [-6.05, 2.50]
minresid_iteration_0: success - [-6.05, 2.16] using coverages from [-6.05, 2.16]
minresid_iteration_0: success - [-6.05, 1.82] using coverages from [-6.05, 1.82]
minresid_iteration_0: success - [-6.05, 1.47] using coverages from [-6.05, 1.47]
minresid_iteration_0: success - [-6.05, 1.13] using coverages from [-6.05, 1.13]
minresid_iteration_0: success - [-6.05, 0.79] using coverages from [-6.05, 0.79]
minresid_iteration_0: success - [-6.05, 0.45] using coverages from [-6.05, 0.45]
minresid_iteration_0: success - [-6.05, 0.11] using coverages from [-6.05, 0.11]
minresid_iteration_0: success - [-6.05,-0.24] using coverages from [-6.05,-0.24]
minresid_iteration_0: success - [-6.05,-0.58] using coverages from [-6.05,-0.58]
minresid_iteration_0: success - [-6.05,-0.92] using coverages from [-6.05,-0.92]
minresid_iteration_0: success - [-6.05,-1.26] using coverages from [-6.05,-1.26]
minresid_iteration_0: success - [-6.05,-1.61] using coverages from [-6.05,-1.61]
minresid_iteration_0: success - [-6.05,-1.95] using coverages from [-6.05,-1.95]
minresid_iteration_0: success - [-6.05,-2.29] using coverages from [-6.05,-2.29]
minresid_iteration_0: success - [-6.05,-2.63] using coverages from [-6.05,-2.63]
minresid_iteration_0: success - [-6.05,-2.97] using coverages from [-6.05,-2.97]
minresid_iteration_0: success - [-6.05,-3.32] using coverages from [-6.05,-3.32]
minresid_iteration_0: success - [-6.05,-3.66] using coverages from [-6.05,-3.66]
minresid_iteration_0: success - [-6.05,-4.00] using coverages from [-6.05,-4.00]
minresid_iteration_0: success - [-6.29, 2.50] using coverages from [-6.29, 2.50]
minresid_iteration_0: success - [-6.29, 2.16] using coverages from [-6.29, 2.16]
minresid_iteration_0: success - [-6.29, 1.82] using coverages from [-6.29, 1.82]
minresid_iteration_0: success - [-6.29, 1.47] using coverages from [-6.29, 1.47]
minresid_iteration_0: success - [-6.29, 1.13] using coverages from [-6.29, 1.13]
minresid_iteration_0: success - [-6.29, 0.79] using coverages from [-6.29, 0.79]
minresid_iteration_0: success - [-6.29, 0.45] using coverages from [-6.29, 0.45]
minresid_iteration_0: success - [-6.29, 0.11] using coverages from [-6.29, 0.11]
minresid_iteration_0: success - [-6.29,-0.24] using coverages from [-6.29,-0.24]
minresid_iteration_0: success - [-6.29,-0.58] using coverages from [-6.29,-0.58]
minresid_iteration_0: success - [-6.29,-0.92] using coverages from [-6.29,-0.92]
minresid_iteration_0: success - [-6.29,-1.26] using coverages from [-6.29,-1.26]
minresid_iteration_0: success - [-6.29,-1.61] using coverages from [-6.29,-1.61]
minresid_iteration_0: success - [-6.29,-1.95] using coverages from [-6.29,-1.95]
minresid_iteration_0: success - [-6.29,-2.29] using coverages from [-6.29,-2.29]
minresid_iteration_0: success - [-6.29,-2.63] using coverages from [-6.29,-2.63]
minresid_iteration_0: success - [-6.29,-2.97] using coverages from [-6.29,-2.97]
minresid_iteration_0: success - [-6.29,-3.32] using coverages from [-6.29,-3.32]
minresid_iteration_0: success - [-6.29,-3.66] using coverages from [-6.29,-3.66]
minresid_iteration_0: success - [-6.29,-4.00] using coverages from [-6.29,-4.00]
minresid_iteration_0: success - [-6.53, 2.50] using coverages from [-6.53, 2.50]
minresid_iteration_0: success - [-6.53, 2.16] using coverages from [-6.53, 2.16]
minresid_iteration_0: success - [-6.53, 1.82] using coverages from [-6.53, 1.82]
minresid_iteration_0: success - [-6.53, 1.47] using coverages from [-6.53, 1.47]
minresid_iteration_0: success - [-6.53, 1.13] using coverages from [-6.53, 1.13]
minresid_iteration_0: success - [-6.53, 0.79] using coverages from [-6.53, 0.79]
minresid_iteration_0: success - [-6.53, 0.45] using coverages from [-6.53, 0.45]
minresid_iteration_0: success - [-6.53, 0.11] using coverages from [-6.53, 0.11]
minresid_iteration_0: success - [-6.53,-0.24] using coverages from [-6.53,-0.24]
minresid_iteration_0: success - [-6.53,-0.58] using coverages from [-6.53,-0.58]
minresid_iteration_0: success - [-6.53,-0.92] using coverages from [-6.53,-0.92]
minresid_iteration_0: success - [-6.53,-1.26] using coverages from [-6.53,-1.26]
minresid_iteration_0: success - [-6.53,-1.61] using coverages from [-6.53,-1.61]
minresid_iteration_0: success - [-6.53,-1.95] using coverages from [-6.53,-1.95]
minresid_iteration_0: success - [-6.53,-2.29] using coverages from [-6.53,-2.29]
minresid_iteration_0: success - [-6.53,-2.63] using coverages from [-6.53,-2.63]
minresid_iteration_0: success - [-6.53,-2.97] using coverages from [-6.53,-2.97]
minresid_iteration_0: success - [-6.53,-3.32] using coverages from [-6.53,-3.32]
minresid_iteration_0: success - [-6.53,-3.66] using coverages from [-6.53,-3.66]
minresid_iteration_0: success - [-6.53,-4.00] using coverages from [-6.53,-4.00]
minresid_iteration_0: success - [-6.76, 2.50] using coverages from [-6.76, 2.50]
minresid_iteration_0: success - [-6.76, 2.16] using coverages from [-6.76, 2.16]
minresid_iteration_0: success - [-6.76, 1.82] using coverages from [-6.76, 1.82]
minresid_iteration_0: success - [-6.76, 1.47] using coverages from [-6.76, 1.47]
minresid_iteration_0: success - [-6.76, 1.13] using coverages from [-6.76, 1.13]
minresid_iteration_0: success - [-6.76, 0.79] using coverages from [-6.76, 0.79]
minresid_iteration_0: success - [-6.76, 0.45] using coverages from [-6.76, 0.45]
minresid_iteration_0: success - [-6.76, 0.11] using coverages from [-6.76, 0.11]
minresid_iteration_0: success - [-6.76,-0.24] using coverages from [-6.76,-0.24]
minresid_iteration_0: success - [-6.76,-0.58] using coverages from [-6.76,-0.58]
minresid_iteration_0: success - [-6.76,-0.92] using coverages from [-6.76,-0.92]
minresid_iteration_0: success - [-6.76,-1.26] using coverages from [-6.76,-1.26]
minresid_iteration_0: success - [-6.76,-1.61] using coverages from [-6.76,-1.61]
minresid_iteration_0: success - [-6.76,-1.95] using coverages from [-6.76,-1.95]
minresid_iteration_0: success - [-6.76,-2.29] using coverages from [-6.76,-2.29]
minresid_iteration_0: success - [-6.76,-2.63] using coverages from [-6.76,-2.63]
minresid_iteration_0: success - [-6.76,-2.97] using coverages from [-6.76,-2.97]
minresid_iteration_0: success - [-6.76,-3.32] using coverages from [-6.76,-3.32]
minresid_iteration_0: success - [-6.76,-3.66] using coverages from [-6.76,-3.66]
minresid_iteration_0: success - [-6.76,-4.00] using coverages from [-6.76,-4.00]
minresid_iteration_0: success - [-7.00, 2.50] using coverages from [-7.00, 2.50]
minresid_iteration_0: success - [-7.00, 2.16] using coverages from [-7.00, 2.16]
minresid_iteration_0: success - [-7.00, 1.82] using coverages from [-7.00, 1.82]
minresid_iteration_0: success - [-7.00, 1.47] using coverages from [-7.00, 1.47]
minresid_iteration_0: success - [-7.00, 1.13] using coverages from [-7.00, 1.13]
minresid_iteration_0: success - [-7.00, 0.79] using coverages from [-7.00, 0.79]
minresid_iteration_0: success - [-7.00, 0.45] using coverages from [-7.00, 0.45]
minresid_iteration_0: success - [-7.00, 0.11] using coverages from [-7.00, 0.11]
minresid_iteration_0: success - [-7.00,-0.24] using coverages from [-7.00,-0.24]
minresid_iteration_0: success - [-7.00,-0.58] using coverages from [-7.00,-0.58]
minresid_iteration_0: success - [-7.00,-0.92] using coverages from [-7.00,-0.92]
minresid_iteration_0: success - [-7.00,-1.26] using coverages from [-7.00,-1.26]
minresid_iteration_0: success - [-7.00,-1.61] using coverages from [-7.00,-1.61]
minresid_iteration_0: success - [-7.00,-1.95] using coverages from [-7.00,-1.95]
minresid_iteration_0: success - [-7.00,-2.29] using coverages from [-7.00,-2.29]
minresid_iteration_0: success - [-7.00,-2.63] using coverages from [-7.00,-2.63]
minresid_iteration_0: success - [-7.00,-2.97] using coverages from [-7.00,-2.97]
minresid_iteration_0: success - [-7.00,-3.32] using coverages from [-7.00,-3.32]
minresid_iteration_0: success - [-7.00,-3.66] using coverages from [-7.00,-3.66]
minresid_iteration_0: success - [-7.00,-4.00] using coverages from [-7.00,-4.00]
mapper_iteration_1: status - 0 points do not have valid solution.
initial_evaluation: success - initial guess at point [-2.50, 2.50]
initial_evaluation: success - initial guess at point [-2.50, 2.16]
initial_evaluation: success - initial guess at point [-2.50, 1.82]
initial_evaluation: success - initial guess at point [-2.50, 1.47]
initial_evaluation: success - initial guess at point [-2.50, 1.13]
initial_evaluation: success - initial guess at point [-2.50, 0.79]
initial_evaluation: success - initial guess at point [-2.50, 0.45]
initial_evaluation: success - initial guess at point [-2.50, 0.11]
initial_evaluation: success - initial guess at point [-2.50,-0.24]
initial_evaluation: success - initial guess at point [-2.50,-0.58]
initial_evaluation: success - initial guess at point [-2.50,-0.92]
initial_evaluation: success - initial guess at point [-2.50,-1.26]
initial_evaluation: success - initial guess at point [-2.50,-1.61]
initial_evaluation: success - initial guess at point [-2.50,-1.95]
initial_evaluation: success - initial guess at point [-2.50,-2.29]
initial_evaluation: success - initial guess at point [-2.50,-2.63]
initial_evaluation: success - initial guess at point [-2.50,-2.97]
initial_evaluation: success - initial guess at point [-2.50,-3.32]
initial_evaluation: success - initial guess at point [-2.50,-3.66]
initial_evaluation: success - initial guess at point [-2.50,-4.00]
initial_evaluation: success - initial guess at point [-2.74, 2.50]
initial_evaluation: success - initial guess at point [-2.74, 2.16]
initial_evaluation: success - initial guess at point [-2.74, 1.82]
initial_evaluation: success - initial guess at point [-2.74, 1.47]
initial_evaluation: success - initial guess at point [-2.74, 1.13]
initial_evaluation: success - initial guess at point [-2.74, 0.79]
initial_evaluation: success - initial guess at point [-2.74, 0.45]
initial_evaluation: success - initial guess at point [-2.74, 0.11]
initial_evaluation: success - initial guess at point [-2.74,-0.24]
initial_evaluation: success - initial guess at point [-2.74,-0.58]
initial_evaluation: success - initial guess at point [-2.74,-0.92]
initial_evaluation: success - initial guess at point [-2.74,-1.26]
initial_evaluation: success - initial guess at point [-2.74,-1.61]
initial_evaluation: success - initial guess at point [-2.74,-1.95]
initial_evaluation: success - initial guess at point [-2.74,-2.29]
initial_evaluation: success - initial guess at point [-2.74,-2.63]
initial_evaluation: success - initial guess at point [-2.74,-2.97]
initial_evaluation: success - initial guess at point [-2.74,-3.32]
initial_evaluation: success - initial guess at point [-2.74,-3.66]
initial_evaluation: success - initial guess at point [-2.74,-4.00]
initial_evaluation: success - initial guess at point [-2.97, 2.50]
initial_evaluation: success - initial guess at point [-2.97, 2.16]
initial_evaluation: success - initial guess at point [-2.97, 1.82]
initial_evaluation: success - initial guess at point [-2.97, 1.47]
initial_evaluation: success - initial guess at point [-2.97, 1.13]
initial_evaluation: success - initial guess at point [-2.97, 0.79]
initial_evaluation: success - initial guess at point [-2.97, 0.45]
initial_evaluation: success - initial guess at point [-2.97, 0.11]
initial_evaluation: success - initial guess at point [-2.97,-0.24]
initial_evaluation: success - initial guess at point [-2.97,-0.58]
initial_evaluation: success - initial guess at point [-2.97,-0.92]
initial_evaluation: success - initial guess at point [-2.97,-1.26]
initial_evaluation: success - initial guess at point [-2.97,-1.61]
initial_evaluation: success - initial guess at point [-2.97,-1.95]
initial_evaluation: success - initial guess at point [-2.97,-2.29]
initial_evaluation: success - initial guess at point [-2.97,-2.63]
initial_evaluation: success - initial guess at point [-2.97,-2.97]
initial_evaluation: success - initial guess at point [-2.97,-3.32]
initial_evaluation: success - initial guess at point [-2.97,-3.66]
initial_evaluation: success - initial guess at point [-2.97,-4.00]
initial_evaluation: success - initial guess at point [-3.21, 2.50]
initial_evaluation: success - initial guess at point [-3.21, 2.16]
initial_evaluation: success - initial guess at point [-3.21, 1.82]
initial_evaluation: success - initial guess at point [-3.21, 1.47]
initial_evaluation: success - initial guess at point [-3.21, 1.13]
initial_evaluation: success - initial guess at point [-3.21, 0.79]
initial_evaluation: success - initial guess at point [-3.21, 0.45]
initial_evaluation: success - initial guess at point [-3.21, 0.11]
initial_evaluation: success - initial guess at point [-3.21,-0.24]
initial_evaluation: success - initial guess at point [-3.21,-0.58]
initial_evaluation: success - initial guess at point [-3.21,-0.92]
initial_evaluation: success - initial guess at point [-3.21,-1.26]
initial_evaluation: success - initial guess at point [-3.21,-1.61]
initial_evaluation: success - initial guess at point [-3.21,-1.95]
initial_evaluation: success - initial guess at point [-3.21,-2.29]
initial_evaluation: success - initial guess at point [-3.21,-2.63]
initial_evaluation: success - initial guess at point [-3.21,-2.97]
initial_evaluation: success - initial guess at point [-3.21,-3.32]
initial_evaluation: success - initial guess at point [-3.21,-3.66]
initial_evaluation: success - initial guess at point [-3.21,-4.00]
initial_evaluation: success - initial guess at point [-3.45, 2.50]
initial_evaluation: success - initial guess at point [-3.45, 2.16]
initial_evaluation: success - initial guess at point [-3.45, 1.82]
initial_evaluation: success - initial guess at point [-3.45, 1.47]
initial_evaluation: success - initial guess at point [-3.45, 1.13]
initial_evaluation: success - initial guess at point [-3.45, 0.79]
initial_evaluation: success - initial guess at point [-3.45, 0.45]
initial_evaluation: success - initial guess at point [-3.45, 0.11]
initial_evaluation: success - initial guess at point [-3.45,-0.24]
initial_evaluation: success - initial guess at point [-3.45,-0.58]
initial_evaluation: success - initial guess at point [-3.45,-0.92]
initial_evaluation: success - initial guess at point [-3.45,-1.26]
initial_evaluation: success - initial guess at point [-3.45,-1.61]
initial_evaluation: success - initial guess at point [-3.45,-1.95]
initial_evaluation: success - initial guess at point [-3.45,-2.29]
initial_evaluation: success - initial guess at point [-3.45,-2.63]
initial_evaluation: success - initial guess at point [-3.45,-2.97]
initial_evaluation: success - initial guess at point [-3.45,-3.32]
initial_evaluation: success - initial guess at point [-3.45,-3.66]
initial_evaluation: success - initial guess at point [-3.45,-4.00]
initial_evaluation: success - initial guess at point [-3.68, 2.50]
initial_evaluation: success - initial guess at point [-3.68, 2.16]
initial_evaluation: success - initial guess at point [-3.68, 1.82]
initial_evaluation: success - initial guess at point [-3.68, 1.47]
initial_evaluation: success - initial guess at point [-3.68, 1.13]
initial_evaluation: success - initial guess at point [-3.68, 0.79]
initial_evaluation: success - initial guess at point [-3.68, 0.45]
initial_evaluation: success - initial guess at point [-3.68, 0.11]
initial_evaluation: success - initial guess at point [-3.68,-0.24]
initial_evaluation: success - initial guess at point [-3.68,-0.58]
initial_evaluation: success - initial guess at point [-3.68,-0.92]
initial_evaluation: success - initial guess at point [-3.68,-1.26]
initial_evaluation: success - initial guess at point [-3.68,-1.61]
initial_evaluation: success - initial guess at point [-3.68,-1.95]
initial_evaluation: success - initial guess at point [-3.68,-2.29]
initial_evaluation: success - initial guess at point [-3.68,-2.63]
initial_evaluation: success - initial guess at point [-3.68,-2.97]
initial_evaluation: success - initial guess at point [-3.68,-3.32]
initial_evaluation: success - initial guess at point [-3.68,-3.66]
initial_evaluation: success - initial guess at point [-3.68,-4.00]
initial_evaluation: success - initial guess at point [-3.92, 2.50]
initial_evaluation: success - initial guess at point [-3.92, 2.16]
initial_evaluation: success - initial guess at point [-3.92, 1.82]
initial_evaluation: success - initial guess at point [-3.92, 1.47]
initial_evaluation: success - initial guess at point [-3.92, 1.13]
initial_evaluation: success - initial guess at point [-3.92, 0.79]
initial_evaluation: success - initial guess at point [-3.92, 0.45]
initial_evaluation: success - initial guess at point [-3.92, 0.11]
initial_evaluation: success - initial guess at point [-3.92,-0.24]
initial_evaluation: success - initial guess at point [-3.92,-0.58]
initial_evaluation: success - initial guess at point [-3.92,-0.92]
initial_evaluation: success - initial guess at point [-3.92,-1.26]
initial_evaluation: success - initial guess at point [-3.92,-1.61]
initial_evaluation: success - initial guess at point [-3.92,-1.95]
initial_evaluation: success - initial guess at point [-3.92,-2.29]
initial_evaluation: success - initial guess at point [-3.92,-2.63]
initial_evaluation: success - initial guess at point [-3.92,-2.97]
initial_evaluation: success - initial guess at point [-3.92,-3.32]
initial_evaluation: success - initial guess at point [-3.92,-3.66]
initial_evaluation: success - initial guess at point [-3.92,-4.00]
initial_evaluation: success - initial guess at point [-4.16, 2.50]
initial_evaluation: success - initial guess at point [-4.16, 2.16]
initial_evaluation: success - initial guess at point [-4.16, 1.82]
initial_evaluation: success - initial guess at point [-4.16, 1.47]
initial_evaluation: success - initial guess at point [-4.16, 1.13]
initial_evaluation: success - initial guess at point [-4.16, 0.79]
initial_evaluation: success - initial guess at point [-4.16, 0.45]
initial_evaluation: success - initial guess at point [-4.16, 0.11]
initial_evaluation: success - initial guess at point [-4.16,-0.24]
initial_evaluation: success - initial guess at point [-4.16,-0.58]
initial_evaluation: success - initial guess at point [-4.16,-0.92]
initial_evaluation: success - initial guess at point [-4.16,-1.26]
initial_evaluation: success - initial guess at point [-4.16,-1.61]
initial_evaluation: success - initial guess at point [-4.16,-1.95]
initial_evaluation: success - initial guess at point [-4.16,-2.29]
initial_evaluation: success - initial guess at point [-4.16,-2.63]
initial_evaluation: success - initial guess at point [-4.16,-2.97]
initial_evaluation: success - initial guess at point [-4.16,-3.32]
initial_evaluation: success - initial guess at point [-4.16,-3.66]
initial_evaluation: success - initial guess at point [-4.16,-4.00]
initial_evaluation: success - initial guess at point [-4.39, 2.50]
initial_evaluation: success - initial guess at point [-4.39, 2.16]
initial_evaluation: success - initial guess at point [-4.39, 1.82]
initial_evaluation: success - initial guess at point [-4.39, 1.47]
initial_evaluation: success - initial guess at point [-4.39, 1.13]
initial_evaluation: success - initial guess at point [-4.39, 0.79]
initial_evaluation: success - initial guess at point [-4.39, 0.45]
initial_evaluation: success - initial guess at point [-4.39, 0.11]
initial_evaluation: success - initial guess at point [-4.39,-0.24]
initial_evaluation: success - initial guess at point [-4.39,-0.58]
initial_evaluation: success - initial guess at point [-4.39,-0.92]
initial_evaluation: success - initial guess at point [-4.39,-1.26]
initial_evaluation: success - initial guess at point [-4.39,-1.61]
initial_evaluation: success - initial guess at point [-4.39,-1.95]
initial_evaluation: success - initial guess at point [-4.39,-2.29]
initial_evaluation: success - initial guess at point [-4.39,-2.63]
initial_evaluation: success - initial guess at point [-4.39,-2.97]
initial_evaluation: success - initial guess at point [-4.39,-3.32]
initial_evaluation: success - initial guess at point [-4.39,-3.66]
initial_evaluation: success - initial guess at point [-4.39,-4.00]
initial_evaluation: success - initial guess at point [-4.63, 2.50]
initial_evaluation: success - initial guess at point [-4.63, 2.16]
initial_evaluation: success - initial guess at point [-4.63, 1.82]
initial_evaluation: success - initial guess at point [-4.63, 1.47]
initial_evaluation: success - initial guess at point [-4.63, 1.13]
initial_evaluation: success - initial guess at point [-4.63, 0.79]
initial_evaluation: success - initial guess at point [-4.63, 0.45]
initial_evaluation: success - initial guess at point [-4.63, 0.11]
initial_evaluation: success - initial guess at point [-4.63,-0.24]
initial_evaluation: success - initial guess at point [-4.63,-0.58]
initial_evaluation: success - initial guess at point [-4.63,-0.92]
initial_evaluation: success - initial guess at point [-4.63,-1.26]
initial_evaluation: success - initial guess at point [-4.63,-1.61]
initial_evaluation: success - initial guess at point [-4.63,-1.95]
initial_evaluation: success - initial guess at point [-4.63,-2.29]
initial_evaluation: success - initial guess at point [-4.63,-2.63]
initial_evaluation: success - initial guess at point [-4.63,-2.97]
initial_evaluation: success - initial guess at point [-4.63,-3.32]
initial_evaluation: success - initial guess at point [-4.63,-3.66]
initial_evaluation: success - initial guess at point [-4.63,-4.00]
initial_evaluation: success - initial guess at point [-4.87, 2.50]
initial_evaluation: success - initial guess at point [-4.87, 2.16]
initial_evaluation: success - initial guess at point [-4.87, 1.82]
initial_evaluation: success - initial guess at point [-4.87, 1.47]
initial_evaluation: success - initial guess at point [-4.87, 1.13]
initial_evaluation: success - initial guess at point [-4.87, 0.79]
initial_evaluation: success - initial guess at point [-4.87, 0.45]
initial_evaluation: success - initial guess at point [-4.87, 0.11]
initial_evaluation: success - initial guess at point [-4.87,-0.24]
initial_evaluation: success - initial guess at point [-4.87,-0.58]
initial_evaluation: success - initial guess at point [-4.87,-0.92]
initial_evaluation: success - initial guess at point [-4.87,-1.26]
initial_evaluation: success - initial guess at point [-4.87,-1.61]
initial_evaluation: success - initial guess at point [-4.87,-1.95]
initial_evaluation: success - initial guess at point [-4.87,-2.29]
initial_evaluation: success - initial guess at point [-4.87,-2.63]
initial_evaluation: success - initial guess at point [-4.87,-2.97]
initial_evaluation: success - initial guess at point [-4.87,-3.32]
initial_evaluation: success - initial guess at point [-4.87,-3.66]
initial_evaluation: success - initial guess at point [-4.87,-4.00]
initial_evaluation: success - initial guess at point [-5.11, 2.50]
initial_evaluation: success - initial guess at point [-5.11, 2.16]
initial_evaluation: success - initial guess at point [-5.11, 1.82]
initial_evaluation: success - initial guess at point [-5.11, 1.47]
initial_evaluation: success - initial guess at point [-5.11, 1.13]
initial_evaluation: success - initial guess at point [-5.11, 0.79]
initial_evaluation: success - initial guess at point [-5.11, 0.45]
initial_evaluation: success - initial guess at point [-5.11, 0.11]
initial_evaluation: success - initial guess at point [-5.11,-0.24]
initial_evaluation: success - initial guess at point [-5.11,-0.58]
initial_evaluation: success - initial guess at point [-5.11,-0.92]
initial_evaluation: success - initial guess at point [-5.11,-1.26]
initial_evaluation: success - initial guess at point [-5.11,-1.61]
initial_evaluation: success - initial guess at point [-5.11,-1.95]
initial_evaluation: success - initial guess at point [-5.11,-2.29]
initial_evaluation: success - initial guess at point [-5.11,-2.63]
initial_evaluation: success - initial guess at point [-5.11,-2.97]
initial_evaluation: success - initial guess at point [-5.11,-3.32]
initial_evaluation: success - initial guess at point [-5.11,-3.66]
initial_evaluation: success - initial guess at point [-5.11,-4.00]
initial_evaluation: success - initial guess at point [-5.34, 2.50]
initial_evaluation: success - initial guess at point [-5.34, 2.16]
initial_evaluation: success - initial guess at point [-5.34, 1.82]
initial_evaluation: success - initial guess at point [-5.34, 1.47]
initial_evaluation: success - initial guess at point [-5.34, 1.13]
initial_evaluation: success - initial guess at point [-5.34, 0.79]
initial_evaluation: success - initial guess at point [-5.34, 0.45]
initial_evaluation: success - initial guess at point [-5.34, 0.11]
initial_evaluation: success - initial guess at point [-5.34,-0.24]
initial_evaluation: success - initial guess at point [-5.34,-0.58]
initial_evaluation: success - initial guess at point [-5.34,-0.92]
initial_evaluation: success - initial guess at point [-5.34,-1.26]
initial_evaluation: success - initial guess at point [-5.34,-1.61]
initial_evaluation: success - initial guess at point [-5.34,-1.95]
initial_evaluation: success - initial guess at point [-5.34,-2.29]
initial_evaluation: success - initial guess at point [-5.34,-2.63]
initial_evaluation: success - initial guess at point [-5.34,-2.97]
initial_evaluation: success - initial guess at point [-5.34,-3.32]
initial_evaluation: success - initial guess at point [-5.34,-3.66]
initial_evaluation: success - initial guess at point [-5.34,-4.00]
initial_evaluation: success - initial guess at point [-5.58, 2.50]
initial_evaluation: success - initial guess at point [-5.58, 2.16]
initial_evaluation: success - initial guess at point [-5.58, 1.82]
initial_evaluation: success - initial guess at point [-5.58, 1.47]
initial_evaluation: success - initial guess at point [-5.58, 1.13]
initial_evaluation: success - initial guess at point [-5.58, 0.79]
initial_evaluation: success - initial guess at point [-5.58, 0.45]
initial_evaluation: success - initial guess at point [-5.58, 0.11]
initial_evaluation: success - initial guess at point [-5.58,-0.24]
initial_evaluation: success - initial guess at point [-5.58,-0.58]
initial_evaluation: success - initial guess at point [-5.58,-0.92]
initial_evaluation: success - initial guess at point [-5.58,-1.26]
initial_evaluation: success - initial guess at point [-5.58,-1.61]
initial_evaluation: success - initial guess at point [-5.58,-1.95]
initial_evaluation: success - initial guess at point [-5.58,-2.29]
initial_evaluation: success - initial guess at point [-5.58,-2.63]
initial_evaluation: success - initial guess at point [-5.58,-2.97]
initial_evaluation: success - initial guess at point [-5.58,-3.32]
initial_evaluation: success - initial guess at point [-5.58,-3.66]
initial_evaluation: success - initial guess at point [-5.58,-4.00]
initial_evaluation: success - initial guess at point [-5.82, 2.50]
initial_evaluation: success - initial guess at point [-5.82, 2.16]
initial_evaluation: success - initial guess at point [-5.82, 1.82]
initial_evaluation: success - initial guess at point [-5.82, 1.47]
initial_evaluation: success - initial guess at point [-5.82, 1.13]
initial_evaluation: success - initial guess at point [-5.82, 0.79]
initial_evaluation: success - initial guess at point [-5.82, 0.45]
initial_evaluation: success - initial guess at point [-5.82, 0.11]
initial_evaluation: success - initial guess at point [-5.82,-0.24]
initial_evaluation: success - initial guess at point [-5.82,-0.58]
initial_evaluation: success - initial guess at point [-5.82,-0.92]
initial_evaluation: success - initial guess at point [-5.82,-1.26]
initial_evaluation: success - initial guess at point [-5.82,-1.61]
initial_evaluation: success - initial guess at point [-5.82,-1.95]
initial_evaluation: success - initial guess at point [-5.82,-2.29]
initial_evaluation: success - initial guess at point [-5.82,-2.63]
initial_evaluation: success - initial guess at point [-5.82,-2.97]
initial_evaluation: success - initial guess at point [-5.82,-3.32]
initial_evaluation: success - initial guess at point [-5.82,-3.66]
initial_evaluation: success - initial guess at point [-5.82,-4.00]
initial_evaluation: success - initial guess at point [-6.05, 2.50]
initial_evaluation: success - initial guess at point [-6.05, 2.16]
initial_evaluation: success - initial guess at point [-6.05, 1.82]
initial_evaluation: success - initial guess at point [-6.05, 1.47]
initial_evaluation: success - initial guess at point [-6.05, 1.13]
initial_evaluation: success - initial guess at point [-6.05, 0.79]
initial_evaluation: success - initial guess at point [-6.05, 0.45]
initial_evaluation: success - initial guess at point [-6.05, 0.11]
initial_evaluation: success - initial guess at point [-6.05,-0.24]
initial_evaluation: success - initial guess at point [-6.05,-0.58]
initial_evaluation: success - initial guess at point [-6.05,-0.92]
initial_evaluation: success - initial guess at point [-6.05,-1.26]
initial_evaluation: success - initial guess at point [-6.05,-1.61]
initial_evaluation: success - initial guess at point [-6.05,-1.95]
initial_evaluation: success - initial guess at point [-6.05,-2.29]
initial_evaluation: success - initial guess at point [-6.05,-2.63]
initial_evaluation: success - initial guess at point [-6.05,-2.97]
initial_evaluation: success - initial guess at point [-6.05,-3.32]
initial_evaluation: success - initial guess at point [-6.05,-3.66]
initial_evaluation: success - initial guess at point [-6.05,-4.00]
initial_evaluation: success - initial guess at point [-6.29, 2.50]
initial_evaluation: success - initial guess at point [-6.29, 2.16]
initial_evaluation: success - initial guess at point [-6.29, 1.82]
initial_evaluation: success - initial guess at point [-6.29, 1.47]
initial_evaluation: success - initial guess at point [-6.29, 1.13]
initial_evaluation: success - initial guess at point [-6.29, 0.79]
initial_evaluation: success - initial guess at point [-6.29, 0.45]
initial_evaluation: success - initial guess at point [-6.29, 0.11]
initial_evaluation: success - initial guess at point [-6.29,-0.24]
initial_evaluation: success - initial guess at point [-6.29,-0.58]
initial_evaluation: success - initial guess at point [-6.29,-0.92]
initial_evaluation: success - initial guess at point [-6.29,-1.26]
initial_evaluation: success - initial guess at point [-6.29,-1.61]
initial_evaluation: success - initial guess at point [-6.29,-1.95]
initial_evaluation: success - initial guess at point [-6.29,-2.29]
initial_evaluation: success - initial guess at point [-6.29,-2.63]
initial_evaluation: success - initial guess at point [-6.29,-2.97]
initial_evaluation: success - initial guess at point [-6.29,-3.32]
initial_evaluation: success - initial guess at point [-6.29,-3.66]
initial_evaluation: success - initial guess at point [-6.29,-4.00]
initial_evaluation: success - initial guess at point [-6.53, 2.50]
initial_evaluation: success - initial guess at point [-6.53, 2.16]
initial_evaluation: success - initial guess at point [-6.53, 1.82]
initial_evaluation: success - initial guess at point [-6.53, 1.47]
initial_evaluation: success - initial guess at point [-6.53, 1.13]
initial_evaluation: success - initial guess at point [-6.53, 0.79]
initial_evaluation: success - initial guess at point [-6.53, 0.45]
initial_evaluation: success - initial guess at point [-6.53, 0.11]
initial_evaluation: success - initial guess at point [-6.53,-0.24]
initial_evaluation: success - initial guess at point [-6.53,-0.58]
initial_evaluation: success - initial guess at point [-6.53,-0.92]
initial_evaluation: success - initial guess at point [-6.53,-1.26]
initial_evaluation: success - initial guess at point [-6.53,-1.61]
initial_evaluation: success - initial guess at point [-6.53,-1.95]
initial_evaluation: success - initial guess at point [-6.53,-2.29]
initial_evaluation: success - initial guess at point [-6.53,-2.63]
initial_evaluation: success - initial guess at point [-6.53,-2.97]
initial_evaluation: success - initial guess at point [-6.53,-3.32]
initial_evaluation: success - initial guess at point [-6.53,-3.66]
initial_evaluation: success - initial guess at point [-6.53,-4.00]
initial_evaluation: success - initial guess at point [-6.76, 2.50]
initial_evaluation: success - initial guess at point [-6.76, 2.16]
initial_evaluation: success - initial guess at point [-6.76, 1.82]
initial_evaluation: success - initial guess at point [-6.76, 1.47]
initial_evaluation: success - initial guess at point [-6.76, 1.13]
initial_evaluation: success - initial guess at point [-6.76, 0.79]
initial_evaluation: success - initial guess at point [-6.76, 0.45]
initial_evaluation: success - initial guess at point [-6.76, 0.11]
initial_evaluation: success - initial guess at point [-6.76,-0.24]
initial_evaluation: success - initial guess at point [-6.76,-0.58]
initial_evaluation: success - initial guess at point [-6.76,-0.92]
initial_evaluation: success - initial guess at point [-6.76,-1.26]
initial_evaluation: success - initial guess at point [-6.76,-1.61]
initial_evaluation: success - initial guess at point [-6.76,-1.95]
initial_evaluation: success - initial guess at point [-6.76,-2.29]
initial_evaluation: success - initial guess at point [-6.76,-2.63]
initial_evaluation: success - initial guess at point [-6.76,-2.97]
initial_evaluation: success - initial guess at point [-6.76,-3.32]
initial_evaluation: success - initial guess at point [-6.76,-3.66]
initial_evaluation: success - initial guess at point [-6.76,-4.00]
initial_evaluation: success - initial guess at point [-7.00, 2.50]
initial_evaluation: success - initial guess at point [-7.00, 2.16]
initial_evaluation: success - initial guess at point [-7.00, 1.82]
initial_evaluation: success - initial guess at point [-7.00, 1.47]
initial_evaluation: success - initial guess at point [-7.00, 1.13]
initial_evaluation: success - initial guess at point [-7.00, 0.79]
initial_evaluation: success - initial guess at point [-7.00, 0.45]
initial_evaluation: success - initial guess at point [-7.00, 0.11]
initial_evaluation: success - initial guess at point [-7.00,-0.24]
initial_evaluation: success - initial guess at point [-7.00,-0.58]
initial_evaluation: success - initial guess at point [-7.00,-0.92]
initial_evaluation: success - initial guess at point [-7.00,-1.26]
initial_evaluation: success - initial guess at point [-7.00,-1.61]
initial_evaluation: success - initial guess at point [-7.00,-1.95]
initial_evaluation: success - initial guess at point [-7.00,-2.29]
initial_evaluation: success - initial guess at point [-7.00,-2.63]
initial_evaluation: success - initial guess at point [-7.00,-2.97]
initial_evaluation: success - initial guess at point [-7.00,-3.32]
initial_evaluation: success - initial guess at point [-7.00,-3.66]
initial_evaluation: success - initial guess at point [-7.00,-4.00]
mapper_iteration_0: status - 0 points do not have valid solution.
header_evaluation: fail - could not save adsorbate_coefficient_matrix = array([[ 1.250600e-01,  1.216000e-02, -2.736771e+01],
       [ 0.000000e+00,  2.773500e-01, -2.635847e+01],
       [ 3.439900e-01,  0.000000e+00, -5.667520e+00],
       [ 2.316100e-01,  0.000000e+00, -6.727060e+00],
       [ 0.000000e+00,  4.044000e-02, -1.590310e+00],
       [ 0.000000e+00,  0.000000e+00, -1.476000e+00],
       [ 6.824100e-01,  2.629800e-01, -1.149380e+00],
       [ 1.000000e+00,  0.000000e+00,  0.000000e+00],
       [ 0.000000e+00,  1.000000e+00,  0.000000e+00]])


header_evaluation: fail - could not save coefficient_matrix = array([[ 1.25060000e-01,  1.21600000e-02, -2.73677100e+01],
       [ 0.00000000e+00,  2.77350000e-01, -2.63584700e+01],
       [ 3.43990000e-01,  0.00000000e+00, -5.66752000e+00],
       [ 2.31610000e-01,  0.00000000e+00, -6.72706000e+00],
       [ 0.00000000e+00,  4.04400000e-02, -1.59031000e+00],
       [ 0.00000000e+00,  0.00000000e+00, -1.47600000e+00],
       [ 6.82410000e-01,  2.62980000e-01, -1.14938000e+00],
       [ 1.00000000e+00,  0.00000000e+00,  0.00000000e+00],
       [ 0.00000000e+00,  1.00000000e+00,  0.00000000e+00],
       [ 0.00000000e+00,  1.01355806e+00, -1.36789633e+00],
       [ 1.19157659e+00,  3.30483766e-01, -2.53737326e+01]])


header_evaluation: fail - could not save kBT = mpf('0.028708643150456998040645441960805328562855720520019531249999999999999999999999999999999999999999999999999999999999999999999999997')


header_evaluation: fail - could not save total_coefficient_dict = {'C6H12O_s': array([ 1.250600e-01,  1.216000e-02, -2.736771e+01]), 'C6H12_s': array([  0.     ,   0.27735, -26.35847]), 'H2O2_s': array([ 0.34399,  0.     , -5.66752]), 'H2O_s': array([ 0.23161,  0.     , -6.72706]), 'Ha_s': array([ 0.     ,  0.04044, -1.59031]), 'Hb_s': array([ 0.   ,  0.   , -1.476]), 'OH_s': array([ 0.68241,  0.26298, -1.14938]), 'OOH_s': array([1., 0., 0.]), 'O_s': array([0., 1., 0.]), 'Hb-O_s': array([ 0.     ,  0.66308, -1.4804 ]), 'OOH-C6H12_s': array([  1.07662,   0.36861, -25.85286])}


header_evaluation: fail - could not save transition_state_coefficient_matrix = array([[  0.        ,   1.01355806,  -1.36789633],
       [  1.19157659,   0.33048377, -25.37373262]])


header_evaluation: fail - could not save transition_state_scaling_matrix = array([[0.        , 0.        , 0.        , 0.        , 0.        ,
        1.01355806, 0.        , 0.        , 1.01355806, 0.12811538],
       [0.        , 1.19157659, 0.        , 0.        , 0.        ,
        0.        , 0.        , 1.19157659, 0.        , 6.0344031 ]])

"""