from numpy import array

try:
    import cPickle as pickle

except: #workaround for python3.X
    import _pickle as pickle


from mpmath import mpf 

parser = None

scaler = 'ThermodynamicScaler'

thermodynamics = 'ThermoCorrections'

solver = 'SteadyStateSolver'

mapper = 'MinResidMapper'

binary_data = pickle.load(open("baseline_timn.pkl","rb"))

locals().update(binary_data)

__citation__ = """If you find CatMAP useful to your research, please cite both the following papers:

 Medford, A. J., Shi, C., Hoffmann, M. J., Lausche, A. C., Fitzgibbon, S. R., Bligaard, T., & Nørskov, J. K. (2015). CatMAP: a software package for descriptor-based microkinetic mapping of catalytic trends. Catalysis Letters, 145, 794-807. 
 Vijay, S., H. Heenen, H., Singh, A. R., Chan, K., & Voss, J. (2024). Number of sites-based solver for determining coverages from steady-state mean-field micro-kinetic models. Journal of Computational Chemistry, 45(9), 546-551.
"""
A_uc = None

DEBUG = False

adsorbate_interaction_model = 'ideal'

adsorbate_interactions = None

adsorbate_names = ('C6H12O_s', 'C6H12_s', 'H2O2_s', 'H2O_s', 'Ha_s', 'Hb_s', 'OH_s', 'OOH_s', 'O_s')

adsorbate_thermo_mode = 'frozen_adsorbate'

analytical_jacobian = True

atomic_reservoir_dict = {'O': 'H2O2_g', 'H': 'H2O_g', 'C': 'C6H12_g'}

atomic_reservoir_list = [{'O': 'C6H12O_g', 'H': 'H2O2_g', 'C': 'C6H12_g'}, {'O': 'C6H12O_g', 'H': 'H2O_g', 'C': 'C6H12_g'}, {'O': 'H2O2_g', 'H': 'H2O_g', 'C': 'C6H12O_g'}, {'O': 'H2O2_g', 'H': 'H2O_g', 'C': 'C6H12_g'}]

atoms_dict = {}

citation_info_written = True

coverage_headers = ['coverage', 'coadsorbate_coverage']

data_file = 'baseline_timn.pkl'

decimal_precision = 460

descriptor_decimal_precision = 2

descriptor_names = ('temperature', 'pressure')

descriptor_ranges = [[333.15, 333.15], [1.0, 1.0]]

echem_transition_state_names = []

electrochemical_thermo_mode = 'simple_electrochemical'

elementary_rxns = ([['s', 'H2O2_g'], ['H2O2_s']], [['H2O2_s', 's'], ['Ha_s', 'OOH_s']], [['s', 'C6H12_g'], ['C6H12_s']], [['OOH_s', 'C6H12_s', 's'], ['OOH-C6H12_s', 's', 's'], ['C6H12O_s', 'O_s', 'Hb_s']], [['C6H12O_s'], ['C6H12O_g', 's']], [['Hb_s', 'O_s'], ['Hb-O_s', 's'], ['OH_s', 's']], [['Ha_s', 'OH_s'], ['s', 'H2O_s']], [['H2O_s'], ['H2O_g', 's']])

estimate_frequencies = True

extrapolate_coverages = False

fix_x_star = False

fixed_entropy_dict = {'H2_g': 0.00135, 'other': 0.002}

force_recalculation = False

force_recompilation = False

frequency_dict = {'C6H12_g': [], 'H2O2_g': [], 'H2O_g': [], 'C6H12O_g': [], 's': [], 'Ha_s': [], 'Hb_s': [], 'Hb-O_s': [], 'C6H12O_s': [], 'C6H12_s': [], 'H2O2_s': [], 'H2O_s': [], 'OH_s': [], 'OOH_s': [], 'O_s': [], 'OOH-C6H12_s': [], 'g': [], '*_g': [], '*_s': []}

frequency_surface_names = []

frequency_unit_conversion = 0.0001239842

gas_names = ('C6H12O_g', 'C6H12_g', 'H2O2_g', 'H2O_g')

gas_pressures = [np.float64(1e-20), np.float64(1.0), np.float64(0.185), np.float64(0.815)]

gas_thermo_mode = 'frozen_gas'

hbond_dict = {'COOH': -0.25, 'OCHO': 0.0, 'CO': -0.1, 'CHO': -0.1, 'CH2O': 0.0, 'OCH3': 0.0, 'O': 0.0, 'OH': -0.5, 'H': 0.0, 'COH': -0.25, 'C': 0.0, 'CH': 0.0, 'CH2': 0.0, 'CH3': 0.0, 'CHOH': -0.25, 'COHOH': -0.25, 'OCH2O': 0.0, 'CH2OH': -0.25, 'OCHCH2': 0.0, 'OCHCHO': 0.0}

hindered_ads_params = {}

ideal_gas_params = {'H2_g': [2, 'linear', 0], 'N2_g': [2, 'linear', 0], 'O2_g': [2, 'linear', 1.0], 'H2O_g': [2, 'nonlinear', 0], 'CO_g': [1, 'linear', 0], 'CH4_g': [12, 'nonlinear', 0], 'NH3_g': [3, 'nonlinear', 0], 'CH3OH_g': [1, 'nonlinear', 0], 'CH3CH2OH_g': [1, 'nonlinear', 0], 'CO2_g': [2, 'linear', 0], 'CH2O_g': [2, 'nonlinear', 0], 'HCOOH_g': [1, 'nonlinear', 0], 'CH2CH2_g': [4, 'nonlinear', 0], 'CH3CHCH2_g': [1, 'nonlinear', 0], 'CH3CH2CHCH2_g': [1, 'nonlinear', 0], 'CH3CHCHCH3_g': [2, 'nonlinear', 0], 'CH3CH3CCH2_g': [2, 'nonlinear', 0], 'pe_g': [2, 'linear', 0], 'C2H2_g': [2, 'linear', 0], 'C2H4_g': [4, 'nonlinear', 0], 'C2H6_g': [6, 'nonlinear', 0], 'C3H6_g': [1, 'nonlinear', 0], 'CH3COOH_g': [1, 'nonlinear', 0], 'CH3CHO_g': [1, 'nonlinear', 0], 'C5H4O2_g': [1, 'nonlinear', 0], 'C5H6O2_g': [1, 'nonlinear', 0], 'C5H6O_g': [1, 'nonlinear', 0], 'HCl_g': [1, 'linear', 0], 'Cl2_g': [2, 'linear', 0]}

input_file = 'H:\\catmap\\catmap\\lyq_alkene_epoxidation\\2-creating_microkinetic_model\\energies_dft_neb.txt'

interaction_fitting_mode = None

interaction_surface_names = None

internally_constrain_coverages = True

max_bisections = 5

max_damping_iterations = 10

max_initial_guesses = 3

max_rootfinding_iterations = 400

model_name = 'baseline_timn'

numerical_representation = 'mpmath'

optimize_analytical_expressions = False

outer_solver_log = 'outer_solver.log'

output_labels = {'coverage': ('C6H12O_s', 'C6H12_s', 'H2O2_s', 'H2O_s', 'Ha_s', 'Hb_s', 'OH_s', 'OOH_s', 'O_s'), 'rate': ([['s', 'H2O2_g'], ['H2O2_s']], [['H2O2_s', 's'], ['Ha_s', 'OOH_s']], [['s', 'C6H12_g'], ['C6H12_s']], [['OOH_s', 'C6H12_s', 's'], ['OOH-C6H12_s', 's', 's'], ['C6H12O_s', 'O_s', 'Hb_s']], [['C6H12O_s'], ['C6H12O_g', 's']], [['Hb_s', 'O_s'], ['Hb-O_s', 's'], ['OH_s', 's']], [['Ha_s', 'OH_s'], ['s', 'H2O_s']], [['H2O_s'], ['H2O_g', 's']]), 'turnover_frequency': ('C6H12O_g', 'C6H12_g', 'H2O2_g', 'H2O_g')}

output_variables = ['coverage', 'rate', 'turnover_frequency']

parameter_mode = 'formation_energy'

parameter_names = ('C6H12O_s', 'C6H12_s', 'H2O2_s', 'H2O_s', 'Ha_s', 'Hb_s', 'OH_s', 'OOH_s', 'O_s', 'Hb-O_s', 'OOH-C6H12_s')

parse_headers = ['formation_energy', 'frequencies']

perturbation_size = 1e-14

prefactor_list = ['kB*T/h', 'kB*T/h', 'kB*T/h', 'kB*T/h', 'kB*T/h', 'kB*T/h', 'kB*T/h', 'kB*T/h']

pressure = np.float64(1.0)

pressure_mode = 'concentration'

recalculate = True

required_headers = ['species_name', 'surface_name', 'site_name', 'formation_energy', 'frequencies', 'reference']

residual_threshold = 0.9

resolution = [1, 1]

rxn_expressions = ['* + H2O2_g <-> H2O2*', 'H2O2* + * -> Ha* + OOH*', '* + C6H12_g <-> C6H12*', 'OOH* + C6H12* + * <-> OOH-C6H12* + 2* -> C6H12O* + O* + Hb*', 'C6H12O* <-> C6H12O_g + *', 'Hb* + O* <-> Hb-O* + * -> OH* + *', 'Ha* + OH* -> * + H2O*', 'H2O* <-> H2O_g + *']

rxn_options_dict = {'prefactor': {}, 'beta': {}}

scaling_constraint_dict = {'OOH_s': ['+', 0, None], 'O_s': [0, '+', None]}

search_directions = [[0, 0], [0, 1], [1, 0], [0, -1], [-1, 0], [-1, 1], [1, 1], [1, -1], [-1, -1]]

setup_file = 'baseline_timn.mkm'

shomate_params = {'H2_g:298-1000': [33.066178, -11.363417, 11.432816, -2.772874, -0.158558, -9.980797, 172.707974, 0], 'H2_g:1000-2500': [18.563083, 12.257357, -2.859786, 0.268238, 1.97799, -1.147438, 156.288133, 0], 'H2_g:2500-6000': [43.41356, -4.293079, 1.272428, -0.096876, -20.533862, -38.515158, 162.081354, 0], 'CH4_g:298-1300': [-0.703029, 108.4773, -42.52157, 5.862788, 0.678565, -76.84376, 158.7163, -74.8731], 'CH4_g:1300-1600': [85.81217, 11.26467, -2.114146, 0.13819, -26.42221, -153.5327, 224.4143, -74.8731], 'CO_g:298-1300': [25.56759, 6.09613, 4.054656, -2.671201, 0.131021, -118.0089, 227.3665, -110.5271], 'CO_g:1300-1600': [35.1507, 1.300095, -0.205921, 0.01355, -3.28278, -127.8375, 231.712, -110.5271], 'H2O_g:100-500': [36.303952, -24.11232, 63.64111, -38.9524, -0.01385, -10.23966, 237.39431, 0.0], 'H2O_g:500-1700': [30.092, 6.832514, 6.793435, -2.53448, 0.082139, -250.881, 223.3967, -241.8264], 'H2O_g:1700-6000': [41.96426, 8.622053, -1.49978, 0.098119, -11.15764, -272.1797, 219.7809, -241.8264], 'CO2_g:298-1200': [24.99735, 55.18696, -33.69137, 7.948387, -0.136638, -403.6075, 228.2431, -393.5224], 'CO2_g:1200-6000': [58.16639, 2.720075, -0.492289, 0.038844, -6.447293, -425.9186, 263.6125, -393.5224], 'O2_g:100-700': [31.32234, -20.23531, 57.8664, -36.50624, -0.007374, -8.903471, 246.7945, 0.0], 'O2_g:700-2000': [30.03235, 8.772972, -3.988133, 0.788313, -0.741599, -11.32468, 236.1663, 0.0], 'O2_g:2000-6000': [20.91111, 10.72071, -2.020498, 0.146449, 9.245722, 5.337651, 237.6185, 0.0], 'NH3_g:298-1400': [19.99563, 49.77119, -15.37599, 1.921168, 0.189174, -53.30667, 203.8591, -45.89806], 'N2_g:100-500': [28.98641, 1.853978, -9.647459, 16.63537, 0.000117, -8.671914, 226.4168, 0.0], 'N2_g:500-2000': [19.50583, 19.88705, -8.598535, 1.369784, 0.527601, -4.935202, 212.39, 0.0], 'N2O_g:298-1400': [27.67988, 51.14898, -30.64454, 6.847911, -0.157906, 71.24934, 238.6164, 82.04824], 'NO2_g:298-1200': [16.10857, 75.89525, -54.3874, 14.30777, 0.239423, 26.17464, 240.5386, 33.09502], 'NO_g:298-1200': [23.83491, 12.58878, -1.139011, -1.497459, 0.214194, 83.35783, 237.1219, 90.29114], 'NO3_g:298-1200': [11.22316, 166.3889, -148.4458, 47.40598, -0.176791, 61.00858, 221.7679, 71.128], 'HNO2_g:298-1200': [24.89974, 91.37563, -64.84614, 17.92007, -0.134737, -88.13596, 254.2671, -76.73498], 'HNO3_g:298-1200': [19.63229, 153.9599, -115.8378, 32.87955, -0.249114, -146.8818, 247.7049, -134.306], 'HCN_g:298-1200': [32.69373, 22.59205, -4.369142, -0.407697, -0.282399, 123.4811, 233.2597, 135.1432], 'CH2CH2_g:298-1200': [-6.38788, 184.4019, -112.9718, 28.49593, 0.31554, 48.17332, 163.1568, 52.46694], 'CH2O_g:298-1500': [5.193767, 93.23249, -44.85457, 7.882279, 0.551175, -119.3591, 202.4663, -115.8972], 'CH3OH_g:298-1500': [-1.0845814245433651, 153.2463565199489, -79.53050359618254, 16.47130239316011, 0.5220334601533215, -4.897417024069, 199.1893745506112, 0.0], 'C5H4O2_g:100-1500': [-16.36694, 0.46958, -0.000331925, 8.50912e-08, 198590.9145, -1661.34999, -15.68938, 12461.34999], 'C5H6O2_g:100-1500': [-18.57626, 0.50733, -0.000335824, 8.28263e-08, 231619.2141, -6357.53523, 2.75692, 7057.53523], 'C5H6O_g:50-1500': [1.26847, 0.35388, -0.000173962, 2.87427e-08, 48401.71207, -5691.94893, -85.38991, 7191.94893], 'Cl2_g:298-1000': [33.0506, 12.2294, -12.0651, 4.38533, -0.159494, -10.8348, 259.029, 0.0], 'HCl_g:298-1200': [32.12392, -13.45805, 19.86852, -6.853936, -0.049672, -101.6206, 228.6866, -92.31201], 'CH3CH2OH_g:298-1500': [-4.7367880805894265, 271.96181550301463, -169.34946529216657, 43.73860153608533, 0.24643430702178773, -9.828280829187861, 203.3325622617075, 0.0], 'CH3CHO_g:298-1500': [4.8037386340099095, 185.92002366990326, -99.1084610902012, 20.61473919069016, 0.2770802548558646, -8.566600040790945, 220.00244674443837, 0.0], 'HCOOH_g:298-1500': [3.802752304225226, 153.66217894746168, -84.64046773816926, 16.297377707561505, 0.2772064997263338, -6.16527, 212.9698972559699, 0]}

site_names = ('g', 's')

species_definitions = {'C6H12_g': {'name': 'C6H12', 'site': 'g', 'type': 'gas', 'n_sites': 0, 'composition': {'H': 12, 'C': 6}, 'concentration': 1.0, 'formation_energy': -26.031223, 'formation_energy_source': 'DFT_Gibbs_gas', 'frequencies': []}, 'H2O2_g': {'name': 'H2O2', 'site': 'g', 'type': 'gas', 'n_sites': 0, 'composition': {'O': 2, 'H': 2}, 'concentration': 0.185, 'formation_energy': -7.162091, 'formation_energy_source': 'DFT_Gibbs_gas', 'frequencies': []}, 'H2O_g': {'name': 'H2O', 'site': 'g', 'type': 'gas', 'n_sites': 0, 'composition': {'O': 1, 'H': 2}, 'concentration': 0.815, 'formation_energy': -7.614457, 'formation_energy_source': 'DFT_Gibbs_gas', 'frequencies': []}, 'C6H12O_g': {'name': 'C6H12O', 'site': 'g', 'type': 'gas', 'n_sites': 0, 'composition': {'O': 1, 'H': 12, 'C': 6}, 'concentration': 1e-20, 'formation_energy': -27.667771, 'formation_energy_source': 'DFT_Gibbs_gas', 'frequencies': []}, 's': {'name': 's', 'site': 's', 'type': 'site', 'formation_energy': 0, 'n_sites': 1, 'composition': {}, 'site_names': ['111'], 'total': 1, 'frequencies': []}, 'Ha_s': {'name': 'Ha', 'site': 's', 'type': 'adsorbate', 'n_sites': 1, 'composition': {'H': 1}, 'formation_energy': [-2.207374], 'formation_energy_source': ['DFT_Gibbs_single'], 'frequencies': []}, 'Hb_s': {'name': 'Hb', 'site': 's', 'type': 'adsorbate', 'n_sites': 1, 'composition': {'H': 1}, 'formation_energy': [-2.2619135], 'formation_energy_source': ['DFT_Gibbs_single'], 'frequencies': []}, 'Hb-O_s': {'name': 'Hb-O', 'site': 's', 'type': 'transition_state', 'n_sites': 1, 'composition': {'H': 1, 'O': 1}, 'formation_energy': [-1.7757225], 'formation_energy_source': ['NEB_forward_TS_minus_IS_mapped'], 'frequencies': []}, 'C6H12O_s': {'name': 'C6H12O', 'site': 's', 'type': 'adsorbate', 'n_sites': 1, 'composition': {'O': 1, 'H': 12, 'C': 6}, 'formation_energy': [-27.8533935], 'formation_energy_source': ['DFT_Gibbs_single'], 'frequencies': []}, 'C6H12_s': {'name': 'C6H12', 'site': 's', 'type': 'adsorbate', 'n_sites': 1, 'composition': {'H': 12, 'C': 6}, 'formation_energy': [-26.1502785], 'formation_energy_source': ['DFT_Gibbs_single'], 'frequencies': []}, 'H2O2_s': {'name': 'H2O2', 'site': 's', 'type': 'adsorbate', 'n_sites': 1, 'composition': {'O': 2, 'H': 2}, 'formation_energy': [-7.1705045], 'formation_energy_source': ['DFT_Gibbs_single'], 'frequencies': []}, 'H2O_s': {'name': 'H2O', 'site': 's', 'type': 'adsorbate', 'n_sites': 1, 'composition': {'O': 1, 'H': 2}, 'formation_energy': [-7.664046], 'formation_energy_source': ['DFT_Gibbs_single'], 'frequencies': []}, 'OH_s': {'name': 'OH', 'site': 's', 'type': 'adsorbate', 'n_sites': 1, 'composition': {'O': 1, 'H': 1}, 'formation_energy': [-4.1689345], 'formation_energy_source': ['DFT_Gibbs_single'], 'frequencies': []}, 'OOH_s': {'name': 'OOH', 'site': 's', 'type': 'adsorbate', 'n_sites': 1, 'composition': {'O': 2, 'H': 1}, 'formation_energy': [-4.1043285], 'formation_energy_source': ['DFT_Gibbs_single'], 'frequencies': []}, 'O_s': {'name': 'O', 'site': 's', 'type': 'adsorbate', 'n_sites': 1, 'composition': {'O': 1}, 'formation_energy': [0.2964765], 'formation_energy_source': ['DFT_Gibbs_single'], 'frequencies': []}, 'OOH-C6H12_s': {'name': 'OOH-C6H12', 'site': 's', 'type': 'transition_state', 'n_sites': 1, 'composition': {'O': 2, 'H': 13, 'C': 6}, 'formation_energy': [-29.920307], 'formation_energy_source': ['NEB_forward_TS_minus_IS_mapped'], 'frequencies': []}, 'g': {'name': 'g', 'site': 'g', 'type': 'site', 'formation_energy': 0, 'n_sites': 0, 'site_names': ['gas'], 'total': 0, 'composition': {}, 'frequencies': []}, '*_g': {'name': 'g', 'site': 'g', 'type': 'site', 'formation_energy': 0, 'n_sites': 0, 'site_names': ['gas'], 'total': 0, 'composition': {}, 'frequencies': []}, '*_s': {'name': 's', 'site': 's', 'type': 'site', 'formation_energy': 0, 'n_sites': 1, 'composition': {}, 'site_names': ['111'], 'total': 1, 'frequencies': []}}

standard_coadsorbate_coverage = 'min'

standard_coverage = 'min'

surface_names = ('timn',)

temperature = np.float64(333.15)

thermodynamic_corrections = ['gas', 'adsorbate']

thermodynamic_variables = ['temperature', 'gas_pressures', 'voltage', 'beta', 'pH', 'Upzc', 'gas_thermo_mode', 'adsorbate_thermo_mode', 'pressure']

transition_state_names = ('Hb-O_s', 'OOH-C6H12_s')

use_numbers_solver = True

verbose = 1

stdout = """header_evaluation: fail - could not save mp = <mpmath.ctx_mp.MPContext object at 0x000001F793B32F90>


header_evaluation: fail - could not save tolerance = mpf('9.9999999999999999999999999999999999999999999999999999999999999999999999999999999999999999999999999999999999999999999999999999999999999999999999999999999999999999999999999999999999999999999999999999999999999999999999999999999999999999999999999999999999999999999999999999999999999999999999999999999999999999999999999999999999999999999999999999999999999999999999999999999999999999999999999279821642666651341375612045949991678539398627562470234654364573010444169760118642175447502958175667478e-341')


rootfinding_iteration_400: maxiter - exceeded maximum iterations (residual = 2.9621507021647132e-292)
initial_evaluation: fail - initial guess at point [333.15, 1.00]
mapper_iteration_0: status - 1 points do not have valid solution.
minresid_iteration_0: success - [333.15, 1.00] using coverages from [333.15, 1.00]
mapper_iteration_1: status - 0 points do not have valid solution.
header_evaluation: fail - could not save coverage_map = [[[np.float64(333.15), np.float64(1.0)], [mpf('0.00000000000000000000000000000000000000000000000000000000000000000000000000000000000000000000000000000082161285023641556820540699606157261820693341599214269985008539663314537568034764308668092215972247840874649017620530681824948055381464435442449520846199421631385436704479609921146051909313780797074838142205658923516432150329732737632675124492032351866171354419519781170507795854561407324070392881247744009389402342416318403508121653929529899590778013987827190727575889676757237856731452779832056275066452179146870673481671438578902369027331711174644115462621530979308189374163254209751457'), mpf('0.0000000000000000000000000000000000000000000000000000000000000000000000000000000000080847116822799409853648240639534233718671318579920602834276815226267506541125432528110587492785827522776252910409659245036697050776559849794754663702645049767229031090891685904760009693464170369156361333808447744831824274398976358152919757737755911571844508311513573201749485573267307029040822310876537508397129017471033311798850209182659026134929208534988246756341356650379138388220123099162077365769016127500734924798708514914835774256376306797448082869517148909339223042012107112714405'), mpf('0.000000000000000000000000000000000000000000000000000000000000000000000000000000000000031701669509610387239000084938318539862664810865751809193002824317886344636734082423445028672622558390796824570726175414928582859460790245278644555372054548275240996269987268434282189205676309325042438960102954036186722400988252134062843693881598298494307297632422648067233080370665967788266597305727366881536317687742641117457145342220581856912516984627063681263688517688952855954941633271140625988912032484302197243486458956615736595726663955996143884664764286607156110073554741248721734'), mpf('0.00000000000000000000000000000000000000000000000000000000000000000000000000000000000058607989022221770940737907894561838129620716846041259492676400796759262164353329701032336053146745890611390973276545627759471912803669708447136566289868311146158052881750090016110540677628454797749019499228312256141667889704648646824728046093245551684021023231061166815387526102487737620319427511705519129957959951930308293254360408486208463159534763695145176252443654400219658722432360674251917581350909356931790812266403081127658879476694067521611633693344486246313578672328235357219828'), mpf('4.0012099080735326326269052675192152368959773602374411511973343076983418948552196133660096846330354431155825869473708411662986385873006285570817714150553703825271593673519270343067688211018418643759925288211530376021621303021104629661672286367930958923696108095914125900304644205877327674942087502489896622944014768490582242182667997046061538303897929481766962554476799240483295867502241756929168951462687729523725680637368405159874963939408908877763895464459730349702755045106606565225963e-203'), mpf('0.000080983149999689444232795973199554925751043833233692810522072735002923437520585862681621230177972349511096114960249947537751590622959531285455120676324714970136102417382765711315238089143154880839434788328213802453551754977140615253589034272582829940270395694967929797298665049346400511366961597618727775298391901659164466850992291626237364695678843352113408951828059083258903295226028608059381770273744250125492669367027316655849902927407738144176250944176347812490337225819816601300695379'), mpf('0.99991901683757922054001230889987934207306384773544695330418847701172557480031349507377718732785482074672504001142563178797535013478106379072393030061108400293547071893334326681477345259261890938983761107153128052501538671435070241391223503391954438372769842948244287368221795199612287353498781651643283673803259830474922678682444849986523262496573904421224333500667159780691298979262090911173375593900761137150033281144716270788393795696094959283899136307045972293770707129182896244052225'), mpf('0.000000000012421090015754895126921103001185108431319353885289450253271501762165919054710867881522860527575436741356169295888053652508554811754558277035585409561869052235629753966729458269699000705926515897044497429141679031035071023244121356847072733640399721409501609341958997232614602005592162526302892017085097749290596826197954059908999698665509325831612130331026420393847656374315360017643508408034835293647805000620268464731033520441910973083618195993948359597421268430446845301165710902713946'), mpf('0.00000000000000000000000000000000000000000000000000000000000000000000000000000000000000000000000000000000000000000073189965431001921455958099220513755819776881645208610576447701398497374134952423663592745082084815743769753115877996964583686619077069368026672808614107780162552947526559245752371823284305787576224836231634967125547686037929072783559463371701600097469668897259873374746971906216739670985703200653033051357057094494930271872414601204689883441119144375191084435913934113290978065670458296221249331495934963474616440531365372573455776722357949172257304039551172733528530981841424621794256418'), mpf('0.00000000000000000000000000000000000000000000000000000000000000000000000000000000000012783031843257729335561105418344120771312376949306497948946939321443578347317601142990722233017646464597246328258047614732356376385757951473429616040217834892603591399830223796836050002030591426482511140406383574491384427800683055550982915399777006636823440700504884727554085654671170162349031166662938992044456564627499354288586921386191440759324422490066020062531556527678084070930813169068091170013578673673375251789171306367996569237967828328934878888030397594081471347423927656096831')]]]


header_evaluation: fail - could not save kBT = mpf('0.028708643150456998040645441960805328562855720520019531249999999999999999999999999999999999999999999999999999999999999999999999999999999999999999999999999999999999999999999999999999999999999999999999999999999999999999999999999999999999999999999999999999999999999999999999999999999999999999999999999999999999999999999999999999999999999999999999999999999999999999999999999999999999999999999999999999999999999999999999999999999999999999999999999999999999999999999999999999999999999999999999966')


header_evaluation: fail - could not save mp = <mpmath.ctx_mp.MPContext object at 0x000001F793B32F90>


header_evaluation: fail - could not save rate_map = [[[np.float64(333.15), np.float64(1.0)], [mpf('1.5521498816854504362794332735760380320937884809057678720959054757664579480533033476304080765036917691130631613775806491290479506660220725078525701418148014395050375288463273433433665552383195400680009726341818578337505167528531549402278607015520354734874790877651416734589001974761444970554813847348181190612462374022651474901633038626299248527128676647974487280199090547476028953253363105405213638714857617000317778989108687689008749407470507335267466418042657581277637943508569472702369e-238'), mpf('2.8676206860790589228312767430687738014849273983038376926748763927039282726747681598470027185964637595505501559325271419845211157535892885662511582177723370237860153321751603482777761112140767788644726513727298522814060163480082374963820830115101924012856840875480387793352221809202991441498825300353205435485474132988284336061907778507021165573075601667643109137327792922131820255131060046094144291940245237777697621448839770444159746621417900374638218882623636227914383649358279424853398e-171'), mpf('1.5521498816854504362794332736130438663138631703204110256845588980579284930172921386551245895986296099219753125167730759730610334086761631536056970610592967471387925562678836307275286800791738877421960571923958545027108001439733595047334192103980884437680574355385478174422410941382055606856558321630770732566495923196172112353995352382135343422736262530106262766616221219485083416805987364075285059080218752356223531784043793630256512177862825312776359050736824845849674533180829549095371e-238'), mpf('2.2784952095874373224772390501771461086016962915528486073460825328982159805153349078397159821781716439386717494678179494346091790593630646898588551406987689224122997075221757751529773485168015092932089549127384568035881329559130706881163192165991608479146119341669408164348043970390511557813075146713937331697292827899632505672380658459430576092672082963685794575338952695167046070486995655690656140540844548965466010418349415380063256028549119693150115170589132780694356796092246111969419e-173'), mpf('1.5521498825254601694458143383269260586976308132888531441343082185650778546162285115295549467104654567990887021995924567107350995307409075917227293372903379392072316809038377566890829629143265936046635769058985747325830608196237242696192064225726013466942193428227093523541237390130095816281053738461034086491814757562854681783258206522132644927727856508587404292177476260227657981005309158032187739327358936933367112268996926794353249599976002589694712466468742173117779576969973233497091e-238'), mpf('3.6444826498907069556579222276148437506848510445972772014412877518537454976541892755271554719687675723761098426539540463554095382494634093602021110342684821697982253159193643955110304510296452677284578633996100433403868690628343633406214163721840641125188962966548299276601586437134128330367557292833553213913185722164513219700231613133295954256548882544659844191754031170448664370773587371747277184344216271132565439742923862229769708575071237101813310814101701343553736913603906097519525e-219'), mpf('-1.7203136647582424139852712576360615657652981760282403426531776116869053904741156816794292786592641703006582518259989624282906039380120022837835801836963645252705654973857626940317363991560324291517002842434947995188095108835079474973696414324015503009511387252375468914791201549972753870232164232297963482261458605482772782216985492640403418635278174540680076287368475280059170018517653073194828141521969770093049844460595605483408457604700844019029364119390096588088084314895786990546232e-176'), mpf('1.5521498816854504362794332736317508315519159071232384349457996503841270266522506250706133797412678796550811599420129018061883704438968266008316079905214131582224488045499815115626432928535525883791808124889741980372122394177695557784052208305236943497212061880841527921053540734979113428407701229585444317485878555928189371415995971405491302426499848341680464217911272495613505925674131062786701643277978550477177441518083959497918327765054118167172659959131550866747336970669999845210366e-238')]]]


header_evaluation: fail - could not save tolerance = mpf('9.9999999999999999999999999999999999999999999999999999999999999999999999999999999999999999999999999999999999999999999999999999999999999999999999999999999999999999999999999999999999999999999999999999999999999999999999999999999999999999999999999999999999999999999999999999999999999999999999999999999999999999999999999999999999999999999999999999999999999999999999999999999999999999999999999279821642666651341375612045949991678539398627562470234654364573010444169760118642175447502958175667478e-341')


header_evaluation: fail - could not save turnover_frequency_map = [[[np.float64(333.15), np.float64(1.0)], [mpf('1.5521498825254601694458143383269260586976308132888531441343082185650778546162285115295549467104654567990887021995924567107350995307409075917227293372903379392072316809038377566890829629143265936046635769058985747325830608196237242696192064225726013466942193428227093523541237390130095816281053738461034086491814757562854681783258206522132644927727856508587404292177476260227657981005309158032187739327358936933367112268996926794353249599976002589694712466468742173117779576969973233497091e-238'), mpf('-1.5521498816854504362794332736130438663138631703204110256845588980579284930172921386551245895986296099219753125167730759730610334086761631536056970610592967471387925562678836307275286800791738877421960571923958545027108001439733595047334192103980884437680574355385478174422410941382055606856558321630770732566495923196172112353995352382135343422736262530106262766616221219485083416805987364075285059080218752356223531784043793630256512177862825312776359050736824845849674533180829549095371e-238'), mpf('-1.5521498816854504362794332735760380320937884809057678720959054757664579480533033476304080765036917691130631613775806491290479506660220725078525701418148014395050375288463273433433665552383195400680009726341818578337505167528531549402278607015520354734874790877651416734589001974761444970554813847348181190612462374022651474901633038626299248527128676647974487280199090547476028953253363105405213638714857617000317778989108687689008749407470507335267466418042657581277637943508569472702369e-238'), mpf('1.5521498816854504362794332736317508315519159071232384349457996503841270266522506250706133797412678796550811599420129018061883704438968266008316079905214131582224488045499815115626432928535525883791808124889741980372122394177695557784052208305236943497212061880841527921053540734979113428407701229585444317485878555928189371415995971405491302426499848341680464217911272495613505925674131062786701643277978550477177441518083959497918327765054118167172659959131550866747336970669999845210366e-238')]]]

"""