from numpy import array

try:
    import cPickle as pickle

except: #workaround for python3.X
    import _pickle as pickle


from mpmath import mpf 

parser = None

scaler = 'ThermodynamicScaler'

thermodynamics = 'ThermoCorrections'

solver = 'SteadyStateSolver'

mapper = 'MinResidMapper'

binary_data = pickle.load(open("baseline_tico.pkl","rb"))

locals().update(binary_data)

__citation__ = """If you find CatMAP useful to your research, please cite both the following papers:

 Medford, A. J., Shi, C., Hoffmann, M. J., Lausche, A. C., Fitzgibbon, S. R., Bligaard, T., & Nørskov, J. K. (2015). CatMAP: a software package for descriptor-based microkinetic mapping of catalytic trends. Catalysis Letters, 145, 794-807. 
 Vijay, S., H. Heenen, H., Singh, A. R., Chan, K., & Voss, J. (2024). Number of sites-based solver for determining coverages from steady-state mean-field micro-kinetic models. Journal of Computational Chemistry, 45(9), 546-551.
"""
A_uc = None

DEBUG = False

adsorbate_interaction_model = 'ideal'

adsorbate_interactions = None

adsorbate_names = ('C6H12O_s', 'C6H12_s', 'H2O2_s', 'H2O_s', 'Ha_s', 'Hb_s', 'OH_s', 'OOH_s', 'O_s')

adsorbate_thermo_mode = 'frozen_adsorbate'

analytical_jacobian = True

atomic_reservoir_list = [{'O': 'C6H12O_g', 'H': 'H2O2_g', 'C': 'C6H12_g'}, {'O': 'C6H12O_g', 'H': 'H2O_g', 'C': 'C6H12_g'}, {'O': 'H2O2_g', 'H': 'H2O_g', 'C': 'C6H12O_g'}, {'O': 'H2O2_g', 'H': 'H2O_g', 'C': 'C6H12_g'}]

atoms_dict = {}

citation_info_written = True

coverage_headers = ['coverage', 'coadsorbate_coverage']

data_file = 'baseline_tico.pkl'

decimal_precision = 360

descriptor_decimal_precision = 2

descriptor_names = ('temperature', 'pressure')

descriptor_ranges = [[333.15, 333.15], [1.0, 1.0]]

echem_transition_state_names = []

electrochemical_thermo_mode = 'simple_electrochemical'

elementary_rxns = ([['s', 'H2O2_g'], ['H2O2_s']], [['H2O2_s', 's'], ['Ha_s', 'OOH_s']], [['s', 'C6H12_g'], ['C6H12_s']], [['OOH_s', 'C6H12_s', 's'], ['OOH-C6H12_s', 's', 's'], ['C6H12O_s', 'O_s', 'Hb_s']], [['C6H12O_s'], ['C6H12O_g', 's']], [['Hb_s', 'O_s'], ['Hb-O_s', 's'], ['OH_s', 's']], [['Ha_s', 'OH_s'], ['s', 'H2O_s']], [['H2O_s'], ['H2O_g', 's']])

estimate_frequencies = True

extrapolate_coverages = False

fix_x_star = False

fixed_entropy_dict = {'H2_g': 0.00135, 'other': 0.002}

force_recalculation = False

force_recompilation = False

frequency_dict = {'C6H12_g': [], 'H2O2_g': [], 'H2O_g': [], 'C6H12O_g': [], 's': [], 'Ha_s': [], 'Hb_s': [], 'Hb-O_s': [], 'C6H12O_s': [], 'C6H12_s': [], 'H2O2_s': [], 'H2O_s': [], 'OH_s': [], 'OOH_s': [], 'O_s': [], 'OOH-C6H12_s': [], '*_s': [], 'g': [], '*_g': []}

frequency_surface_names = []

frequency_unit_conversion = 0.0001239842

gas_names = ('C6H12O_g', 'C6H12_g', 'H2O2_g', 'H2O_g')

gas_pressures = [1e-20, 1.0, 0.185, 0.815]

gas_thermo_mode = 'frozen_gas'

hbond_dict = {'COOH': -0.25, 'OCHO': 0.0, 'CO': -0.1, 'CHO': -0.1, 'CH2O': 0.0, 'OCH3': 0.0, 'O': 0.0, 'OH': -0.5, 'H': 0.0, 'COH': -0.25, 'C': 0.0, 'CH': 0.0, 'CH2': 0.0, 'CH3': 0.0, 'CHOH': -0.25, 'COHOH': -0.25, 'OCH2O': 0.0, 'CH2OH': -0.25, 'OCHCH2': 0.0, 'OCHCHO': 0.0}

hindered_ads_params = {}

ideal_gas_params = {'H2_g': [2, 'linear', 0], 'N2_g': [2, 'linear', 0], 'O2_g': [2, 'linear', 1.0], 'H2O_g': [2, 'nonlinear', 0], 'CO_g': [1, 'linear', 0], 'CH4_g': [12, 'nonlinear', 0], 'NH3_g': [3, 'nonlinear', 0], 'CH3OH_g': [1, 'nonlinear', 0], 'CH3CH2OH_g': [1, 'nonlinear', 0], 'CO2_g': [2, 'linear', 0], 'CH2O_g': [2, 'nonlinear', 0], 'HCOOH_g': [1, 'nonlinear', 0], 'CH2CH2_g': [4, 'nonlinear', 0], 'CH3CHCH2_g': [1, 'nonlinear', 0], 'CH3CH2CHCH2_g': [1, 'nonlinear', 0], 'CH3CHCHCH3_g': [2, 'nonlinear', 0], 'CH3CH3CCH2_g': [2, 'nonlinear', 0], 'pe_g': [2, 'linear', 0], 'C2H2_g': [2, 'linear', 0], 'C2H4_g': [4, 'nonlinear', 0], 'C2H6_g': [6, 'nonlinear', 0], 'C3H6_g': [1, 'nonlinear', 0], 'CH3COOH_g': [1, 'nonlinear', 0], 'CH3CHO_g': [1, 'nonlinear', 0], 'C5H4O2_g': [1, 'nonlinear', 0], 'C5H6O2_g': [1, 'nonlinear', 0], 'C5H6O_g': [1, 'nonlinear', 0], 'HCl_g': [1, 'linear', 0], 'Cl2_g': [2, 'linear', 0]}

input_file = 'H:\\catmap\\catmap\\lyq_alkene_epoxidation\\2-creating_microkinetic_model\\energies_dft_neb.txt'

interaction_fitting_mode = None

interaction_surface_names = None

internally_constrain_coverages = True

max_bisections = 5

max_damping_iterations = 10

max_initial_guesses = 3

max_rootfinding_iterations = 400

model_name = 'baseline_tico'

numerical_representation = 'mpmath'

optimize_analytical_expressions = False

outer_solver_log = 'outer_solver.log'

output_labels = {'coverage': ('C6H12O_s', 'C6H12_s', 'H2O2_s', 'H2O_s', 'Ha_s', 'Hb_s', 'OH_s', 'OOH_s', 'O_s'), 'rate': ([['s', 'H2O2_g'], ['H2O2_s']], [['H2O2_s', 's'], ['Ha_s', 'OOH_s']], [['s', 'C6H12_g'], ['C6H12_s']], [['OOH_s', 'C6H12_s', 's'], ['OOH-C6H12_s', 's', 's'], ['C6H12O_s', 'O_s', 'Hb_s']], [['C6H12O_s'], ['C6H12O_g', 's']], [['Hb_s', 'O_s'], ['Hb-O_s', 's'], ['OH_s', 's']], [['Ha_s', 'OH_s'], ['s', 'H2O_s']], [['H2O_s'], ['H2O_g', 's']]), 'turnover_frequency': ('C6H12O_g', 'C6H12_g', 'H2O2_g', 'H2O_g')}

output_variables = ['coverage', 'rate', 'turnover_frequency']

parameter_mode = 'formation_energy'

parameter_names = ('C6H12O_s', 'C6H12_s', 'H2O2_s', 'H2O_s', 'Ha_s', 'Hb_s', 'OH_s', 'OOH_s', 'O_s', 'Hb-O_s', 'OOH-C6H12_s')

parse_headers = ['formation_energy', 'frequencies']

perturbation_size = 1e-14

prefactor_list = ['kB*T/h', 'kB*T/h', 'kB*T/h', 'kB*T/h', 'kB*T/h', 'kB*T/h', 'kB*T/h', 'kB*T/h']

pressure = 1.0

pressure_mode = 'concentration'

recalculate = True

required_headers = ['species_name', 'surface_name', 'site_name', 'formation_energy', 'frequencies', 'reference']

residual_threshold = 0.9

resolution = [1, 1]

rxn_expressions = ['* + H2O2_g <-> H2O2*', 'H2O2* + * -> Ha* + OOH*', '* + C6H12_g <-> C6H12*', 'OOH* + C6H12* + * <-> OOH-C6H12* + 2* -> C6H12O* + O* + Hb*', 'C6H12O* <-> C6H12O_g + *', 'Hb* + O* <-> Hb-O* + * -> OH* + *', 'Ha* + OH* -> * + H2O*', 'H2O* <-> H2O_g + *']

rxn_options_dict = {'prefactor': {}, 'beta': {}}

scaling_constraint_dict = {'OOH_s': ['+', 0, None], 'O_s': [0, '+', None]}

search_directions = [[0, 0], [0, 1], [1, 0], [0, -1], [-1, 0], [-1, 1], [1, 1], [1, -1], [-1, -1]]

setup_file = 'baseline_tico.mkm'

shomate_params = {'H2_g:298-1000': [33.066178, -11.363417, 11.432816, -2.772874, -0.158558, -9.980797, 172.707974, 0], 'H2_g:1000-2500': [18.563083, 12.257357, -2.859786, 0.268238, 1.97799, -1.147438, 156.288133, 0], 'H2_g:2500-6000': [43.41356, -4.293079, 1.272428, -0.096876, -20.533862, -38.515158, 162.081354, 0], 'CH4_g:298-1300': [-0.703029, 108.4773, -42.52157, 5.862788, 0.678565, -76.84376, 158.7163, -74.8731], 'CH4_g:1300-1600': [85.81217, 11.26467, -2.114146, 0.13819, -26.42221, -153.5327, 224.4143, -74.8731], 'CO_g:298-1300': [25.56759, 6.09613, 4.054656, -2.671201, 0.131021, -118.0089, 227.3665, -110.5271], 'CO_g:1300-1600': [35.1507, 1.300095, -0.205921, 0.01355, -3.28278, -127.8375, 231.712, -110.5271], 'H2O_g:100-500': [36.303952, -24.11232, 63.64111, -38.9524, -0.01385, -10.23966, 237.39431, 0.0], 'H2O_g:500-1700': [30.092, 6.832514, 6.793435, -2.53448, 0.082139, -250.881, 223.3967, -241.8264], 'H2O_g:1700-6000': [41.96426, 8.622053, -1.49978, 0.098119, -11.15764, -272.1797, 219.7809, -241.8264], 'CO2_g:298-1200': [24.99735, 55.18696, -33.69137, 7.948387, -0.136638, -403.6075, 228.2431, -393.5224], 'CO2_g:1200-6000': [58.16639, 2.720075, -0.492289, 0.038844, -6.447293, -425.9186, 263.6125, -393.5224], 'O2_g:100-700': [31.32234, -20.23531, 57.8664, -36.50624, -0.007374, -8.903471, 246.7945, 0.0], 'O2_g:700-2000': [30.03235, 8.772972, -3.988133, 0.788313, -0.741599, -11.32468, 236.1663, 0.0], 'O2_g:2000-6000': [20.91111, 10.72071, -2.020498, 0.146449, 9.245722, 5.337651, 237.6185, 0.0], 'NH3_g:298-1400': [19.99563, 49.77119, -15.37599, 1.921168, 0.189174, -53.30667, 203.8591, -45.89806], 'N2_g:100-500': [28.98641, 1.853978, -9.647459, 16.63537, 0.000117, -8.671914, 226.4168, 0.0], 'N2_g:500-2000': [19.50583, 19.88705, -8.598535, 1.369784, 0.527601, -4.935202, 212.39, 0.0], 'N2O_g:298-1400': [27.67988, 51.14898, -30.64454, 6.847911, -0.157906, 71.24934, 238.6164, 82.04824], 'NO2_g:298-1200': [16.10857, 75.89525, -54.3874, 14.30777, 0.239423, 26.17464, 240.5386, 33.09502], 'NO_g:298-1200': [23.83491, 12.58878, -1.139011, -1.497459, 0.214194, 83.35783, 237.1219, 90.29114], 'NO3_g:298-1200': [11.22316, 166.3889, -148.4458, 47.40598, -0.176791, 61.00858, 221.7679, 71.128], 'HNO2_g:298-1200': [24.89974, 91.37563, -64.84614, 17.92007, -0.134737, -88.13596, 254.2671, -76.73498], 'HNO3_g:298-1200': [19.63229, 153.9599, -115.8378, 32.87955, -0.249114, -146.8818, 247.7049, -134.306], 'HCN_g:298-1200': [32.69373, 22.59205, -4.369142, -0.407697, -0.282399, 123.4811, 233.2597, 135.1432], 'CH2CH2_g:298-1200': [-6.38788, 184.4019, -112.9718, 28.49593, 0.31554, 48.17332, 163.1568, 52.46694], 'CH2O_g:298-1500': [5.193767, 93.23249, -44.85457, 7.882279, 0.551175, -119.3591, 202.4663, -115.8972], 'CH3OH_g:298-1500': [-1.0845814245433651, 153.2463565199489, -79.53050359618254, 16.47130239316011, 0.5220334601533215, -4.897417024069, 199.1893745506112, 0.0], 'C5H4O2_g:100-1500': [-16.36694, 0.46958, -0.000331925, 8.50912e-08, 198590.9145, -1661.34999, -15.68938, 12461.34999], 'C5H6O2_g:100-1500': [-18.57626, 0.50733, -0.000335824, 8.28263e-08, 231619.2141, -6357.53523, 2.75692, 7057.53523], 'C5H6O_g:50-1500': [1.26847, 0.35388, -0.000173962, 2.87427e-08, 48401.71207, -5691.94893, -85.38991, 7191.94893], 'Cl2_g:298-1000': [33.0506, 12.2294, -12.0651, 4.38533, -0.159494, -10.8348, 259.029, 0.0], 'HCl_g:298-1200': [32.12392, -13.45805, 19.86852, -6.853936, -0.049672, -101.6206, 228.6866, -92.31201], 'CH3CH2OH_g:298-1500': [-4.7367880805894265, 271.96181550301463, -169.34946529216657, 43.73860153608533, 0.24643430702178773, -9.828280829187861, 203.3325622617075, 0.0], 'CH3CHO_g:298-1500': [4.8037386340099095, 185.92002366990326, -99.1084610902012, 20.61473919069016, 0.2770802548558646, -8.566600040790945, 220.00244674443837, 0.0], 'HCOOH_g:298-1500': [3.802752304225226, 153.66217894746168, -84.64046773816926, 16.297377707561505, 0.2772064997263338, -6.16527, 212.9698972559699, 0]}

site_names = ('s', 'g')

species_definitions = {'C6H12_g': {'name': 'C6H12', 'site': 'g', 'type': 'gas', 'n_sites': 0, 'composition': {'H': 12, 'C': 6}, 'concentration': 1.0, 'formation_energy': -26.031223, 'formation_energy_source': 'DFT_Gibbs_gas', 'frequencies': []}, 'H2O2_g': {'name': 'H2O2', 'site': 'g', 'type': 'gas', 'n_sites': 0, 'composition': {'O': 2, 'H': 2}, 'concentration': 0.185, 'formation_energy': -7.162091, 'formation_energy_source': 'DFT_Gibbs_gas', 'frequencies': []}, 'H2O_g': {'name': 'H2O', 'site': 'g', 'type': 'gas', 'n_sites': 0, 'composition': {'O': 1, 'H': 2}, 'concentration': 0.815, 'formation_energy': -7.614457, 'formation_energy_source': 'DFT_Gibbs_gas', 'frequencies': []}, 'C6H12O_g': {'name': 'C6H12O', 'site': 'g', 'type': 'gas', 'n_sites': 0, 'composition': {'O': 1, 'H': 12, 'C': 6}, 'concentration': 1e-20, 'formation_energy': -27.667771, 'formation_energy_source': 'DFT_Gibbs_gas', 'frequencies': []}, 's': {'name': 's', 'site': 's', 'type': 'site', 'formation_energy': 0, 'n_sites': 1, 'composition': {}, 'site_names': ['111'], 'total': 1, 'frequencies': []}, 'Ha_s': {'name': 'Ha', 'site': 's', 'type': 'adsorbate', 'n_sites': 1, 'composition': {'H': 1}, 'formation_energy': [-2.1214675], 'formation_energy_source': ['DFT_Gibbs_single'], 'frequencies': []}, 'Hb_s': {'name': 'Hb', 'site': 's', 'type': 'adsorbate', 'n_sites': 1, 'composition': {'H': 1}, 'formation_energy': [-2.1621365], 'formation_energy_source': ['DFT_Gibbs_single'], 'frequencies': []}, 'Hb-O_s': {'name': 'Hb-O', 'site': 's', 'type': 'transition_state', 'n_sites': 1, 'composition': {'H': 1, 'O': 1}, 'formation_energy': [0.043544], 'formation_energy_source': ['NEB_forward_TS_minus_IS_mapped'], 'frequencies': []}, 'C6H12O_s': {'name': 'C6H12O', 'site': 's', 'type': 'adsorbate', 'n_sites': 1, 'composition': {'O': 1, 'H': 12, 'C': 6}, 'formation_energy': [-26.952178], 'formation_energy_source': ['DFT_Gibbs_single'], 'frequencies': []}, 'C6H12_s': {'name': 'C6H12', 'site': 's', 'type': 'adsorbate', 'n_sites': 1, 'composition': {'H': 12, 'C': 6}, 'formation_energy': [-26.161823], 'formation_energy_source': ['DFT_Gibbs_single'], 'frequencies': []}, 'H2O2_s': {'name': 'H2O2', 'site': 's', 'type': 'adsorbate', 'n_sites': 1, 'composition': {'O': 2, 'H': 2}, 'formation_energy': [-6.2175915], 'formation_energy_source': ['DFT_Gibbs_single'], 'frequencies': []}, 'H2O_s': {'name': 'H2O', 'site': 's', 'type': 'adsorbate', 'n_sites': 1, 'composition': {'O': 1, 'H': 2}, 'formation_energy': [-6.562752], 'formation_energy_source': ['DFT_Gibbs_single'], 'frequencies': []}, 'OH_s': {'name': 'OH', 'site': 's', 'type': 'adsorbate', 'n_sites': 1, 'composition': {'O': 1, 'H': 1}, 'formation_energy': [-2.244517], 'formation_energy_source': ['DFT_Gibbs_single'], 'frequencies': []}, 'OOH_s': {'name': 'OOH', 'site': 's', 'type': 'adsorbate', 'n_sites': 1, 'composition': {'O': 2, 'H': 1}, 'formation_energy': [-2.7734525], 'formation_energy_source': ['DFT_Gibbs_single'], 'frequencies': []}, 'O_s': {'name': 'O', 'site': 's', 'type': 'adsorbate', 'n_sites': 1, 'composition': {'O': 1}, 'formation_energy': [1.9796865], 'formation_energy_source': ['DFT_Gibbs_single'], 'frequencies': []}, 'OOH-C6H12_s': {'name': 'OOH-C6H12', 'site': 's', 'type': 'transition_state', 'n_sites': 1, 'composition': {'O': 2, 'H': 13, 'C': 6}, 'formation_energy': [-28.3789315], 'formation_energy_source': ['NEB_forward_TS_minus_IS_mapped'], 'frequencies': []}, '*_s': {'name': 's', 'site': 's', 'type': 'site', 'formation_energy': 0, 'n_sites': 1, 'composition': {}, 'site_names': ['111'], 'total': 1, 'frequencies': []}, 'g': {'name': 'g', 'site': 'g', 'type': 'site', 'formation_energy': 0, 'n_sites': 0, 'site_names': ['gas'], 'total': 0, 'composition': {}, 'frequencies': []}, '*_g': {'name': 'g', 'site': 'g', 'type': 'site', 'formation_energy': 0, 'n_sites': 0, 'site_names': ['gas'], 'total': 0, 'composition': {}, 'frequencies': []}}

standard_coadsorbate_coverage = 'min'

standard_coverage = 'min'

surface_names = ('tico',)

temperature = 333.15

thermodynamic_corrections = ['gas', 'adsorbate']

thermodynamic_variables = ['temperature', 'gas_pressures', 'voltage', 'beta', 'pH', 'Upzc', 'gas_thermo_mode', 'adsorbate_thermo_mode', 'pressure']

transition_state_names = ('Hb-O_s', 'OOH-C6H12_s')

use_numbers_solver = True

verbose = 1

stdout = """header_evaluation: fail - could not save mp = <mpmath.ctx_mp.MPContext object at 0x0000021616772F90>


header_evaluation: fail - could not save tolerance = mpf('9.9999999999999999999999999999999999999999999999999999999999999999999999999999999999999999999999999999999999999999999999999999999999999999999999999999999999999999999999999999999999999999999999999999999999999999999999999999999999999999999999999999999999999999999999999999999999999999999991986250407867081045460800221478231602755638906948741730799667110094055338977449079126578103680743092e-261')


initial_evaluation: success - initial guess at point [333.15, 1.00]
mapper_iteration_0: status - 0 points do not have valid solution.
header_evaluation: fail - could not save coverage_map = [[[333.15, 1.0], [mpf('0.000000000000000000000000000000000000000000000000000000000000000000000000000000000000125697938826885860707724497215475686964915435087267313090464819608957319298593102812606775338198833362991626680579292580770909973298643085715407732294480046869046913908559243538769567893275085617971114210666134439763377617685205301388852215975266933453155177036806635080629320362803887791670316069993371107000674870571379652001797881758907429269692576846935102312371554752582215871317258'), mpf('0.00000000000000000000000000000000000000000000000000007947762679986185852484656039213170659122913398305912094069320770259840945770848188273519245410239762268745853434003482451740921222126340887671452848762255623766875996162008230569340859337670636486635880908383297918824656562445277991432486681252936114088486590283911295148115568684706880610466233375287343896220386136956867007887669299616723326944193155243414659340031449349362860070653709'), mpf('0.0000000000000000000000000000000000000000000000000000000000000000000008010895450521155702454888656171996774199256811122254886156932468856507300651518151431246803059828628882625104709911118323750763056199269556120212111754712201946838177374048868126690071906700217745099721086604531207736130625242191613130119797205122619894426092871338473566122440675616931388674363614099194549184486335953456092188229425066162269754429988152278814142322715216411128443983393'), mpf('0.00000000000000000000000000000000000000000000000000000000000000000000008431386606392491299900294445670102245200170184759842423118453584092373946761144948979363627273187676654172107924820078099551225396410623779461634587705029640003497517162542811854745671216695271793752261800141685006417750389013222988264628798004299634172018365863439574222293010420312881044110656501143498082703547997811420591687924333292937658105510274861357455767196246984827356007736328'), mpf('4.913428877774151682475025130278661870285840716859662144369675309924060828361388499127764586629260477173589780356673737800024005736338170322771054373384162787839371953006882039586228530385366127882991759729602588269438300937654147272420460604016942762916836046593412726501841851732954856198488811536604801719469034216722605810520501333813291336605271631182510388382037331839741189751883533e-148'), mpf('0.9999999999984861324745902930444473493601741510790683105181808957165675997194877824620010079393448211158617236718489009625054941200944669870553845257705576984227757415961647846264375271556645720412670094716710150000415785181570715883185106107720926390910813643016885184888081279498659038621121527863719358232209952584995178610515950635765355250884441656612975621640590682603828815781027297'), mpf('0.000000000001058807459530960851068896414597355672110030045869923631641954694061691537073807186777203512377862753375464172804149003378812988732300153447089679651987296617681957897228241776283826791083270966152861324456772203824429012611308156026626928740851323226507706834162170903731330607068718317817999823761144480098877873741218286612852690529669642084241375480243474300606223310429831668020073788'), mpf('0.0000000000004550600658787461044837542252284932488215791177540986728373454897062352765673196741493421606391677878146696250900791212467804655413283500441309265233629169660811106759683243108174841730290910661546007812000487705190950659298906273456117520683174104924446925806483662732884321854636336751440815006264450127519415287633449282515041224808485411893662294122605507330855915221850558381101798324'), mpf('0.00000000000000000000000000000000000000000000000000000000000000000000000000000000000000000000000005690487471727415227863446824732062981756766757911491801780766226256357760515492866705432921234436576904286588693930250193123700605061189635152061773984484813036759963011801326615816949662700205438175256210740006013410873210852588197042835897065735245590694915102821357753154290421704114520366615732969000511519925053130274556791872802305726191650675869572593026879450973794901591329112916'), mpf('0.0000000000000000000000000000000000000000000000000000008405682821170936898467727825520423315399576334857179913950025484958448104132982453682509561700576480748884901554078783818648713714604238269592180069566464983197779292070401956639714979684215381211613703343661139804461472311290788077400963148091718825075752771434692153920151187058984640993760936183796673866764376026828302188752911745353251566294702706986671459187310788238267924982175416')]]]


header_evaluation: fail - could not save kBT = mpf('0.0287086431504569980406454419608053285628557205200195312499999999999999999999999999999999999999999999999999999999999999999999999999999999999999999999999999999999999999999999999999999999999999999999999999999999999999999999999999999999999999999999999999999999999999999999999999999999999999999999999999999999999999999999999999999999999999999999999999999999999999999999999999999999999999999999')


header_evaluation: fail - could not save mp = <mpmath.ctx_mp.MPContext object at 0x0000021616772F90>


header_evaluation: fail - could not save rate_map = [[[333.15, 1.0], [mpf('3.115114034298658259697602635004632127510907922489316969337928764218914934838592073507159380502541373513530881070268354114706817330768023182761080819254886515697305098126907438911279615835477609184741967570403022795908898503647532339040686698524675476909369417938157988681356055011180514600872150469888029128320867198128474423724787419129745014770164320307236471670307306624329485349929963e-169'), mpf('4.579325040072680621279251460899021264562972979140685886219259597511324989105484460545542615023595975240594891029856931938422776564002692465030271752650157475511990150485191492774865569628093002295329282330539370112730345070991882459541235401470169300948059216011458035979450896762926444523401836338595589067687223087967422235457801577123732434017096675044127734042387174813583828382488739e-131'), mpf('3.115114034298658259697602635004632127550194494925771142212892050740391548833389364264712118844933167490370759251974387052803322375350824905078325865076930018743459960076930568553431253575720987987982474549337566630551029554981640801243218734541407369345926858593230313593095180964980946975180172993886370704936320435619731648069559201224913563279186260281802428205116038148986837152904678e-169'), mpf('1.215562938898703998493021771561517057399941421657601710472428633522016591916683013856278664286016677823199154273611051645292688697782388913481540911282063466426707330669266435142408939865599122878161228810360064290016561205194717824831254574142362706917998107243190094990266354523184278705611972486019463341941387255542584017417693607533232751314958081388984907427810337838533104645874328e-133'), mpf('3.115114034298658259701544032003529927601353691893334018249375183814506273237741435702398605265841187710856512899674476231978166647155325104722084628843578508630053833969451417895317660829738323922759507252872613934848473689662059095968909243027365372675611040342651439405471087642227364149344552630885658481355670798679265236550153587636200706456933646106478768280223122669642057153820961e-169'), mpf('-2.915315800086151052883898615147511732900236254600995983739293898115667124398021443278270603775533293768150043097350294951636528385793740828160748403561527645879586942796263386975594395837657901456165047497088167279403583784759835778742619606051642166632398067917615261800254896938968357203897741804756111913108358768535730902168046061655786444301332063730863055333536177740257474669691186e-145'), mpf('-2.847889432588955655693672577165569352484571767916779428515067920196094978726920099574667644244636622684381224206647380140834608882340002619242944355290754928408050430595420725406309287205052017771885663371190577538055192721089699203798547986980944621653244044516851280007381098950113401111677216381205101174583788744124919956563613425045060371846989635807478144121126053077887455708314343e-145'), mpf('3.115114034298658259697602635004632127923467171283829100045489649020279269238724393061040870882373942414326560277112740120477906071386439287294701320808831218129783886711706728711727427638693858306734813345360281347416742292364084223879599876143249481674431718825918078783684943355282983798896674119118632265744018301057168915667575914230710586931622451763971094893009667667294093343186528e-169')]]]


header_evaluation: fail - could not save tolerance = mpf('9.9999999999999999999999999999999999999999999999999999999999999999999999999999999999999999999999999999999999999999999999999999999999999999999999999999999999999999999999999999999999999999999999999999999999999999999999999999999999999999999999999999999999999999999999999999999999999999999991986250407867081045460800221478231602755638906948741730799667110094055338977449079126578103680743092e-261')


header_evaluation: fail - could not save turnover_frequency_map = [[[333.15, 1.0], [mpf('3.115114034298658259701544032003529927601353691893334018249375183814506273237741435702398605265841187710856512899674476231978166647155325104722084628843578508630053833969451417895317660829738323922759507252872613934848473689662059095968909243027365372675611040342651439405471087642227364149344552630885658481355670798679265236550153587636200706456933646106478768280223122669642057153820961e-169'), mpf('-3.115114034298658259697602635004632127550194494925771142212892050740391548833389364264712118844933167490370759251974387052803322375350824905078325865076930018743459960076930568553431253575720987987982474549337566630551029554981640801243218734541407369345926858593230313593095180964980946975180172993886370704936320435619731648069559201224913563279186260281802428205116038148986837152904678e-169'), mpf('-3.115114034298658259697602635004632127510907922489316969337928764218914934838592073507159380502541373513530881070268354114706817330768023182761080819254886515697305098126907438911279615835477609184741967570403022795908898503647532339040686698524675476909369417938157988681356055011180514600872150469888029128320867198128474423724787419129745014770164320307236471670307306624329485349929963e-169'), mpf('3.115114034298658259697602635004632127923467171283829100045489649020279269238724393061040870882373942414326560277112740120477906071386439287294701320808831218129783886711706728711727427638693858306734813345360281347416742292364084223879599876143249481674431718825918078783684943355282983798896674119118632265744018301057168915667575914230710586931622451763971094893009667667294093343186528e-169')]]]

"""