from numpy import array

try:
    import cPickle as pickle

except: #workaround for python3.X
    import _pickle as pickle


from mpmath import mpf 

parser = None

scaler = 'ThermodynamicScaler'

thermodynamics = 'ThermoCorrections'

solver = 'SteadyStateSolver'

mapper = 'MinResidMapper'

binary_data = pickle.load(open("baseline_tihf.pkl","rb"))

locals().update(binary_data)

__citation__ = """If you find CatMAP useful to your research, please cite both the following papers:

 Medford, A. J., Shi, C., Hoffmann, M. J., Lausche, A. C., Fitzgibbon, S. R., Bligaard, T., & Nørskov, J. K. (2015). CatMAP: a software package for descriptor-based microkinetic mapping of catalytic trends. Catalysis Letters, 145, 794-807. 
 Vijay, S., H. Heenen, H., Singh, A. R., Chan, K., & Voss, J. (2024). Number of sites-based solver for determining coverages from steady-state mean-field micro-kinetic models. Journal of Computational Chemistry, 45(9), 546-551.
"""
A_uc = None

DEBUG = False

adsorbate_interaction_model = 'ideal'

adsorbate_interactions = None

adsorbate_names = ('C6H12O_s', 'C6H12_s', 'H2O2_s', 'H2O_s', 'Ha_s', 'Hb_s', 'OH_s', 'OOH_s', 'O_s')

adsorbate_thermo_mode = 'frozen_adsorbate'

analytical_jacobian = True

atomic_reservoir_list = [{'H': 'C6H12O_g', 'C': 'C6H12_g', 'O': 'H2O2_g'}, {'H': 'C6H12O_g', 'C': 'C6H12_g', 'O': 'H2O_g'}, {'H': 'H2O2_g', 'C': 'C6H12O_g', 'O': 'H2O_g'}, {'H': 'H2O2_g', 'C': 'C6H12_g', 'O': 'H2O_g'}]

atoms_dict = {}

citation_info_written = True

coverage_headers = ['coverage', 'coadsorbate_coverage']

data_file = 'baseline_tihf.pkl'

decimal_precision = 460

descriptor_decimal_precision = 2

descriptor_names = ('temperature', 'pressure')

descriptor_ranges = [[333.15, 333.15], [1.0, 1.0]]

echem_transition_state_names = []

electrochemical_thermo_mode = 'simple_electrochemical'

elementary_rxns = ([['s', 'H2O2_g'], ['H2O2_s']], [['H2O2_s', 's'], ['Ha_s', 'OOH_s']], [['s', 'C6H12_g'], ['C6H12_s']], [['OOH_s', 'C6H12_s', 's'], ['OOH-C6H12_s', 's', 's'], ['C6H12O_s', 'O_s', 'Hb_s']], [['C6H12O_s'], ['C6H12O_g', 's']], [['Hb_s', 'O_s'], ['Hb-O_s', 's'], ['OH_s', 's']], [['Ha_s', 'OH_s'], ['s', 'H2O_s']], [['H2O_s'], ['H2O_g', 's']])

estimate_frequencies = True

extrapolate_coverages = False

fix_x_star = False

fixed_entropy_dict = {'H2_g': 0.00135, 'other': 0.002}

force_recalculation = False

force_recompilation = False

frequency_dict = {'C6H12_g': [], 'H2O2_g': [], 'H2O_g': [], 'C6H12O_g': [], 's': [], 'Ha_s': [], 'Hb_s': [], 'Hb-O_s': [], 'C6H12O_s': [], 'C6H12_s': [], 'H2O2_s': [], 'H2O_s': [], 'OH_s': [], 'OOH_s': [], 'O_s': [], 'OOH-C6H12_s': [], 'g': [], '*_g': [], '*_s': []}

frequency_surface_names = []

frequency_unit_conversion = 0.0001239842

gas_names = ('C6H12O_g', 'C6H12_g', 'H2O2_g', 'H2O_g')

gas_pressures = [1e-20, 1.0, 0.185, 0.815]

gas_thermo_mode = 'frozen_gas'

hbond_dict = {'COOH': -0.25, 'OCHO': 0.0, 'CO': -0.1, 'CHO': -0.1, 'CH2O': 0.0, 'OCH3': 0.0, 'O': 0.0, 'OH': -0.5, 'H': 0.0, 'COH': -0.25, 'C': 0.0, 'CH': 0.0, 'CH2': 0.0, 'CH3': 0.0, 'CHOH': -0.25, 'COHOH': -0.25, 'OCH2O': 0.0, 'CH2OH': -0.25, 'OCHCH2': 0.0, 'OCHCHO': 0.0}

hindered_ads_params = {}

ideal_gas_params = {'H2_g': [2, 'linear', 0], 'N2_g': [2, 'linear', 0], 'O2_g': [2, 'linear', 1.0], 'H2O_g': [2, 'nonlinear', 0], 'CO_g': [1, 'linear', 0], 'CH4_g': [12, 'nonlinear', 0], 'NH3_g': [3, 'nonlinear', 0], 'CH3OH_g': [1, 'nonlinear', 0], 'CH3CH2OH_g': [1, 'nonlinear', 0], 'CO2_g': [2, 'linear', 0], 'CH2O_g': [2, 'nonlinear', 0], 'HCOOH_g': [1, 'nonlinear', 0], 'CH2CH2_g': [4, 'nonlinear', 0], 'CH3CHCH2_g': [1, 'nonlinear', 0], 'CH3CH2CHCH2_g': [1, 'nonlinear', 0], 'CH3CHCHCH3_g': [2, 'nonlinear', 0], 'CH3CH3CCH2_g': [2, 'nonlinear', 0], 'pe_g': [2, 'linear', 0], 'C2H2_g': [2, 'linear', 0], 'C2H4_g': [4, 'nonlinear', 0], 'C2H6_g': [6, 'nonlinear', 0], 'C3H6_g': [1, 'nonlinear', 0], 'CH3COOH_g': [1, 'nonlinear', 0], 'CH3CHO_g': [1, 'nonlinear', 0], 'C5H4O2_g': [1, 'nonlinear', 0], 'C5H6O2_g': [1, 'nonlinear', 0], 'C5H6O_g': [1, 'nonlinear', 0], 'HCl_g': [1, 'linear', 0], 'Cl2_g': [2, 'linear', 0]}

input_file = 'H:\\catmap\\catmap\\lyq_alkene_epoxidation\\2-creating_microkinetic_model\\energies_dft_neb.txt'

interaction_fitting_mode = None

interaction_surface_names = None

internally_constrain_coverages = True

max_bisections = 5

max_damping_iterations = 10

max_initial_guesses = 3

max_rootfinding_iterations = 400

model_name = 'baseline_tihf'

numerical_representation = 'mpmath'

optimize_analytical_expressions = False

outer_solver_log = 'outer_solver.log'

output_labels = {'coverage': ('C6H12O_s', 'C6H12_s', 'H2O2_s', 'H2O_s', 'Ha_s', 'Hb_s', 'OH_s', 'OOH_s', 'O_s'), 'rate': ([['s', 'H2O2_g'], ['H2O2_s']], [['H2O2_s', 's'], ['Ha_s', 'OOH_s']], [['s', 'C6H12_g'], ['C6H12_s']], [['OOH_s', 'C6H12_s', 's'], ['OOH-C6H12_s', 's', 's'], ['C6H12O_s', 'O_s', 'Hb_s']], [['C6H12O_s'], ['C6H12O_g', 's']], [['Hb_s', 'O_s'], ['Hb-O_s', 's'], ['OH_s', 's']], [['Ha_s', 'OH_s'], ['s', 'H2O_s']], [['H2O_s'], ['H2O_g', 's']]), 'turnover_frequency': ('C6H12O_g', 'C6H12_g', 'H2O2_g', 'H2O_g')}

output_variables = ['coverage', 'rate', 'turnover_frequency']

parameter_mode = 'formation_energy'

parameter_names = ('C6H12O_s', 'C6H12_s', 'H2O2_s', 'H2O_s', 'Ha_s', 'Hb_s', 'OH_s', 'OOH_s', 'O_s', 'Hb-O_s', 'OOH-C6H12_s')

parse_headers = ['formation_energy', 'frequencies']

perturbation_size = 1e-14

prefactor_list = ['kB*T/h', 'kB*T/h', 'kB*T/h', 'kB*T/h', 'kB*T/h', 'kB*T/h', 'kB*T/h', 'kB*T/h']

pressure = 1.0

pressure_mode = 'concentration'

recalculate = True

required_headers = ['species_name', 'surface_name', 'site_name', 'formation_energy', 'frequencies', 'reference']

residual_threshold = 0.9

resolution = [1, 1]

rxn_expressions = ['* + H2O2_g <-> H2O2*', 'H2O2* + * -> Ha* + OOH*', '* + C6H12_g <-> C6H12*', 'OOH* + C6H12* + * <-> OOH-C6H12* + 2* -> C6H12O* + O* + Hb*', 'C6H12O* <-> C6H12O_g + *', 'Hb* + O* <-> Hb-O* + * -> OH* + *', 'Ha* + OH* -> * + H2O*', 'H2O* <-> H2O_g + *']

rxn_options_dict = {'prefactor': {}, 'beta': {}}

scaling_constraint_dict = {'OOH_s': ['+', 0, None], 'O_s': [0, '+', None]}

search_directions = [[0, 0], [0, 1], [1, 0], [0, -1], [-1, 0], [-1, 1], [1, 1], [1, -1], [-1, -1]]

setup_file = 'baseline_tihf.mkm'

shomate_params = {'H2_g:298-1000': [33.066178, -11.363417, 11.432816, -2.772874, -0.158558, -9.980797, 172.707974, 0], 'H2_g:1000-2500': [18.563083, 12.257357, -2.859786, 0.268238, 1.97799, -1.147438, 156.288133, 0], 'H2_g:2500-6000': [43.41356, -4.293079, 1.272428, -0.096876, -20.533862, -38.515158, 162.081354, 0], 'CH4_g:298-1300': [-0.703029, 108.4773, -42.52157, 5.862788, 0.678565, -76.84376, 158.7163, -74.8731], 'CH4_g:1300-1600': [85.81217, 11.26467, -2.114146, 0.13819, -26.42221, -153.5327, 224.4143, -74.8731], 'CO_g:298-1300': [25.56759, 6.09613, 4.054656, -2.671201, 0.131021, -118.0089, 227.3665, -110.5271], 'CO_g:1300-1600': [35.1507, 1.300095, -0.205921, 0.01355, -3.28278, -127.8375, 231.712, -110.5271], 'H2O_g:100-500': [36.303952, -24.11232, 63.64111, -38.9524, -0.01385, -10.23966, 237.39431, 0.0], 'H2O_g:500-1700': [30.092, 6.832514, 6.793435, -2.53448, 0.082139, -250.881, 223.3967, -241.8264], 'H2O_g:1700-6000': [41.96426, 8.622053, -1.49978, 0.098119, -11.15764, -272.1797, 219.7809, -241.8264], 'CO2_g:298-1200': [24.99735, 55.18696, -33.69137, 7.948387, -0.136638, -403.6075, 228.2431, -393.5224], 'CO2_g:1200-6000': [58.16639, 2.720075, -0.492289, 0.038844, -6.447293, -425.9186, 263.6125, -393.5224], 'O2_g:100-700': [31.32234, -20.23531, 57.8664, -36.50624, -0.007374, -8.903471, 246.7945, 0.0], 'O2_g:700-2000': [30.03235, 8.772972, -3.988133, 0.788313, -0.741599, -11.32468, 236.1663, 0.0], 'O2_g:2000-6000': [20.91111, 10.72071, -2.020498, 0.146449, 9.245722, 5.337651, 237.6185, 0.0], 'NH3_g:298-1400': [19.99563, 49.77119, -15.37599, 1.921168, 0.189174, -53.30667, 203.8591, -45.89806], 'N2_g:100-500': [28.98641, 1.853978, -9.647459, 16.63537, 0.000117, -8.671914, 226.4168, 0.0], 'N2_g:500-2000': [19.50583, 19.88705, -8.598535, 1.369784, 0.527601, -4.935202, 212.39, 0.0], 'N2O_g:298-1400': [27.67988, 51.14898, -30.64454, 6.847911, -0.157906, 71.24934, 238.6164, 82.04824], 'NO2_g:298-1200': [16.10857, 75.89525, -54.3874, 14.30777, 0.239423, 26.17464, 240.5386, 33.09502], 'NO_g:298-1200': [23.83491, 12.58878, -1.139011, -1.497459, 0.214194, 83.35783, 237.1219, 90.29114], 'NO3_g:298-1200': [11.22316, 166.3889, -148.4458, 47.40598, -0.176791, 61.00858, 221.7679, 71.128], 'HNO2_g:298-1200': [24.89974, 91.37563, -64.84614, 17.92007, -0.134737, -88.13596, 254.2671, -76.73498], 'HNO3_g:298-1200': [19.63229, 153.9599, -115.8378, 32.87955, -0.249114, -146.8818, 247.7049, -134.306], 'HCN_g:298-1200': [32.69373, 22.59205, -4.369142, -0.407697, -0.282399, 123.4811, 233.2597, 135.1432], 'CH2CH2_g:298-1200': [-6.38788, 184.4019, -112.9718, 28.49593, 0.31554, 48.17332, 163.1568, 52.46694], 'CH2O_g:298-1500': [5.193767, 93.23249, -44.85457, 7.882279, 0.551175, -119.3591, 202.4663, -115.8972], 'CH3OH_g:298-1500': [-1.0845814245433651, 153.2463565199489, -79.53050359618254, 16.47130239316011, 0.5220334601533215, -4.897417024069, 199.1893745506112, 0.0], 'C5H4O2_g:100-1500': [-16.36694, 0.46958, -0.000331925, 8.50912e-08, 198590.9145, -1661.34999, -15.68938, 12461.34999], 'C5H6O2_g:100-1500': [-18.57626, 0.50733, -0.000335824, 8.28263e-08, 231619.2141, -6357.53523, 2.75692, 7057.53523], 'C5H6O_g:50-1500': [1.26847, 0.35388, -0.000173962, 2.87427e-08, 48401.71207, -5691.94893, -85.38991, 7191.94893], 'Cl2_g:298-1000': [33.0506, 12.2294, -12.0651, 4.38533, -0.159494, -10.8348, 259.029, 0.0], 'HCl_g:298-1200': [32.12392, -13.45805, 19.86852, -6.853936, -0.049672, -101.6206, 228.6866, -92.31201], 'CH3CH2OH_g:298-1500': [-4.7367880805894265, 271.96181550301463, -169.34946529216657, 43.73860153608533, 0.24643430702178773, -9.828280829187861, 203.3325622617075, 0.0], 'CH3CHO_g:298-1500': [4.8037386340099095, 185.92002366990326, -99.1084610902012, 20.61473919069016, 0.2770802548558646, -8.566600040790945, 220.00244674443837, 0.0], 'HCOOH_g:298-1500': [3.802752304225226, 153.66217894746168, -84.64046773816926, 16.297377707561505, 0.2772064997263338, -6.16527, 212.9698972559699, 0]}

site_names = ('g', 's')

species_definitions = {'C6H12_g': {'name': 'C6H12', 'site': 'g', 'type': 'gas', 'n_sites': 0, 'composition': {'H': 12, 'C': 6}, 'concentration': 1.0, 'formation_energy': -26.031223, 'formation_energy_source': 'DFT_Gibbs_gas', 'frequencies': []}, 'H2O2_g': {'name': 'H2O2', 'site': 'g', 'type': 'gas', 'n_sites': 0, 'composition': {'H': 2, 'O': 2}, 'concentration': 0.185, 'formation_energy': -7.162091, 'formation_energy_source': 'DFT_Gibbs_gas', 'frequencies': []}, 'H2O_g': {'name': 'H2O', 'site': 'g', 'type': 'gas', 'n_sites': 0, 'composition': {'H': 2, 'O': 1}, 'concentration': 0.815, 'formation_energy': -7.614457, 'formation_energy_source': 'DFT_Gibbs_gas', 'frequencies': []}, 'C6H12O_g': {'name': 'C6H12O', 'site': 'g', 'type': 'gas', 'n_sites': 0, 'composition': {'H': 12, 'C': 6, 'O': 1}, 'concentration': 1e-20, 'formation_energy': -27.667771, 'formation_energy_source': 'DFT_Gibbs_gas', 'frequencies': []}, 's': {'name': 's', 'site': 's', 'type': 'site', 'formation_energy': 0, 'n_sites': 1, 'composition': {}, 'site_names': ['111'], 'total': 1, 'frequencies': []}, 'Ha_s': {'name': 'Ha', 'site': 's', 'type': 'adsorbate', 'n_sites': 1, 'composition': {'H': 1}, 'formation_energy': [-0.8904355], 'formation_energy_source': ['DFT_Gibbs_single'], 'frequencies': []}, 'Hb_s': {'name': 'Hb', 'site': 's', 'type': 'adsorbate', 'n_sites': 1, 'composition': {'H': 1}, 'formation_energy': [0.4834265], 'formation_energy_source': ['DFT_Gibbs_single'], 'frequencies': []}, 'Hb-O_s': {'name': 'Hb-O', 'site': 's', 'type': 'transition_state', 'n_sites': 1, 'composition': {'H': 1, 'O': 1}, 'formation_energy': [1.042426], 'formation_energy_source': ['NEB_forward_TS_minus_IS_mapped'], 'frequencies': []}, 'C6H12O_s': {'name': 'C6H12O', 'site': 's', 'type': 'adsorbate', 'n_sites': 1, 'composition': {'H': 12, 'C': 6, 'O': 1}, 'formation_energy': [-27.953115], 'formation_energy_source': ['DFT_Gibbs_single'], 'frequencies': []}, 'C6H12_s': {'name': 'C6H12', 'site': 's', 'type': 'adsorbate', 'n_sites': 1, 'composition': {'H': 12, 'C': 6}, 'formation_energy': [-26.1186915], 'formation_energy_source': ['DFT_Gibbs_single'], 'frequencies': []}, 'H2O2_s': {'name': 'H2O2', 'site': 's', 'type': 'adsorbate', 'n_sites': 1, 'composition': {'H': 2, 'O': 2}, 'formation_energy': [-7.2401555], 'formation_energy_source': ['DFT_Gibbs_single'], 'frequencies': []}, 'H2O_s': {'name': 'H2O', 'site': 's', 'type': 'adsorbate', 'n_sites': 1, 'composition': {'H': 2, 'O': 1}, 'formation_energy': [-7.729881], 'formation_energy_source': ['DFT_Gibbs_single'], 'frequencies': []}, 'OH_s': {'name': 'OH', 'site': 's', 'type': 'adsorbate', 'n_sites': 1, 'composition': {'H': 1, 'O': 1}, 'formation_energy': [-3.1592795], 'formation_energy_source': ['DFT_Gibbs_single'], 'frequencies': []}, 'OOH_s': {'name': 'OOH', 'site': 's', 'type': 'adsorbate', 'n_sites': 1, 'composition': {'H': 1, 'O': 2}, 'formation_energy': [-3.8063665], 'formation_energy_source': ['DFT_Gibbs_single'], 'frequencies': []}, 'O_s': {'name': 'O', 'site': 's', 'type': 'adsorbate', 'n_sites': 1, 'composition': {'O': 1}, 'formation_energy': [0.3350345], 'formation_energy_source': ['DFT_Gibbs_single'], 'frequencies': []}, 'OOH-C6H12_s': {'name': 'OOH-C6H12', 'site': 's', 'type': 'transition_state', 'n_sites': 1, 'composition': {'H': 13, 'C': 6, 'O': 2}, 'formation_energy': [-29.693216], 'formation_energy_source': ['NEB_forward_TS_minus_IS_mapped'], 'frequencies': []}, 'g': {'name': 'g', 'site': 'g', 'type': 'site', 'formation_energy': 0, 'n_sites': 0, 'site_names': ['gas'], 'total': 0, 'composition': {}, 'frequencies': []}, '*_g': {'name': 'g', 'site': 'g', 'type': 'site', 'formation_energy': 0, 'n_sites': 0, 'site_names': ['gas'], 'total': 0, 'composition': {}, 'frequencies': []}, '*_s': {'name': 's', 'site': 's', 'type': 'site', 'formation_energy': 0, 'n_sites': 1, 'composition': {}, 'site_names': ['111'], 'total': 1, 'frequencies': []}}

standard_coadsorbate_coverage = 'min'

standard_coverage = 'min'

surface_names = ('tihf',)

temperature = 333.15

thermodynamic_corrections = ['gas', 'adsorbate']

thermodynamic_variables = ['temperature', 'gas_pressures', 'voltage', 'beta', 'pH', 'Upzc', 'gas_thermo_mode', 'adsorbate_thermo_mode', 'pressure']

transition_state_names = ('Hb-O_s', 'OOH-C6H12_s')

use_numbers_solver = True

verbose = 1

stdout = """header_evaluation: fail - could not save mp = <mpmath.ctx_mp.MPContext object at 0x0000028B83467620>


header_evaluation: fail - could not save tolerance = mpf('9.9999999999999999999999999999999999999999999999999999999999999999999999999999999999999999999999999999999999999999999999999999999999999999999999999999999999999999999999999999999999999999999999999999999999999999999999999999999999999999999999999999999999999999999999999999999999999999999999999999999999999999999999999999999999999999999999999999999999999999999999999999999999999999999999999279821642666651341375612045949991678539398627562470234654364573010444169760118642175447502958175667478e-341')


initial_evaluation: success - initial guess at point [333.15, 1.00]
mapper_iteration_0: status - 0 points do not have valid solution.
header_evaluation: fail - could not save coverage_map = [[[333.15, 1.0], [mpf('0.000000000000000000000000000006401935091599491050755710636581844588471585536196549968035807717633052727649930128979092789931279416587503877064193833913424997718999106109236323560960598490275238029125549891813993089992664885238899694123575895478492558518644065528926860677714264645578644484392274646912739621881400369598842529370795690085996259640337715823737742616062993064328827207226751394189895231955636527711388472760184238058118655178718214356831498030277340548702505311317765144981600282011400612971631454152491'), mpf('0.00000000000065000806247061968043106317433794358553089327698666351069407731220867078844419547649078986649445693755726200627532293332956301110074428029009955943793392095481278159833353259304808931305600741813961883311784620458998460983776662594010321578384578070982118277575074375196096373469382367221900745102719508009910252644518193724909100048960003651652607399362184892647812315739642268028512541507679604179821793460122766559170367396181506420710539959074578283466670762216747587842315792305276981'), mpf('0.000000000000086662256620315203027705134789244770837258819846469091517000765913355821977345650560719959350036297952802994717711434646990437225406045634834740246188965890528385104171411643224977057519362464287733117891330487195162705448014981328675072751809811249581024601225180396227949771751405782937183027969426230923359427769686459725527901694876103534557745140366005608217946394041061236554836897925983364100000551439833224864959789397067131164532127132094403518848909228657152054604806661225198761'), mpf('0.0000000000014027411699003869057344269825518236386954290658552723631808234349892465518573222448333604912002750064367517989293237431658514706959931331778095769981184039992067683215473589261796746479980355488589886730299713888411233008359951045305850150293402007586879923445675032532545379655782246823525863015446041852971653683573323814295303783825096396864660295515737822974290223446554981318816531648903152370506115374589313498715169490220975099856599224494923521846975025663912116151751978552827035'), mpf('0.9999999999978297050935318483961740089695602782210684503628980629337579695491689002843591655524309271669143641398303615497526463618957183653863882780480000726722838014459992854115777106673043934121070527370983070732520267518528935604193519965402978463616596875308710563789547977131703973529248277327021611470124409088410486521481578105649783540104981249487867183662855584167398960945493412020648356962461303966324266370555952448525127865259113016103881627911938150960794674626146275336307'), mpf('0.000000000000000000000000000000000000000000000000000000000000000016425090475076091011244259636751717973254786869746236587018421540432646402979143937960465809739194602416184770849803581785419709386377544105348395487119916775501988385937160386391123365878769231262117289181415930544745012658551481260119973038667718574157725653361057785178361752255483044365562837338217802824280562612215775311490079446958930391426694910967587768580141724311053670123223300429546464443742639662383834288833645828414883462161657446719565646442212019014426925548382805597343'), mpf('0.00000000000000000000000000000000000000000000000000000000000000000000000000000000092133400318132391682583681007119693051548406188747358767931566238505399503956691263899267150192083466912350462624465612332188301503028654588731920193679105150096758574772283991174114944597976892316337999878727943992132283660889177286390914456590000828627299990566105004438814970768448134085807514430508450993232496698187519524823719059823552226931816671438548769140924255098983367881005067803353631403233279005064369739884340019578899806534867556578698054144118002816648341181766479448179'), mpf('0.0000000000000000000000000000000000000000000000000000000000000000089655750107569186779587655962374618142671386133497937663517455790964819025374808995344313529099884443347154136551338562519829989775115824511412699426235194893603027426361633440585637060923469974980574517215979443959155189370933156570279688506772552708504886527495192707801575938168584061093226042248236724988908510948597951853474883538215347293397901767992749706485236955813058095203330254279745845590403864124597209690213354826723216614743626168935295116519522169390780175948904032903538'), mpf('0.000000000000000000000000000000000000000000000000000000000000000016425090475076091011244259636751717973254786869746236587018421540432646402979143937960465809739194602416184770849803581785419709386377544105348395487119916775501988385937160386391123365878769231262117289181415930544745012658551481260119973038667718574157725653361057785178361752255483044365562837338217802824280562612215775311490079446958930391426694910967587768580141724311053670123223300429546464443742639662383834288833645796839362780370042427284049471347576810006876138218194550168316'), mpf('0.000000000000030883417476829808230860647161218733112257837831687470562787440614174963544875306986335201777415065204531404521065562939010450715843268426473040971185513440459998727833698733640583545271197956080283265566261354598454678033759778373450105981975082458670407157588781591021963649183725384285570913660467942165396970537202593534995101793303840261327703746349192681279064177755069614371039364290547672276984269714255499634214287325489937499460712729295113560428564038088064194162642156846051832')]]]


header_evaluation: fail - could not save kBT = mpf('0.028708643150456998040645441960805328562855720520019531249999999999999999999999999999999999999999999999999999999999999999999999999999999999999999999999999999999999999999999999999999999999999999999999999999999999999999999999999999999999999999999999999999999999999999999999999999999999999999999999999999999999999999999999999999999999999999999999999999999999999999999999999999999999999999999999999999999999999999999999999999999999999999999999999999999999999999999999999999999999999999999999966')


header_evaluation: fail - could not save mp = <mpmath.ctx_mp.MPContext object at 0x0000028B83467620>


header_evaluation: fail - could not save rate_map = [[[333.15, 1.0], [mpf('0.00000000000000000000000000000000000000000000000000000000000000000000000000000000000000000000000000000000000000000000000076633221593103918985582567381141875281829959409110459125941478945596360127095904553419369244000692971529842738562491104884377430605261689137565234843891679687125188517318438870694205189233730260515619534849813383593559462084815712150969746592534805078151248191567533518264512639025580143921767836049342777701887924987360151748983116293232361932469181498717709489155112853663126249438700897554990889762054284565786018210695869000814287864403603177628812667682355444298871032897097352538121'), mpf('0.00000000000000000000000000000000000000000000000000000000000000000000000000000000000000000000000000000000000000000000000076633221593103918985582567381141875281829959409110459125941478945596360127095904553419369244000692971529842738562491448937368611655593687242954297204488449486035632235537740348097043541688495513075883684409495310708336340718242073872155154078525866976508448700117264193611707071213075300466975578913160204048969484794999636632439240293674525560357042045539260744467111957512967155072175519162619943796637370872341758327197999178918510939732460780315647544319247811779783600650768017033473'), mpf('0.00000000000000000000000000000000000000000000000000000000000000000000000000000000000000000000000000000000000000000000000076633221593103918985582567381141875281829959409110459125941478945596360127095904553419369244000692971529842738562491104884377430605261689137565234843891679687125188517318438870694205189233730260515619534849813383593559462084815712150969746592534805078151248191567533518264512639025580143921767836049343077908530388857151411014253471586237779799340395437118264759540841487494014964911591854333778220938448866272097525899884381958056591013765965379368429732531951477918842854040226516720331'), mpf('0.0000000000000000000000000000000000000000000000000000000000000000000000000000000000000000000000000000000000000000000000007663322159310391898558256738114187528182995940911045912594147894559636012709590455341936924400069297152962576979075918239094809501003315009686295802819837036333532960260311740580787865875298743584177894542843876223018330526900053268178737114297214514187011982761266894316561918949982189733423705099633240714099562399120846468280387889378739907662320631091547120023853404971325017971115965009150745902949912070582018993449937539634457965245944741540672068112108566225497480255772556207079'), mpf('0.00000000000000000000000000000000000000000000000000000000000000000000000000000000000000000000000000000000000000000000000076633221593103918985582567381141875281829959409110459125941478945596360127095904553419369244000692971529842738562491104884377430605261689137565234843891679687125188517318438870694205189233730260515619534849813383593559462084815712150969746592534805078151248191567533518264512639025586958428375911621565372942064215999437712887725473107648067944757640636089153466294331896490939810338582350583530760006638509386594826087875253771192169335543546371067288904855500558977610817523664788236512'), mpf('0.00000000000000000000000000000000000000000000000000000000000000000000000000000000000000000000000000000000000000000000000076633221593103918985582567381141875281829959409110459125941478945596360127095918421630854332009642466283106516299292056106693184610733956113617228476978313890164630142698753774646224094690694913941615613683856323690216980753801072061694950744992666957310064660724103834826558647629025752061101346216229666833160502044822016554882673343744729960219951793039620309899884196464269376092156827941535635152826895180683098212446946897744284871697290871494555706601348010794078516019567194341838'), mpf('0.0000000000000000000000000000000000000000000000000000000000000000000000000000000000000000000000000000000000000000000000007663322159310391898558256738114187528182995940911045912594147894559636012709590455341936924400069297152984273856249110488437743060522633304280369373292053156652404927443479094093703590571128536490775506867432492730753515712149534570665038373766939466590785459451666370821674159125272343509352869837158635751447398070348255212461403189252969501982570337260077488729176661800321936945272003630417662054129682198414998874396397961591335317465123111352426003350169570951168488249398531832546'), mpf('0.00000000000000000000000000000000000000000000000000000000000000000000000000000000000000000000000000000000000000000000000076633221593103918985582567381141875281829959409110459125941478945596360127095904553419369244000692971529842738562491104884377430605261689137565234843891679687125188517318438870694205189233730260515619534849813383593559462084815712150969746592534805078151248191567533518264512639025580143921767836049343229667174482810075957787821285812631758909178440532739642791547089761803942474903971188115776426004483189534731869973171748381106825744485425149016454868270002017440926175647295196387312')]]]


header_evaluation: fail - could not save tolerance = mpf('9.9999999999999999999999999999999999999999999999999999999999999999999999999999999999999999999999999999999999999999999999999999999999999999999999999999999999999999999999999999999999999999999999999999999999999999999999999999999999999999999999999999999999999999999999999999999999999999999999999999999999999999999999999999999999999999999999999999999999999999999999999999999999999999999999999279821642666651341375612045949991678539398627562470234654364573010444169760118642175447502958175667478e-341')


header_evaluation: fail - could not save turnover_frequency_map = [[[333.15, 1.0], [mpf('0.00000000000000000000000000000000000000000000000000000000000000000000000000000000000000000000000000000000000000000000000076633221593103918985582567381141875281829959409110459125941478945596360127095904553419369244000692971529842738562491104884377430605261689137565234843891679687125188517318438870694205189233730260515619534849813383593559462084815712150969746592534805078151248191567533518264512639025586958428375911621565372942064215999437712887725473107648067944757640636089153466294331896490939810338582350583530760006638509386594826087875253771192169335543546371067288904855500558977610817523664788236512'), mpf('-0.00000000000000000000000000000000000000000000000000000000000000000000000000000000000000000000000000000000000000000000000076633221593103918985582567381141875281829959409110459125941478945596360127095904553419369244000692971529842738562491104884377430605261689137565234843891679687125188517318438870694205189233730260515619534849813383593559462084815712150969746592534805078151248191567533518264512639025580143921767836049343077908530388857151411014253471586237779799340395437118264759540841487494014964911591854333778220938448866272097525899884381958056591013765965379368429732531951477918842854040226516720331'), mpf('-0.00000000000000000000000000000000000000000000000000000000000000000000000000000000000000000000000000000000000000000000000076633221593103918985582567381141875281829959409110459125941478945596360127095904553419369244000692971529842738562491104884377430605261689137565234843891679687125188517318438870694205189233730260515619534849813383593559462084815712150969746592534805078151248191567533518264512639025580143921767836049342777701887924987360151748983116293232361932469181498717709489155112853663126249438700897554990889762054284565786018210695869000814287864403603177628812667682355444298871032897097352538121'), mpf('0.00000000000000000000000000000000000000000000000000000000000000000000000000000000000000000000000000000000000000000000000076633221593103918985582567381141875281829959409110459125941478945596360127095904553419369244000692971529842738562491104884377430605261689137565234843891679687125188517318438870694205189233730260515619534849813383593559462084815712150969746592534805078151248191567533518264512639025580143921767836049343229667174482810075957787821285812631758909178440532739642791547089761803942474903971188115776426004483189534731869973171748381106825744485425149016454868270002017440926175647295196387312')]]]

"""