from numpy import array

try:
    import cPickle as pickle

except: #workaround for python3.X
    import _pickle as pickle


from mpmath import mpf 

parser = None

scaler = 'ThermodynamicScaler'

thermodynamics = 'ThermoCorrections'

solver = 'SteadyStateSolver'

mapper = 'MinResidMapper'

binary_data = pickle.load(open("baseline_tihf.pkl","rb"))

locals().update(binary_data)

__citation__ = """If you find CatMAP useful to your research, please cite both the following papers:

 Medford, A. J., Shi, C., Hoffmann, M. J., Lausche, A. C., Fitzgibbon, S. R., Bligaard, T., & Nørskov, J. K. (2015). CatMAP: a software package for descriptor-based microkinetic mapping of catalytic trends. Catalysis Letters, 145, 794-807. 
 Vijay, S., H. Heenen, H., Singh, A. R., Chan, K., & Voss, J. (2024). Number of sites-based solver for determining coverages from steady-state mean-field micro-kinetic models. Journal of Computational Chemistry, 45(9), 546-551.
"""
A_uc = None

DEBUG = False

adsorbate_interaction_model = 'ideal'

adsorbate_interactions = None

adsorbate_names = ('C6H12O_s', 'C6H12_s', 'H2O2_s', 'H2O_s', 'Ha_s', 'Hb_s', 'OH_s', 'OOH_s', 'O_s')

adsorbate_thermo_mode = 'frozen_adsorbate'

analytical_jacobian = True

atomic_reservoir_dict = {'H': 'H2O2_g', 'C': 'C6H12_g', 'O': 'H2O_g'}

atomic_reservoir_list = [{'H': 'C6H12O_g', 'C': 'C6H12_g', 'O': 'H2O2_g'}, {'H': 'C6H12O_g', 'C': 'C6H12_g', 'O': 'H2O_g'}, {'H': 'H2O2_g', 'C': 'C6H12O_g', 'O': 'H2O_g'}, {'H': 'H2O2_g', 'C': 'C6H12_g', 'O': 'H2O_g'}]

atoms_dict = {}

citation_info_written = True

coverage_headers = ['coverage', 'coadsorbate_coverage']

data_file = 'baseline_tihf.pkl'

decimal_precision = 360

descriptor_decimal_precision = 2

descriptor_names = ('temperature', 'pressure')

descriptor_ranges = [[333.15, 333.15], [1.0, 1.0]]

echem_transition_state_names = []

electrochemical_thermo_mode = 'simple_electrochemical'

elementary_rxns = ([['s', 'H2O2_g'], ['H2O2_s']], [['H2O2_s', 's'], ['Ha_s', 'OOH_s']], [['s', 'C6H12_g'], ['C6H12_s']], [['OOH_s', 'C6H12_s', 's'], ['OOH-C6H12_s', 's', 's'], ['C6H12O_s', 'O_s', 'Hb_s']], [['C6H12O_s'], ['C6H12O_g', 's']], [['Hb_s', 'O_s'], ['Hb-O_s', 's'], ['OH_s', 's']], [['Ha_s', 'OH_s'], ['s', 'H2O_s']], [['H2O_s'], ['H2O_g', 's']])

estimate_frequencies = True

extrapolate_coverages = False

fix_x_star = False

fixed_entropy_dict = {'H2_g': 0.00135, 'other': 0.002}

force_recalculation = False

force_recompilation = False

frequency_dict = {'C6H12_g': [], 'H2O2_g': [], 'H2O_g': [], 'C6H12O_g': [], 's': [], 'Ha_s': [], 'Hb_s': [], 'Hb-O_s': [], 'C6H12O_s': [], 'C6H12_s': [], 'H2O2_s': [], 'H2O_s': [], 'OH_s': [], 'OOH_s': [], 'O_s': [], 'OOH-C6H12_s': [], 'g': [], '*_g': [], '*_s': []}

frequency_surface_names = []

frequency_unit_conversion = 0.0001239842

gas_names = ('C6H12O_g', 'C6H12_g', 'H2O2_g', 'H2O_g')

gas_pressures = [np.float64(1e-20), np.float64(1.0), np.float64(0.185), np.float64(0.815)]

gas_thermo_mode = 'frozen_gas'

hbond_dict = {'COOH': -0.25, 'OCHO': 0.0, 'CO': -0.1, 'CHO': -0.1, 'CH2O': 0.0, 'OCH3': 0.0, 'O': 0.0, 'OH': -0.5, 'H': 0.0, 'COH': -0.25, 'C': 0.0, 'CH': 0.0, 'CH2': 0.0, 'CH3': 0.0, 'CHOH': -0.25, 'COHOH': -0.25, 'OCH2O': 0.0, 'CH2OH': -0.25, 'OCHCH2': 0.0, 'OCHCHO': 0.0}

hindered_ads_params = {}

ideal_gas_params = {'H2_g': [2, 'linear', 0], 'N2_g': [2, 'linear', 0], 'O2_g': [2, 'linear', 1.0], 'H2O_g': [2, 'nonlinear', 0], 'CO_g': [1, 'linear', 0], 'CH4_g': [12, 'nonlinear', 0], 'NH3_g': [3, 'nonlinear', 0], 'CH3OH_g': [1, 'nonlinear', 0], 'CH3CH2OH_g': [1, 'nonlinear', 0], 'CO2_g': [2, 'linear', 0], 'CH2O_g': [2, 'nonlinear', 0], 'HCOOH_g': [1, 'nonlinear', 0], 'CH2CH2_g': [4, 'nonlinear', 0], 'CH3CHCH2_g': [1, 'nonlinear', 0], 'CH3CH2CHCH2_g': [1, 'nonlinear', 0], 'CH3CHCHCH3_g': [2, 'nonlinear', 0], 'CH3CH3CCH2_g': [2, 'nonlinear', 0], 'pe_g': [2, 'linear', 0], 'C2H2_g': [2, 'linear', 0], 'C2H4_g': [4, 'nonlinear', 0], 'C2H6_g': [6, 'nonlinear', 0], 'C3H6_g': [1, 'nonlinear', 0], 'CH3COOH_g': [1, 'nonlinear', 0], 'CH3CHO_g': [1, 'nonlinear', 0], 'C5H4O2_g': [1, 'nonlinear', 0], 'C5H6O2_g': [1, 'nonlinear', 0], 'C5H6O_g': [1, 'nonlinear', 0], 'HCl_g': [1, 'linear', 0], 'Cl2_g': [2, 'linear', 0]}

input_file = 'H:\\catmap\\catmap\\lyq_alkene_epoxidation\\2-creating_microkinetic_model\\energies_dft_neb.txt'

interaction_fitting_mode = None

interaction_surface_names = None

internally_constrain_coverages = True

max_bisections = 5

max_damping_iterations = 10

max_initial_guesses = 3

max_rootfinding_iterations = 400

model_name = 'baseline_tihf'

numerical_representation = 'mpmath'

optimize_analytical_expressions = False

outer_solver_log = 'outer_solver.log'

output_labels = {'coverage': ('C6H12O_s', 'C6H12_s', 'H2O2_s', 'H2O_s', 'Ha_s', 'Hb_s', 'OH_s', 'OOH_s', 'O_s'), 'rate': ([['s', 'H2O2_g'], ['H2O2_s']], [['H2O2_s', 's'], ['Ha_s', 'OOH_s']], [['s', 'C6H12_g'], ['C6H12_s']], [['OOH_s', 'C6H12_s', 's'], ['OOH-C6H12_s', 's', 's'], ['C6H12O_s', 'O_s', 'Hb_s']], [['C6H12O_s'], ['C6H12O_g', 's']], [['Hb_s', 'O_s'], ['Hb-O_s', 's'], ['OH_s', 's']], [['Ha_s', 'OH_s'], ['s', 'H2O_s']], [['H2O_s'], ['H2O_g', 's']]), 'turnover_frequency': ('C6H12O_g', 'C6H12_g', 'H2O2_g', 'H2O_g')}

output_variables = ['coverage', 'rate', 'turnover_frequency']

parameter_mode = 'formation_energy'

parameter_names = ('C6H12O_s', 'C6H12_s', 'H2O2_s', 'H2O_s', 'Ha_s', 'Hb_s', 'OH_s', 'OOH_s', 'O_s', 'Hb-O_s', 'OOH-C6H12_s')

parse_headers = ['formation_energy', 'frequencies']

perturbation_size = 1e-14

prefactor_list = ['kB*T/h', 'kB*T/h', 'kB*T/h', 'kB*T/h', 'kB*T/h', 'kB*T/h', 'kB*T/h', 'kB*T/h']

pressure = np.float64(1.0)

pressure_mode = 'concentration'

recalculate = True

required_headers = ['species_name', 'surface_name', 'site_name', 'formation_energy', 'frequencies', 'reference']

residual_threshold = 0.9

resolution = [1, 1]

rxn_expressions = ['* + H2O2_g <-> H2O2*', 'H2O2* + * -> Ha* + OOH*', '* + C6H12_g <-> C6H12*', 'OOH* + C6H12* + * <-> OOH-C6H12* + 2* -> C6H12O* + O* + Hb*', 'C6H12O* <-> C6H12O_g + *', 'Hb* + O* <-> Hb-O* + * -> OH* + *', 'Ha* + OH* -> * + H2O*', 'H2O* <-> H2O_g + *']

rxn_options_dict = {'prefactor': {}, 'beta': {}}

scaling_constraint_dict = {'OOH_s': ['+', 0, None], 'O_s': [0, '+', None]}

search_directions = [[0, 0], [0, 1], [1, 0], [0, -1], [-1, 0], [-1, 1], [1, 1], [1, -1], [-1, -1]]

setup_file = 'baseline_tihf.mkm'

shomate_params = {'H2_g:298-1000': [33.066178, -11.363417, 11.432816, -2.772874, -0.158558, -9.980797, 172.707974, 0], 'H2_g:1000-2500': [18.563083, 12.257357, -2.859786, 0.268238, 1.97799, -1.147438, 156.288133, 0], 'H2_g:2500-6000': [43.41356, -4.293079, 1.272428, -0.096876, -20.533862, -38.515158, 162.081354, 0], 'CH4_g:298-1300': [-0.703029, 108.4773, -42.52157, 5.862788, 0.678565, -76.84376, 158.7163, -74.8731], 'CH4_g:1300-1600': [85.81217, 11.26467, -2.114146, 0.13819, -26.42221, -153.5327, 224.4143, -74.8731], 'CO_g:298-1300': [25.56759, 6.09613, 4.054656, -2.671201, 0.131021, -118.0089, 227.3665, -110.5271], 'CO_g:1300-1600': [35.1507, 1.300095, -0.205921, 0.01355, -3.28278, -127.8375, 231.712, -110.5271], 'H2O_g:100-500': [36.303952, -24.11232, 63.64111, -38.9524, -0.01385, -10.23966, 237.39431, 0.0], 'H2O_g:500-1700': [30.092, 6.832514, 6.793435, -2.53448, 0.082139, -250.881, 223.3967, -241.8264], 'H2O_g:1700-6000': [41.96426, 8.622053, -1.49978, 0.098119, -11.15764, -272.1797, 219.7809, -241.8264], 'CO2_g:298-1200': [24.99735, 55.18696, -33.69137, 7.948387, -0.136638, -403.6075, 228.2431, -393.5224], 'CO2_g:1200-6000': [58.16639, 2.720075, -0.492289, 0.038844, -6.447293, -425.9186, 263.6125, -393.5224], 'O2_g:100-700': [31.32234, -20.23531, 57.8664, -36.50624, -0.007374, -8.903471, 246.7945, 0.0], 'O2_g:700-2000': [30.03235, 8.772972, -3.988133, 0.788313, -0.741599, -11.32468, 236.1663, 0.0], 'O2_g:2000-6000': [20.91111, 10.72071, -2.020498, 0.146449, 9.245722, 5.337651, 237.6185, 0.0], 'NH3_g:298-1400': [19.99563, 49.77119, -15.37599, 1.921168, 0.189174, -53.30667, 203.8591, -45.89806], 'N2_g:100-500': [28.98641, 1.853978, -9.647459, 16.63537, 0.000117, -8.671914, 226.4168, 0.0], 'N2_g:500-2000': [19.50583, 19.88705, -8.598535, 1.369784, 0.527601, -4.935202, 212.39, 0.0], 'N2O_g:298-1400': [27.67988, 51.14898, -30.64454, 6.847911, -0.157906, 71.24934, 238.6164, 82.04824], 'NO2_g:298-1200': [16.10857, 75.89525, -54.3874, 14.30777, 0.239423, 26.17464, 240.5386, 33.09502], 'NO_g:298-1200': [23.83491, 12.58878, -1.139011, -1.497459, 0.214194, 83.35783, 237.1219, 90.29114], 'NO3_g:298-1200': [11.22316, 166.3889, -148.4458, 47.40598, -0.176791, 61.00858, 221.7679, 71.128], 'HNO2_g:298-1200': [24.89974, 91.37563, -64.84614, 17.92007, -0.134737, -88.13596, 254.2671, -76.73498], 'HNO3_g:298-1200': [19.63229, 153.9599, -115.8378, 32.87955, -0.249114, -146.8818, 247.7049, -134.306], 'HCN_g:298-1200': [32.69373, 22.59205, -4.369142, -0.407697, -0.282399, 123.4811, 233.2597, 135.1432], 'CH2CH2_g:298-1200': [-6.38788, 184.4019, -112.9718, 28.49593, 0.31554, 48.17332, 163.1568, 52.46694], 'CH2O_g:298-1500': [5.193767, 93.23249, -44.85457, 7.882279, 0.551175, -119.3591, 202.4663, -115.8972], 'CH3OH_g:298-1500': [-1.0845814245433651, 153.2463565199489, -79.53050359618254, 16.47130239316011, 0.5220334601533215, -4.897417024069, 199.1893745506112, 0.0], 'C5H4O2_g:100-1500': [-16.36694, 0.46958, -0.000331925, 8.50912e-08, 198590.9145, -1661.34999, -15.68938, 12461.34999], 'C5H6O2_g:100-1500': [-18.57626, 0.50733, -0.000335824, 8.28263e-08, 231619.2141, -6357.53523, 2.75692, 7057.53523], 'C5H6O_g:50-1500': [1.26847, 0.35388, -0.000173962, 2.87427e-08, 48401.71207, -5691.94893, -85.38991, 7191.94893], 'Cl2_g:298-1000': [33.0506, 12.2294, -12.0651, 4.38533, -0.159494, -10.8348, 259.029, 0.0], 'HCl_g:298-1200': [32.12392, -13.45805, 19.86852, -6.853936, -0.049672, -101.6206, 228.6866, -92.31201], 'CH3CH2OH_g:298-1500': [-4.7367880805894265, 271.96181550301463, -169.34946529216657, 43.73860153608533, 0.24643430702178773, -9.828280829187861, 203.3325622617075, 0.0], 'CH3CHO_g:298-1500': [4.8037386340099095, 185.92002366990326, -99.1084610902012, 20.61473919069016, 0.2770802548558646, -8.566600040790945, 220.00244674443837, 0.0], 'HCOOH_g:298-1500': [3.802752304225226, 153.66217894746168, -84.64046773816926, 16.297377707561505, 0.2772064997263338, -6.16527, 212.9698972559699, 0]}

site_names = ('g', 's')

species_definitions = {'C6H12_g': {'name': 'C6H12', 'site': 'g', 'type': 'gas', 'n_sites': 0, 'composition': {'H': 12, 'C': 6}, 'concentration': 1.0, 'formation_energy': -26.031223, 'formation_energy_source': 'DFT_Gibbs_gas', 'frequencies': []}, 'H2O2_g': {'name': 'H2O2', 'site': 'g', 'type': 'gas', 'n_sites': 0, 'composition': {'H': 2, 'O': 2}, 'concentration': 0.185, 'formation_energy': -7.162091, 'formation_energy_source': 'DFT_Gibbs_gas', 'frequencies': []}, 'H2O_g': {'name': 'H2O', 'site': 'g', 'type': 'gas', 'n_sites': 0, 'composition': {'H': 2, 'O': 1}, 'concentration': 0.815, 'formation_energy': -7.614457, 'formation_energy_source': 'DFT_Gibbs_gas', 'frequencies': []}, 'C6H12O_g': {'name': 'C6H12O', 'site': 'g', 'type': 'gas', 'n_sites': 0, 'composition': {'H': 12, 'C': 6, 'O': 1}, 'concentration': 1e-20, 'formation_energy': -27.667771, 'formation_energy_source': 'DFT_Gibbs_gas', 'frequencies': []}, 's': {'name': 's', 'site': 's', 'type': 'site', 'formation_energy': 0, 'n_sites': 1, 'composition': {}, 'site_names': ['111'], 'total': 1, 'frequencies': []}, 'Ha_s': {'name': 'Ha', 'site': 's', 'type': 'adsorbate', 'n_sites': 1, 'composition': {'H': 1}, 'formation_energy': [-0.8904355], 'formation_energy_source': ['DFT_Gibbs_single'], 'frequencies': []}, 'Hb_s': {'name': 'Hb', 'site': 's', 'type': 'adsorbate', 'n_sites': 1, 'composition': {'H': 1}, 'formation_energy': [0.4834265], 'formation_energy_source': ['DFT_Gibbs_single'], 'frequencies': []}, 'Hb-O_s': {'name': 'Hb-O', 'site': 's', 'type': 'transition_state', 'n_sites': 1, 'composition': {'H': 1, 'O': 1}, 'formation_energy': [1.042426], 'formation_energy_source': ['NEB_forward_TS_minus_IS_mapped'], 'frequencies': []}, 'C6H12O_s': {'name': 'C6H12O', 'site': 's', 'type': 'adsorbate', 'n_sites': 1, 'composition': {'H': 12, 'C': 6, 'O': 1}, 'formation_energy': [-27.953115], 'formation_energy_source': ['DFT_Gibbs_single'], 'frequencies': []}, 'C6H12_s': {'name': 'C6H12', 'site': 's', 'type': 'adsorbate', 'n_sites': 1, 'composition': {'H': 12, 'C': 6}, 'formation_energy': [-26.1186915], 'formation_energy_source': ['DFT_Gibbs_single'], 'frequencies': []}, 'H2O2_s': {'name': 'H2O2', 'site': 's', 'type': 'adsorbate', 'n_sites': 1, 'composition': {'H': 2, 'O': 2}, 'formation_energy': [-7.2401555], 'formation_energy_source': ['DFT_Gibbs_single'], 'frequencies': []}, 'H2O_s': {'name': 'H2O', 'site': 's', 'type': 'adsorbate', 'n_sites': 1, 'composition': {'H': 2, 'O': 1}, 'formation_energy': [-7.729881], 'formation_energy_source': ['DFT_Gibbs_single'], 'frequencies': []}, 'OH_s': {'name': 'OH', 'site': 's', 'type': 'adsorbate', 'n_sites': 1, 'composition': {'H': 1, 'O': 1}, 'formation_energy': [-3.1592795], 'formation_energy_source': ['DFT_Gibbs_single'], 'frequencies': []}, 'OOH_s': {'name': 'OOH', 'site': 's', 'type': 'adsorbate', 'n_sites': 1, 'composition': {'H': 1, 'O': 2}, 'formation_energy': [-3.8063665], 'formation_energy_source': ['DFT_Gibbs_single'], 'frequencies': []}, 'O_s': {'name': 'O', 'site': 's', 'type': 'adsorbate', 'n_sites': 1, 'composition': {'O': 1}, 'formation_energy': [0.3350345], 'formation_energy_source': ['DFT_Gibbs_single'], 'frequencies': []}, 'OOH-C6H12_s': {'name': 'OOH-C6H12', 'site': 's', 'type': 'transition_state', 'n_sites': 1, 'composition': {'H': 13, 'C': 6, 'O': 2}, 'formation_energy': [-29.693216], 'formation_energy_source': ['NEB_forward_TS_minus_IS_mapped'], 'frequencies': []}, 'g': {'name': 'g', 'site': 'g', 'type': 'site', 'formation_energy': 0, 'n_sites': 0, 'site_names': ['gas'], 'total': 0, 'composition': {}, 'frequencies': []}, '*_g': {'name': 'g', 'site': 'g', 'type': 'site', 'formation_energy': 0, 'n_sites': 0, 'site_names': ['gas'], 'total': 0, 'composition': {}, 'frequencies': []}, '*_s': {'name': 's', 'site': 's', 'type': 'site', 'formation_energy': 0, 'n_sites': 1, 'composition': {}, 'site_names': ['111'], 'total': 1, 'frequencies': []}}

standard_coadsorbate_coverage = 'min'

standard_coverage = 'min'

surface_names = ('tihf',)

temperature = np.float64(333.15)

thermodynamic_corrections = ['gas', 'adsorbate']

thermodynamic_variables = ['temperature', 'gas_pressures', 'voltage', 'beta', 'pH', 'Upzc', 'gas_thermo_mode', 'adsorbate_thermo_mode', 'pressure']

transition_state_names = ('Hb-O_s', 'OOH-C6H12_s')

use_numbers_solver = True

verbose = 1

stdout = """header_evaluation: fail - could not save mp = <mpmath.ctx_mp.MPContext object at 0x0000028B83467620>


header_evaluation: fail - could not save tolerance = mpf('9.9999999999999999999999999999999999999999999999999999999999999999999999999999999999999999999999999999999999999999999999999999999999999999999999999999999999999999999999999999999999999999999999999999999999999999999999999999999999999999999999999999999999999999999999999999999999999999999991986250407867081045460800221478231602755638906948741730799667110094055338977449079126578103680743092e-261')


rootfinding_iteration_2: cancel - stationary point or singular jacobian (residual = 3.1029510965340735e+22)
initial_evaluation: fail - initial guess at point [333.15, 1.00]
mapper_iteration_0: status - 1 points do not have valid solution.
rootfinding_iteration_2: cancel - stationary point or singular jacobian (residual = 3.102951097057098e+22)
minresid_iteration_0: fail - [333.15, 1.00] using coverages from [333.15, 1.00]; initial residual was 6.890844865083376e+55 (residual = 3.102951097057098e+22)
minresid_iteration_1: success - [333.15, 1.00] using coverages from [333.15, 1.00]
mapper_iteration_1: status - 0 points do not have valid solution.
header_evaluation: fail - could not save coverage_map = [[[np.float64(333.15), np.float64(1.0)], [mpf('0.0000000000000000000000000000000000000000000000000000000000000000000000001731404184850285788821261132551006882535945354197414981448163145558600617247204514449339399283068701614794835275932838263336434536959001969811171789611502613429290706291580872360997049965921523389001283640456719180406336052376385228509217079089059179384459393131234294566371906275950780617701817588968694227567331214574889497885030771389382698336739165504999648803948926479503625034631703'), mpf('0.00000000000000000000000000000000000000000000000000000001757947657146387523555529567718155644574364919860488136841345656487182692196756193348108895360323284548426128808204324411765585429364805211267862102523689579683852397465857344165401335346918382448162235966487065177285849869576969893473790092014658331561629309805766222792278299749042175355770390864723842362789038465614897605660302066374504786352766671920645160332501971043507842365355505'), mpf('0.000000000000000000000000000000000000000000000000000000002343781866483975018696527764342233963885693230448336214531993475344149539968963673554280256794562649259794598262622538525156023633547030653516969053738851096723447496549326937770742838048108977510926713721589330054381719597915200210338547110012538967305212048825545752095637367261777504486876300788643562974531555792923925093052150035750261603257556904017785805368258834495665962947346387'), mpf('0.00000000000000000000000000000000000000000000000000000003793715333062700986450268116272119500685192226061281868362112548787833192156048800480581932520599702140402669245611681564568395824000005684492969746409392915478357575492146979079712071076047983927404327019221438033915860704942157301175132840429582187126984275728275730244835151675737349044131147774235158606415423839263167487555908293490172084472662966702356231431102343569624634662345828'), mpf('5.990439021584846454482153887369452695993360256522035910765335823762735383077354996222217308443454923636052652561497618727126698498589015809869063710032787212292438466710893265773858755388710253267974201564872054855228473394571621354041702416992480662265383583068794902708460978339484572680972423719161400263864076537992798040798032936213819731319205015698558552930645688220114014425522435e-144'), mpf('0.0000000000000000000000000000000000000000000000000000000000000000000000000000000000000000000000000000000000000247078153644020169909986233461602546013794213813670108145858612484017091049213160240970467958038059115331490317133594741390370200243797856037277020397428559613543868180279157018183047195444661850451339600677973384320941770441751888474313843341499299104417862394517090357494157198698638236383878596853331442078782624788647703803704155516739968114018319893884121263421889744154802809216869'), mpf('0.9999999773482546436766966840382858295532447337007039442713333772518862310828162345449048002060819028230549509370610808251276718501665463111769176454758252830885979923424746721763883129207368298422540550085587677937015336687898475449675298827509232829426297855951177981782192566292220931318792446063067498456145481685892973336145335204186378990042259631226466992820676713239684932126652952'), mpf('0.0000000000007295818288585950732586583171695361143544026521886511238889734079558564951853180112478318841001314067294991669684925809343999220848262033646109611904126909762280743337451868717873387517253684928940175709698885529758378733566203864025700620439635095335323378874961051002591825330567560292859554796676138405906309771823439593868256725263844567287077049638609243054971127765679933022519960191'), mpf('0.00000002265101577449444472088845551212958573018494165301778231742509130304462358535140157526235640249412646837641615427368937183383454871556738966850038019440052906816388605310150007101805406512706186545240266254443643957541910141619600665339261911601492121080370071705835849526273774002142181398770459893119587092398325999375140105883139678127784972655471168940572172578932255636027910073333788'), mpf('0.0000000000000000000000000000000000000000000000000000000008352424305586321727094005192347422217064848539517247349243394219766402157525535373093556305164966340249724446700098227659819671473702542012324086675450047928973029471798852959834320667146060052519246165352393577565135465752770232341660513729307512548082402927018161836894445123016806204355083326158371329964109297695747614167075266911004541767047897631004396977834338185285550762120658629')]]]


header_evaluation: fail - could not save kBT = mpf('0.0287086431504569980406454419608053285628557205200195312499999999999999999999999999999999999999999999999999999999999999999999999999999999999999999999999999999999999999999999999999999999999999999999999999999999999999999999999999999999999999999999999999999999999999999999999999999999999999999999999999999999999999999999999999999999999999999999999999999999999999999999999999999999999999999999')


header_evaluation: fail - could not save mp = <mpmath.ctx_mp.MPContext object at 0x0000028B83467620>


header_evaluation: fail - could not save rate_map = [[[np.float64(333.15), np.float64(1.0)], [mpf('2.210962117161424771933608761379474531766117793726555285716091180291523917329411693634674895189166871602338800867942476753878279978611135963574317616251837571432268178931486287416683661249193346762179814271271532402796244153600323639250324084942127334336854231633391146177827245680192191706139320427871938326006974056639519842331201825435318990811319540909551494197491809078751849452681011e-179'), mpf('4.549147840450035041277537235327867392990296787985199336561329918242721411161808335516295378765020766755685358088419664549512099590333680446570248491526330787837495224721343881224184886697272422890208716303683420169489210545981356661180431978745774288069641481744242844972318128774737188829070878895174102346312996554300712254189599313391059987937812585368123004648179326004473454756301081e-140'), mpf('2.210962117161424771933608761379474531766117793726555285716091180291523917329411693651130349031010429113872630865723786568837764147599697892277205084872776074881843155363433240356892122675884416709635627063745817335779855823309776857075643663823946057927973372344671625005310197390006636055638920450953100808761535912535775998025254555923987633953075234899339318755467483888027473997709034e-179'), mpf('4.56128633846141538955925760270279152316809363983643085229968042735919620156684420574956617319171649022948624617151808651227363476507173120114014309048994055037291738846497374288672643978234452931635503228378189217831314581141965042089338321764390387987367626679541655882640270776730093670864289933805661773055381755245206804040583910695400902594927751585970383154582985964994828520919455e-155'), mpf('2.210962117161424771933608761379474531766117793726555285716091180665052624168805345405657354733874554592978085495764867099866959727908011976778161858372258092444304697215055621578740635925952215498776614647443922984107529666145568247132432916616221365072184123419416794552606017714607587300137435457298808470651140369191700270142566516740965502711240121503298879690885418650601283414640223e-179'), mpf('-4.664132852537508957433675321816246097009765110086982149181528676678669544583895472767750227821315180900741226914622727902848190544482724977066694835055120204781769405190817956448494411507274224870202235637103032588213549943886404298534777714623759196695725183616648791521758155937167184350713376901178516648999036749578434522588324015173041228034902403524514616118018618446845229701791048e-167'), mpf('4.158394542702508457833932276814352690501100796653716989677847265541428069342542617697178545184037534371761041497175115942922600771476388540192205664217055590763242498420635038741274301746110556339399660010588678848271429069737078765666544886288533938376027087164235368306867176385564945755268797061039331050933883779259147363378506105976844435925802180036977812106866056355811804344200173e-131'), mpf('2.210962117161424771933608761379474531766117793726555285716091180291523917329411693659448810416452140342929735524740689787004060437008594388884323052709459956078621748584266382862664255221022902126854733850804845395661749952396230123921547948393108160604125934614982454523017321302622354980859502620065846105111532160168056017181155855058063472938056364209887140300328546970867999848082318e-179')]]]


header_evaluation: fail - could not save tolerance = mpf('9.9999999999999999999999999999999999999999999999999999999999999999999999999999999999999999999999999999999999999999999999999999999999999999999999999999999999999999999999999999999999999999999999999999999999999999999999999999999999999999999999999999999999999999999999999999999999999999999991986250407867081045460800221478231602755638906948741730799667110094055338977449079126578103680743092e-261')


header_evaluation: fail - could not save turnover_frequency_map = [[[np.float64(333.15), np.float64(1.0)], [mpf('2.210962117161424771933608761379474531766117793726555285716091180665052624168805345405657354733874554592978085495764867099866959727908011976778161858372258092444304697215055621578740635925952215498776614647443922984107529666145568247132432916616221365072184123419416794552606017714607587300137435457298808470651140369191700270142566516740965502711240121503298879690885418650601283414640223e-179'), mpf('-2.210962117161424771933608761379474531766117793726555285716091180291523917329411693651130349031010429113872630865723786568837764147599697892277205084872776074881843155363433240356892122675884416709635627063745817335779855823309776857075643663823946057927973372344671625005310197390006636055638920450953100808761535912535775998025254555923987633953075234899339318755467483888027473997709034e-179'), mpf('-2.210962117161424771933608761379474531766117793726555285716091180291523917329411693634674895189166871602338800867942476753878279978611135963574317616251837571432268178931486287416683661249193346762179814271271532402796244153600323639250324084942127334336854231633391146177827245680192191706139320427871938326006974056639519842331201825435318990811319540909551494197491809078751849452681011e-179'), mpf('2.210962117161424771933608761379474531766117793726555285716091180291523917329411693659448810416452140342929735524740689787004060437008594388884323052709459956078621748584266382862664255221022902126854733850804845395661749952396230123921547948393108160604125934614982454523017321302622354980859502620065846105111532160168056017181155855058063472938056364209887140300328546970867999848082318e-179')]]]

"""