from numpy import array

try:
    import cPickle as pickle

except: #workaround for python3.X
    import _pickle as pickle


from mpmath import mpf 

parser = None

scaler = 'ThermodynamicScaler'

thermodynamics = 'ThermoCorrections'

solver = 'SteadyStateSolver'

mapper = 'MinResidMapper'

binary_data = pickle.load(open("baseline_timo.pkl","rb"))

locals().update(binary_data)

__citation__ = """If you find CatMAP useful to your research, please cite both the following papers:

 Medford, A. J., Shi, C., Hoffmann, M. J., Lausche, A. C., Fitzgibbon, S. R., Bligaard, T., & Nørskov, J. K. (2015). CatMAP: a software package for descriptor-based microkinetic mapping of catalytic trends. Catalysis Letters, 145, 794-807. 
 Vijay, S., H. Heenen, H., Singh, A. R., Chan, K., & Voss, J. (2024). Number of sites-based solver for determining coverages from steady-state mean-field micro-kinetic models. Journal of Computational Chemistry, 45(9), 546-551.
"""
A_uc = None

DEBUG = False

adsorbate_interaction_model = 'ideal'

adsorbate_interactions = None

adsorbate_names = ('C6H12O_s', 'C6H12_s', 'H2O2_s', 'H2O_s', 'Ha_s', 'Hb_s', 'OH_s', 'OOH_s', 'O_s')

adsorbate_thermo_mode = 'frozen_adsorbate'

analytical_jacobian = True

atomic_reservoir_dict = {'H': 'H2O2_g', 'O': 'H2O_g', 'C': 'C6H12_g'}

atomic_reservoir_list = [{'H': 'C6H12O_g', 'O': 'H2O2_g', 'C': 'C6H12_g'}, {'H': 'C6H12O_g', 'O': 'H2O_g', 'C': 'C6H12_g'}, {'H': 'H2O2_g', 'O': 'H2O_g', 'C': 'C6H12O_g'}, {'H': 'H2O2_g', 'O': 'H2O_g', 'C': 'C6H12_g'}]

atoms_dict = {}

citation_info_written = True

coverage_headers = ['coverage', 'coadsorbate_coverage']

data_file = 'baseline_timo.pkl'

decimal_precision = 460

descriptor_decimal_precision = 2

descriptor_names = ('temperature', 'pressure')

descriptor_ranges = [[333.15, 333.15], [1.0, 1.0]]

echem_transition_state_names = []

electrochemical_thermo_mode = 'simple_electrochemical'

elementary_rxns = ([['s', 'H2O2_g'], ['H2O2_s']], [['H2O2_s', 's'], ['Ha_s', 'OOH_s']], [['s', 'C6H12_g'], ['C6H12_s']], [['OOH_s', 'C6H12_s', 's'], ['OOH-C6H12_s', 's', 's'], ['C6H12O_s', 'O_s', 'Hb_s']], [['C6H12O_s'], ['C6H12O_g', 's']], [['Hb_s', 'O_s'], ['Hb-O_s', 's'], ['OH_s', 's']], [['Ha_s', 'OH_s'], ['s', 'H2O_s']], [['H2O_s'], ['H2O_g', 's']])

estimate_frequencies = True

extrapolate_coverages = False

fix_x_star = False

fixed_entropy_dict = {'H2_g': 0.00135, 'other': 0.002}

force_recalculation = False

force_recompilation = False

frequency_dict = {'C6H12_g': [], 'H2O2_g': [], 'H2O_g': [], 'C6H12O_g': [], 's': [], 'Ha_s': [], 'Hb_s': [], 'Hb-O_s': [], 'C6H12O_s': [], 'C6H12_s': [], 'H2O2_s': [], 'H2O_s': [], 'OH_s': [], 'OOH_s': [], 'O_s': [], 'OOH-C6H12_s': [], 'g': [], '*_g': [], '*_s': []}

frequency_surface_names = []

frequency_unit_conversion = 0.0001239842

gas_names = ('C6H12O_g', 'C6H12_g', 'H2O2_g', 'H2O_g')

gas_pressures = [np.float64(1e-20), np.float64(1.0), np.float64(0.185), np.float64(0.815)]

gas_thermo_mode = 'frozen_gas'

hbond_dict = {'COOH': -0.25, 'OCHO': 0.0, 'CO': -0.1, 'CHO': -0.1, 'CH2O': 0.0, 'OCH3': 0.0, 'O': 0.0, 'OH': -0.5, 'H': 0.0, 'COH': -0.25, 'C': 0.0, 'CH': 0.0, 'CH2': 0.0, 'CH3': 0.0, 'CHOH': -0.25, 'COHOH': -0.25, 'OCH2O': 0.0, 'CH2OH': -0.25, 'OCHCH2': 0.0, 'OCHCHO': 0.0}

hindered_ads_params = {}

ideal_gas_params = {'H2_g': [2, 'linear', 0], 'N2_g': [2, 'linear', 0], 'O2_g': [2, 'linear', 1.0], 'H2O_g': [2, 'nonlinear', 0], 'CO_g': [1, 'linear', 0], 'CH4_g': [12, 'nonlinear', 0], 'NH3_g': [3, 'nonlinear', 0], 'CH3OH_g': [1, 'nonlinear', 0], 'CH3CH2OH_g': [1, 'nonlinear', 0], 'CO2_g': [2, 'linear', 0], 'CH2O_g': [2, 'nonlinear', 0], 'HCOOH_g': [1, 'nonlinear', 0], 'CH2CH2_g': [4, 'nonlinear', 0], 'CH3CHCH2_g': [1, 'nonlinear', 0], 'CH3CH2CHCH2_g': [1, 'nonlinear', 0], 'CH3CHCHCH3_g': [2, 'nonlinear', 0], 'CH3CH3CCH2_g': [2, 'nonlinear', 0], 'pe_g': [2, 'linear', 0], 'C2H2_g': [2, 'linear', 0], 'C2H4_g': [4, 'nonlinear', 0], 'C2H6_g': [6, 'nonlinear', 0], 'C3H6_g': [1, 'nonlinear', 0], 'CH3COOH_g': [1, 'nonlinear', 0], 'CH3CHO_g': [1, 'nonlinear', 0], 'C5H4O2_g': [1, 'nonlinear', 0], 'C5H6O2_g': [1, 'nonlinear', 0], 'C5H6O_g': [1, 'nonlinear', 0], 'HCl_g': [1, 'linear', 0], 'Cl2_g': [2, 'linear', 0]}

input_file = 'H:\\catmap\\catmap\\lyq_alkene_epoxidation\\2-creating_microkinetic_model\\energies_dft_neb.txt'

interaction_fitting_mode = None

interaction_surface_names = None

internally_constrain_coverages = True

max_bisections = 3

max_damping_iterations = 10

max_initial_guesses = 3

max_rootfinding_iterations = 250

model_name = 'baseline_timo'

numerical_representation = 'mpmath'

optimize_analytical_expressions = False

outer_solver_log = 'outer_solver.log'

output_labels = {'coverage': ('C6H12O_s', 'C6H12_s', 'H2O2_s', 'H2O_s', 'Ha_s', 'Hb_s', 'OH_s', 'OOH_s', 'O_s'), 'rate': ([['s', 'H2O2_g'], ['H2O2_s']], [['H2O2_s', 's'], ['Ha_s', 'OOH_s']], [['s', 'C6H12_g'], ['C6H12_s']], [['OOH_s', 'C6H12_s', 's'], ['OOH-C6H12_s', 's', 's'], ['C6H12O_s', 'O_s', 'Hb_s']], [['C6H12O_s'], ['C6H12O_g', 's']], [['Hb_s', 'O_s'], ['Hb-O_s', 's'], ['OH_s', 's']], [['Ha_s', 'OH_s'], ['s', 'H2O_s']], [['H2O_s'], ['H2O_g', 's']]), 'turnover_frequency': ('C6H12O_g', 'C6H12_g', 'H2O2_g', 'H2O_g')}

output_variables = ['coverage', 'rate', 'turnover_frequency']

parameter_mode = 'formation_energy'

parameter_names = ('C6H12O_s', 'C6H12_s', 'H2O2_s', 'H2O_s', 'Ha_s', 'Hb_s', 'OH_s', 'OOH_s', 'O_s', 'Hb-O_s', 'OOH-C6H12_s')

parse_headers = ['formation_energy', 'frequencies']

perturbation_size = 1e-14

prefactor_list = ['kB*T/h', 'kB*T/h', 'kB*T/h', 'kB*T/h', 'kB*T/h', 'kB*T/h', 'kB*T/h', 'kB*T/h']

pressure = np.float64(1.0)

pressure_mode = 'concentration'

required_headers = ['species_name', 'surface_name', 'site_name', 'formation_energy', 'frequencies', 'reference']

residual_threshold = 0.9

resolution = [1, 1]

rxn_expressions = ['* + H2O2_g <-> H2O2*', 'H2O2* + * -> Ha* + OOH*', '* + C6H12_g <-> C6H12*', 'OOH* + C6H12* + * <-> OOH-C6H12* + 2* -> C6H12O* + O* + Hb*', 'C6H12O* <-> C6H12O_g + *', 'Hb* + O* <-> Hb-O* + * -> OH* + *', 'Ha* + OH* -> * + H2O*', 'H2O* <-> H2O_g + *']

rxn_options_dict = {'prefactor': {}, 'beta': {}}

scaling_constraint_dict = {'OOH_s': ['+', 0, None], 'O_s': [0, '+', None]}

search_directions = [[0, 0], [0, 1], [1, 0], [0, -1], [-1, 0], [-1, 1], [1, 1], [1, -1], [-1, -1]]

setup_file = 'baseline_timo.mkm'

shomate_params = {'H2_g:298-1000': [33.066178, -11.363417, 11.432816, -2.772874, -0.158558, -9.980797, 172.707974, 0], 'H2_g:1000-2500': [18.563083, 12.257357, -2.859786, 0.268238, 1.97799, -1.147438, 156.288133, 0], 'H2_g:2500-6000': [43.41356, -4.293079, 1.272428, -0.096876, -20.533862, -38.515158, 162.081354, 0], 'CH4_g:298-1300': [-0.703029, 108.4773, -42.52157, 5.862788, 0.678565, -76.84376, 158.7163, -74.8731], 'CH4_g:1300-1600': [85.81217, 11.26467, -2.114146, 0.13819, -26.42221, -153.5327, 224.4143, -74.8731], 'CO_g:298-1300': [25.56759, 6.09613, 4.054656, -2.671201, 0.131021, -118.0089, 227.3665, -110.5271], 'CO_g:1300-1600': [35.1507, 1.300095, -0.205921, 0.01355, -3.28278, -127.8375, 231.712, -110.5271], 'H2O_g:100-500': [36.303952, -24.11232, 63.64111, -38.9524, -0.01385, -10.23966, 237.39431, 0.0], 'H2O_g:500-1700': [30.092, 6.832514, 6.793435, -2.53448, 0.082139, -250.881, 223.3967, -241.8264], 'H2O_g:1700-6000': [41.96426, 8.622053, -1.49978, 0.098119, -11.15764, -272.1797, 219.7809, -241.8264], 'CO2_g:298-1200': [24.99735, 55.18696, -33.69137, 7.948387, -0.136638, -403.6075, 228.2431, -393.5224], 'CO2_g:1200-6000': [58.16639, 2.720075, -0.492289, 0.038844, -6.447293, -425.9186, 263.6125, -393.5224], 'O2_g:100-700': [31.32234, -20.23531, 57.8664, -36.50624, -0.007374, -8.903471, 246.7945, 0.0], 'O2_g:700-2000': [30.03235, 8.772972, -3.988133, 0.788313, -0.741599, -11.32468, 236.1663, 0.0], 'O2_g:2000-6000': [20.91111, 10.72071, -2.020498, 0.146449, 9.245722, 5.337651, 237.6185, 0.0], 'NH3_g:298-1400': [19.99563, 49.77119, -15.37599, 1.921168, 0.189174, -53.30667, 203.8591, -45.89806], 'N2_g:100-500': [28.98641, 1.853978, -9.647459, 16.63537, 0.000117, -8.671914, 226.4168, 0.0], 'N2_g:500-2000': [19.50583, 19.88705, -8.598535, 1.369784, 0.527601, -4.935202, 212.39, 0.0], 'N2O_g:298-1400': [27.67988, 51.14898, -30.64454, 6.847911, -0.157906, 71.24934, 238.6164, 82.04824], 'NO2_g:298-1200': [16.10857, 75.89525, -54.3874, 14.30777, 0.239423, 26.17464, 240.5386, 33.09502], 'NO_g:298-1200': [23.83491, 12.58878, -1.139011, -1.497459, 0.214194, 83.35783, 237.1219, 90.29114], 'NO3_g:298-1200': [11.22316, 166.3889, -148.4458, 47.40598, -0.176791, 61.00858, 221.7679, 71.128], 'HNO2_g:298-1200': [24.89974, 91.37563, -64.84614, 17.92007, -0.134737, -88.13596, 254.2671, -76.73498], 'HNO3_g:298-1200': [19.63229, 153.9599, -115.8378, 32.87955, -0.249114, -146.8818, 247.7049, -134.306], 'HCN_g:298-1200': [32.69373, 22.59205, -4.369142, -0.407697, -0.282399, 123.4811, 233.2597, 135.1432], 'CH2CH2_g:298-1200': [-6.38788, 184.4019, -112.9718, 28.49593, 0.31554, 48.17332, 163.1568, 52.46694], 'CH2O_g:298-1500': [5.193767, 93.23249, -44.85457, 7.882279, 0.551175, -119.3591, 202.4663, -115.8972], 'CH3OH_g:298-1500': [-1.0845814245433651, 153.2463565199489, -79.53050359618254, 16.47130239316011, 0.5220334601533215, -4.897417024069, 199.1893745506112, 0.0], 'C5H4O2_g:100-1500': [-16.36694, 0.46958, -0.000331925, 8.50912e-08, 198590.9145, -1661.34999, -15.68938, 12461.34999], 'C5H6O2_g:100-1500': [-18.57626, 0.50733, -0.000335824, 8.28263e-08, 231619.2141, -6357.53523, 2.75692, 7057.53523], 'C5H6O_g:50-1500': [1.26847, 0.35388, -0.000173962, 2.87427e-08, 48401.71207, -5691.94893, -85.38991, 7191.94893], 'Cl2_g:298-1000': [33.0506, 12.2294, -12.0651, 4.38533, -0.159494, -10.8348, 259.029, 0.0], 'HCl_g:298-1200': [32.12392, -13.45805, 19.86852, -6.853936, -0.049672, -101.6206, 228.6866, -92.31201], 'CH3CH2OH_g:298-1500': [-4.7367880805894265, 271.96181550301463, -169.34946529216657, 43.73860153608533, 0.24643430702178773, -9.828280829187861, 203.3325622617075, 0.0], 'CH3CHO_g:298-1500': [4.8037386340099095, 185.92002366990326, -99.1084610902012, 20.61473919069016, 0.2770802548558646, -8.566600040790945, 220.00244674443837, 0.0], 'HCOOH_g:298-1500': [3.802752304225226, 153.66217894746168, -84.64046773816926, 16.297377707561505, 0.2772064997263338, -6.16527, 212.9698972559699, 0]}

site_names = ('g', 's')

species_definitions = {'C6H12_g': {'name': 'C6H12', 'site': 'g', 'type': 'gas', 'n_sites': 0, 'composition': {'H': 12, 'C': 6}, 'concentration': 1.0, 'formation_energy': -26.031223, 'formation_energy_source': 'DFT_Gibbs_gas', 'frequencies': []}, 'H2O2_g': {'name': 'H2O2', 'site': 'g', 'type': 'gas', 'n_sites': 0, 'composition': {'H': 2, 'O': 2}, 'concentration': 0.185, 'formation_energy': -7.162091, 'formation_energy_source': 'DFT_Gibbs_gas', 'frequencies': []}, 'H2O_g': {'name': 'H2O', 'site': 'g', 'type': 'gas', 'n_sites': 0, 'composition': {'H': 2, 'O': 1}, 'concentration': 0.815, 'formation_energy': -7.614457, 'formation_energy_source': 'DFT_Gibbs_gas', 'frequencies': []}, 'C6H12O_g': {'name': 'C6H12O', 'site': 'g', 'type': 'gas', 'n_sites': 0, 'composition': {'H': 12, 'O': 1, 'C': 6}, 'concentration': 1e-20, 'formation_energy': -27.667771, 'formation_energy_source': 'DFT_Gibbs_gas', 'frequencies': []}, 's': {'name': 's', 'site': 's', 'type': 'site', 'formation_energy': 0, 'n_sites': 1, 'composition': {}, 'site_names': ['111'], 'total': 1, 'frequencies': []}, 'Ha_s': {'name': 'Ha', 'site': 's', 'type': 'adsorbate', 'n_sites': 1, 'composition': {'H': 1}, 'formation_energy': [-1.805428], 'formation_energy_source': ['DFT_Gibbs_single'], 'frequencies': []}, 'Hb_s': {'name': 'Hb', 'site': 's', 'type': 'adsorbate', 'n_sites': 1, 'composition': {'H': 1}, 'formation_energy': [-1.2340725], 'formation_energy_source': ['DFT_Gibbs_single'], 'frequencies': []}, 'Hb-O_s': {'name': 'Hb-O', 'site': 's', 'type': 'transition_state', 'n_sites': 1, 'composition': {'H': 1, 'O': 1}, 'formation_energy': [-4.394672], 'formation_energy_source': ['NEB_forward_TS_minus_IS_mapped'], 'frequencies': []}, 'C6H12O_s': {'name': 'C6H12O', 'site': 's', 'type': 'adsorbate', 'n_sites': 1, 'composition': {'H': 12, 'O': 1, 'C': 6}, 'formation_energy': [-28.150727], 'formation_energy_source': ['DFT_Gibbs_single'], 'frequencies': []}, 'C6H12_s': {'name': 'C6H12', 'site': 's', 'type': 'adsorbate', 'n_sites': 1, 'composition': {'H': 12, 'C': 6}, 'formation_energy': [-26.1771085], 'formation_energy_source': ['DFT_Gibbs_single'], 'frequencies': []}, 'H2O2_s': {'name': 'H2O2', 'site': 's', 'type': 'adsorbate', 'n_sites': 1, 'composition': {'H': 2, 'O': 2}, 'formation_energy': [-7.456025], 'formation_energy_source': ['DFT_Gibbs_single'], 'frequencies': []}, 'H2O_s': {'name': 'H2O', 'site': 's', 'type': 'adsorbate', 'n_sites': 1, 'composition': {'H': 2, 'O': 1}, 'formation_energy': [-7.885157], 'formation_energy_source': ['DFT_Gibbs_single'], 'frequencies': []}, 'OH_s': {'name': 'OH', 'site': 's', 'type': 'adsorbate', 'n_sites': 1, 'composition': {'H': 1, 'O': 1}, 'formation_energy': [-5.7373755], 'formation_energy_source': ['DFT_Gibbs_single'], 'frequencies': []}, 'OOH_s': {'name': 'OOH', 'site': 's', 'type': 'adsorbate', 'n_sites': 1, 'composition': {'H': 1, 'O': 2}, 'formation_energy': [-4.973045], 'formation_energy_source': ['DFT_Gibbs_single'], 'frequencies': []}, 'O_s': {'name': 'O', 'site': 's', 'type': 'adsorbate', 'n_sites': 1, 'composition': {'O': 1}, 'formation_energy': [-3.1477795], 'formation_energy_source': ['DFT_Gibbs_single'], 'frequencies': []}, 'OOH-C6H12_s': {'name': 'OOH-C6H12', 'site': 's', 'type': 'transition_state', 'n_sites': 1, 'composition': {'C': 6, 'H': 13, 'O': 2}, 'formation_energy': [-31.0119695], 'formation_energy_source': ['NEB_forward_TS_minus_IS_mapped'], 'frequencies': []}, 'g': {'name': 'g', 'site': 'g', 'type': 'site', 'formation_energy': 0, 'n_sites': 0, 'site_names': ['gas'], 'total': 0, 'composition': {}, 'frequencies': []}, '*_g': {'name': 'g', 'site': 'g', 'type': 'site', 'formation_energy': 0, 'n_sites': 0, 'site_names': ['gas'], 'total': 0, 'composition': {}, 'frequencies': []}, '*_s': {'name': 's', 'site': 's', 'type': 'site', 'formation_energy': 0, 'n_sites': 1, 'composition': {}, 'site_names': ['111'], 'total': 1, 'frequencies': []}}

standard_coadsorbate_coverage = 'min'

standard_coverage = 'min'

surface_names = ('timo',)

temperature = np.float64(333.15)

thermodynamic_corrections = ['gas', 'adsorbate']

thermodynamic_variables = ['temperature', 'gas_pressures', 'voltage', 'beta', 'pH', 'Upzc', 'gas_thermo_mode', 'adsorbate_thermo_mode', 'pressure']

transition_state_names = ('Hb-O_s', 'OOH-C6H12_s')

use_numbers_solver = True

verbose = 1

stdout = """header_evaluation: fail - could not save mp = <mpmath.ctx_mp.MPContext object at 0x0000025B080E70E0>


header_evaluation: fail - could not save tolerance = mpf('9.9999999999999999999999999999999999999999999999999999999999999999999999999999999999999999999999999999999999999999999999999999999999999999999999999999999999999999999999999999999999999999999999999999999999999999999999999999999999999999999999999999999999999999999999999999999999999999999999999999999999999999999999999999999999999999999999999999999999999999999999999999999999999999999999999279821642666651341375612045949991678539398627562470234654364573010444169760118642175447502958175667478e-341')


mapper_iteration_0: status - 1 points do not have valid solution.
rootfinding_iteration_250: maxiter - exceeded maximum iterations (residual = 1e-323)
minresid_iteration_0: fail - [333.15, 1.00] using coverages from [333.15, 1.00]; initial residual was 6.3006373591712376e+56 (residual = 1e-323)
minresid_iteration_1: success - [333.15, 1.00] using coverages from [333.15, 1.00]
mapper_iteration_1: status - 0 points do not have valid solution.
header_evaluation: fail - could not save coverage_map = [[[np.float64(333.15), np.float64(1.0)], [mpf('0.000000000000000000000000000000000000000000000000000000000000000000000000000000000000000000000000000000000000064065338579467058403938403656767095931035850352750792126274401170148822925213297448731006513583687147187332419602782015202588904662245034468018112746471095243211520592276966682895151085135894758287399097067139078782804390018080164656014561839963266350023154438298213137322785203489663385656207526660543644470510284963059582739230992433090533635983006094984224182596456207878892426871985088111901313379967999255124094452477372087002017855939070170310909356396848573525578189413022582740217'), mpf('0.000000000000000000000000000000000000000000000000000000000000000000000000000000000000000000000050996046194257942736463761995259579444037110564678056498190810018511111401967163629278391213316084397678289871043588301626233700092148476410780755045831199247852517591023100351266432414319335790066636830699427877184841113325869066724702307551856368695446552451786770069728308723685606385440670600083318546006778042177818435579075113539473837965888558993060331028324921551515638695672352058380856747063070289796004464690573362033551288404351113577945268900266718996264732670581769340635307'), mpf('0.0000000000000000000000000000000000000000000000000000000000000000000000000000000000000000000016380797239968883273441429871527719811681182917158744796167361792908114119507378558884151719889356970317455303024133329041568792609638703989912099943434673013881733478846114668898001133128871421066753424617841704795509696970085699515939715281115253093143251352223698945564549500708358256650332383947896412680061158668608894095268323706566652164745122619210519152552788494567151438073474752484204625774110907148115584586992821749179361373684459361938287562139544232907537384693360537730775'), mpf('0.0000000000000000000000000000000000000000000000000000000000000000000000000000000000000000000032125134321433250767253166432628158782724148836187858938072780991167755858189659912592334435441492154161391539276620357858429985481345607113880701442781081931711856263396315964353066336600681400161977067896230538629997013546922610071843791078869065561833224085933945557810644602195455430675884889488043773837996070928581472279347379049265837932493307100230228090366321538782986904683299457286440922763617695486478687051147479427255393864349507803027416056258187475195585409263293195370189'), mpf('1.0727431022121192261766506663287334456960464767586206197252473557535382680288663926215035124517526912639788342769663082305252931496552708540049226172772828352451774251259168204968304642697409270531231268812871205018696348448448470972779397703535514128169633497144879721255530024475836462545902949080828972102734007379355219698905083769140451877090375091522333348179317842667344772456305823226725138360001730115668655477966106049852807453240914606618877299927046477705086524537075881593972e-178'), mpf('0.0000000000000000000000000000000000000000000000000000000000000000000000000000000000000000000000000000000000000000000000000008981661164635315820954252022489316381933071504903397884998875071575421185518184542706776636420912443048300936759272854324795293794362716929379724161294617268292956951156074278953789914066809353934544626748537888468576190762008530461596336480058229844400872769551954318515549714477471534490968372786435649743035747330283546502466647551776320509987683327767651901523763837376252065414689485948421822316474544090144445363314548173213474470424618656341249362817872754539251206825286233939126'), mpf('0.00000090911505136824026673117776474424763274734700490831677742605463584126284405769992551815775652283063199821276259504929862689055008267929517526244006662177307548833777870627063393165464003652003791937832115851759567037920949704446784406503879493116677182502516164526252257378177740012329550332606410976177589986709088167805274688715979709460442539611754578631919013264874163164039007957845554454868932205901440251316639550996289667679657882255180997646375065143522779184222754642559996579653'), mpf('0.0000000000000000000000000000000000000000017896313509371695121499211628527703113871873062387617519523615791161867039465773041191572357495260342346040765858328097989876056973433214751402388778143049383254288517322523720536641257078831462711618402431540547312563974538560568878472763665915182590957225076522044573100413563448262456851342276276938562082088855651306808013363507308644672204929843877324947655106857251564846406214917261383066694270660059335067597698710285601625860987988790235101492719841648998334354730699622985962515'), mpf('0.99999909088494863175973326882223525575236546302164415451371042402420130596684455511276824307558961891802440831780252453738062421879105912381235124077102281881926504062762515661723273984137363024044547772022751806665327865758112704018427909898338491804890185992396017293541002856991531443111832450212055237976691776654936602715012800844078552352484889272686189001751231714952695263852688585508838601844387535601274740724370596137733551981965650682427713772047910484883815491180642718339037'), mpf('0.00000000000000000000000000000000000000000000000000000000000000000000000000000000000000000000000031668743000587185967186413782572448367119660970910655202035378277694083233627307630109448803131931683930626688993597620877029513038108717418809721730247872194790941197459519598104785447221399642406698035836684049305507204368193584141493616996143621806903094336694247711414084896803884793103266668909562814903237363030323708434797849532400008913648872750872275282235614016243726847619168646860922159374407792368705067839402010300805018047133821638286935271556594815821327426435131076146473')]]]


header_evaluation: fail - could not save kBT = mpf('0.028708643150456998040645441960805328562855720520019531249999999999999999999999999999999999999999999999999999999999999999999999999999999999999999999999999999999999999999999999999999999999999999999999999999999999999999999999999999999999999999999999999999999999999999999999999999999999999999999999999999999999999999999999999999999999999999999999999999999999999999999999999999999999999999999999999999999999999999999999999999999999999999999999999999999999999999999999999999999999999999999999966')


header_evaluation: fail - could not save mp = <mpmath.ctx_mp.MPContext object at 0x0000025B080E70E0>


header_evaluation: fail - could not save rate_map = [[[np.float64(333.15), np.float64(1.0)], [mpf('1.4866720900480900135298280864566768237981799808530518710694549325914295208188435537047173040690794213306146225931337951136788829695571018122536426808307814977768692256658090503736978014263409325052111552676898841134507812710371350230301290310729668515443696309922860130778742288892647980990779272955108204355282423374149193186160227446691368413498428833057650736997633885160016133982116213295430749507058176649295546472448946765005569240071524078943082560617397317935752181778435736448692e-179'), mpf('2.0260923458535625355415035307406087491521663938898244449979287019194814322899092526641425605412146590372454563289669607166226164961431005964908233343244697764289766223992933579975676294654784212155278195398569160743261861995765552767375431174671957571022616904006811344281736388993862912255844184531597191167328155425616694095152373223295113422479877156206846482314000563856597675383262403392683837967252199283395039862088967092352666115257218094232756579067462783409870345375298294339161e-187'), mpf('-1.9798392578064157775642636257575129341254851389792184023850575444679792562617262305397315410220930718649295411167906488491601824196445638303956877618190881915711260662313032241880751311271263441805953758121331350643293271981637480715046214793128763520235347049105708579680180846714054614852135246112087286571431539104845495684953530187653112455555579038049097045015272871727575896471006719002298844317290240070909608487328520405987296645353262625383511086940339614443964100813230217347544e-182'), mpf('1.6292882465108873185035890295975155387179616725443482302917555393850023388119944633335215070430075749074305598330913372702565521739891313783276730353099914795964027937997157404306809208257930044971786078576604078882594671952936246128275961903071615353415029124813410783426319038700430277311032763902179452032833369245188258395568492636943577458430458535333696645571198246011172872179394614850447602501104769632724355781480342532225357131890948856443690309057986245945678976172312611171748e-222'), mpf('1.3264070029933599596335720144880527740811053008447451396458245619148645085835009396185189745695861778957853571080719475386315597792425482562275929536091480069367554241733238833413487814512667487495719769208733876048095493030335144610898733387252124983645438212398552121512534437712014039366852090319678284213521900618872340829900629088623894773350200465705821088769825173149424947944752771908406830752633961836337065377642123195482422312279445681071996884159506528363027545758657939277412e-171'), mpf('4.3671664053751295680805377177652589715796139195595919910882222470405648473810582757995148628763186534795013130124638002869119507276852488025509811837782244744806937014554422136418064144345364071365192803008300434248342141400308086554753240437543099072534314832734123344611311528626828783483082258788867504457546284576877929930045971921585919667619459241068309896838183654359364485362397244877373214914971204111719056816425591350973914910357009559988309691149493407994316451387493383676633e-209'), mpf('6.769890262938639445018174573435032812506970653259134496293246117353028327659869444684759036198689884571063394753161209156177509572287097009277163894777098803525336312902508891217416161881881663668044020691370160031365680352700722350586787867304875554294377063285068247537573998286458123850544332725813924380254987572600590254166358444056455647891398379426939730921318275217556179182765713734816258247312713326221406412172460807867760922918136079975839344302535230074361047940249507115483e-172'), mpf('2.4562698351999482746651822964860603323630630523209514306724740066330496990205125999587693836155076776366105264936335900842705029977013058589096846883908094132473813531383048223786655780534105680321322634432409986591588659382235420694699423034460390847475860980839878651560411779243551583660006564901314518135791142177919908402240523247567390589440606154954871962556299983214838683027592649764430948514441200889816330296367744249262334588852428089529589726417770458491039425378601001236014e-179')]]]


header_evaluation: fail - could not save tolerance = mpf('9.9999999999999999999999999999999999999999999999999999999999999999999999999999999999999999999999999999999999999999999999999999999999999999999999999999999999999999999999999999999999999999999999999999999999999999999999999999999999999999999999999999999999999999999999999999999999999999999999999999999999999999999999999999999999999999999999999999999999999999999999999999999999999999999999999279821642666651341375612045949991678539398627562470234654364573010444169760118642175447502958175667478e-341')


header_evaluation: fail - could not save turnover_frequency_map = [[[np.float64(333.15), np.float64(1.0)], [mpf('1.3264070029933599596335720144880527740811053008447451396458245619148645085835009396185189745695861778957853571080719475386315597792425482562275929536091480069367554241733238833413487814512667487495719769208733876048095493030335144610898733387252124983645438212398552121512534437712014039366852090319678284213521900618872340829900629088623894773350200465705821088769825173149424947944752771908406830752633961836337065377642123195482422312279445681071996884159506528363027545758657939277412e-171'), mpf('1.9798392578064157775642636257575129341254851389792184023850575444679792562617262305397315410220930718649295411167906488491601824196445638303956877618190881915711260662313032241880751311271263441805953758121331350643293271981637480715046214793128763520235347049105708579680180846714054614852135246112087286571431539104845495684953530187653112455555579038049097045015272871727575896471006719002298844317290240070909608487328520405987296645353262625383511086940339614443964100813230217347544e-182'), mpf('-1.4866720900480900135298280864566768237981799808530518710694549325914295208188435537047173040690794213306146225931337951136788829695571018122536426808307814977768692256658090503736978014263409325052111552676898841134507812710371350230301290310729668515443696309922860130778742288892647980990779272955108204355282423374149193186160227446691368413498428833057650736997633885160016133982116213295430749507058176649295546472448946765005569240071524078943082560617397317935752181778435736448692e-179'), mpf('2.4562698351999482746651822964860603323630630523209514306724740066330496990205125999587693836155076776366105264936335900842705029977013058589096846883908094132473813531383048223786655780534105680321322634432409986591588659382235420694699423034460390847475860980839878651560411779243551583660006564901314518135791142177919908402240523247567390589440606154954871962556299983214838683027592649764430948514441200889816330296367744249262334588852428089529589726417770458491039425378601001236014e-179')]]]

"""