from numpy import array

try:
    import cPickle as pickle

except: #workaround for python3.X
    import _pickle as pickle


from mpmath import mpf 

parser = None

scaler = 'ThermodynamicScaler'

thermodynamics = 'ThermoCorrections'

solver = 'SteadyStateSolver'

mapper = 'MinResidMapper'

binary_data = pickle.load(open("baseline_tife.pkl","rb"))

locals().update(binary_data)

__citation__ = """If you find CatMAP useful to your research, please cite both the following papers:

 Medford, A. J., Shi, C., Hoffmann, M. J., Lausche, A. C., Fitzgibbon, S. R., Bligaard, T., & Nørskov, J. K. (2015). CatMAP: a software package for descriptor-based microkinetic mapping of catalytic trends. Catalysis Letters, 145, 794-807. 
 Vijay, S., H. Heenen, H., Singh, A. R., Chan, K., & Voss, J. (2024). Number of sites-based solver for determining coverages from steady-state mean-field micro-kinetic models. Journal of Computational Chemistry, 45(9), 546-551.
"""
A_uc = None

DEBUG = False

adsorbate_interaction_model = 'ideal'

adsorbate_interactions = None

adsorbate_names = ('C6H12O_s', 'C6H12_s', 'H2O2_s', 'H2O_s', 'Ha_s', 'Hb_s', 'OH_s', 'OOH_s', 'O_s')

adsorbate_thermo_mode = 'frozen_adsorbate'

analytical_jacobian = True

atomic_reservoir_list = [{'C': 'C6H12O_g', 'O': 'H2O2_g', 'H': 'C6H12_g'}, {'C': 'C6H12O_g', 'O': 'H2O2_g', 'H': 'H2O_g'}, {'C': 'C6H12O_g', 'O': 'H2O_g', 'H': 'C6H12_g'}, {'C': 'C6H12_g', 'O': 'H2O2_g', 'H': 'H2O_g'}]

atoms_dict = {}

citation_info_written = True

coverage_headers = ['coverage', 'coadsorbate_coverage']

data_file = 'baseline_tife.pkl'

decimal_precision = 260

descriptor_decimal_precision = 2

descriptor_names = ('temperature', 'pressure')

descriptor_ranges = [[333.15, 333.15], [1.0, 1.0]]

echem_transition_state_names = []

electrochemical_thermo_mode = 'simple_electrochemical'

elementary_rxns = ([['s', 'H2O2_g'], ['H2O2_s']], [['H2O2_s', 's'], ['Ha_s', 'OOH_s']], [['s', 'C6H12_g'], ['C6H12_s']], [['OOH_s', 'C6H12_s', 's'], ['OOH-C6H12_s', 's', 's'], ['C6H12O_s', 'O_s', 'Hb_s']], [['C6H12O_s'], ['C6H12O_g', 's']], [['Hb_s', 'O_s'], ['Hb-O_s', 's'], ['OH_s', 's']], [['Ha_s', 'OH_s'], ['s', 'H2O_s']], [['H2O_s'], ['H2O_g', 's']])

estimate_frequencies = True

extrapolate_coverages = False

fix_x_star = False

fixed_entropy_dict = {'H2_g': 0.00135, 'other': 0.002}

force_recalculation = False

force_recompilation = False

frequency_dict = {'C6H12_g': [], 'H2O2_g': [], 'H2O_g': [], 'C6H12O_g': [], 's': [], 'Ha_s': [], 'Hb_s': [], 'Hb-O_s': [], 'C6H12O_s': [], 'C6H12_s': [], 'H2O2_s': [], 'H2O_s': [], 'OH_s': [], 'OOH_s': [], 'O_s': [], 'OOH-C6H12_s': [], 'g': [], '*_g': [], '*_s': []}

frequency_surface_names = []

frequency_unit_conversion = 0.0001239842

gas_names = ('C6H12O_g', 'C6H12_g', 'H2O2_g', 'H2O_g')

gas_pressures = [1e-20, 1.0, 0.185, 0.815]

gas_thermo_mode = 'frozen_gas'

hbond_dict = {'COOH': -0.25, 'OCHO': 0.0, 'CO': -0.1, 'CHO': -0.1, 'CH2O': 0.0, 'OCH3': 0.0, 'O': 0.0, 'OH': -0.5, 'H': 0.0, 'COH': -0.25, 'C': 0.0, 'CH': 0.0, 'CH2': 0.0, 'CH3': 0.0, 'CHOH': -0.25, 'COHOH': -0.25, 'OCH2O': 0.0, 'CH2OH': -0.25, 'OCHCH2': 0.0, 'OCHCHO': 0.0}

hindered_ads_params = {}

ideal_gas_params = {'H2_g': [2, 'linear', 0], 'N2_g': [2, 'linear', 0], 'O2_g': [2, 'linear', 1.0], 'H2O_g': [2, 'nonlinear', 0], 'CO_g': [1, 'linear', 0], 'CH4_g': [12, 'nonlinear', 0], 'NH3_g': [3, 'nonlinear', 0], 'CH3OH_g': [1, 'nonlinear', 0], 'CH3CH2OH_g': [1, 'nonlinear', 0], 'CO2_g': [2, 'linear', 0], 'CH2O_g': [2, 'nonlinear', 0], 'HCOOH_g': [1, 'nonlinear', 0], 'CH2CH2_g': [4, 'nonlinear', 0], 'CH3CHCH2_g': [1, 'nonlinear', 0], 'CH3CH2CHCH2_g': [1, 'nonlinear', 0], 'CH3CHCHCH3_g': [2, 'nonlinear', 0], 'CH3CH3CCH2_g': [2, 'nonlinear', 0], 'pe_g': [2, 'linear', 0], 'C2H2_g': [2, 'linear', 0], 'C2H4_g': [4, 'nonlinear', 0], 'C2H6_g': [6, 'nonlinear', 0], 'C3H6_g': [1, 'nonlinear', 0], 'CH3COOH_g': [1, 'nonlinear', 0], 'CH3CHO_g': [1, 'nonlinear', 0], 'C5H4O2_g': [1, 'nonlinear', 0], 'C5H6O2_g': [1, 'nonlinear', 0], 'C5H6O_g': [1, 'nonlinear', 0], 'HCl_g': [1, 'linear', 0], 'Cl2_g': [2, 'linear', 0]}

input_file = 'H:\\catmap\\catmap\\lyq_alkene_epoxidation\\2-creating_microkinetic_model\\energies_dft_neb.txt'

interaction_fitting_mode = None

interaction_surface_names = None

internally_constrain_coverages = True

max_bisections = 5

max_damping_iterations = 10

max_initial_guesses = 3

max_rootfinding_iterations = 400

model_name = 'baseline_tife'

numerical_representation = 'mpmath'

optimize_analytical_expressions = False

outer_solver_log = 'outer_solver.log'

output_labels = {'coverage': ('C6H12O_s', 'C6H12_s', 'H2O2_s', 'H2O_s', 'Ha_s', 'Hb_s', 'OH_s', 'OOH_s', 'O_s'), 'rate': ([['s', 'H2O2_g'], ['H2O2_s']], [['H2O2_s', 's'], ['Ha_s', 'OOH_s']], [['s', 'C6H12_g'], ['C6H12_s']], [['OOH_s', 'C6H12_s', 's'], ['OOH-C6H12_s', 's', 's'], ['C6H12O_s', 'O_s', 'Hb_s']], [['C6H12O_s'], ['C6H12O_g', 's']], [['Hb_s', 'O_s'], ['Hb-O_s', 's'], ['OH_s', 's']], [['Ha_s', 'OH_s'], ['s', 'H2O_s']], [['H2O_s'], ['H2O_g', 's']]), 'turnover_frequency': ('C6H12O_g', 'C6H12_g', 'H2O2_g', 'H2O_g')}

output_variables = ['coverage', 'rate', 'turnover_frequency']

parameter_mode = 'formation_energy'

parameter_names = ('C6H12O_s', 'C6H12_s', 'H2O2_s', 'H2O_s', 'Ha_s', 'Hb_s', 'OH_s', 'OOH_s', 'O_s', 'Hb-O_s', 'OOH-C6H12_s')

parse_headers = ['formation_energy', 'frequencies']

perturbation_size = 1e-14

prefactor_list = ['kB*T/h', 'kB*T/h', 'kB*T/h', 'kB*T/h', 'kB*T/h', 'kB*T/h', 'kB*T/h', 'kB*T/h']

pressure = 1.0

pressure_mode = 'concentration'

recalculate = True

required_headers = ['species_name', 'surface_name', 'site_name', 'formation_energy', 'frequencies', 'reference']

residual_threshold = 0.9

resolution = [1, 1]

rxn_expressions = ['* + H2O2_g <-> H2O2*', 'H2O2* + * -> Ha* + OOH*', '* + C6H12_g <-> C6H12*', 'OOH* + C6H12* + * <-> OOH-C6H12* + 2* -> C6H12O* + O* + Hb*', 'C6H12O* <-> C6H12O_g + *', 'Hb* + O* <-> Hb-O* + * -> OH* + *', 'Ha* + OH* -> * + H2O*', 'H2O* <-> H2O_g + *']

rxn_options_dict = {'prefactor': {}, 'beta': {}}

scaling_constraint_dict = {'OOH_s': ['+', 0, None], 'O_s': [0, '+', None]}

search_directions = [[0, 0], [0, 1], [1, 0], [0, -1], [-1, 0], [-1, 1], [1, 1], [1, -1], [-1, -1]]

setup_file = 'baseline_tife.mkm'

shomate_params = {'H2_g:298-1000': [33.066178, -11.363417, 11.432816, -2.772874, -0.158558, -9.980797, 172.707974, 0], 'H2_g:1000-2500': [18.563083, 12.257357, -2.859786, 0.268238, 1.97799, -1.147438, 156.288133, 0], 'H2_g:2500-6000': [43.41356, -4.293079, 1.272428, -0.096876, -20.533862, -38.515158, 162.081354, 0], 'CH4_g:298-1300': [-0.703029, 108.4773, -42.52157, 5.862788, 0.678565, -76.84376, 158.7163, -74.8731], 'CH4_g:1300-1600': [85.81217, 11.26467, -2.114146, 0.13819, -26.42221, -153.5327, 224.4143, -74.8731], 'CO_g:298-1300': [25.56759, 6.09613, 4.054656, -2.671201, 0.131021, -118.0089, 227.3665, -110.5271], 'CO_g:1300-1600': [35.1507, 1.300095, -0.205921, 0.01355, -3.28278, -127.8375, 231.712, -110.5271], 'H2O_g:100-500': [36.303952, -24.11232, 63.64111, -38.9524, -0.01385, -10.23966, 237.39431, 0.0], 'H2O_g:500-1700': [30.092, 6.832514, 6.793435, -2.53448, 0.082139, -250.881, 223.3967, -241.8264], 'H2O_g:1700-6000': [41.96426, 8.622053, -1.49978, 0.098119, -11.15764, -272.1797, 219.7809, -241.8264], 'CO2_g:298-1200': [24.99735, 55.18696, -33.69137, 7.948387, -0.136638, -403.6075, 228.2431, -393.5224], 'CO2_g:1200-6000': [58.16639, 2.720075, -0.492289, 0.038844, -6.447293, -425.9186, 263.6125, -393.5224], 'O2_g:100-700': [31.32234, -20.23531, 57.8664, -36.50624, -0.007374, -8.903471, 246.7945, 0.0], 'O2_g:700-2000': [30.03235, 8.772972, -3.988133, 0.788313, -0.741599, -11.32468, 236.1663, 0.0], 'O2_g:2000-6000': [20.91111, 10.72071, -2.020498, 0.146449, 9.245722, 5.337651, 237.6185, 0.0], 'NH3_g:298-1400': [19.99563, 49.77119, -15.37599, 1.921168, 0.189174, -53.30667, 203.8591, -45.89806], 'N2_g:100-500': [28.98641, 1.853978, -9.647459, 16.63537, 0.000117, -8.671914, 226.4168, 0.0], 'N2_g:500-2000': [19.50583, 19.88705, -8.598535, 1.369784, 0.527601, -4.935202, 212.39, 0.0], 'N2O_g:298-1400': [27.67988, 51.14898, -30.64454, 6.847911, -0.157906, 71.24934, 238.6164, 82.04824], 'NO2_g:298-1200': [16.10857, 75.89525, -54.3874, 14.30777, 0.239423, 26.17464, 240.5386, 33.09502], 'NO_g:298-1200': [23.83491, 12.58878, -1.139011, -1.497459, 0.214194, 83.35783, 237.1219, 90.29114], 'NO3_g:298-1200': [11.22316, 166.3889, -148.4458, 47.40598, -0.176791, 61.00858, 221.7679, 71.128], 'HNO2_g:298-1200': [24.89974, 91.37563, -64.84614, 17.92007, -0.134737, -88.13596, 254.2671, -76.73498], 'HNO3_g:298-1200': [19.63229, 153.9599, -115.8378, 32.87955, -0.249114, -146.8818, 247.7049, -134.306], 'HCN_g:298-1200': [32.69373, 22.59205, -4.369142, -0.407697, -0.282399, 123.4811, 233.2597, 135.1432], 'CH2CH2_g:298-1200': [-6.38788, 184.4019, -112.9718, 28.49593, 0.31554, 48.17332, 163.1568, 52.46694], 'CH2O_g:298-1500': [5.193767, 93.23249, -44.85457, 7.882279, 0.551175, -119.3591, 202.4663, -115.8972], 'CH3OH_g:298-1500': [-1.0845814245433651, 153.2463565199489, -79.53050359618254, 16.47130239316011, 0.5220334601533215, -4.897417024069, 199.1893745506112, 0.0], 'C5H4O2_g:100-1500': [-16.36694, 0.46958, -0.000331925, 8.50912e-08, 198590.9145, -1661.34999, -15.68938, 12461.34999], 'C5H6O2_g:100-1500': [-18.57626, 0.50733, -0.000335824, 8.28263e-08, 231619.2141, -6357.53523, 2.75692, 7057.53523], 'C5H6O_g:50-1500': [1.26847, 0.35388, -0.000173962, 2.87427e-08, 48401.71207, -5691.94893, -85.38991, 7191.94893], 'Cl2_g:298-1000': [33.0506, 12.2294, -12.0651, 4.38533, -0.159494, -10.8348, 259.029, 0.0], 'HCl_g:298-1200': [32.12392, -13.45805, 19.86852, -6.853936, -0.049672, -101.6206, 228.6866, -92.31201], 'CH3CH2OH_g:298-1500': [-4.7367880805894265, 271.96181550301463, -169.34946529216657, 43.73860153608533, 0.24643430702178773, -9.828280829187861, 203.3325622617075, 0.0], 'CH3CHO_g:298-1500': [4.8037386340099095, 185.92002366990326, -99.1084610902012, 20.61473919069016, 0.2770802548558646, -8.566600040790945, 220.00244674443837, 0.0], 'HCOOH_g:298-1500': [3.802752304225226, 153.66217894746168, -84.64046773816926, 16.297377707561505, 0.2772064997263338, -6.16527, 212.9698972559699, 0]}

site_names = ('g', 's')

species_definitions = {'C6H12_g': {'name': 'C6H12', 'site': 'g', 'type': 'gas', 'n_sites': 0, 'composition': {'C': 6, 'H': 12}, 'concentration': 1.0, 'formation_energy': -26.031223, 'formation_energy_source': 'DFT_Gibbs_gas', 'frequencies': []}, 'H2O2_g': {'name': 'H2O2', 'site': 'g', 'type': 'gas', 'n_sites': 0, 'composition': {'O': 2, 'H': 2}, 'concentration': 0.185, 'formation_energy': -7.162091, 'formation_energy_source': 'DFT_Gibbs_gas', 'frequencies': []}, 'H2O_g': {'name': 'H2O', 'site': 'g', 'type': 'gas', 'n_sites': 0, 'composition': {'O': 1, 'H': 2}, 'concentration': 0.815, 'formation_energy': -7.614457, 'formation_energy_source': 'DFT_Gibbs_gas', 'frequencies': []}, 'C6H12O_g': {'name': 'C6H12O', 'site': 'g', 'type': 'gas', 'n_sites': 0, 'composition': {'C': 6, 'O': 1, 'H': 12}, 'concentration': 1e-20, 'formation_energy': -27.667771, 'formation_energy_source': 'DFT_Gibbs_gas', 'frequencies': []}, 's': {'name': 's', 'site': 's', 'type': 'site', 'formation_energy': 0, 'n_sites': 1, 'composition': {}, 'site_names': ['111'], 'total': 1, 'frequencies': []}, 'Ha_s': {'name': 'Ha', 'site': 's', 'type': 'adsorbate', 'n_sites': 1, 'composition': {'H': 1}, 'formation_energy': [-1.8933755], 'formation_energy_source': ['DFT_Gibbs_single'], 'frequencies': []}, 'Hb_s': {'name': 'Hb', 'site': 's', 'type': 'adsorbate', 'n_sites': 1, 'composition': {'H': 1}, 'formation_energy': [-2.946176], 'formation_energy_source': ['DFT_Gibbs_single'], 'frequencies': []}, 'Hb-O_s': {'name': 'Hb-O', 'site': 's', 'type': 'transition_state', 'n_sites': 1, 'composition': {'H': 1, 'O': 1}, 'formation_energy': [-2.104214], 'formation_energy_source': ['NEB_forward_TS_minus_IS_mapped'], 'frequencies': []}, 'C6H12O_s': {'name': 'C6H12O', 'site': 's', 'type': 'adsorbate', 'n_sites': 1, 'composition': {'C': 6, 'O': 1, 'H': 12}, 'formation_energy': [-27.8901985], 'formation_energy_source': ['DFT_Gibbs_single'], 'frequencies': []}, 'C6H12_s': {'name': 'C6H12', 'site': 's', 'type': 'adsorbate', 'n_sites': 1, 'composition': {'C': 6, 'H': 12}, 'formation_energy': [-26.178974], 'formation_energy_source': ['DFT_Gibbs_single'], 'frequencies': []}, 'H2O2_s': {'name': 'H2O2', 'site': 's', 'type': 'adsorbate', 'n_sites': 1, 'composition': {'O': 2, 'H': 2}, 'formation_energy': [-6.133013], 'formation_energy_source': ['DFT_Gibbs_single'], 'frequencies': []}, 'H2O_s': {'name': 'H2O', 'site': 's', 'type': 'adsorbate', 'n_sites': 1, 'composition': {'O': 1, 'H': 2}, 'formation_energy': [-7.4848045], 'formation_energy_source': ['DFT_Gibbs_single'], 'frequencies': []}, 'OH_s': {'name': 'OH', 'site': 's', 'type': 'adsorbate', 'n_sites': 1, 'composition': {'O': 1, 'H': 1}, 'formation_energy': [-3.7760995], 'formation_energy_source': ['DFT_Gibbs_single'], 'frequencies': []}, 'OOH_s': {'name': 'OOH', 'site': 's', 'type': 'adsorbate', 'n_sites': 1, 'composition': {'O': 2, 'H': 1}, 'formation_energy': [-2.793048], 'formation_energy_source': ['DFT_Gibbs_single'], 'frequencies': []}, 'O_s': {'name': 'O', 'site': 's', 'type': 'adsorbate', 'n_sites': 1, 'composition': {'O': 1}, 'formation_energy': [0.6689805], 'formation_energy_source': ['DFT_Gibbs_single'], 'frequencies': []}, 'OOH-C6H12_s': {'name': 'OOH-C6H12', 'site': 's', 'type': 'transition_state', 'n_sites': 1, 'composition': {'C': 6, 'O': 2, 'H': 13}, 'formation_energy': [-28.812606], 'formation_energy_source': ['NEB_forward_TS_minus_IS_mapped'], 'frequencies': []}, 'g': {'name': 'g', 'site': 'g', 'type': 'site', 'formation_energy': 0, 'n_sites': 0, 'site_names': ['gas'], 'total': 0, 'composition': {}, 'frequencies': []}, '*_g': {'name': 'g', 'site': 'g', 'type': 'site', 'formation_energy': 0, 'n_sites': 0, 'site_names': ['gas'], 'total': 0, 'composition': {}, 'frequencies': []}, '*_s': {'name': 's', 'site': 's', 'type': 'site', 'formation_energy': 0, 'n_sites': 1, 'composition': {}, 'site_names': ['111'], 'total': 1, 'frequencies': []}}

standard_coadsorbate_coverage = 'min'

standard_coverage = 'min'

surface_names = ('tife',)

temperature = 333.15

thermodynamic_corrections = ['gas', 'adsorbate']

thermodynamic_variables = ['temperature', 'gas_pressures', 'voltage', 'beta', 'pH', 'Upzc', 'gas_thermo_mode', 'adsorbate_thermo_mode', 'pressure']

transition_state_names = ('Hb-O_s', 'OOH-C6H12_s')

use_numbers_solver = True

verbose = 1

stdout = """header_evaluation: fail - could not save mp = <mpmath.ctx_mp.MPContext object at 0x0000029C66272CF0>


header_evaluation: fail - could not save tolerance = mpf('1.0e-180')


initial_evaluation: success - initial guess at point [333.15, 1.00]
mapper_iteration_0: status - 0 points do not have valid solution.
header_evaluation: fail - could not save coverage_map = [[[333.15, 1.0], [mpf('0.000000000000000000000000000000000000000000000000000000000000000000000000000000000000000000000789229202056678906053402072494690106826154096675741728675264063942160431267225857518931977907831437735671834462953341436435695622134215021624668459345837692442274264934361898272902351277556052724218001309897568379120259939931180549455598345691982078759184061719508630132371411822469777822'), mpf('0.00000000000000000000000000000000000000000000000000000000000000000000000000585494381882171408259702063584766755397720183960100992409966036823222539279329013208644202799681173936329859956171149370424081797373039536724306254824588582084282045311814815094055129712748097931633380583894618043317593938379749713485514752426814131063821292858639335380201645587935873397'), mpf('0.00000000000000000000000000000000000000000000000000000000000000000000000000000000000000000000170620028361169642359845507711035379918522267158839570565315151062177621405850074742719991585148245890380884730914864417480267610623302979000241906991568552356186861246066748013148368513734060725476259483330005615956066725654830989764388435558473607129174082137123373415864764778615134803'), mpf('0.000000000000000000000000000000000000000000000000000000000000000000000000000000303539755599736876826625710835001147173519871412730186844392243827101348636773528085922521936048308616393484545038377702177535937162389352829055410301029519915073202199332189051685222377858545317984239598872014226120159931099619371909600110399115808783569880910456879417000267692121112266'), mpf('2.61316088850258054039115474806636261848522113985339409880972901709240080202687820181829159308374732564660915240554257377882680903268392154862966217551815609062682677392574653857198106522592301021718969029318953597301682879224170208005374996444226076187287249679166755355360904877620336848e-175'), mpf('0.0000000000000000000000000000000000000000000000000196974372152884964339048599982523167473815518038822435609802812497468052701317129338331861294247383398123525246798259132116918714010361515336853173214434702597359879210507379193057697577982643018700476416483100026879586171037528674704957746862264583961145849527585910031874628837443262596'), mpf('0.500000477049492580205613775772428943285969296417004473220501340721107813205543039915739338984263149228167834797230195036612889413484580243470306607008795184045558670693594828300502107567252363605626835554115358114906560069278207998908996512283998681685786069062321460481501941481929176444'), mpf('0.499999522950507419794386224227571056714030703582956131905068082286024377068571136187717818650115061655279063607485535691354271588265467991043973793026909132818170598575148295613357799507286941164216270287573543541966459993726242175376371292498253768804685494077821050980827768432316857604'), mpf('0.0000000000000000000000000000000000000000000000000196974372152884964339048599982523167473815518038822435609802812497468052701317129338331861294247383398123525246798259132116918714010361515336853173214434702597359879210507379193057697577982643018700476416483100026879586171037528674704948796572400356913669188855721760094740286428668951811'), mpf('0.0000000000000000000000000000000000000000000000000000000000000000000000000000340719044707654400447478822042631480085431524151090120844038644866801948143284979084464830603590994639750449665648418349748551293858211509285011437940967432363109017920565524046657752804340466626923931964560222469807289774262475989518129741452749944395988113754100594894659242260829915701')]]]


header_evaluation: fail - could not save kBT = mpf('0.0287086431504569980406454419608053285628557205200195312499999999999999999999999999999999999999999999999999999999999999999999999999999999999999999999999999999999999999999999999999999999999999999999999999999999999999999999999999999999999999999999999999999999999999999999999999999999999999994')


header_evaluation: fail - could not save mp = <mpmath.ctx_mp.MPContext object at 0x0000029C66272CF0>


header_evaluation: fail - could not save rate_map = [[[333.15, 1.0], [mpf('-2.05901564471623813348928114797221776202045086996415423948829192316240581668051203880643560874826222133146773155462152846583386227253986795653318495412357554803081647910697333326585959644134845127695537195262798035456919500941194434951174186040582865670070851352296534678100059878122582094e-191'), mpf('-9.06990607631287476953296626054674233222143534027636013246590283491980350444105030086787897919385557618364716448215817091714194922418767341479264775903256470762661142210274320503272217746220679828822828890836430926537163133675979913909023595786908206026589341608014865847020794682566335669e-163'), mpf('2.36951257544335747415927198693066829412732021767222848443738508899239020471693619979460922972294433443672153278754650407040659628625363538309832738580161911734538960857861433288012572602745463465203604166916398670531328428890783820785203048011101024584619379269001291604047275476910875082e-183'), mpf('2.68389394306833046080461871816026787779757237912703617617298579751113007152719525574909550993996721371544024065387537544914760717361881610647913027165406287055384003226826566244295688088339734011810462289058036760929352597329136994441239383310659358041637024690467374697145041846491309179e-141'), mpf('1.17183207623407166736268169387263967746108807900152030255653899080872591736231007384044230455993067579151962209949197887552737936277703501299135912571765094851415108136238742972337781848873957663874344779525021444966372373811747716265102426722737341444173274447185324739573749986202544896e-194'), mpf('0.000000000000000000000000000000000000000000000000000000000000000000000000000000000000000000467290286970528730222010497122666193261825555054192163512743978014335259115820495371465332282642998682973290859017036992505336839882769255508177437600307715449679009818674134216135573409513293964644550269937811531775815477715565445259630737176899659103051625115103710639337630795616076019'), mpf('9.06992313553607583461065640103624166670973107469705300012971176957428782164266126579698548855591561499703033636457292431014543035818225834534119352937136336539480332787170876456412621188176742900762071222671983286816232351438198187906579778078370788953844085180050910055928128497701667167e-163'), mpf('-2.11095117579267394974446218072470987241335303217141260988727032299523584389617898366874922810675835266351469686136610234085518780630160689161834308127265558813098637273720893865148075253760640422585741067705123155113737133635718725505605274864847576452998261350536746120580232095849183246e-185')]]]


header_evaluation: fail - could not save tolerance = mpf('1.0e-180')


header_evaluation: fail - could not save turnover_frequency_map = [[[333.15, 1.0], [mpf('1.17183207623407166736268169387263967746108807900152030255653899080872591736231007384044230455993067579151962209949197887552737936277703501299135912571765094851415108136238742972337781848873957663874344779525021444966372373811747716265102426722737341444173274447185324739573749986202544896e-194'), mpf('-2.36951257544335747415927198693066829412732021767222848443738508899239020471693619979460922972294433443672153278754650407040659628625363538309832738580161911734538960857861433288012572602745463465203604166916398670531328428890783820785203048011101024584619379269001291604047275476910875082e-183'), mpf('2.05901564471623813348928114797221776202045086996415423948829192316240581668051203880643560874826222133146773155462152846583386227253986795653318495412357554803081647910697333326585959644134845127695537195262798035456919500941194434951174186040582865670070851352296534678100059878122582094e-191'), mpf('-2.11095117579267394974446218072470987241335303217141260988727032299523584389617898366874922810675835266351469686136610234085518780630160689161834308127265558813098637273720893865148075253760640422585741067705123155113737133635718725505605274864847576452998261350536746120580232095849183246e-185')]]]

"""