from numpy import array

try:
    import cPickle as pickle

except: #workaround for python3.X
    import _pickle as pickle


from mpmath import mpf 

parser = None

scaler = 'ThermodynamicScaler'

thermodynamics = 'ThermoCorrections'

solver = 'SteadyStateSolver'

mapper = 'MinResidMapper'

binary_data = pickle.load(open("baseline_tini.pkl","rb"))

locals().update(binary_data)

__citation__ = """If you find CatMAP useful to your research, please cite both the following papers:

 Medford, A. J., Shi, C., Hoffmann, M. J., Lausche, A. C., Fitzgibbon, S. R., Bligaard, T., & Nørskov, J. K. (2015). CatMAP: a software package for descriptor-based microkinetic mapping of catalytic trends. Catalysis Letters, 145, 794-807. 
 Vijay, S., H. Heenen, H., Singh, A. R., Chan, K., & Voss, J. (2024). Number of sites-based solver for determining coverages from steady-state mean-field micro-kinetic models. Journal of Computational Chemistry, 45(9), 546-551.
"""
A_uc = None

DEBUG = False

adsorbate_interaction_model = 'ideal'

adsorbate_interactions = None

adsorbate_names = ('C6H12O_s', 'C6H12_s', 'H2O2_s', 'H2O_s', 'Ha_s', 'Hb_s', 'OH_s', 'OOH_s', 'O_s')

adsorbate_thermo_mode = 'frozen_adsorbate'

analytical_jacobian = True

atomic_reservoir_dict = {'H': 'H2O2_g', 'C': 'C6H12_g', 'O': 'H2O_g'}

atomic_reservoir_list = [{'H': 'C6H12O_g', 'C': 'C6H12_g', 'O': 'H2O2_g'}, {'H': 'C6H12O_g', 'C': 'C6H12_g', 'O': 'H2O_g'}, {'H': 'H2O2_g', 'C': 'C6H12O_g', 'O': 'H2O_g'}, {'H': 'H2O2_g', 'C': 'C6H12_g', 'O': 'H2O_g'}]

atoms_dict = {}

citation_info_written = True

coverage_headers = ['coverage', 'coadsorbate_coverage']

data_file = 'baseline_tini.pkl'

decimal_precision = 360

descriptor_decimal_precision = 2

descriptor_names = ('temperature', 'pressure')

descriptor_ranges = [[333.15, 333.15], [1.0, 1.0]]

echem_transition_state_names = []

electrochemical_thermo_mode = 'simple_electrochemical'

elementary_rxns = ([['s', 'H2O2_g'], ['H2O2_s']], [['H2O2_s', 's'], ['Ha_s', 'OOH_s']], [['s', 'C6H12_g'], ['C6H12_s']], [['OOH_s', 'C6H12_s', 's'], ['OOH-C6H12_s', 's', 's'], ['C6H12O_s', 'O_s', 'Hb_s']], [['C6H12O_s'], ['C6H12O_g', 's']], [['Hb_s', 'O_s'], ['Hb-O_s', 's'], ['OH_s', 's']], [['Ha_s', 'OH_s'], ['s', 'H2O_s']], [['H2O_s'], ['H2O_g', 's']])

estimate_frequencies = True

extrapolate_coverages = False

fix_x_star = False

fixed_entropy_dict = {'H2_g': 0.00135, 'other': 0.002}

force_recalculation = False

force_recompilation = False

frequency_dict = {'C6H12_g': [], 'H2O2_g': [], 'H2O_g': [], 'C6H12O_g': [], 's': [], 'Ha_s': [], 'Hb_s': [], 'Hb-O_s': [], 'C6H12O_s': [], 'C6H12_s': [], 'H2O2_s': [], 'H2O_s': [], 'OH_s': [], 'OOH_s': [], 'O_s': [], 'OOH-C6H12_s': [], 'g': [], '*_g': [], '*_s': []}

frequency_surface_names = []

frequency_unit_conversion = 0.0001239842

gas_names = ('C6H12O_g', 'C6H12_g', 'H2O2_g', 'H2O_g')

gas_pressures = [np.float64(1e-20), np.float64(1.0), np.float64(0.185), np.float64(0.815)]

gas_thermo_mode = 'frozen_gas'

hbond_dict = {'COOH': -0.25, 'OCHO': 0.0, 'CO': -0.1, 'CHO': -0.1, 'CH2O': 0.0, 'OCH3': 0.0, 'O': 0.0, 'OH': -0.5, 'H': 0.0, 'COH': -0.25, 'C': 0.0, 'CH': 0.0, 'CH2': 0.0, 'CH3': 0.0, 'CHOH': -0.25, 'COHOH': -0.25, 'OCH2O': 0.0, 'CH2OH': -0.25, 'OCHCH2': 0.0, 'OCHCHO': 0.0}

hindered_ads_params = {}

ideal_gas_params = {'H2_g': [2, 'linear', 0], 'N2_g': [2, 'linear', 0], 'O2_g': [2, 'linear', 1.0], 'H2O_g': [2, 'nonlinear', 0], 'CO_g': [1, 'linear', 0], 'CH4_g': [12, 'nonlinear', 0], 'NH3_g': [3, 'nonlinear', 0], 'CH3OH_g': [1, 'nonlinear', 0], 'CH3CH2OH_g': [1, 'nonlinear', 0], 'CO2_g': [2, 'linear', 0], 'CH2O_g': [2, 'nonlinear', 0], 'HCOOH_g': [1, 'nonlinear', 0], 'CH2CH2_g': [4, 'nonlinear', 0], 'CH3CHCH2_g': [1, 'nonlinear', 0], 'CH3CH2CHCH2_g': [1, 'nonlinear', 0], 'CH3CHCHCH3_g': [2, 'nonlinear', 0], 'CH3CH3CCH2_g': [2, 'nonlinear', 0], 'pe_g': [2, 'linear', 0], 'C2H2_g': [2, 'linear', 0], 'C2H4_g': [4, 'nonlinear', 0], 'C2H6_g': [6, 'nonlinear', 0], 'C3H6_g': [1, 'nonlinear', 0], 'CH3COOH_g': [1, 'nonlinear', 0], 'CH3CHO_g': [1, 'nonlinear', 0], 'C5H4O2_g': [1, 'nonlinear', 0], 'C5H6O2_g': [1, 'nonlinear', 0], 'C5H6O_g': [1, 'nonlinear', 0], 'HCl_g': [1, 'linear', 0], 'Cl2_g': [2, 'linear', 0]}

input_file = 'H:\\catmap\\catmap\\lyq_alkene_epoxidation\\2-creating_microkinetic_model\\energies_dft_neb.txt'

interaction_fitting_mode = None

interaction_surface_names = None

internally_constrain_coverages = True

max_bisections = 5

max_damping_iterations = 10

max_initial_guesses = 3

max_rootfinding_iterations = 400

model_name = 'H:\\catmap\\catmap\\lyq_alkene_epoxidation\\2-creating_microkinetic_model\\analysis_ooh\\steady_state_branch_audit\\expanded_multistart\\historical_five_resume_20261011\\target\\tini\\vacant_10pct\\stage_02\\tini\\baseline_tini'

numerical_representation = 'mpmath'

optimize_analytical_expressions = False

outer_solver_log = 'outer_solver.log'

output_labels = {'coverage': ('C6H12O_s', 'C6H12_s', 'H2O2_s', 'H2O_s', 'Ha_s', 'Hb_s', 'OH_s', 'OOH_s', 'O_s'), 'rate': ([['s', 'H2O2_g'], ['H2O2_s']], [['H2O2_s', 's'], ['Ha_s', 'OOH_s']], [['s', 'C6H12_g'], ['C6H12_s']], [['OOH_s', 'C6H12_s', 's'], ['OOH-C6H12_s', 's', 's'], ['C6H12O_s', 'O_s', 'Hb_s']], [['C6H12O_s'], ['C6H12O_g', 's']], [['Hb_s', 'O_s'], ['Hb-O_s', 's'], ['OH_s', 's']], [['Ha_s', 'OH_s'], ['s', 'H2O_s']], [['H2O_s'], ['H2O_g', 's']])}

output_variables = ['coverage', 'rate']

parameter_mode = 'formation_energy'

parameter_names = ('C6H12O_s', 'C6H12_s', 'H2O2_s', 'H2O_s', 'Ha_s', 'Hb_s', 'OH_s', 'OOH_s', 'O_s', 'Hb-O_s', 'OOH-C6H12_s')

parse_headers = ['formation_energy', 'frequencies']

perturbation_size = 1e-14

prefactor_list = ['kB*T/h', 'kB*T/h', 'kB*T/h', 'kB*T/h', 'kB*T/h', 'kB*T/h', 'kB*T/h', 'kB*T/h']

pressure = np.float64(1.0)

pressure_mode = 'concentration'

recalculate = True

required_headers = ['species_name', 'surface_name', 'site_name', 'formation_energy', 'frequencies', 'reference']

residual_threshold = 0.9

resolution = [1, 1]

rxn_expressions = ['* + H2O2_g <-> H2O2*', 'H2O2* + * -> Ha* + OOH*', '* + C6H12_g <-> C6H12*', 'OOH* + C6H12* + * <-> OOH-C6H12* + 2* -> C6H12O* + O* + Hb*', 'C6H12O* <-> C6H12O_g + *', 'Hb* + O* <-> Hb-O* + * -> OH* + *', 'Ha* + OH* -> * + H2O*', 'H2O* <-> H2O_g + *']

rxn_options_dict = {'prefactor': {}, 'beta': {}}

scaling_constraint_dict = {'OOH_s': ['+', 0, None], 'O_s': [0, '+', None]}

search_directions = [[0, 0], [0, 1], [1, 0], [0, -1], [-1, 0], [-1, 1], [1, 1], [1, -1], [-1, -1]]

setup_file = 'H:\\catmap\\catmap\\lyq_alkene_epoxidation\\2-creating_microkinetic_model\\analysis_ooh\\steady_state_branch_audit\\expanded_multistart\\historical_five_resume_20261011\\target\\tini\\vacant_10pct\\stage_02\\tini\\baseline_tini.mkm'

shomate_params = {'H2_g:298-1000': [33.066178, -11.363417, 11.432816, -2.772874, -0.158558, -9.980797, 172.707974, 0], 'H2_g:1000-2500': [18.563083, 12.257357, -2.859786, 0.268238, 1.97799, -1.147438, 156.288133, 0], 'H2_g:2500-6000': [43.41356, -4.293079, 1.272428, -0.096876, -20.533862, -38.515158, 162.081354, 0], 'CH4_g:298-1300': [-0.703029, 108.4773, -42.52157, 5.862788, 0.678565, -76.84376, 158.7163, -74.8731], 'CH4_g:1300-1600': [85.81217, 11.26467, -2.114146, 0.13819, -26.42221, -153.5327, 224.4143, -74.8731], 'CO_g:298-1300': [25.56759, 6.09613, 4.054656, -2.671201, 0.131021, -118.0089, 227.3665, -110.5271], 'CO_g:1300-1600': [35.1507, 1.300095, -0.205921, 0.01355, -3.28278, -127.8375, 231.712, -110.5271], 'H2O_g:100-500': [36.303952, -24.11232, 63.64111, -38.9524, -0.01385, -10.23966, 237.39431, 0.0], 'H2O_g:500-1700': [30.092, 6.832514, 6.793435, -2.53448, 0.082139, -250.881, 223.3967, -241.8264], 'H2O_g:1700-6000': [41.96426, 8.622053, -1.49978, 0.098119, -11.15764, -272.1797, 219.7809, -241.8264], 'CO2_g:298-1200': [24.99735, 55.18696, -33.69137, 7.948387, -0.136638, -403.6075, 228.2431, -393.5224], 'CO2_g:1200-6000': [58.16639, 2.720075, -0.492289, 0.038844, -6.447293, -425.9186, 263.6125, -393.5224], 'O2_g:100-700': [31.32234, -20.23531, 57.8664, -36.50624, -0.007374, -8.903471, 246.7945, 0.0], 'O2_g:700-2000': [30.03235, 8.772972, -3.988133, 0.788313, -0.741599, -11.32468, 236.1663, 0.0], 'O2_g:2000-6000': [20.91111, 10.72071, -2.020498, 0.146449, 9.245722, 5.337651, 237.6185, 0.0], 'NH3_g:298-1400': [19.99563, 49.77119, -15.37599, 1.921168, 0.189174, -53.30667, 203.8591, -45.89806], 'N2_g:100-500': [28.98641, 1.853978, -9.647459, 16.63537, 0.000117, -8.671914, 226.4168, 0.0], 'N2_g:500-2000': [19.50583, 19.88705, -8.598535, 1.369784, 0.527601, -4.935202, 212.39, 0.0], 'N2O_g:298-1400': [27.67988, 51.14898, -30.64454, 6.847911, -0.157906, 71.24934, 238.6164, 82.04824], 'NO2_g:298-1200': [16.10857, 75.89525, -54.3874, 14.30777, 0.239423, 26.17464, 240.5386, 33.09502], 'NO_g:298-1200': [23.83491, 12.58878, -1.139011, -1.497459, 0.214194, 83.35783, 237.1219, 90.29114], 'NO3_g:298-1200': [11.22316, 166.3889, -148.4458, 47.40598, -0.176791, 61.00858, 221.7679, 71.128], 'HNO2_g:298-1200': [24.89974, 91.37563, -64.84614, 17.92007, -0.134737, -88.13596, 254.2671, -76.73498], 'HNO3_g:298-1200': [19.63229, 153.9599, -115.8378, 32.87955, -0.249114, -146.8818, 247.7049, -134.306], 'HCN_g:298-1200': [32.69373, 22.59205, -4.369142, -0.407697, -0.282399, 123.4811, 233.2597, 135.1432], 'CH2CH2_g:298-1200': [-6.38788, 184.4019, -112.9718, 28.49593, 0.31554, 48.17332, 163.1568, 52.46694], 'CH2O_g:298-1500': [5.193767, 93.23249, -44.85457, 7.882279, 0.551175, -119.3591, 202.4663, -115.8972], 'CH3OH_g:298-1500': [-1.0845814245433651, 153.2463565199489, -79.53050359618254, 16.47130239316011, 0.5220334601533215, -4.897417024069, 199.1893745506112, 0.0], 'C5H4O2_g:100-1500': [-16.36694, 0.46958, -0.000331925, 8.50912e-08, 198590.9145, -1661.34999, -15.68938, 12461.34999], 'C5H6O2_g:100-1500': [-18.57626, 0.50733, -0.000335824, 8.28263e-08, 231619.2141, -6357.53523, 2.75692, 7057.53523], 'C5H6O_g:50-1500': [1.26847, 0.35388, -0.000173962, 2.87427e-08, 48401.71207, -5691.94893, -85.38991, 7191.94893], 'Cl2_g:298-1000': [33.0506, 12.2294, -12.0651, 4.38533, -0.159494, -10.8348, 259.029, 0.0], 'HCl_g:298-1200': [32.12392, -13.45805, 19.86852, -6.853936, -0.049672, -101.6206, 228.6866, -92.31201], 'CH3CH2OH_g:298-1500': [-4.7367880805894265, 271.96181550301463, -169.34946529216657, 43.73860153608533, 0.24643430702178773, -9.828280829187861, 203.3325622617075, 0.0], 'CH3CHO_g:298-1500': [4.8037386340099095, 185.92002366990326, -99.1084610902012, 20.61473919069016, 0.2770802548558646, -8.566600040790945, 220.00244674443837, 0.0], 'HCOOH_g:298-1500': [3.802752304225226, 153.66217894746168, -84.64046773816926, 16.297377707561505, 0.2772064997263338, -6.16527, 212.9698972559699, 0]}

site_names = ('g', 's')

species_definitions = {'C6H12_g': {'name': 'C6H12', 'site': 'g', 'type': 'gas', 'n_sites': 0, 'composition': {'H': 12, 'C': 6}, 'concentration': 1.0, 'formation_energy': -26.031223, 'formation_energy_source': 'DFT_Gibbs_gas', 'frequencies': []}, 'H2O2_g': {'name': 'H2O2', 'site': 'g', 'type': 'gas', 'n_sites': 0, 'composition': {'H': 2, 'O': 2}, 'concentration': 0.185, 'formation_energy': -7.162091, 'formation_energy_source': 'DFT_Gibbs_gas', 'frequencies': []}, 'H2O_g': {'name': 'H2O', 'site': 'g', 'type': 'gas', 'n_sites': 0, 'composition': {'H': 2, 'O': 1}, 'concentration': 0.815, 'formation_energy': -7.614457, 'formation_energy_source': 'DFT_Gibbs_gas', 'frequencies': []}, 'C6H12O_g': {'name': 'C6H12O', 'site': 'g', 'type': 'gas', 'n_sites': 0, 'composition': {'H': 12, 'C': 6, 'O': 1}, 'concentration': 1e-20, 'formation_energy': -27.667771, 'formation_energy_source': 'DFT_Gibbs_gas', 'frequencies': []}, 's': {'name': 's', 'site': 's', 'type': 'site', 'formation_energy': 0, 'n_sites': 1, 'composition': {}, 'site_names': ['111'], 'total': 1, 'frequencies': []}, 'Ha_s': {'name': 'Ha', 'site': 's', 'type': 'adsorbate', 'n_sites': 1, 'composition': {'H': 1}, 'formation_energy': [-3.820431], 'formation_energy_source': ['DFT_Gibbs_single'], 'frequencies': []}, 'Hb_s': {'name': 'Hb', 'site': 's', 'type': 'adsorbate', 'n_sites': 1, 'composition': {'H': 1}, 'formation_energy': [-3.662821], 'formation_energy_source': ['DFT_Gibbs_single'], 'frequencies': []}, 'Hb-O_s': {'name': 'Hb-O', 'site': 's', 'type': 'transition_state', 'n_sites': 1, 'composition': {'H': 1, 'O': 1}, 'formation_energy': [-3.1174065], 'formation_energy_source': ['NEB_forward_TS_minus_IS_mapped'], 'frequencies': []}, 'C6H12O_s': {'name': 'C6H12O', 'site': 's', 'type': 'adsorbate', 'n_sites': 1, 'composition': {'H': 12, 'C': 6, 'O': 1}, 'formation_energy': [-27.943361], 'formation_energy_source': ['DFT_Gibbs_single'], 'frequencies': []}, 'C6H12_s': {'name': 'C6H12', 'site': 's', 'type': 'adsorbate', 'n_sites': 1, 'composition': {'H': 12, 'C': 6}, 'formation_energy': [-26.1893485], 'formation_energy_source': ['DFT_Gibbs_single'], 'frequencies': []}, 'H2O2_s': {'name': 'H2O2', 'site': 's', 'type': 'adsorbate', 'n_sites': 1, 'composition': {'H': 2, 'O': 2}, 'formation_energy': [-7.581355], 'formation_energy_source': ['DFT_Gibbs_single'], 'frequencies': []}, 'H2O_s': {'name': 'H2O', 'site': 's', 'type': 'adsorbate', 'n_sites': 1, 'composition': {'H': 2, 'O': 1}, 'formation_energy': [-8.018426], 'formation_energy_source': ['DFT_Gibbs_single'], 'frequencies': []}, 'OH_s': {'name': 'OH', 'site': 's', 'type': 'adsorbate', 'n_sites': 1, 'composition': {'H': 1, 'O': 1}, 'formation_energy': [-4.0606515], 'formation_energy_source': ['DFT_Gibbs_single'], 'frequencies': []}, 'OOH_s': {'name': 'OOH', 'site': 's', 'type': 'adsorbate', 'n_sites': 1, 'composition': {'H': 1, 'O': 2}, 'formation_energy': [-4.1539635], 'formation_energy_source': ['DFT_Gibbs_single'], 'frequencies': []}, 'O_s': {'name': 'O', 'site': 's', 'type': 'adsorbate', 'n_sites': 1, 'composition': {'O': 1}, 'formation_energy': [0.512307], 'formation_energy_source': ['DFT_Gibbs_single'], 'frequencies': []}, 'OOH-C6H12_s': {'name': 'OOH-C6H12', 'site': 's', 'type': 'transition_state', 'n_sites': 1, 'composition': {'H': 13, 'C': 6, 'O': 2}, 'formation_energy': [-29.826142], 'formation_energy_source': ['NEB_forward_TS_minus_IS_mapped'], 'frequencies': []}, 'g': {'name': 'g', 'site': 'g', 'type': 'site', 'formation_energy': 0, 'n_sites': 0, 'site_names': ['gas'], 'total': 0, 'composition': {}, 'frequencies': []}, '*_g': {'name': 'g', 'site': 'g', 'type': 'site', 'formation_energy': 0, 'n_sites': 0, 'site_names': ['gas'], 'total': 0, 'composition': {}, 'frequencies': []}, '*_s': {'name': 's', 'site': 's', 'type': 'site', 'formation_energy': 0, 'n_sites': 1, 'composition': {}, 'site_names': ['111'], 'total': 1, 'frequencies': []}}

standard_coadsorbate_coverage = 'min'

standard_coverage = 'min'

surface_names = ('tini',)

temperature = np.float64(333.15)

thermodynamic_corrections = ['gas', 'adsorbate']

thermodynamic_variables = ['temperature', 'gas_pressures', 'voltage', 'beta', 'pH', 'Upzc', 'gas_thermo_mode', 'adsorbate_thermo_mode', 'pressure']

transition_state_names = ('Hb-O_s', 'OOH-C6H12_s')

use_numbers_solver = True

verbose = 1

stdout = """header_evaluation: fail - could not save mp = <mpmath.ctx_mp.MPContext object at 0x0000025C7AD9EBA0>


header_evaluation: fail - could not save numbers_map = [[[np.float64(333.15), np.float64(1.0)], [mpf('46952.77401188987057931128522389731233734749954841525418691803656364331121008538521978318373953073891451809702649494930580344849962890670860230851906718598121524415339882622989173386172709058874675960676539446401984643237138743969991495629323347593692784878939774243910789854108183151047216978122486386122060158059883602797520464203036774769564771548272508477659895005324966237025296182392'), mpf('60698781566885.17178754003018899775774262027049031206207340196817996683942348918025684304012982245475403496491575409941730113637112685464179283046480890876817513671466587916588911768698120862226776896092738835260564513778691151430964237127843333470658605096893860590293369994296953310543062979179279239525265543258892379225163485187134580433663363134234553796916963294773211751774107803559'), mpf('2465883498702701.342957360743861244556227826705677038389221021769985362335709648782609821173296102274228272092374270298516041229902200952005310596280144305596961444925450718960866332039213761661240491641688450139654860642442054502812483050171437581208349685883355044064969540782327971124746497023920845941470663406126416839815200906467480621237316831295808049340619118932732033206966010531'), mpf('3965306338260056.071094738858953231216583181341354819469231691443700034344052255574973607031400752133061743624312810579009759195616497657844393161374786564589472254061909984526927692091436128121919869971891798306378552490720751593200460408774400057731770347149016477177662483520540930311012739121669979218206033538146182195633346333724372056090285901919042207619179234714726695640556640055'), mpf('165729728097842677843911.3564651951878945690906156184521264937381636447697569441769828838047233166021762047992167987929254629777502889031911050577077107280404340149074479974229193127526701849072949124273736786303142412053634671617812987297263875108127822209815937185467312480602561606080015094580511434926802041969903309020304661662196705052534117057831818558521774380657401882418750630743'), mpf('10647937063842455717835.82247658245397239132377615088247878236907614315965667353398882067988659468535811931945632485372156950338145619401839354713744511744353564108766429718901583933512447765616649735457183547162884537113081575391154462510457322151490833629733862843699567048008003580983270016964931206304662624813899335969185925559781233094818918666693057072406465170060317203201454535782'), mpf('8456.28445238092253645082761245219295478415810762389198373148695044998273836463871914783099830236303334141711229441347854914842815556454436347442659008886243781994918337448102107876776713406736293368981153565831277598017306336603570292151494501814442431910404285995231564516477870585842484808352366769667819886778782222589627553525279253963858801725942931726480394109871261644230127190567'), mpf('54025801.36349552346609090882897263033693545130197280485610123699429801399474374308154929686914931379792450120164236747020922727900814197254134845637786254044559046249993786729533480565339069179352581218698145288530348236643055137940961981518736436280376678061966210618991420497680899775633686015995423350813082080515763257229839387502951706049419826897907515612125477821156231312568009742'), mpf('0.0000000000004008110784975671977541132561841334643045428534208619518647131385512996732142572238334737100753189204603585457600020841707757669939735920583771380973516700354576894371809354105621363656899141255643492536464351237754711823189492896097070307440375804142747105386659734276049383459298751004893880004688485113391614237468358230806156015143122447315874074275050487581725511433705121676888554161'), mpf('3864967778907.667053840909682792821861624925456442052305742715470003003333052395396015756150263926300643586652359965509034340861099504283981664271909715816650960383566869029358106772621082501132386813220920324325663478509323623160138243254027903983035174494211778989315258322996482505262735426191209222689306324595083367296552933509767822885408125967703937734479549878622223571022955560851')]]]


header_evaluation: fail - could not save tolerance = mpf('9.999999999999999999999999999999999999999999999999999999999999999999999999999999999999999999999999999999999999999999999999999999999999999999999999999999999999999999999999999999999999999999999999999999999999999999999999999999999999999999999999999999999999999999999999999999999999999999999999999999999999999999999999999999999999999999999999999999999999999999999999999999999999999999999999996e-261')


mapper_iteration_0: status - 1 points do not have valid solution.
minresid_iteration_0: success - [333.15, 1.00] using coverages from [333.15, 1.00]
mapper_iteration_1: status - 0 points do not have valid solution.
header_evaluation: fail - could not save coverage_map = [[[np.float64(333.15), np.float64(1.0)], [mpf('0.00000000000000000000000000000000000007993420094082454218217871374651416946335452176536428939081623776200050900632822293543115401767345052442336638611135370970372246724371769947236718418179298279221462261020449806255299870915315229248028016304855727406136808280966929081519787581383470256827563951601030950840195506047645399330828120545656137447332267797784285796399363991777329565814708933493826103860497614713615224028705869'), mpf('0.0000000000000000001335888074576394805360976019977006850672801961647182389112476848117880643086561919601258225167523212706778644443998050804116811136765461404912761448867232130145012553957629094647472314320066072222122166409390317695076282244681522136808566358073188480918897263333082963339518063384871338802585595087123955250966168606162443860910253830927174058122560379860729882096755921084507608451129173'), mpf('0.0000000000000002204729103101447319281723405677416133999621605078897979535988136895202120552438750530600451033858386143155495321748229368337241949175610900245112828174386522118247690548330981582831751280598041954298919553881173749777359305882220669642709285497727649361370177425131728952264866009620401573313320818487318755479409510623884891083942175231517942365438594534129846275299196506772318225032777'), mpf('0.0000000000000005701165056353767432622000852246324865578331110640039029362572182721732901867611674265248237794185592965037391670136434624320556125875735203239412116827427214547891657050821871998981717984667007324129441802402054559882174217420696306741432563582618627993777126384951261315010185279892386055435826596869100480668632385871146873737016996227152249320923333064856054147324674052110045199719265'), mpf('0.9958890605774601435497755679970013703064668190983303290825434662084698467237293418381669728552728546783046360350335766885003301898085593453293645427714388524536046522635194822188176371919246924314912612781857667937592095254442772104503160634151782066079803496924483720377790934689574589157103253284577207348439014054814847692316880945420496204636031128810012892286505821330659895086617535'), mpf('0.004110939422539065726678050058484104449074421350490444346188750328178252934551282035136862890870323621405774966767741578719906409620100274919434534673994051136694340540482356370278920946960083435091361326055976475680329291411952938979974502814535971221047495573977132402940263567480897259371599093940894193125646573813468294122049095853935467331510145643720389529961382516231490851364290283'), mpf('0.000000000000000000000000000000000000002592801640754783228121153274356298864888596626060751341704493244922313426509650971127445664879803254813128412340623029063302445544753943593517920053461046119002539169915433968624799997859063026533540435987715085718812421254509458129221020445197951234838036816595702214312783796842376641541768005534089742454513082593463382028232924601624238704338599873082424476248584970566119301595093848'), mpf('0.0000000000000000000000000000001058309174730434892228347980100263732603388047129315789984406499782825861651305039418293194944318227744372173965841721660570031890872572839313304559211749512127895377300137318733982021746820579555084080535324308938736538019791195152950257164275003556660284297029344130717812311208449033177868569564986734277925060256844450534395096195629215818166054644910255161925635698529112329761082283'), mpf('0.000000000000000000000000000000000000000000000000000000000000000000000005824914569337082891791892494620055620735372332752341778708143982260223218817318798029498553691062019363752912920104800170221340266598632918092823831008772455554926575181368266251985900607583783619734153734436576786348359708824161086636901836182601210493670838067387959936242943895221897316364197780531650767199377172060832420526985684580012764304514975636510626557923693238414159984365989'), mpf('0.000000000000000000000541628965294023335935319108576423500406122010801958616569110313899484765766641942151310004896413664418389554233462776703414515806578836011264500993478944507748227258799967817035777326620473339335797140141727833114800667712023704507870379728370517557660404570678852182284820717996608726119731033112899811268070347678190484821480111668898680816951970833174582141557416633202838016843778663')]]]


header_evaluation: fail - could not save kBT = mpf('0.0287086431504569980406454419608053285628557205200195312499999999999999999999999999999999999999999999999999999999999999999999999999999999999999999999999999999999999999999999999999999999999999999999999999999999999999999999999999999999999999999999999999999999999999999999999999999999999999999999999999999999999999999999999999999999999999999999999999999999999999999999999999999999999999999999')


header_evaluation: fail - could not save mp = <mpmath.ctx_mp.MPContext object at 0x0000025C7AD9EBA0>


header_evaluation: fail - could not save rate_map = [[[np.float64(333.15), np.float64(1.0)], [mpf('0.0000000000000000000000000000000000000000000000000000000000000000007979609498943150414996755629998298115122015103222831071638275157964075254627067756172347492929659141026152018124298384509213239747615502153187596784435875214457215288954973751249851729536402280017347101639152754951784218783252819113898702839355551414625806422269242115956783619200466201562321440120652515080192174969081718767900958374485596681727613622848167637280895967753657927938146929'), mpf('0.0000000000000000000000000000000000000000000000000000000000000000007979609498943150414996755629998298115122015103222831071638275157964075254627067756172347492929659141026152018124298384509213239747615502153187596784435875214457215288954973751249851729536402280017347101639152758171004278498226173511663138536886955034788570566450721434862275593345340657580979666786604421560713024459897805538717216729898919453787830434456673708450217261222857100126297787'), mpf('0.0000000000000000000000000000000000000000000000000000000000000000007979609498943150414996755629998298115122015103222831071638275157964075254627067756172347492929659141026152018124298384509213239747615502153187596784435875214457215288954973751249851729536402280017347101639152754951784218783252819113898702839355551414625806422269242115956783619200466201562321440120652515080205213220543257227805127878990264902562539340128401445204745555157186178118959077'), mpf('0.0000000000000000000000000000000000000000000000000000000000000000007979609498943150414996755629998298115122015103222831071638275157964075254627067756172347492929659141026152018124298384509213239747615502153187596784435875214457215288954973751249851729536402280017185500050148468506914832052290570115922270545108248337413482357160554182931589184240429034543374781617326291540368190812353644151503331061650417549510068614815337389298966425657226049929741696'), mpf('0.0000000000000000000000000000000000000000000000000000000000000000007979609498943150414996755629998298115122015103222831071638275157964075254627067756172347492929659141026152018124298384509213239747615502153187596784435875214457215288954973751249851729536402280017347101639152754951784218783252819113898702839355551414625806422269242115956783619200466201562617400429902161114453740064275311202753419031030021553716194458898388868148467995115626235226114108'), mpf('0.0000000000000000000000000000000000000000000000000000000000000000007979609498943150414996755629998298115122015103222831071638275157964075254627067756172347492929659141026152018124298384509213239747615502153197206333707334273040193667315709540745478144401149059657414234880672026579152086043698947966863413199335632676388120748805320849840718864007276876650686498960286003628203901620669677937330826805629704641141151567726196431405226315903649607569753438'), mpf('0.0000000000000000000000000000000000000000000000000000000000000000007979609498943150414996755629998298115122015103222831071638275157964075254627067756172347492929659141026152018124298384509213239747615502153187596784435875214457215289753297429579214760225351570928651314234216643978080245380740218851744420995302150303695993795993937265897250257799578038804167752159840366953968801874808266711442108067417760940405096815618344114999887259358990962694803911'), mpf('0.0000000000000000000000000000000000000000000000000000000000000000007979609498943150414996755629998298115122015103222831071638275157964075254627067756172347492929659141026152018124298384509213239747615502153187596784435875214457215288954973751249851729536402280017347101639152754951784218783252819113898702839355551414625806422269242115956783619200466201562321440120652515080211804238473172657768744473623855930819102678655753163374444948526946782354032832')]]]


header_evaluation: fail - could not save tolerance = mpf('9.999999999999999999999999999999999999999999999999999999999999999999999999999999999999999999999999999999999999999999999999999999999999999999999999999999999999999999999999999999999999999999999999999999999999999999999999999999999999999999999999999999999999999999999999999999999999999999999999999999999999999999999999999999999999999999999999999999999999999999999999999999999999999999999999996e-261')

"""