from numpy import array

try:
    import cPickle as pickle

except: #workaround for python3.X
    import _pickle as pickle


from mpmath import mpf 

parser = None

scaler = 'ThermodynamicScaler'

thermodynamics = 'ThermoCorrections'

solver = 'SteadyStateSolver'

mapper = 'MinResidMapper'

binary_data = pickle.load(open("baseline_titi.pkl","rb"))

locals().update(binary_data)

__citation__ = """If you find CatMAP useful to your research, please cite both the following papers:

 Medford, A. J., Shi, C., Hoffmann, M. J., Lausche, A. C., Fitzgibbon, S. R., Bligaard, T., & Nørskov, J. K. (2015). CatMAP: a software package for descriptor-based microkinetic mapping of catalytic trends. Catalysis Letters, 145, 794-807. 
 Vijay, S., H. Heenen, H., Singh, A. R., Chan, K., & Voss, J. (2024). Number of sites-based solver for determining coverages from steady-state mean-field micro-kinetic models. Journal of Computational Chemistry, 45(9), 546-551.
"""
A_uc = None

DEBUG = False

adsorbate_interaction_model = 'ideal'

adsorbate_interactions = None

adsorbate_names = ('C6H12O_s', 'C6H12_s', 'H2O2_s', 'H2O_s', 'Ha_s', 'Hb_s', 'OH_s', 'OOH_s', 'O_s')

adsorbate_thermo_mode = 'frozen_adsorbate'

analytical_jacobian = True

atomic_reservoir_list = [{'H': 'C6H12O_g', 'C': 'C6H12_g', 'O': 'H2O2_g'}, {'H': 'C6H12O_g', 'C': 'C6H12_g', 'O': 'H2O_g'}, {'H': 'H2O2_g', 'C': 'C6H12O_g', 'O': 'H2O_g'}, {'H': 'H2O2_g', 'C': 'C6H12_g', 'O': 'H2O_g'}]

atoms_dict = {}

citation_info_written = True

coverage_headers = ['coverage', 'coadsorbate_coverage']

data_file = 'baseline_titi.pkl'

decimal_precision = 460

descriptor_decimal_precision = 2

descriptor_names = ('temperature', 'pressure')

descriptor_ranges = [[333.15, 333.15], [1.0, 1.0]]

echem_transition_state_names = []

electrochemical_thermo_mode = 'simple_electrochemical'

elementary_rxns = ([['s', 'H2O2_g'], ['H2O2_s']], [['H2O2_s', 's'], ['Ha_s', 'OOH_s']], [['s', 'C6H12_g'], ['C6H12_s']], [['OOH_s', 'C6H12_s', 's'], ['OOH-C6H12_s', 's', 's'], ['C6H12O_s', 'O_s', 'Hb_s']], [['C6H12O_s'], ['C6H12O_g', 's']], [['Hb_s', 'O_s'], ['Hb-O_s', 's'], ['OH_s', 's']], [['Ha_s', 'OH_s'], ['s', 'H2O_s']], [['H2O_s'], ['H2O_g', 's']])

estimate_frequencies = True

extrapolate_coverages = False

fix_x_star = False

fixed_entropy_dict = {'H2_g': 0.00135, 'other': 0.002}

force_recalculation = False

force_recompilation = False

frequency_dict = {'C6H12_g': [], 'H2O2_g': [], 'H2O_g': [], 'C6H12O_g': [], 's': [], 'Ha_s': [], 'Hb_s': [], 'Hb-O_s': [], 'C6H12O_s': [], 'C6H12_s': [], 'H2O2_s': [], 'H2O_s': [], 'OH_s': [], 'OOH_s': [], 'O_s': [], 'OOH-C6H12_s': [], 'g': [], '*_g': [], '*_s': []}

frequency_surface_names = []

frequency_unit_conversion = 0.0001239842

gas_names = ('C6H12O_g', 'C6H12_g', 'H2O2_g', 'H2O_g')

gas_pressures = [1e-20, 1.0, 0.185, 0.815]

gas_thermo_mode = 'frozen_gas'

hbond_dict = {'COOH': -0.25, 'OCHO': 0.0, 'CO': -0.1, 'CHO': -0.1, 'CH2O': 0.0, 'OCH3': 0.0, 'O': 0.0, 'OH': -0.5, 'H': 0.0, 'COH': -0.25, 'C': 0.0, 'CH': 0.0, 'CH2': 0.0, 'CH3': 0.0, 'CHOH': -0.25, 'COHOH': -0.25, 'OCH2O': 0.0, 'CH2OH': -0.25, 'OCHCH2': 0.0, 'OCHCHO': 0.0}

hindered_ads_params = {}

ideal_gas_params = {'H2_g': [2, 'linear', 0], 'N2_g': [2, 'linear', 0], 'O2_g': [2, 'linear', 1.0], 'H2O_g': [2, 'nonlinear', 0], 'CO_g': [1, 'linear', 0], 'CH4_g': [12, 'nonlinear', 0], 'NH3_g': [3, 'nonlinear', 0], 'CH3OH_g': [1, 'nonlinear', 0], 'CH3CH2OH_g': [1, 'nonlinear', 0], 'CO2_g': [2, 'linear', 0], 'CH2O_g': [2, 'nonlinear', 0], 'HCOOH_g': [1, 'nonlinear', 0], 'CH2CH2_g': [4, 'nonlinear', 0], 'CH3CHCH2_g': [1, 'nonlinear', 0], 'CH3CH2CHCH2_g': [1, 'nonlinear', 0], 'CH3CHCHCH3_g': [2, 'nonlinear', 0], 'CH3CH3CCH2_g': [2, 'nonlinear', 0], 'pe_g': [2, 'linear', 0], 'C2H2_g': [2, 'linear', 0], 'C2H4_g': [4, 'nonlinear', 0], 'C2H6_g': [6, 'nonlinear', 0], 'C3H6_g': [1, 'nonlinear', 0], 'CH3COOH_g': [1, 'nonlinear', 0], 'CH3CHO_g': [1, 'nonlinear', 0], 'C5H4O2_g': [1, 'nonlinear', 0], 'C5H6O2_g': [1, 'nonlinear', 0], 'C5H6O_g': [1, 'nonlinear', 0], 'HCl_g': [1, 'linear', 0], 'Cl2_g': [2, 'linear', 0]}

input_file = 'H:\\catmap\\catmap\\lyq_alkene_epoxidation\\2-creating_microkinetic_model\\energies_dft_neb.txt'

interaction_fitting_mode = None

interaction_surface_names = None

internally_constrain_coverages = True

max_bisections = 5

max_damping_iterations = 10

max_initial_guesses = 3

max_rootfinding_iterations = 400

model_name = 'baseline_titi'

numerical_representation = 'mpmath'

optimize_analytical_expressions = False

outer_solver_log = 'outer_solver.log'

output_labels = {'coverage': ('C6H12O_s', 'C6H12_s', 'H2O2_s', 'H2O_s', 'Ha_s', 'Hb_s', 'OH_s', 'OOH_s', 'O_s'), 'rate': ([['s', 'H2O2_g'], ['H2O2_s']], [['H2O2_s', 's'], ['Ha_s', 'OOH_s']], [['s', 'C6H12_g'], ['C6H12_s']], [['OOH_s', 'C6H12_s', 's'], ['OOH-C6H12_s', 's', 's'], ['C6H12O_s', 'O_s', 'Hb_s']], [['C6H12O_s'], ['C6H12O_g', 's']], [['Hb_s', 'O_s'], ['Hb-O_s', 's'], ['OH_s', 's']], [['Ha_s', 'OH_s'], ['s', 'H2O_s']], [['H2O_s'], ['H2O_g', 's']]), 'turnover_frequency': ('C6H12O_g', 'C6H12_g', 'H2O2_g', 'H2O_g')}

output_variables = ['coverage', 'rate', 'turnover_frequency']

parameter_mode = 'formation_energy'

parameter_names = ('C6H12O_s', 'C6H12_s', 'H2O2_s', 'H2O_s', 'Ha_s', 'Hb_s', 'OH_s', 'OOH_s', 'O_s', 'Hb-O_s', 'OOH-C6H12_s')

parse_headers = ['formation_energy', 'frequencies']

perturbation_size = 1e-14

prefactor_list = ['kB*T/h', 'kB*T/h', 'kB*T/h', 'kB*T/h', 'kB*T/h', 'kB*T/h', 'kB*T/h', 'kB*T/h']

pressure = 1.0

pressure_mode = 'concentration'

recalculate = True

required_headers = ['species_name', 'surface_name', 'site_name', 'formation_energy', 'frequencies', 'reference']

residual_threshold = 0.9

resolution = [1, 1]

rxn_expressions = ['* + H2O2_g <-> H2O2*', 'H2O2* + * -> Ha* + OOH*', '* + C6H12_g <-> C6H12*', 'OOH* + C6H12* + * <-> OOH-C6H12* + 2* -> C6H12O* + O* + Hb*', 'C6H12O* <-> C6H12O_g + *', 'Hb* + O* <-> Hb-O* + * -> OH* + *', 'Ha* + OH* -> * + H2O*', 'H2O* <-> H2O_g + *']

rxn_options_dict = {'prefactor': {}, 'beta': {}}

scaling_constraint_dict = {'OOH_s': ['+', 0, None], 'O_s': [0, '+', None]}

search_directions = [[0, 0], [0, 1], [1, 0], [0, -1], [-1, 0], [-1, 1], [1, 1], [1, -1], [-1, -1]]

setup_file = 'baseline_titi.mkm'

shomate_params = {'H2_g:298-1000': [33.066178, -11.363417, 11.432816, -2.772874, -0.158558, -9.980797, 172.707974, 0], 'H2_g:1000-2500': [18.563083, 12.257357, -2.859786, 0.268238, 1.97799, -1.147438, 156.288133, 0], 'H2_g:2500-6000': [43.41356, -4.293079, 1.272428, -0.096876, -20.533862, -38.515158, 162.081354, 0], 'CH4_g:298-1300': [-0.703029, 108.4773, -42.52157, 5.862788, 0.678565, -76.84376, 158.7163, -74.8731], 'CH4_g:1300-1600': [85.81217, 11.26467, -2.114146, 0.13819, -26.42221, -153.5327, 224.4143, -74.8731], 'CO_g:298-1300': [25.56759, 6.09613, 4.054656, -2.671201, 0.131021, -118.0089, 227.3665, -110.5271], 'CO_g:1300-1600': [35.1507, 1.300095, -0.205921, 0.01355, -3.28278, -127.8375, 231.712, -110.5271], 'H2O_g:100-500': [36.303952, -24.11232, 63.64111, -38.9524, -0.01385, -10.23966, 237.39431, 0.0], 'H2O_g:500-1700': [30.092, 6.832514, 6.793435, -2.53448, 0.082139, -250.881, 223.3967, -241.8264], 'H2O_g:1700-6000': [41.96426, 8.622053, -1.49978, 0.098119, -11.15764, -272.1797, 219.7809, -241.8264], 'CO2_g:298-1200': [24.99735, 55.18696, -33.69137, 7.948387, -0.136638, -403.6075, 228.2431, -393.5224], 'CO2_g:1200-6000': [58.16639, 2.720075, -0.492289, 0.038844, -6.447293, -425.9186, 263.6125, -393.5224], 'O2_g:100-700': [31.32234, -20.23531, 57.8664, -36.50624, -0.007374, -8.903471, 246.7945, 0.0], 'O2_g:700-2000': [30.03235, 8.772972, -3.988133, 0.788313, -0.741599, -11.32468, 236.1663, 0.0], 'O2_g:2000-6000': [20.91111, 10.72071, -2.020498, 0.146449, 9.245722, 5.337651, 237.6185, 0.0], 'NH3_g:298-1400': [19.99563, 49.77119, -15.37599, 1.921168, 0.189174, -53.30667, 203.8591, -45.89806], 'N2_g:100-500': [28.98641, 1.853978, -9.647459, 16.63537, 0.000117, -8.671914, 226.4168, 0.0], 'N2_g:500-2000': [19.50583, 19.88705, -8.598535, 1.369784, 0.527601, -4.935202, 212.39, 0.0], 'N2O_g:298-1400': [27.67988, 51.14898, -30.64454, 6.847911, -0.157906, 71.24934, 238.6164, 82.04824], 'NO2_g:298-1200': [16.10857, 75.89525, -54.3874, 14.30777, 0.239423, 26.17464, 240.5386, 33.09502], 'NO_g:298-1200': [23.83491, 12.58878, -1.139011, -1.497459, 0.214194, 83.35783, 237.1219, 90.29114], 'NO3_g:298-1200': [11.22316, 166.3889, -148.4458, 47.40598, -0.176791, 61.00858, 221.7679, 71.128], 'HNO2_g:298-1200': [24.89974, 91.37563, -64.84614, 17.92007, -0.134737, -88.13596, 254.2671, -76.73498], 'HNO3_g:298-1200': [19.63229, 153.9599, -115.8378, 32.87955, -0.249114, -146.8818, 247.7049, -134.306], 'HCN_g:298-1200': [32.69373, 22.59205, -4.369142, -0.407697, -0.282399, 123.4811, 233.2597, 135.1432], 'CH2CH2_g:298-1200': [-6.38788, 184.4019, -112.9718, 28.49593, 0.31554, 48.17332, 163.1568, 52.46694], 'CH2O_g:298-1500': [5.193767, 93.23249, -44.85457, 7.882279, 0.551175, -119.3591, 202.4663, -115.8972], 'CH3OH_g:298-1500': [-1.0845814245433651, 153.2463565199489, -79.53050359618254, 16.47130239316011, 0.5220334601533215, -4.897417024069, 199.1893745506112, 0.0], 'C5H4O2_g:100-1500': [-16.36694, 0.46958, -0.000331925, 8.50912e-08, 198590.9145, -1661.34999, -15.68938, 12461.34999], 'C5H6O2_g:100-1500': [-18.57626, 0.50733, -0.000335824, 8.28263e-08, 231619.2141, -6357.53523, 2.75692, 7057.53523], 'C5H6O_g:50-1500': [1.26847, 0.35388, -0.000173962, 2.87427e-08, 48401.71207, -5691.94893, -85.38991, 7191.94893], 'Cl2_g:298-1000': [33.0506, 12.2294, -12.0651, 4.38533, -0.159494, -10.8348, 259.029, 0.0], 'HCl_g:298-1200': [32.12392, -13.45805, 19.86852, -6.853936, -0.049672, -101.6206, 228.6866, -92.31201], 'CH3CH2OH_g:298-1500': [-4.7367880805894265, 271.96181550301463, -169.34946529216657, 43.73860153608533, 0.24643430702178773, -9.828280829187861, 203.3325622617075, 0.0], 'CH3CHO_g:298-1500': [4.8037386340099095, 185.92002366990326, -99.1084610902012, 20.61473919069016, 0.2770802548558646, -8.566600040790945, 220.00244674443837, 0.0], 'HCOOH_g:298-1500': [3.802752304225226, 153.66217894746168, -84.64046773816926, 16.297377707561505, 0.2772064997263338, -6.16527, 212.9698972559699, 0]}

site_names = ('g', 's')

species_definitions = {'C6H12_g': {'name': 'C6H12', 'site': 'g', 'type': 'gas', 'n_sites': 0, 'composition': {'H': 12, 'C': 6}, 'concentration': 1.0, 'formation_energy': -26.031223, 'formation_energy_source': 'DFT_Gibbs_gas', 'frequencies': []}, 'H2O2_g': {'name': 'H2O2', 'site': 'g', 'type': 'gas', 'n_sites': 0, 'composition': {'H': 2, 'O': 2}, 'concentration': 0.185, 'formation_energy': -7.162091, 'formation_energy_source': 'DFT_Gibbs_gas', 'frequencies': []}, 'H2O_g': {'name': 'H2O', 'site': 'g', 'type': 'gas', 'n_sites': 0, 'composition': {'H': 2, 'O': 1}, 'concentration': 0.815, 'formation_energy': -7.614457, 'formation_energy_source': 'DFT_Gibbs_gas', 'frequencies': []}, 'C6H12O_g': {'name': 'C6H12O', 'site': 'g', 'type': 'gas', 'n_sites': 0, 'composition': {'H': 12, 'C': 6, 'O': 1}, 'concentration': 1e-20, 'formation_energy': -27.667771, 'formation_energy_source': 'DFT_Gibbs_gas', 'frequencies': []}, 's': {'name': 's', 'site': 's', 'type': 'site', 'formation_energy': 0, 'n_sites': 1, 'composition': {}, 'site_names': ['111'], 'total': 1, 'frequencies': []}, 'Ha_s': {'name': 'Ha', 'site': 's', 'type': 'adsorbate', 'n_sites': 1, 'composition': {'H': 1}, 'formation_energy': [-1.754743], 'formation_energy_source': ['DFT_Gibbs_single'], 'frequencies': []}, 'Hb_s': {'name': 'Hb', 'site': 's', 'type': 'adsorbate', 'n_sites': 1, 'composition': {'H': 1}, 'formation_energy': [-1.50894], 'formation_energy_source': ['DFT_Gibbs_single'], 'frequencies': []}, 'Hb-O_s': {'name': 'Hb-O', 'site': 's', 'type': 'transition_state', 'n_sites': 1, 'composition': {'H': 1, 'O': 1}, 'formation_energy': [-0.889662], 'formation_energy_source': ['NEB_forward_TS_minus_IS_mapped'], 'frequencies': []}, 'C6H12O_s': {'name': 'C6H12O', 'site': 's', 'type': 'adsorbate', 'n_sites': 1, 'composition': {'H': 12, 'C': 6, 'O': 1}, 'formation_energy': [-28.152308], 'formation_energy_source': ['DFT_Gibbs_single'], 'frequencies': []}, 'C6H12_s': {'name': 'C6H12', 'site': 's', 'type': 'adsorbate', 'n_sites': 1, 'composition': {'H': 12, 'C': 6}, 'formation_energy': [-26.2167775], 'formation_energy_source': ['DFT_Gibbs_single'], 'frequencies': []}, 'H2O2_s': {'name': 'H2O2', 'site': 's', 'type': 'adsorbate', 'n_sites': 1, 'composition': {'H': 2, 'O': 2}, 'formation_energy': [-7.3379775], 'formation_energy_source': ['DFT_Gibbs_single'], 'frequencies': []}, 'H2O_s': {'name': 'H2O', 'site': 's', 'type': 'adsorbate', 'n_sites': 1, 'composition': {'H': 2, 'O': 1}, 'formation_energy': [-8.5669295], 'formation_energy_source': ['DFT_Gibbs_single'], 'frequencies': []}, 'OH_s': {'name': 'OH', 'site': 's', 'type': 'adsorbate', 'n_sites': 1, 'composition': {'H': 1, 'O': 1}, 'formation_energy': [-3.8609795], 'formation_energy_source': ['DFT_Gibbs_single'], 'frequencies': []}, 'OOH_s': {'name': 'OOH', 'site': 's', 'type': 'adsorbate', 'n_sites': 1, 'composition': {'H': 1, 'O': 2}, 'formation_energy': [-3.975032], 'formation_energy_source': ['DFT_Gibbs_single'], 'frequencies': []}, 'O_s': {'name': 'O', 'site': 's', 'type': 'adsorbate', 'n_sites': 1, 'composition': {'O': 1}, 'formation_energy': [0.463091], 'formation_energy_source': ['DFT_Gibbs_single'], 'frequencies': []}, 'OOH-C6H12_s': {'name': 'OOH-C6H12', 'site': 's', 'type': 'transition_state', 'n_sites': 1, 'composition': {'H': 13, 'C': 6, 'O': 2}, 'formation_energy': [-29.8971925], 'formation_energy_source': ['NEB_forward_TS_minus_IS_mapped'], 'frequencies': []}, 'g': {'name': 'g', 'site': 'g', 'type': 'site', 'formation_energy': 0, 'n_sites': 0, 'site_names': ['gas'], 'total': 0, 'composition': {}, 'frequencies': []}, '*_g': {'name': 'g', 'site': 'g', 'type': 'site', 'formation_energy': 0, 'n_sites': 0, 'site_names': ['gas'], 'total': 0, 'composition': {}, 'frequencies': []}, '*_s': {'name': 's', 'site': 's', 'type': 'site', 'formation_energy': 0, 'n_sites': 1, 'composition': {}, 'site_names': ['111'], 'total': 1, 'frequencies': []}}

standard_coadsorbate_coverage = 'min'

standard_coverage = 'min'

surface_names = ('titi',)

temperature = 333.15

thermodynamic_corrections = ['gas', 'adsorbate']

thermodynamic_variables = ['temperature', 'gas_pressures', 'voltage', 'beta', 'pH', 'Upzc', 'gas_thermo_mode', 'adsorbate_thermo_mode', 'pressure']

transition_state_names = ('Hb-O_s', 'OOH-C6H12_s')

use_numbers_solver = True

verbose = 1

stdout = """header_evaluation: fail - could not save mp = <mpmath.ctx_mp.MPContext object at 0x0000028B83467620>


header_evaluation: fail - could not save tolerance = mpf('9.9999999999999999999999999999999999999999999999999999999999999999999999999999999999999999999999999999999999999999999999999999999999999999999999999999999999999999999999999999999999999999999999999999999999999999999999999999999999999999999999999999999999999999999999999999999999999999999999999999999999999999999999999999999999999999999999999999999999999999999999999999999999999999999999999279821642666651341375612045949991678539398627562470234654364573010444169760118642175447502958175667478e-341')


initial_evaluation: success - initial guess at point [333.15, 1.00]
mapper_iteration_0: status - 0 points do not have valid solution.
header_evaluation: fail - could not save coverage_map = [[[333.15, 1.0], [mpf('0.00000000000000000000000000000000000000000000000000000000000000000000000000000000000000000000081817871115583530601567042267787526731279993454425884462124222948412567564231472925846820405159948035943792479413963201870168099087401008547157662170796806071150558031270270655028255575996167538694834212499747060924098384684574916183100292463205481726638990366777232318681846496875244518547030463255141669770613784605099931615143597837477458244399969971581566658589324017576146175450107630901783299549971088599151580020615770972671176666963749531105804850384690434228932282457333913083947'), mpf('0.0000000000000000000000000000000000000000000000000000000000000000000000000000024543908452363081917304588614941161333234590978074197490480233290053316659559692313476391690903614303663299723049121292526521612711043530311149741273918936828964111353330807976473227367933211609453491019174403663080836426843589903522057225235434218670779531854385525852390008097408179765762545565173156975124630964084334676138305713206111255888017155379046310519441797313845959188563015774316146959230438809655001044229890352294271987106964813379834994429204626318383786818975180161026385'), mpf('0.00000000000000000000000000000000000000000000000000000000000000000000000000000032423602850464019878570215607816872719397103681144779709089936221066538183803627628897333354898748254930054444648281683386903530997695127253255461421214602913785244582095568232726770309591755726160447425028631954566387130963350997326386905817191401683323691446161832488272308118396136155643691992468091022146276467205798480140781911439897014897871912269926449045370941282002883093693469123514132963849553273593952815265768310809847884395047169338638842943970199166247452959853806404928941'), mpf('0.00000000000000000000000000000000000000000000000000000000000000000079941653105943359198759569671007797236301993282746705624930641000442344486424214421482574528059773326882236226438517963999792113672804970758568908504136772516538647699029485163236990994202771599780068530389406117874837856233546532780114465450427337501123685601456265804565930623425188701803742648057972117112993214276642044330390570796368488142422011627026299093865443545121237940514852356044748654263944280172507983517661182306706249898550711866231247039477994912945980732103448109997594'), mpf('8.4021887976670025489982362315917587428968566670426929362821692531712292867592549660605605223939500100302311396300117897134820142559163732795042637136221713019464363456022070229598629439369322035297712861132420614698305378951886685455424326866876845879133888417289174645832369192632261960276845991576167496427663842777202075524107027291072083179580013712414603656567057173477668587609421243627465125355700533071905642109200731988180347281956003391614612906674201083644082619425985672845153e-194'), mpf('0.99999999999848789629156587322186938878696434672993961601832821314100923868444561751232158702946981539450720187173541865979370104276748760601889042426209550323955211761933218660003450328410022676794685359331650030592660233865169841670920644353676012888391079926365535720035174176940639184261349497603486729255219833223810556560022405728020515919645903950223492666543445448963936154455522836216635783766319926880971084952380258171080740310563545398844212334547725729689280805368850608547963'), mpf('0.0000000000010744131511463517366580912007437943116037352681385642075556945811254344082421655342385353744734513126658874342870432669849639924377502817774794928648761687862273427751866382635004640296896090476852487369653077935371791785615249591115660309378402631999265234142586054150480823199723444012548459213625353379217616357800183024846615067433988427169162037343843461288617176584306070797806074048363248336503250901127699835842378671937222875710066059101403865509195801042909155668130930823943699'), mpf('0.0000000000004376905572877750414725200122918589584566487135332226506356502033667320328647002864130653867563434483277323537247062324728752253485460983410868177210501645481696049316260067956756479532317455213370171249556467540295537170511361105545266140436876192219726428338358308953543085852403115177774841137516993309382754915821032810834493992427295839976499597882030384799232933544596894618901418792206848975632526666220665689350530041650012465202736545066254229491459840065402344470679154155419621'), mpf('0.0000000000000000000000000000000000000000000000000000000000000000000000000000000000000000000000000000000000000000000000000000000000000010660661787231910073322479078946518205949104121741863822669866840895167535786515432603353687714834539761079437489300233039056867877255351168327731883449630987465046168995186997068761852394594339826774379060406245015938233857051122006943711979564674284625706202474910020782394678216952291373170058637604545899793050781272662368128432229402342171204393873261993978634311517850988039497434399148684631748432614091557775277719741042732326306100388331078073409658182407780511166010242545468634'), mpf('0.0000000000000000000000000000000000000000000000000000000000000000000000000000000038277102105039598109997265758435673066431327489129113098080289174865444688736542536329806738303469716632619925977361733186459312272825801242177142091730816839715049769261560569941649722528515037580265198677144374473312118990894452361744577739347104621138935264635604344059187152196721763593154238576698333262908939703967720369442932812184660586893656781847665951852161422567862115115403818343872135676265110288618504616964550291616645723030288274913573570627141399816335550477693764309881')]]]


header_evaluation: fail - could not save kBT = mpf('0.028708643150456998040645441960805328562855720520019531249999999999999999999999999999999999999999999999999999999999999999999999999999999999999999999999999999999999999999999999999999999999999999999999999999999999999999999999999999999999999999999999999999999999999999999999999999999999999999999999999999999999999999999999999999999999999999999999999999999999999999999999999999999999999999999999999999999999999999999999999999999999999999999999999999999999999999999999999999999999999999999999966')


header_evaluation: fail - could not save mp = <mpmath.ctx_mp.MPContext object at 0x0000028B83467620>


header_evaluation: fail - could not save rate_map = [[[333.15, 1.0], [mpf('1.3362365171080619011097317749363672882194995594199673960111245813985963733665564503854252155543590521354962339275785585509619161314948105825708273556798410596791816761333097541592093927930779402355350065066379023598821425006272991489016592977687901471454895618342428507652608309500985789845690338801850009252835071788441592756510752469851404196128029681665734395378956037081613784349815555996278477870935687682552025999205654752761648781065137615506369709692130770798741426532592626413389e-221'), mpf('4.0451342946260200491733176963442547352945193894364204385322948090148195234788937731642657286884262497624759462289610337144172085198074721337084553477585219788538096044357827048942706062090260608067364651645138859423573998251790081689650891176962801338202243698816393548683394544308434828277563459248241245526654335332056236681273436196626149990123304536439076836816847135985494435313225330145150877000541295906783024465922797897047409966465149454829827353334941721618822302565970396034095e-171'), mpf('1.3362365171080619011097317749363672882194995594199677150843942666350808062127080943857241100806427709543614507156259422274049020695473488188559384179971228647704939948160213238224531223731603396410775987829667385765812958559323089357333504046290917275865344550102598462061475075066537920917725735288208808418030109349720383880071665885912412475688283002913552677260759188001919050565775466030151329453907963465046845659073215003846312011824841009873674284264400423585832237257580441377736e-221'), mpf('2.6538945054281299351779750506754818220652266605580314036909636806028454647488617731442578017298176746061760688612747160683906567971468844458121809331535692768310461265045571016053671035202557881698838802733228078392855219968122909533419498710723458192124167134364125264126362752559065512442779039553170856713452595387273964519883244201191106504190835351868131040768295141771620858246294700295167660731165038266352154731634601991792763121607077654300467925534873429619871542264930789624859e-173'), mpf('1.3362365171080619011097317749363745309869709420889234062776376434923264874614188618281181082007893275068328136611528699950979654253495522294093519275043528217708692371498040793457277049967130255578003500687505777268157869476291677848073732054935700853413253505578020733100289055936586077247094943001414121556341886802570511858415107851619329181878481727194807539461128121607848360335218719963136859492960833838917425492252901161183915272037148883024424556819740623960435654886272027629028e-221'), mpf('-1.1403498059729710099429191106464406741497624681570646514162115402560537862926934330970421107508031186784026267556517073327013982927105565366336094176679039209653040810039846289629462127122357453647564481819183589219886517088127259540894612241113075739325620420286766974149741743034283064028171907473944257545136261107048872886701725183981088662978970508622312009085555912781907381051627387727329613972263451423985315162672310492128380629151591649597009250200291769482116272415387262343186e-201'), mpf('-4.8120986705905251389269499509724543640157976530457809039596114226026894036917855907412374480155258567887983873299625205928441706210589791662932687289400427203623508137802752795484148380015632023792106712228276608575312523754408543251808107924845691162414161096496839117238516468641163944947252603925801061525791918613390800432176578007999612040200393435593081197459775924360271111883517069892218398272013931845939609842064318642749808076463764779453556620707400569522599439482824717776207e-179'), mpf('1.3362365171080619011097317749363672882194995594199678763803815127644538987176129060285424792382911595941392874267720549672263282959214138964004262234729748594113219000214673549347088088608501200369255201140384039057617952103557462474103392804292442921516886635486120139634506047869213609222323941505533109933049107881100796420768043255965336292963364716646678164345979725195795266453410182067510728430914137394118762839485353562549925050394086201047305073130623781501897554844933986993804e-221')]]]


header_evaluation: fail - could not save tolerance = mpf('9.9999999999999999999999999999999999999999999999999999999999999999999999999999999999999999999999999999999999999999999999999999999999999999999999999999999999999999999999999999999999999999999999999999999999999999999999999999999999999999999999999999999999999999999999999999999999999999999999999999999999999999999999999999999999999999999999999999999999999999999999999999999999999999999999999279821642666651341375612045949991678539398627562470234654364573010444169760118642175447502958175667478e-341')


header_evaluation: fail - could not save turnover_frequency_map = [[[333.15, 1.0], [mpf('1.3362365171080619011097317749363745309869709420889234062776376434923264874614188618281181082007893275068328136611528699950979654253495522294093519275043528217708692371498040793457277049967130255578003500687505777268157869476291677848073732054935700853413253505578020733100289055936586077247094943001414121556341886802570511858415107851619329181878481727194807539461128121607848360335218719963136859492960833838917425492252901161183915272037148883024424556819740623960435654886272027629028e-221'), mpf('-1.3362365171080619011097317749363672882194995594199677150843942666350808062127080943857241100806427709543614507156259422274049020695473488188559384179971228647704939948160213238224531223731603396410775987829667385765812958559323089357333504046290917275865344550102598462061475075066537920917725735288208808418030109349720383880071665885912412475688283002913552677260759188001919050565775466030151329453907963465046845659073215003846312011824841009873674284264400423585832237257580441377736e-221'), mpf('-1.3362365171080619011097317749363672882194995594199673960111245813985963733665564503854252155543590521354962339275785585509619161314948105825708273556798410596791816761333097541592093927930779402355350065066379023598821425006272991489016592977687901471454895618342428507652608309500985789845690338801850009252835071788441592756510752469851404196128029681665734395378956037081613784349815555996278477870935687682552025999205654752761648781065137615506369709692130770798741426532592626413389e-221'), mpf('1.3362365171080619011097317749363672882194995594199678763803815127644538987176129060285424792382911595941392874267720549672263282959214138964004262234729748594113219000214673549347088088608501200369255201140384039057617952103557462474103392804292442921516886635486120139634506047869213609222323941505533109933049107881100796420768043255965336292963364716646678164345979725195795266453410182067510728430914137394118762839485353562549925050394086201047305073130623781501897554844933986993804e-221')]]]

"""