from numpy import array

try:
    import cPickle as pickle

except: #workaround for python3.X
    import _pickle as pickle


from mpmath import mpf 

parser = None

scaler = 'ThermodynamicScaler'

thermodynamics = 'ThermoCorrections'

solver = 'SteadyStateSolver'

mapper = 'MinResidMapper'

binary_data = pickle.load(open("baseline_tire.pkl","rb"))

locals().update(binary_data)

__citation__ = """If you find CatMAP useful to your research, please cite both the following papers:

 Medford, A. J., Shi, C., Hoffmann, M. J., Lausche, A. C., Fitzgibbon, S. R., Bligaard, T., & Nørskov, J. K. (2015). CatMAP: a software package for descriptor-based microkinetic mapping of catalytic trends. Catalysis Letters, 145, 794-807. 
 Vijay, S., H. Heenen, H., Singh, A. R., Chan, K., & Voss, J. (2024). Number of sites-based solver for determining coverages from steady-state mean-field micro-kinetic models. Journal of Computational Chemistry, 45(9), 546-551.
"""
A_uc = None

DEBUG = False

adsorbate_interaction_model = 'ideal'

adsorbate_interactions = None

adsorbate_names = ('C6H12O_s', 'C6H12_s', 'H2O2_s', 'H2O_s', 'Ha_s', 'Hb_s', 'OH_s', 'OOH_s', 'O_s')

adsorbate_thermo_mode = 'frozen_adsorbate'

analytical_jacobian = True

atomic_reservoir_dict = {'O': 'H2O2_g', 'C': 'C6H12_g', 'H': 'H2O_g'}

atomic_reservoir_list = [{'O': 'C6H12O_g', 'C': 'C6H12_g', 'H': 'H2O2_g'}, {'O': 'C6H12O_g', 'C': 'C6H12_g', 'H': 'H2O_g'}, {'O': 'H2O2_g', 'C': 'C6H12O_g', 'H': 'H2O_g'}, {'O': 'H2O2_g', 'C': 'C6H12_g', 'H': 'H2O_g'}]

atoms_dict = {}

citation_info_written = True

coverage_headers = ['coverage', 'coadsorbate_coverage']

data_file = 'baseline_tire.pkl'

decimal_precision = 360

descriptor_decimal_precision = 2

descriptor_names = ('temperature', 'pressure')

descriptor_ranges = [[333.15, 333.15], [1.0, 1.0]]

echem_transition_state_names = []

electrochemical_thermo_mode = 'simple_electrochemical'

elementary_rxns = ([['s', 'H2O2_g'], ['H2O2_s']], [['H2O2_s', 's'], ['Ha_s', 'OOH_s']], [['s', 'C6H12_g'], ['C6H12_s']], [['OOH_s', 'C6H12_s', 's'], ['OOH-C6H12_s', 's', 's'], ['C6H12O_s', 'O_s', 'Hb_s']], [['C6H12O_s'], ['C6H12O_g', 's']], [['Hb_s', 'O_s'], ['Hb-O_s', 's'], ['OH_s', 's']], [['Ha_s', 'OH_s'], ['s', 'H2O_s']], [['H2O_s'], ['H2O_g', 's']])

estimate_frequencies = True

extrapolate_coverages = False

fix_x_star = False

fixed_entropy_dict = {'H2_g': 0.00135, 'other': 0.002}

force_recalculation = False

force_recompilation = False

frequency_dict = {'C6H12_g': [], 'H2O2_g': [], 'H2O_g': [], 'C6H12O_g': [], 's': [], 'Ha_s': [], 'Hb_s': [], 'Hb-O_s': [], 'C6H12O_s': [], 'C6H12_s': [], 'H2O2_s': [], 'H2O_s': [], 'OH_s': [], 'OOH_s': [], 'O_s': [], 'OOH-C6H12_s': [], 'g': [], '*_g': [], '*_s': []}

frequency_surface_names = []

frequency_unit_conversion = 0.0001239842

gas_names = ('C6H12O_g', 'C6H12_g', 'H2O2_g', 'H2O_g')

gas_pressures = [np.float64(1e-20), np.float64(1.0), np.float64(0.185), np.float64(0.815)]

gas_thermo_mode = 'frozen_gas'

hbond_dict = {'COOH': -0.25, 'OCHO': 0.0, 'CO': -0.1, 'CHO': -0.1, 'CH2O': 0.0, 'OCH3': 0.0, 'O': 0.0, 'OH': -0.5, 'H': 0.0, 'COH': -0.25, 'C': 0.0, 'CH': 0.0, 'CH2': 0.0, 'CH3': 0.0, 'CHOH': -0.25, 'COHOH': -0.25, 'OCH2O': 0.0, 'CH2OH': -0.25, 'OCHCH2': 0.0, 'OCHCHO': 0.0}

hindered_ads_params = {}

ideal_gas_params = {'H2_g': [2, 'linear', 0], 'N2_g': [2, 'linear', 0], 'O2_g': [2, 'linear', 1.0], 'H2O_g': [2, 'nonlinear', 0], 'CO_g': [1, 'linear', 0], 'CH4_g': [12, 'nonlinear', 0], 'NH3_g': [3, 'nonlinear', 0], 'CH3OH_g': [1, 'nonlinear', 0], 'CH3CH2OH_g': [1, 'nonlinear', 0], 'CO2_g': [2, 'linear', 0], 'CH2O_g': [2, 'nonlinear', 0], 'HCOOH_g': [1, 'nonlinear', 0], 'CH2CH2_g': [4, 'nonlinear', 0], 'CH3CHCH2_g': [1, 'nonlinear', 0], 'CH3CH2CHCH2_g': [1, 'nonlinear', 0], 'CH3CHCHCH3_g': [2, 'nonlinear', 0], 'CH3CH3CCH2_g': [2, 'nonlinear', 0], 'pe_g': [2, 'linear', 0], 'C2H2_g': [2, 'linear', 0], 'C2H4_g': [4, 'nonlinear', 0], 'C2H6_g': [6, 'nonlinear', 0], 'C3H6_g': [1, 'nonlinear', 0], 'CH3COOH_g': [1, 'nonlinear', 0], 'CH3CHO_g': [1, 'nonlinear', 0], 'C5H4O2_g': [1, 'nonlinear', 0], 'C5H6O2_g': [1, 'nonlinear', 0], 'C5H6O_g': [1, 'nonlinear', 0], 'HCl_g': [1, 'linear', 0], 'Cl2_g': [2, 'linear', 0]}

input_file = 'H:\\catmap\\catmap\\lyq_alkene_epoxidation\\2-creating_microkinetic_model\\energies_dft_neb.txt'

interaction_fitting_mode = None

interaction_surface_names = None

internally_constrain_coverages = True

max_bisections = 5

max_damping_iterations = 10

max_initial_guesses = 3

max_rootfinding_iterations = 400

model_name = 'H:\\catmap\\catmap\\lyq_alkene_epoxidation\\2-creating_microkinetic_model\\analysis_ooh\\steady_state_branch_audit\\replay\\tire__Ha_dominant__stage_02\\tire\\baseline_tire'

numerical_representation = 'mpmath'

optimize_analytical_expressions = False

outer_solver_log = 'outer_solver.log'

output_labels = {'coverage': ('C6H12O_s', 'C6H12_s', 'H2O2_s', 'H2O_s', 'Ha_s', 'Hb_s', 'OH_s', 'OOH_s', 'O_s'), 'rate': ([['s', 'H2O2_g'], ['H2O2_s']], [['H2O2_s', 's'], ['Ha_s', 'OOH_s']], [['s', 'C6H12_g'], ['C6H12_s']], [['OOH_s', 'C6H12_s', 's'], ['OOH-C6H12_s', 's', 's'], ['C6H12O_s', 'O_s', 'Hb_s']], [['C6H12O_s'], ['C6H12O_g', 's']], [['Hb_s', 'O_s'], ['Hb-O_s', 's'], ['OH_s', 's']], [['Ha_s', 'OH_s'], ['s', 'H2O_s']], [['H2O_s'], ['H2O_g', 's']])}

output_variables = ['coverage', 'rate']

parameter_mode = 'formation_energy'

parameter_names = ('C6H12O_s', 'C6H12_s', 'H2O2_s', 'H2O_s', 'Ha_s', 'Hb_s', 'OH_s', 'OOH_s', 'O_s', 'Hb-O_s', 'OOH-C6H12_s')

parse_headers = ['formation_energy', 'frequencies']

perturbation_size = 1e-14

prefactor_list = ['kB*T/h', 'kB*T/h', 'kB*T/h', 'kB*T/h', 'kB*T/h', 'kB*T/h', 'kB*T/h', 'kB*T/h']

pressure = np.float64(1.0)

pressure_mode = 'concentration'

recalculate = True

required_headers = ['species_name', 'surface_name', 'site_name', 'formation_energy', 'frequencies', 'reference']

residual_threshold = 0.9

resolution = [1, 1]

rxn_expressions = ['* + H2O2_g <-> H2O2*', 'H2O2* + * -> Ha* + OOH*', '* + C6H12_g <-> C6H12*', 'OOH* + C6H12* + * <-> OOH-C6H12* + 2* -> C6H12O* + O* + Hb*', 'C6H12O* <-> C6H12O_g + *', 'Hb* + O* <-> Hb-O* + * -> OH* + *', 'Ha* + OH* -> * + H2O*', 'H2O* <-> H2O_g + *']

rxn_options_dict = {'prefactor': {}, 'beta': {}}

scaling_constraint_dict = {'OOH_s': ['+', 0, None], 'O_s': [0, '+', None]}

search_directions = [[0, 0], [0, 1], [1, 0], [0, -1], [-1, 0], [-1, 1], [1, 1], [1, -1], [-1, -1]]

setup_file = 'H:\\catmap\\catmap\\lyq_alkene_epoxidation\\2-creating_microkinetic_model\\analysis_ooh\\steady_state_branch_audit\\replay\\tire__Ha_dominant__stage_02\\tire\\baseline_tire.mkm'

shomate_params = {'H2_g:298-1000': [33.066178, -11.363417, 11.432816, -2.772874, -0.158558, -9.980797, 172.707974, 0], 'H2_g:1000-2500': [18.563083, 12.257357, -2.859786, 0.268238, 1.97799, -1.147438, 156.288133, 0], 'H2_g:2500-6000': [43.41356, -4.293079, 1.272428, -0.096876, -20.533862, -38.515158, 162.081354, 0], 'CH4_g:298-1300': [-0.703029, 108.4773, -42.52157, 5.862788, 0.678565, -76.84376, 158.7163, -74.8731], 'CH4_g:1300-1600': [85.81217, 11.26467, -2.114146, 0.13819, -26.42221, -153.5327, 224.4143, -74.8731], 'CO_g:298-1300': [25.56759, 6.09613, 4.054656, -2.671201, 0.131021, -118.0089, 227.3665, -110.5271], 'CO_g:1300-1600': [35.1507, 1.300095, -0.205921, 0.01355, -3.28278, -127.8375, 231.712, -110.5271], 'H2O_g:100-500': [36.303952, -24.11232, 63.64111, -38.9524, -0.01385, -10.23966, 237.39431, 0.0], 'H2O_g:500-1700': [30.092, 6.832514, 6.793435, -2.53448, 0.082139, -250.881, 223.3967, -241.8264], 'H2O_g:1700-6000': [41.96426, 8.622053, -1.49978, 0.098119, -11.15764, -272.1797, 219.7809, -241.8264], 'CO2_g:298-1200': [24.99735, 55.18696, -33.69137, 7.948387, -0.136638, -403.6075, 228.2431, -393.5224], 'CO2_g:1200-6000': [58.16639, 2.720075, -0.492289, 0.038844, -6.447293, -425.9186, 263.6125, -393.5224], 'O2_g:100-700': [31.32234, -20.23531, 57.8664, -36.50624, -0.007374, -8.903471, 246.7945, 0.0], 'O2_g:700-2000': [30.03235, 8.772972, -3.988133, 0.788313, -0.741599, -11.32468, 236.1663, 0.0], 'O2_g:2000-6000': [20.91111, 10.72071, -2.020498, 0.146449, 9.245722, 5.337651, 237.6185, 0.0], 'NH3_g:298-1400': [19.99563, 49.77119, -15.37599, 1.921168, 0.189174, -53.30667, 203.8591, -45.89806], 'N2_g:100-500': [28.98641, 1.853978, -9.647459, 16.63537, 0.000117, -8.671914, 226.4168, 0.0], 'N2_g:500-2000': [19.50583, 19.88705, -8.598535, 1.369784, 0.527601, -4.935202, 212.39, 0.0], 'N2O_g:298-1400': [27.67988, 51.14898, -30.64454, 6.847911, -0.157906, 71.24934, 238.6164, 82.04824], 'NO2_g:298-1200': [16.10857, 75.89525, -54.3874, 14.30777, 0.239423, 26.17464, 240.5386, 33.09502], 'NO_g:298-1200': [23.83491, 12.58878, -1.139011, -1.497459, 0.214194, 83.35783, 237.1219, 90.29114], 'NO3_g:298-1200': [11.22316, 166.3889, -148.4458, 47.40598, -0.176791, 61.00858, 221.7679, 71.128], 'HNO2_g:298-1200': [24.89974, 91.37563, -64.84614, 17.92007, -0.134737, -88.13596, 254.2671, -76.73498], 'HNO3_g:298-1200': [19.63229, 153.9599, -115.8378, 32.87955, -0.249114, -146.8818, 247.7049, -134.306], 'HCN_g:298-1200': [32.69373, 22.59205, -4.369142, -0.407697, -0.282399, 123.4811, 233.2597, 135.1432], 'CH2CH2_g:298-1200': [-6.38788, 184.4019, -112.9718, 28.49593, 0.31554, 48.17332, 163.1568, 52.46694], 'CH2O_g:298-1500': [5.193767, 93.23249, -44.85457, 7.882279, 0.551175, -119.3591, 202.4663, -115.8972], 'CH3OH_g:298-1500': [-1.0845814245433651, 153.2463565199489, -79.53050359618254, 16.47130239316011, 0.5220334601533215, -4.897417024069, 199.1893745506112, 0.0], 'C5H4O2_g:100-1500': [-16.36694, 0.46958, -0.000331925, 8.50912e-08, 198590.9145, -1661.34999, -15.68938, 12461.34999], 'C5H6O2_g:100-1500': [-18.57626, 0.50733, -0.000335824, 8.28263e-08, 231619.2141, -6357.53523, 2.75692, 7057.53523], 'C5H6O_g:50-1500': [1.26847, 0.35388, -0.000173962, 2.87427e-08, 48401.71207, -5691.94893, -85.38991, 7191.94893], 'Cl2_g:298-1000': [33.0506, 12.2294, -12.0651, 4.38533, -0.159494, -10.8348, 259.029, 0.0], 'HCl_g:298-1200': [32.12392, -13.45805, 19.86852, -6.853936, -0.049672, -101.6206, 228.6866, -92.31201], 'CH3CH2OH_g:298-1500': [-4.7367880805894265, 271.96181550301463, -169.34946529216657, 43.73860153608533, 0.24643430702178773, -9.828280829187861, 203.3325622617075, 0.0], 'CH3CHO_g:298-1500': [4.8037386340099095, 185.92002366990326, -99.1084610902012, 20.61473919069016, 0.2770802548558646, -8.566600040790945, 220.00244674443837, 0.0], 'HCOOH_g:298-1500': [3.802752304225226, 153.66217894746168, -84.64046773816926, 16.297377707561505, 0.2772064997263338, -6.16527, 212.9698972559699, 0]}

site_names = ('g', 's')

species_definitions = {'C6H12_g': {'name': 'C6H12', 'site': 'g', 'type': 'gas', 'n_sites': 0, 'composition': {'C': 6, 'H': 12}, 'concentration': 1.0, 'formation_energy': -26.031223, 'formation_energy_source': 'DFT_Gibbs_gas', 'frequencies': []}, 'H2O2_g': {'name': 'H2O2', 'site': 'g', 'type': 'gas', 'n_sites': 0, 'composition': {'O': 2, 'H': 2}, 'concentration': 0.185, 'formation_energy': -7.162091, 'formation_energy_source': 'DFT_Gibbs_gas', 'frequencies': []}, 'H2O_g': {'name': 'H2O', 'site': 'g', 'type': 'gas', 'n_sites': 0, 'composition': {'O': 1, 'H': 2}, 'concentration': 0.815, 'formation_energy': -7.614457, 'formation_energy_source': 'DFT_Gibbs_gas', 'frequencies': []}, 'C6H12O_g': {'name': 'C6H12O', 'site': 'g', 'type': 'gas', 'n_sites': 0, 'composition': {'O': 1, 'C': 6, 'H': 12}, 'concentration': 1e-20, 'formation_energy': -27.667771, 'formation_energy_source': 'DFT_Gibbs_gas', 'frequencies': []}, 's': {'name': 's', 'site': 's', 'type': 'site', 'formation_energy': 0, 'n_sites': 1, 'composition': {}, 'site_names': ['111'], 'total': 1, 'frequencies': []}, 'Ha_s': {'name': 'Ha', 'site': 's', 'type': 'adsorbate', 'n_sites': 1, 'composition': {'H': 1}, 'formation_energy': [-1.5584925], 'formation_energy_source': ['DFT_Gibbs_single'], 'frequencies': []}, 'Hb_s': {'name': 'Hb', 'site': 's', 'type': 'adsorbate', 'n_sites': 1, 'composition': {'H': 1}, 'formation_energy': [-0.8782555], 'formation_energy_source': ['DFT_Gibbs_single'], 'frequencies': []}, 'Hb-O_s': {'name': 'Hb-O', 'site': 's', 'type': 'transition_state', 'n_sites': 1, 'composition': {'H': 1, 'O': 1}, 'formation_energy': [-3.1101335], 'formation_energy_source': ['NEB_forward_TS_minus_IS_mapped'], 'frequencies': []}, 'C6H12O_s': {'name': 'C6H12O', 'site': 's', 'type': 'adsorbate', 'n_sites': 1, 'composition': {'O': 1, 'C': 6, 'H': 12}, 'formation_energy': [-27.911677], 'formation_energy_source': ['DFT_Gibbs_single'], 'frequencies': []}, 'C6H12_s': {'name': 'C6H12', 'site': 's', 'type': 'adsorbate', 'n_sites': 1, 'composition': {'C': 6, 'H': 12}, 'formation_energy': [-26.1495385], 'formation_energy_source': ['DFT_Gibbs_single'], 'frequencies': []}, 'H2O2_s': {'name': 'H2O2', 'site': 's', 'type': 'adsorbate', 'n_sites': 1, 'composition': {'O': 2, 'H': 2}, 'formation_energy': [-7.2745195], 'formation_energy_source': ['DFT_Gibbs_single'], 'frequencies': []}, 'H2O_s': {'name': 'H2O', 'site': 's', 'type': 'adsorbate', 'n_sites': 1, 'composition': {'O': 1, 'H': 2}, 'formation_energy': [-7.7673405], 'formation_energy_source': ['DFT_Gibbs_single'], 'frequencies': []}, 'OH_s': {'name': 'OH', 'site': 's', 'type': 'adsorbate', 'n_sites': 1, 'composition': {'O': 1, 'H': 1}, 'formation_energy': [-3.7482435], 'formation_energy_source': ['DFT_Gibbs_single'], 'frequencies': []}, 'OOH_s': {'name': 'OOH', 'site': 's', 'type': 'adsorbate', 'n_sites': 1, 'composition': {'O': 2, 'H': 1}, 'formation_energy': [-5.1042155], 'formation_energy_source': ['DFT_Gibbs_single'], 'frequencies': []}, 'O_s': {'name': 'O', 'site': 's', 'type': 'adsorbate', 'n_sites': 1, 'composition': {'O': 1}, 'formation_energy': [-2.449751], 'formation_energy_source': ['DFT_Gibbs_single'], 'frequencies': []}, 'OOH-C6H12_s': {'name': 'OOH-C6H12', 'site': 's', 'type': 'transition_state', 'n_sites': 1, 'composition': {'O': 2, 'C': 6, 'H': 13}, 'formation_energy': [-30.808908], 'formation_energy_source': ['NEB_forward_TS_minus_IS_mapped'], 'frequencies': []}, 'g': {'name': 'g', 'site': 'g', 'type': 'site', 'formation_energy': 0, 'n_sites': 0, 'site_names': ['gas'], 'total': 0, 'composition': {}, 'frequencies': []}, '*_g': {'name': 'g', 'site': 'g', 'type': 'site', 'formation_energy': 0, 'n_sites': 0, 'site_names': ['gas'], 'total': 0, 'composition': {}, 'frequencies': []}, '*_s': {'name': 's', 'site': 's', 'type': 'site', 'formation_energy': 0, 'n_sites': 1, 'composition': {}, 'site_names': ['111'], 'total': 1, 'frequencies': []}}

standard_coadsorbate_coverage = 'min'

standard_coverage = 'min'

surface_names = ('tire',)

temperature = np.float64(333.15)

thermodynamic_corrections = ['gas', 'adsorbate']

thermodynamic_variables = ['temperature', 'gas_pressures', 'voltage', 'beta', 'pH', 'Upzc', 'gas_thermo_mode', 'adsorbate_thermo_mode', 'pressure']

transition_state_names = ('Hb-O_s', 'OOH-C6H12_s')

use_numbers_solver = True

verbose = 1

stdout = """header_evaluation: fail - could not save mp = <mpmath.ctx_mp.MPContext object at 0x0000016EBD992CF0>


header_evaluation: fail - could not save numbers_map = [[[np.float64(333.15), np.float64(1.0)], [mpf('-0.000000000000003770229846225859719954000548102382053267629083088189619876903947077363978960655915905692265940404642762524550680778496071669330776418776826762421043816716964137236161272198572229501321988814149570566159170077720845156281975719801605974795692378625812571962494142360620315250338036099656820419004765454262786719638742752340255439829249329094406679927389133962463157560460817664539313459266'), mpf('0.000004230803721635184549748407531327875108280306504259986853429880421429924560691306264053205111936847416451920588881517765796625645856954582957358014339196922482717262664456236828332695593393477775245518604170765166910226809526258325071846465998391532050479981468037640825338441815059407167072995376609378560342648836817390573326552671548747584505047926532467716052553486151418119908609074292'), mpf('0.000001642405860584227814464653549528939804067387773742307204328123435640489899815483841303709778764163714860735822825381306687088498467090761562349947383852740306240237165432016658207547092515091387244638783209878853483828256376039771176142877840607830515179764046160850577430839261589437320355535389247771536563634360157536700600091451634699142070535247418933099998682515259610670931697885547'), mpf('0.000006973777561911537503731284130612003904544315831726602773338704475409726749107331360059713089647288478977043025737239174747296969120876345843506234521832637724119840468209255989339795981278213111351908893550909188132024733571823044330063203486023477192580708099041606909368834541532538019941424110450967330255870360575205880009625406367627495103178920893907354947917891426253316632241490701'), mpf('0.0000000000000000000000000000000000000000000002540563809485972119231198047459368208899495303122162515295014187697420920021541927004651137239583228731432886902093588795096030144548708630427774241579776153830595360731075140821736739100894360527327892197482754977678600883767174645297392668837326918633482032775466595850538444044247295069060209613611776240969206476585310252567026228593996179567079816879865743169148919104103127751101194'), mpf('0.000000000000004641613085851440686216144032226380739380729285713399921710230751071471708198996124966795179924564755680159630485355699872689044340894165341310133719882112440011432652756277347055576085009362878195043732993532512799657595916766306944804764773649568071072823367438256042679303769423459053332984491565670518226920982829909143181896911017186750062227206152373288204682299513790033023711385925'), mpf('37584530786277963570258.84381290079584192470954844160862658478067194904728054371217919925867282050372198781285558520619812281583670392858707384740542757289604255633372837442819807213504467996086825900517889303122577051794985516906111308254501283468151508130369675449325933027406765564910036924843818012193072077537037295322047337540802093319730981272227959956960720694339141317135799419326'), mpf('375270465879981995856.1174239828121097069286338645236814651762464316602270488453435719818150755440071641627977690882374024897364287878409864927401951600123990607371406504809804117352991184302354928232853935873269692655532720563655671829338656526912267964563457238531026397991582891275543139964485405680029312354793566715800141114540401331260264696465388138896274999000562059501328502403519'), mpf('2892308122787725709490062996.661500235068854754648760104100856845112594677004593197704495288401892547609247583557484757179341710500475598928233041251892616315475902311158654122496038427291361118428350017383262941807556567037478014393832921659660552998941547566042814287717626007450904722835727148615532564109207800459689482761421019557302852342120177147028564166928279913414520380755767676'), mpf('0.0000005388957735603073935217008040216026021791261524316287390218089509690689270364829571973104506901605941412698373565945254734040455056872344475442495939317788321859251873879252587947738859181216214484562208271776860072035144955818365197852992713098257670380667689566852079391550963886893153028545272945925342834812695169335108640290233358342768013656457762536000566647784349139296901051693975')]]]


header_evaluation: fail - could not save tolerance = mpf('9.999999999999999999999999999999999999999999999999999999999999999999999999999999999999999999999999999999999999999999999999999999999999999999999999999999999999999999999999999999999999999999999999999999999999999999999999999999999999999999999999999999999999999999999999999999999999999999999999999999999999999999999999999999999999999999999999999999999999999999999999999999999999999999999999996e-261')


mapper_iteration_0: status - 1 points do not have valid solution.
minresid_iteration_0: success - [333.15, 1.00] using coverages from [333.15, 1.00]
mapper_iteration_1: status - 0 points do not have valid solution.
header_evaluation: fail - could not save coverage_map = [[[np.float64(333.15), np.float64(1.0)], [mpf('0.000000000000000000000000000000000000000000000000000000000000000000000000000000000001699207982461028260357290817744912382106290357104353019049976023937010517302852020654033984500682900399062052986148636095185017122123642205151393144590237239548591400648377468805414541793140429834393178710453740876278641295477268490275013250055571636723978332754361972024565353584118778886860301670242934397861571168842550561647441490246952974864435728641188652694370571663300416707771921'), mpf('0.000000000000000000000000000000000000000000000000000000000000000002139718496176943621790238954805388426800468715497907573885548378556762541594081505610600966364929013314102250202634899992407906452957798911336177865050632013542115466271216904344949892434981441200170831524752934147538463610447550570067738283669472414495550514850308220216912601756958574844791253858691923993110032786934773713380696013197902067123083326737246832243412454110189341294211455'), mpf('0.0000000000000000000000000000000000000000000000000000000000000000003224570358901227534087718338220429142397866845121746152696421187225080414668407462169515219734161068194612178146056333837534842675553659911259267771660189784638038865642453245267738298308358107125538075291864036028210062654723127225925325863753590388042600375438853425824488696774119608515362086979158831140212174192900423851351657059147433524374437511202367983294970710226905407931712552'), mpf('0.000000000000000000000000000000000000000000000000000000000000000005813625700721401465531788377110528837853623457676275434471690753322673591741964968640561822698541773907271391135643106352387950959192808553421798563443626808916815247159627965270848160638008406914735926189497660392137165647291696091808822695065490168724060330459035913654074973253204436023072616717086966436808853221302329330363914030486085941231627910671737026115839632133067167839271449'), mpf('7.715624791727849710949829322297957512522701468386220167724732803740539342307881674100893173143825350426751399326516104570621307601795847916819486370697046564673221894879850700918323801557422370441503007810198640524939836352550044024279766084142865726974486541577593416837630321842381791237159539860511118578632744966191861882532885446425695910058541128540883513900069006718614936768686482e-147'), mpf('0.000000000000000000000000000000000000000000000000000000000000000000000000000000000002575424110244207099720646763521112346704793301938854063574493380612192401948262111854399157922530896558503977360213794072598008699446119311788011417956034016618767166500889211899727127892472456852582541755291438609814278464810564598519482796320976878118010626353430571387302211802379937591012391649820753060594616483379304556156291272321831534300815997409580063643397515234611736740811083'), mpf('0.0000000001688609199542203781927465354851255523284435954988520465267372631895431477432035743383239915037650423159931867863709998388621249031824489804781731980251195233136420235191238116277070088610306634603866434308809089990865837122070004510988265172996463677089164417434652034852775308967441142897149031265881875920110209932750607330998495345337633027106064622825405687253102904591794591549527779'), mpf('0.00000000000001683447814646389566245502660778798446556570935643265239839385643099558758934691633565513438312275261377081394343936938543059831638270631134462072114671210735045568113046693510432595994132836184712891532705772792686114614454765504153139819108100071439289626397262866959512350599604767426002024151036519482397174894145748624879222290841522438526663882279056828103657313921720824938864025154'), mpf('0.9999999998311222455676331579115910094882666596870908387917915208125538264597807973819240992618137046679307210241730863703462042076228901359864344026256668931268366230131026073084217657737477146528230035929241621600927984802898025307595685487910266959634499339218467722992955076892784212436672476236700083245879565508010999988619524380278356904395972331291643008529154146930873363668114481'), mpf('0.00000000000000000000000000000000000000000000000000000000000000000003471526145659144227754822508345315494929746826757367690139167448440310508737727785187326611104640406680758961726900645462411011391643323644233272592985316695293934745434875093333451174133103160613708414290917353052865154514948084474649030869344107169483941136794979390572670681984891444505442844172360572870897900743495855719648927065551817514573999691502525542723697159783282481775369704')]]]


header_evaluation: fail - could not save kBT = mpf('0.0287086431504569980406454419608053285628557205200195312499999999999999999999999999999999999999999999999999999999999999999999999999999999999999999999999999999999999999999999999999999999999999999999999999999999999999999999999999999999999999999999999999999999999999999999999999999999999999999999999999999999999999999999999999999999999999999999999999999999999999999999999999999999999999999999')


header_evaluation: fail - could not save mp = <mpmath.ctx_mp.MPContext object at 0x0000016EBD992CF0>


header_evaluation: fail - could not save rate_map = [[[np.float64(333.15), np.float64(1.0)], [mpf('1.927625064471625965690251370986616247230061527315783415820040902013612607138297611884282768481044318717932099079598463287913733741142540759851050205694668086150874338001504368533489887146041302198946578366709002885494049840725657924991670552862399163502545251141152260113860363316690296652762630497051429181261565879382359093520548336615152103711462791617541373808968375615776811525216435e-183'), mpf('4.317032838022517633902947435114163496421877543536625041808911814429226713217820023727022333981562100066968089652864810103244675328027059461647530842463128737708361327179129480559156318159731779910482524365127334097561402434857525539908786990592965900780732042334637450090946535159328734121623354108461845067736315707572683163970958446537787825995418590025320672440562429042803959619491051e-131'), mpf('1.927625064471625963719500436372359890338935005034423748901498402710045811105722853279704307935008300797590894405514169333564789124529922962171945267117403954058860046227261530726405421790474032962688525555858792796633565530278682945477168952862054517397001899036240323705447787745172867238955762276643728910718700962673774743723929381180031786417672354260936957517138148858372511296130913e-183'), mpf('1.618327691112934752732425380678847811227589923320504395523236578985713517010019004030278685461481087675284903621044503584218995251282690449671657789504785000666899806769954370780770254104851847082941082265236746018867367871946673263236866546123518759799972710544710974189589575040339425962131999807542512898555961182404016666344697728571617708836491408817357604469994941869115692379048708e-141'), mpf('1.927625064471625963634533222306838905215480839485611965537238236562631408965463547280418175059295612528313364721810194692471786298464159678633661186830550201874405848700003847431579662771739245304953643940484246301207741854722768562851656874463796187784683568028103579845658898699532386665206692204041105437300915285870182328241356503817012517334185535126622618139379900466248317711879072e-183'), mpf('-6.872685816102831805588874590346384261899281603896161049558966840094375477255032729024405324611721980102410387246942547852215267782803750722651659759906402051103680783844831373592419583055995130794623823885286349240926524375550141882186004580105271690524590210445747439137712597729512383047577367420493496309762840861690741383154386116176603451258096432281048538976864235817870127543876899e-147'), mpf('9.044140515466619854537952621183408669082784656362624290316065372614701112633530800430855196937807653479030609271422614193470213305452116979306705884031038734731608786702926735860865708709217441714265918903096891329241837305173384452280914501261184980677466406671407911189957842213054120269648525036149785451864373445224624367456835571195914574842090823154662633308034496665008935164681425e-144'), mpf('1.927625064471625953975358848013789592525759406242947230553475061885367666792834024700753692948759854306975491882135713230964017933086174095094283697803634945950222024339705541739836203131152419730751147344182467476957854004084195967128094082033371365650766516094866536492850593449795571794478261606898500613120257254298023850843998750005659376672399609965872782175555501104456037941502468e-183')]]]


header_evaluation: fail - could not save tolerance = mpf('9.999999999999999999999999999999999999999999999999999999999999999999999999999999999999999999999999999999999999999999999999999999999999999999999999999999999999999999999999999999999999999999999999999999999999999999999999999999999999999999999999999999999999999999999999999999999999999999999999999999999999999999999999999999999999999999999999999999999999999999999999999999999999999999999999996e-261')

"""