from numpy import array

try:
    import cPickle as pickle

except: #workaround for python3.X
    import _pickle as pickle


from mpmath import mpf 

parser = None

scaler = 'ThermodynamicScaler'

thermodynamics = 'ThermoCorrections'

solver = 'SteadyStateSolver'

mapper = 'MinResidMapper'

binary_data = pickle.load(open("baseline_tita.pkl","rb"))

locals().update(binary_data)

__citation__ = """If you find CatMAP useful to your research, please cite both the following papers:

 Medford, A. J., Shi, C., Hoffmann, M. J., Lausche, A. C., Fitzgibbon, S. R., Bligaard, T., & Nørskov, J. K. (2015). CatMAP: a software package for descriptor-based microkinetic mapping of catalytic trends. Catalysis Letters, 145, 794-807. 
 Vijay, S., H. Heenen, H., Singh, A. R., Chan, K., & Voss, J. (2024). Number of sites-based solver for determining coverages from steady-state mean-field micro-kinetic models. Journal of Computational Chemistry, 45(9), 546-551.
"""
A_uc = None

DEBUG = False

adsorbate_interaction_model = 'ideal'

adsorbate_interactions = None

adsorbate_names = ('C6H12O_s', 'C6H12_s', 'H2O2_s', 'H2O_s', 'Ha_s', 'Hb_s', 'OH_s', 'OOH_s', 'O_s')

adsorbate_thermo_mode = 'frozen_adsorbate'

analytical_jacobian = True

atomic_reservoir_dict = {'O': 'H2O2_g', 'C': 'C6H12_g', 'H': 'H2O_g'}

atomic_reservoir_list = [{'O': 'C6H12O_g', 'C': 'C6H12_g', 'H': 'H2O2_g'}, {'O': 'C6H12O_g', 'C': 'C6H12_g', 'H': 'H2O_g'}, {'O': 'H2O2_g', 'C': 'C6H12O_g', 'H': 'H2O_g'}, {'O': 'H2O2_g', 'C': 'C6H12_g', 'H': 'H2O_g'}]

atoms_dict = {}

citation_info_written = True

coverage_headers = ['coverage', 'coadsorbate_coverage']

data_file = 'baseline_tita.pkl'

decimal_precision = 360

descriptor_decimal_precision = 2

descriptor_names = ('temperature', 'pressure')

descriptor_ranges = [[333.15, 333.15], [1.0, 1.0]]

echem_transition_state_names = []

electrochemical_thermo_mode = 'simple_electrochemical'

elementary_rxns = ([['s', 'H2O2_g'], ['H2O2_s']], [['H2O2_s', 's'], ['Ha_s', 'OOH_s']], [['s', 'C6H12_g'], ['C6H12_s']], [['OOH_s', 'C6H12_s', 's'], ['OOH-C6H12_s', 's', 's'], ['C6H12O_s', 'O_s', 'Hb_s']], [['C6H12O_s'], ['C6H12O_g', 's']], [['Hb_s', 'O_s'], ['Hb-O_s', 's'], ['OH_s', 's']], [['Ha_s', 'OH_s'], ['s', 'H2O_s']], [['H2O_s'], ['H2O_g', 's']])

estimate_frequencies = True

extrapolate_coverages = False

fix_x_star = False

fixed_entropy_dict = {'H2_g': 0.00135, 'other': 0.002}

force_recalculation = False

force_recompilation = False

frequency_dict = {'C6H12_g': [], 'H2O2_g': [], 'H2O_g': [], 'C6H12O_g': [], 's': [], 'Ha_s': [], 'Hb_s': [], 'Hb-O_s': [], 'C6H12O_s': [], 'C6H12_s': [], 'H2O2_s': [], 'H2O_s': [], 'OH_s': [], 'OOH_s': [], 'O_s': [], 'OOH-C6H12_s': [], 'g': [], '*_g': [], '*_s': []}

frequency_surface_names = []

frequency_unit_conversion = 0.0001239842

gas_names = ('C6H12O_g', 'C6H12_g', 'H2O2_g', 'H2O_g')

gas_pressures = [np.float64(1e-20), np.float64(1.0), np.float64(0.185), np.float64(0.815)]

gas_thermo_mode = 'frozen_gas'

hbond_dict = {'COOH': -0.25, 'OCHO': 0.0, 'CO': -0.1, 'CHO': -0.1, 'CH2O': 0.0, 'OCH3': 0.0, 'O': 0.0, 'OH': -0.5, 'H': 0.0, 'COH': -0.25, 'C': 0.0, 'CH': 0.0, 'CH2': 0.0, 'CH3': 0.0, 'CHOH': -0.25, 'COHOH': -0.25, 'OCH2O': 0.0, 'CH2OH': -0.25, 'OCHCH2': 0.0, 'OCHCHO': 0.0}

hindered_ads_params = {}

ideal_gas_params = {'H2_g': [2, 'linear', 0], 'N2_g': [2, 'linear', 0], 'O2_g': [2, 'linear', 1.0], 'H2O_g': [2, 'nonlinear', 0], 'CO_g': [1, 'linear', 0], 'CH4_g': [12, 'nonlinear', 0], 'NH3_g': [3, 'nonlinear', 0], 'CH3OH_g': [1, 'nonlinear', 0], 'CH3CH2OH_g': [1, 'nonlinear', 0], 'CO2_g': [2, 'linear', 0], 'CH2O_g': [2, 'nonlinear', 0], 'HCOOH_g': [1, 'nonlinear', 0], 'CH2CH2_g': [4, 'nonlinear', 0], 'CH3CHCH2_g': [1, 'nonlinear', 0], 'CH3CH2CHCH2_g': [1, 'nonlinear', 0], 'CH3CHCHCH3_g': [2, 'nonlinear', 0], 'CH3CH3CCH2_g': [2, 'nonlinear', 0], 'pe_g': [2, 'linear', 0], 'C2H2_g': [2, 'linear', 0], 'C2H4_g': [4, 'nonlinear', 0], 'C2H6_g': [6, 'nonlinear', 0], 'C3H6_g': [1, 'nonlinear', 0], 'CH3COOH_g': [1, 'nonlinear', 0], 'CH3CHO_g': [1, 'nonlinear', 0], 'C5H4O2_g': [1, 'nonlinear', 0], 'C5H6O2_g': [1, 'nonlinear', 0], 'C5H6O_g': [1, 'nonlinear', 0], 'HCl_g': [1, 'linear', 0], 'Cl2_g': [2, 'linear', 0]}

input_file = 'H:\\catmap\\catmap\\lyq_alkene_epoxidation\\2-creating_microkinetic_model\\energies_dft_neb.txt'

interaction_fitting_mode = None

interaction_surface_names = None

internally_constrain_coverages = True

max_bisections = 5

max_damping_iterations = 10

max_initial_guesses = 3

max_rootfinding_iterations = 400

model_name = 'H:\\catmap\\catmap\\lyq_alkene_epoxidation\\2-creating_microkinetic_model\\analysis_ooh\\steady_state_branch_audit\\replay\\tita__O_dominant__stage_02\\tita\\baseline_tita'

numerical_representation = 'mpmath'

optimize_analytical_expressions = False

outer_solver_log = 'outer_solver.log'

output_labels = {'coverage': ('C6H12O_s', 'C6H12_s', 'H2O2_s', 'H2O_s', 'Ha_s', 'Hb_s', 'OH_s', 'OOH_s', 'O_s'), 'rate': ([['s', 'H2O2_g'], ['H2O2_s']], [['H2O2_s', 's'], ['Ha_s', 'OOH_s']], [['s', 'C6H12_g'], ['C6H12_s']], [['OOH_s', 'C6H12_s', 's'], ['OOH-C6H12_s', 's', 's'], ['C6H12O_s', 'O_s', 'Hb_s']], [['C6H12O_s'], ['C6H12O_g', 's']], [['Hb_s', 'O_s'], ['Hb-O_s', 's'], ['OH_s', 's']], [['Ha_s', 'OH_s'], ['s', 'H2O_s']], [['H2O_s'], ['H2O_g', 's']])}

output_variables = ['coverage', 'rate']

parameter_mode = 'formation_energy'

parameter_names = ('C6H12O_s', 'C6H12_s', 'H2O2_s', 'H2O_s', 'Ha_s', 'Hb_s', 'OH_s', 'OOH_s', 'O_s', 'Hb-O_s', 'OOH-C6H12_s')

parse_headers = ['formation_energy', 'frequencies']

perturbation_size = 1e-14

prefactor_list = ['kB*T/h', 'kB*T/h', 'kB*T/h', 'kB*T/h', 'kB*T/h', 'kB*T/h', 'kB*T/h', 'kB*T/h']

pressure = np.float64(1.0)

pressure_mode = 'concentration'

recalculate = True

required_headers = ['species_name', 'surface_name', 'site_name', 'formation_energy', 'frequencies', 'reference']

residual_threshold = 0.9

resolution = [1, 1]

rxn_expressions = ['* + H2O2_g <-> H2O2*', 'H2O2* + * -> Ha* + OOH*', '* + C6H12_g <-> C6H12*', 'OOH* + C6H12* + * <-> OOH-C6H12* + 2* -> C6H12O* + O* + Hb*', 'C6H12O* <-> C6H12O_g + *', 'Hb* + O* <-> Hb-O* + * -> OH* + *', 'Ha* + OH* -> * + H2O*', 'H2O* <-> H2O_g + *']

rxn_options_dict = {'prefactor': {}, 'beta': {}}

scaling_constraint_dict = {'OOH_s': ['+', 0, None], 'O_s': [0, '+', None]}

search_directions = [[0, 0], [0, 1], [1, 0], [0, -1], [-1, 0], [-1, 1], [1, 1], [1, -1], [-1, -1]]

setup_file = 'H:\\catmap\\catmap\\lyq_alkene_epoxidation\\2-creating_microkinetic_model\\analysis_ooh\\steady_state_branch_audit\\replay\\tita__O_dominant__stage_02\\tita\\baseline_tita.mkm'

shomate_params = {'H2_g:298-1000': [33.066178, -11.363417, 11.432816, -2.772874, -0.158558, -9.980797, 172.707974, 0], 'H2_g:1000-2500': [18.563083, 12.257357, -2.859786, 0.268238, 1.97799, -1.147438, 156.288133, 0], 'H2_g:2500-6000': [43.41356, -4.293079, 1.272428, -0.096876, -20.533862, -38.515158, 162.081354, 0], 'CH4_g:298-1300': [-0.703029, 108.4773, -42.52157, 5.862788, 0.678565, -76.84376, 158.7163, -74.8731], 'CH4_g:1300-1600': [85.81217, 11.26467, -2.114146, 0.13819, -26.42221, -153.5327, 224.4143, -74.8731], 'CO_g:298-1300': [25.56759, 6.09613, 4.054656, -2.671201, 0.131021, -118.0089, 227.3665, -110.5271], 'CO_g:1300-1600': [35.1507, 1.300095, -0.205921, 0.01355, -3.28278, -127.8375, 231.712, -110.5271], 'H2O_g:100-500': [36.303952, -24.11232, 63.64111, -38.9524, -0.01385, -10.23966, 237.39431, 0.0], 'H2O_g:500-1700': [30.092, 6.832514, 6.793435, -2.53448, 0.082139, -250.881, 223.3967, -241.8264], 'H2O_g:1700-6000': [41.96426, 8.622053, -1.49978, 0.098119, -11.15764, -272.1797, 219.7809, -241.8264], 'CO2_g:298-1200': [24.99735, 55.18696, -33.69137, 7.948387, -0.136638, -403.6075, 228.2431, -393.5224], 'CO2_g:1200-6000': [58.16639, 2.720075, -0.492289, 0.038844, -6.447293, -425.9186, 263.6125, -393.5224], 'O2_g:100-700': [31.32234, -20.23531, 57.8664, -36.50624, -0.007374, -8.903471, 246.7945, 0.0], 'O2_g:700-2000': [30.03235, 8.772972, -3.988133, 0.788313, -0.741599, -11.32468, 236.1663, 0.0], 'O2_g:2000-6000': [20.91111, 10.72071, -2.020498, 0.146449, 9.245722, 5.337651, 237.6185, 0.0], 'NH3_g:298-1400': [19.99563, 49.77119, -15.37599, 1.921168, 0.189174, -53.30667, 203.8591, -45.89806], 'N2_g:100-500': [28.98641, 1.853978, -9.647459, 16.63537, 0.000117, -8.671914, 226.4168, 0.0], 'N2_g:500-2000': [19.50583, 19.88705, -8.598535, 1.369784, 0.527601, -4.935202, 212.39, 0.0], 'N2O_g:298-1400': [27.67988, 51.14898, -30.64454, 6.847911, -0.157906, 71.24934, 238.6164, 82.04824], 'NO2_g:298-1200': [16.10857, 75.89525, -54.3874, 14.30777, 0.239423, 26.17464, 240.5386, 33.09502], 'NO_g:298-1200': [23.83491, 12.58878, -1.139011, -1.497459, 0.214194, 83.35783, 237.1219, 90.29114], 'NO3_g:298-1200': [11.22316, 166.3889, -148.4458, 47.40598, -0.176791, 61.00858, 221.7679, 71.128], 'HNO2_g:298-1200': [24.89974, 91.37563, -64.84614, 17.92007, -0.134737, -88.13596, 254.2671, -76.73498], 'HNO3_g:298-1200': [19.63229, 153.9599, -115.8378, 32.87955, -0.249114, -146.8818, 247.7049, -134.306], 'HCN_g:298-1200': [32.69373, 22.59205, -4.369142, -0.407697, -0.282399, 123.4811, 233.2597, 135.1432], 'CH2CH2_g:298-1200': [-6.38788, 184.4019, -112.9718, 28.49593, 0.31554, 48.17332, 163.1568, 52.46694], 'CH2O_g:298-1500': [5.193767, 93.23249, -44.85457, 7.882279, 0.551175, -119.3591, 202.4663, -115.8972], 'CH3OH_g:298-1500': [-1.0845814245433651, 153.2463565199489, -79.53050359618254, 16.47130239316011, 0.5220334601533215, -4.897417024069, 199.1893745506112, 0.0], 'C5H4O2_g:100-1500': [-16.36694, 0.46958, -0.000331925, 8.50912e-08, 198590.9145, -1661.34999, -15.68938, 12461.34999], 'C5H6O2_g:100-1500': [-18.57626, 0.50733, -0.000335824, 8.28263e-08, 231619.2141, -6357.53523, 2.75692, 7057.53523], 'C5H6O_g:50-1500': [1.26847, 0.35388, -0.000173962, 2.87427e-08, 48401.71207, -5691.94893, -85.38991, 7191.94893], 'Cl2_g:298-1000': [33.0506, 12.2294, -12.0651, 4.38533, -0.159494, -10.8348, 259.029, 0.0], 'HCl_g:298-1200': [32.12392, -13.45805, 19.86852, -6.853936, -0.049672, -101.6206, 228.6866, -92.31201], 'CH3CH2OH_g:298-1500': [-4.7367880805894265, 271.96181550301463, -169.34946529216657, 43.73860153608533, 0.24643430702178773, -9.828280829187861, 203.3325622617075, 0.0], 'CH3CHO_g:298-1500': [4.8037386340099095, 185.92002366990326, -99.1084610902012, 20.61473919069016, 0.2770802548558646, -8.566600040790945, 220.00244674443837, 0.0], 'HCOOH_g:298-1500': [3.802752304225226, 153.66217894746168, -84.64046773816926, 16.297377707561505, 0.2772064997263338, -6.16527, 212.9698972559699, 0]}

site_names = ('g', 's')

species_definitions = {'C6H12_g': {'name': 'C6H12', 'site': 'g', 'type': 'gas', 'n_sites': 0, 'composition': {'C': 6, 'H': 12}, 'concentration': 1.0, 'formation_energy': -26.031223, 'formation_energy_source': 'DFT_Gibbs_gas', 'frequencies': []}, 'H2O2_g': {'name': 'H2O2', 'site': 'g', 'type': 'gas', 'n_sites': 0, 'composition': {'O': 2, 'H': 2}, 'concentration': 0.185, 'formation_energy': -7.162091, 'formation_energy_source': 'DFT_Gibbs_gas', 'frequencies': []}, 'H2O_g': {'name': 'H2O', 'site': 'g', 'type': 'gas', 'n_sites': 0, 'composition': {'O': 1, 'H': 2}, 'concentration': 0.815, 'formation_energy': -7.614457, 'formation_energy_source': 'DFT_Gibbs_gas', 'frequencies': []}, 'C6H12O_g': {'name': 'C6H12O', 'site': 'g', 'type': 'gas', 'n_sites': 0, 'composition': {'O': 1, 'C': 6, 'H': 12}, 'concentration': 1e-20, 'formation_energy': -27.667771, 'formation_energy_source': 'DFT_Gibbs_gas', 'frequencies': []}, 's': {'name': 's', 'site': 's', 'type': 'site', 'formation_energy': 0, 'n_sites': 1, 'composition': {}, 'site_names': ['111'], 'total': 1, 'frequencies': []}, 'Ha_s': {'name': 'Ha', 'site': 's', 'type': 'adsorbate', 'n_sites': 1, 'composition': {'H': 1}, 'formation_energy': [-1.4626565], 'formation_energy_source': ['DFT_Gibbs_single'], 'frequencies': []}, 'Hb_s': {'name': 'Hb', 'site': 's', 'type': 'adsorbate', 'n_sites': 1, 'composition': {'H': 1}, 'formation_energy': [0.003346], 'formation_energy_source': ['DFT_Gibbs_single'], 'frequencies': []}, 'Hb-O_s': {'name': 'Hb-O', 'site': 's', 'type': 'transition_state', 'n_sites': 1, 'composition': {'H': 1, 'O': 1}, 'formation_energy': [-1.906543], 'formation_energy_source': ['NEB_forward_TS_minus_IS_mapped'], 'frequencies': []}, 'C6H12O_s': {'name': 'C6H12O', 'site': 's', 'type': 'adsorbate', 'n_sites': 1, 'composition': {'O': 1, 'C': 6, 'H': 12}, 'formation_energy': [-27.9589435], 'formation_energy_source': ['DFT_Gibbs_single'], 'frequencies': []}, 'C6H12_s': {'name': 'C6H12', 'site': 's', 'type': 'adsorbate', 'n_sites': 1, 'composition': {'C': 6, 'H': 12}, 'formation_energy': [-26.142467], 'formation_energy_source': ['DFT_Gibbs_single'], 'frequencies': []}, 'H2O2_s': {'name': 'H2O2', 'site': 's', 'type': 'adsorbate', 'n_sites': 1, 'composition': {'O': 2, 'H': 2}, 'formation_energy': [-7.5032825], 'formation_energy_source': ['DFT_Gibbs_single'], 'frequencies': []}, 'H2O_s': {'name': 'H2O', 'site': 's', 'type': 'adsorbate', 'n_sites': 1, 'composition': {'O': 1, 'H': 2}, 'formation_energy': [-7.943637], 'formation_energy_source': ['DFT_Gibbs_single'], 'frequencies': []}, 'OH_s': {'name': 'OH', 'site': 's', 'type': 'adsorbate', 'n_sites': 1, 'composition': {'O': 1, 'H': 1}, 'formation_energy': [-6.484365], 'formation_energy_source': ['DFT_Gibbs_single'], 'frequencies': []}, 'OOH_s': {'name': 'OOH', 'site': 's', 'type': 'adsorbate', 'n_sites': 1, 'composition': {'O': 2, 'H': 1}, 'formation_energy': [-6.172301], 'formation_energy_source': ['DFT_Gibbs_single'], 'frequencies': []}, 'O_s': {'name': 'O', 'site': 's', 'type': 'adsorbate', 'n_sites': 1, 'composition': {'O': 1}, 'formation_energy': [-1.925856], 'formation_energy_source': ['DFT_Gibbs_single'], 'frequencies': []}, 'OOH-C6H12_s': {'name': 'OOH-C6H12', 'site': 's', 'type': 'transition_state', 'n_sites': 1, 'composition': {'O': 2, 'C': 6, 'H': 13}, 'formation_energy': [-33.489404], 'formation_energy_source': ['NEB_forward_TS_minus_IS_mapped'], 'frequencies': []}, 'g': {'name': 'g', 'site': 'g', 'type': 'site', 'formation_energy': 0, 'n_sites': 0, 'site_names': ['gas'], 'total': 0, 'composition': {}, 'frequencies': []}, '*_g': {'name': 'g', 'site': 'g', 'type': 'site', 'formation_energy': 0, 'n_sites': 0, 'site_names': ['gas'], 'total': 0, 'composition': {}, 'frequencies': []}, '*_s': {'name': 's', 'site': 's', 'type': 'site', 'formation_energy': 0, 'n_sites': 1, 'composition': {}, 'site_names': ['111'], 'total': 1, 'frequencies': []}}

standard_coadsorbate_coverage = 'min'

standard_coverage = 'min'

surface_names = ('tita',)

temperature = np.float64(333.15)

thermodynamic_corrections = ['gas', 'adsorbate']

thermodynamic_variables = ['temperature', 'gas_pressures', 'voltage', 'beta', 'pH', 'Upzc', 'gas_thermo_mode', 'adsorbate_thermo_mode', 'pressure']

transition_state_names = ('Hb-O_s', 'OOH-C6H12_s')

use_numbers_solver = True

verbose = 1

stdout = """header_evaluation: fail - could not save mp = <mpmath.ctx_mp.MPContext object at 0x0000016EBD992CF0>


header_evaluation: fail - could not save numbers_map = [[[np.float64(333.15), np.float64(1.0)], [mpf('0.00000000000000000000000000000003113265578903270539037908368866043875662421581169148412304578957566907848192792239884432459315667660957642614720780161177809133668622137270213960590935964054697735496741798855110288508252516199986844049923360970499037059796333891104609970123137774271499110650286494937564530257564063200170515076425145955359933554827299568852601296995934588290239410791550374228223536932920332175061180765'), mpf('0.00000000000000000000001356025732213224327772615305200492291701002045217467043555783625030039490393293799977948104644267439996924921739339056716553680256227978664119636768246735040283685186054657394964552314558282519991171912037748547958223128823741987272548125503914904733673068998873809791517105115393590437843854368929913509359725106832164216873032939635701020221676267187173335310382006582959495303711931133'), mpf('0.000000000000000000000319990548255794878017508690045158046433282519752095496657313135493147011467080150432334257528831532404999707558204031015524036457720922465176272629973568544392781201493072313888719275462247166257767002019994172667140143697929621757911286520114770525745644763885956588143537665182532099283831197536633485573121541002346223355034378006422609548996771223161428569449553754266678459981508861'), mpf('0.0000000000000000000005448502691801878396599312011282042009508333115661573930088409372331673397484511337176585608873344574482141145849585955302123745586420592275518732136244628693510964059987985689593529767756435619794576089766670624206772100184843557131007049502232683271254503176878555856580300261628939899767345578336988671746157268052113097843883775768378518063775258433328934529193911810932949320690675346'), mpf('-0.000000000000000000000000000000000000000000000000000000000003949963700445797763913169256183100737284951352328981861124488404705124965734609861289007396391136835258831198608356773084599627582404068701960572934329739925802549104576778520329316632038464444605637309581151969225421834325549836425625599685241810055217752908303571754487399262199772963129249405832635894480727543195187437411052302593972547708253748638153712068313685237414323393546000474'), mpf('0.000000000000000000000000000000000000003611376363636052461896860817262238513606386551216992818247792191847289068123986718331382013570855984710009238137253565975652705479495457882961058688124048654009321686475414084881448243579197527607407840519370500648373295660678844894273571632530025543341689879301093467653885883192823762984825939317222009318135761264675106022017969000325457528394606140008719167193704336742721085247666517'), mpf('9124589372471125673117.956658524506851409666895964406162498847915417688116261394892008933772979639408474811123366855161574760348561226770471870934123677818586350557667493399656022947756272964224617669599684036647296203735386222784264959141154844839205741332591581705523413527440969176988798682705520132025908683156390594855428370892657623916311809752151855724895425520320541512397878856376'), mpf('16644215.09240977959315417907116602562765954728029156924550056387198630454682957953029972547587007970950150473190384520176686930257938761326499467941872964609740680748079134435168354507283677463484120077202051549636311255756158938178942887033785361752341893615470325047559846462517987052635786426380651297295271498753504670232578538168781395231541911424359244536581613759643264093265835201'), mpf('154.2734218774036369650811244024100506527268450965212993162834885049097040581225595174238705668740730948542638866873718254174498939651895378558812666225083401767974862619884169389595289348583302062284004324991696091763236155319292791088083329316608561791736603437454944455119088572436791844080587655435440653738124054118686144271804106595566324405347905602114806365900537478877715676717341'), mpf('0.000000000000000000000001953608071361885566393061621084753358504923654805751983543265938182214081234442557128824845565325559273732705977247524791704184839600193884333877237258084086750381717911412826888693951159286415347547306251143243666508898175377518261641993204815591056609566370431233502338262048641933175606180543019299799146770983237481218343066973602274310329247246956901755867159594817117837727165816564')]]]


header_evaluation: fail - could not save tolerance = mpf('9.999999999999999999999999999999999999999999999999999999999999999999999999999999999999999999999999999999999999999999999999999999999999999999999999999999999999999999999999999999999999999999999999999999999999999999999999999999999999999999999999999999999999999999999999999999999999999999999999999999999999999999999999999999999999999999999999999999999999999999999999999999999999999999999999996e-261')


mapper_iteration_0: status - 1 points do not have valid solution.
minresid_iteration_0: success - [333.15, 1.00] using coverages from [333.15, 1.00]
mapper_iteration_1: status - 0 points do not have valid solution.
header_evaluation: fail - could not save coverage_map = [[[np.float64(333.15), np.float64(1.0)], [mpf('0.00000000000000000000000000000000000000000000000000000000000000000000000000000000000000000000000000000000001164141258421194629834759372336491980549582151931152853512523531847618459724579494270895460851530875866753346462408815306871454668548234611378606483171141602636550534698295847710426896439429631594502935682932723397260312556483937796589988621007172761004406497465538098681206203525751996368595484899402798509687005145963244398243189662912708811350488684835366220696363584223135338785154354'), mpf('0.000000000000000000000000000000000000000000000000000000000000000000000000000000000000000002208560004366681122200407563397223225148097173085143070055543185976397026952970013529932775601110057016349458650356428091538669950980090971167975865236309793230123870622247850271249028233583504395979936362433024806668386859363436440925097394076954287081506846548597209511543108391520150307854523228948030872337357400518226424700031238804576177946146307293445004698380479700274855893311707'), mpf('0.000000000000000000000000000000000000000000000000000000000000000000000000000000000000001229837248053735148148946453925331167514470562259460951022852853179858074776863017910484087728248102201382440893372522377435774922016682076258078262952720843491096351031710919184069212411456402307283502032467419399523180146930548049283727324743865560472115992026639183387401710046788258300676059177085411995571053488166716078770624052613339132627929841366365777595475393629875466773373964'), mpf('0.000000000000000000000000000000000000000000000000000000000000000000000000000000000000003565559441333157047774048389457374982714264238291070845146786018651118723396875399423449741936746500089358678930030903037863959041916753278264532178200957726911430437363501926538262157351583840838136888964100739250547771357367220842508020420281297473218564915180938104352394964928238946640896402826596023255541537735490188039422379684229681043302619261316829365318569952335183123180473532'), mpf('1.873956694310382493864808111756454308534882462454209227756311865933714638397690284279609452245217320321951208879825451738405253774520653849591597699945651338283017297922745357058135476544510787595409255333410788309911763249598571170796197072817868788160412876409546538600680392914917108323018793768154243369933784437203811680573531963371771476445750209011871026818717630446357383934922706e-163'), mpf('0.0000000000000000000000000000000000000000000000000000000000000000000000000000000000000000000000000000000000000000000000001566458320564545270938333656131850663797854661402183211975583866773953271571539997621699362250003798100130979456027357556084063672808742658946109689623425691274131152758997581682228669076942700558959118324457576761726482280919469519235628699442886609396858469794538589838116621943200074523293056021496850220313785114722394379659615405675485902344981434497793628755904767736197424890951262'), mpf('0.9999999999999999999999999999966726385517015396477640380640270991819838455194530790498460433119909730192538468227506191520707315269587051146094733650784542272384383168889309207476009769270878300425824479445959954486525888116582358716575440718551947674822620763220270406926285743333868495025971190883286334169097216938435317792094648026897133441784445726605393228394253491568436388755490299'), mpf('0.000000000000000000000000000003327361448012598919243232349507679798824317292963899234504307767026168507008670259532603603189686916038938249221731584042738212115672592848480798366705237643102906794693437058196851620801204687340966954533989034461838331969868099167584478301472275733499542486679493145320118544025065202734065622356063908518941101749387759203009642243069636272199002769338794319956110994858084928801150091'), mpf('0.0000000000000000000000000000000000000002858614329927295864652210191918371875830217156448512698930857321314988396610122597693093112513023813391261352469574257238206691145993380807029237138952192204844974267682549751903018883272010119645114283335807971961292739975289125868255196740326633760115092348164474285384222556412229666703022076145086379612379416859218319194784065974212751429365312927213705689887292293862865389282859278'), mpf('0.00000000000000000000000000000000000000000000000000000000000000000000000000000000000000000004584038148272892724139223466949387418320315274587679035978212880381854695098943525062214524705041707471576419522942065750333424066787534235181367554348624223214854421637661743621170482180136706819353734340993615189381453976718923422162063505110253921217106412583564743984514653184894055267783466536639269179862867045175007764044686556118013904174486459725040900649239035567617062328925484')]]]


header_evaluation: fail - could not save kBT = mpf('0.0287086431504569980406454419608053285628557205200195312499999999999999999999999999999999999999999999999999999999999999999999999999999999999999999999999999999999999999999999999999999999999999999999999999999999999999999999999999999999999999999999999999999999999999999999999999999999999999999999999999999999999999999999999999999999999999999999999999999999999999999999999999999999999999999999')


header_evaluation: fail - could not save mp = <mpmath.ctx_mp.MPContext object at 0x0000016EBD992CF0>


header_evaluation: fail - could not save rate_map = [[[np.float64(333.15), np.float64(1.0)], [mpf('2.550142161883973081401476269173543429203595530058885014561723849090532612890596425584931812944935496938523982957205817327578519007672427871671353631354845790455473156630423968384286348368989415894313495481362418620446839414870214175455103119419616687732917613523861615709098449251946234747444483524747318099431517389173850837017640888682515575044549646289445576411125524608649172988544025e-171'), mpf('3.913478172433013549755717400273012810053541535991262976102636222452024528327642160406477255171074891275029627826864000903395065836783827265345932552026727663497878341301070752113032899517461831372516823521030205234743619505279102990875146414359075793196370353313942410844637023558255760205818568205715045053939598805434941594552914640541440457274387003632305470119004597993046881262961759e-166'), mpf('-3.329411911137080822611627575093699233889586255577909695126644424955162465550871173377207150064683497753968223618800141640086604626924896637343137205484641844609594700930298031699747368233618188598567375549087557581261332117476340205456708201594166287232025949846975163292868014840673597841940639820755853236438687461981890959060803853333087686607961062550280359597677237648228494159459291e-174'), mpf('3.618923594067588321876803209679713498015507805644019925359933562587512519351161853758600794368046418665556611645680920657363467128423925369687814813775700930804367552090510543339280565535017040999247538360999379149703509421171277671432615356101992662005565946420463857686114911401378438821243632404901233082029538329207327801766317718562234320324050682049245424720347139856326954699502039e-235'), mpf('6.83292239220139253256099288076355001377095253280427476046290470392452517001498763467487289790991110900813979437631357120723954999108945353465665287605560961531629460688193385102351312560966871658312389952995238428857159841298862373380388274848893022297032920240447861904974222537841470487257572465505169501644628559068751956859429689513834913455501388759788377006023226519113684265440656e-167'), mpf('7.103277058323946457778412932559377773525679920321147510966509112750556710431872938202169274007824219324609236497549929687700506167278920972904375664480565883964638567301613459301913134309057353726008322847904559070784799813532631837886316811759558941490812638428181643747492174834321576115822354267178130314321998346011283970720267129421452122161673041042446534262618846000388069913148255e-230'), mpf('1.156184249002266263629843864358268308019941232897592888005685081464854945095121981752953467453139551956230372001998754729223550204390908034850418919415252548922688763757432632403616559753891253437685557064660332144067524055610717880400574520005570121050781676851961496029391791281813513975042084503324184553061029459301315072995169656601580405912435992911809015218599578253356311436211104e-150'), mpf('3.817363347277771312080067367906087395150789005644100147435998991889211416408342486423341441624094760130785064559215894573419227422600526311767985123540710271046478078821848211794480124092631241684190991988333733052360338238490670434217577884852042230902727276198336548341612224662549216854969606473049755993805163120436123571744289573165738014238491335569763935956050190712715430547061962e-131')]]]


header_evaluation: fail - could not save tolerance = mpf('9.999999999999999999999999999999999999999999999999999999999999999999999999999999999999999999999999999999999999999999999999999999999999999999999999999999999999999999999999999999999999999999999999999999999999999999999999999999999999999999999999999999999999999999999999999999999999999999999999999999999999999999999999999999999999999999999999999999999999999999999999999999999999999999999999996e-261')

"""