from numpy import array

try:
    import cPickle as pickle

except: #workaround for python3.X
    import _pickle as pickle


from mpmath import mpf 

parser = None

scaler = 'ThermodynamicScaler'

thermodynamics = 'ThermoCorrections'

solver = 'SteadyStateSolver'

mapper = 'MinResidMapper'

binary_data = pickle.load(open("baseline_tico.pkl","rb"))

locals().update(binary_data)

__citation__ = """If you find CatMAP useful to your research, please cite both the following papers:

 Medford, A. J., Shi, C., Hoffmann, M. J., Lausche, A. C., Fitzgibbon, S. R., Bligaard, T., & Nørskov, J. K. (2015). CatMAP: a software package for descriptor-based microkinetic mapping of catalytic trends. Catalysis Letters, 145, 794-807. 
 Vijay, S., H. Heenen, H., Singh, A. R., Chan, K., & Voss, J. (2024). Number of sites-based solver for determining coverages from steady-state mean-field micro-kinetic models. Journal of Computational Chemistry, 45(9), 546-551.
"""
A_uc = None

DEBUG = False

adsorbate_interaction_model = 'ideal'

adsorbate_interactions = None

adsorbate_names = ('C6H12O_s', 'C6H12_s', 'H2O2_s', 'H2O_s', 'Ha_s', 'Hb_s', 'OH_s', 'OOH_s', 'O_s')

adsorbate_thermo_mode = 'frozen_adsorbate'

analytical_jacobian = True

atomic_reservoir_list = [{'C': 'C6H12O_g', 'O': 'H2O2_g', 'H': 'C6H12_g'}, {'C': 'C6H12O_g', 'O': 'H2O2_g', 'H': 'H2O_g'}, {'C': 'C6H12O_g', 'O': 'H2O_g', 'H': 'C6H12_g'}, {'C': 'C6H12_g', 'O': 'H2O2_g', 'H': 'H2O_g'}]

atoms_dict = {}

citation_info_written = True

coverage_headers = ['coverage', 'coadsorbate_coverage']

data_file = 'baseline_tico.pkl'

decimal_precision = 260

descriptor_decimal_precision = 2

descriptor_names = ('temperature', 'pressure')

descriptor_ranges = [[333.15, 333.15], [1.0, 1.0]]

echem_transition_state_names = []

electrochemical_thermo_mode = 'simple_electrochemical'

elementary_rxns = ([['s', 'H2O2_g'], ['H2O2_s']], [['H2O2_s', 's'], ['Ha_s', 'OOH_s']], [['s', 'C6H12_g'], ['C6H12_s']], [['OOH_s', 'C6H12_s', 's'], ['OOH-C6H12_s', 's', 's'], ['C6H12O_s', 'O_s', 'Hb_s']], [['C6H12O_s'], ['C6H12O_g', 's']], [['Hb_s', 'O_s'], ['Hb-O_s', 's'], ['OH_s', 's']], [['Ha_s', 'OH_s'], ['s', 'H2O_s']], [['H2O_s'], ['H2O_g', 's']])

estimate_frequencies = True

extrapolate_coverages = False

fix_x_star = False

fixed_entropy_dict = {'H2_g': 0.00135, 'other': 0.002}

force_recalculation = False

force_recompilation = False

frequency_dict = {'C6H12_g': [], 'H2O2_g': [], 'H2O_g': [], 'C6H12O_g': [], 's': [], 'Ha_s': [], 'Hb_s': [], 'Hb-O_s': [], 'C6H12O_s': [], 'C6H12_s': [], 'H2O2_s': [], 'H2O_s': [], 'OH_s': [], 'OOH_s': [], 'O_s': [], 'OOH-C6H12_s': [], 'g': [], '*_g': [], '*_s': []}

frequency_surface_names = []

frequency_unit_conversion = 0.0001239842

gas_names = ('C6H12O_g', 'C6H12_g', 'H2O2_g', 'H2O_g')

gas_pressures = [1e-20, 1.0, 0.185, 0.815]

gas_thermo_mode = 'frozen_gas'

hbond_dict = {'COOH': -0.25, 'OCHO': 0.0, 'CO': -0.1, 'CHO': -0.1, 'CH2O': 0.0, 'OCH3': 0.0, 'O': 0.0, 'OH': -0.5, 'H': 0.0, 'COH': -0.25, 'C': 0.0, 'CH': 0.0, 'CH2': 0.0, 'CH3': 0.0, 'CHOH': -0.25, 'COHOH': -0.25, 'OCH2O': 0.0, 'CH2OH': -0.25, 'OCHCH2': 0.0, 'OCHCHO': 0.0}

hindered_ads_params = {}

ideal_gas_params = {'H2_g': [2, 'linear', 0], 'N2_g': [2, 'linear', 0], 'O2_g': [2, 'linear', 1.0], 'H2O_g': [2, 'nonlinear', 0], 'CO_g': [1, 'linear', 0], 'CH4_g': [12, 'nonlinear', 0], 'NH3_g': [3, 'nonlinear', 0], 'CH3OH_g': [1, 'nonlinear', 0], 'CH3CH2OH_g': [1, 'nonlinear', 0], 'CO2_g': [2, 'linear', 0], 'CH2O_g': [2, 'nonlinear', 0], 'HCOOH_g': [1, 'nonlinear', 0], 'CH2CH2_g': [4, 'nonlinear', 0], 'CH3CHCH2_g': [1, 'nonlinear', 0], 'CH3CH2CHCH2_g': [1, 'nonlinear', 0], 'CH3CHCHCH3_g': [2, 'nonlinear', 0], 'CH3CH3CCH2_g': [2, 'nonlinear', 0], 'pe_g': [2, 'linear', 0], 'C2H2_g': [2, 'linear', 0], 'C2H4_g': [4, 'nonlinear', 0], 'C2H6_g': [6, 'nonlinear', 0], 'C3H6_g': [1, 'nonlinear', 0], 'CH3COOH_g': [1, 'nonlinear', 0], 'CH3CHO_g': [1, 'nonlinear', 0], 'C5H4O2_g': [1, 'nonlinear', 0], 'C5H6O2_g': [1, 'nonlinear', 0], 'C5H6O_g': [1, 'nonlinear', 0], 'HCl_g': [1, 'linear', 0], 'Cl2_g': [2, 'linear', 0]}

input_file = 'H:\\catmap\\catmap\\lyq_alkene_epoxidation\\2-creating_microkinetic_model\\energies_dft_neb.txt'

interaction_fitting_mode = None

interaction_surface_names = None

internally_constrain_coverages = True

max_bisections = 5

max_damping_iterations = 10

max_initial_guesses = 3

max_rootfinding_iterations = 400

model_name = 'baseline_tico'

numerical_representation = 'mpmath'

optimize_analytical_expressions = False

outer_solver_log = 'outer_solver.log'

output_labels = {'coverage': ('C6H12O_s', 'C6H12_s', 'H2O2_s', 'H2O_s', 'Ha_s', 'Hb_s', 'OH_s', 'OOH_s', 'O_s'), 'rate': ([['s', 'H2O2_g'], ['H2O2_s']], [['H2O2_s', 's'], ['Ha_s', 'OOH_s']], [['s', 'C6H12_g'], ['C6H12_s']], [['OOH_s', 'C6H12_s', 's'], ['OOH-C6H12_s', 's', 's'], ['C6H12O_s', 'O_s', 'Hb_s']], [['C6H12O_s'], ['C6H12O_g', 's']], [['Hb_s', 'O_s'], ['Hb-O_s', 's'], ['OH_s', 's']], [['Ha_s', 'OH_s'], ['s', 'H2O_s']], [['H2O_s'], ['H2O_g', 's']]), 'turnover_frequency': ('C6H12O_g', 'C6H12_g', 'H2O2_g', 'H2O_g')}

output_variables = ['coverage', 'rate', 'turnover_frequency']

parameter_mode = 'formation_energy'

parameter_names = ('C6H12O_s', 'C6H12_s', 'H2O2_s', 'H2O_s', 'Ha_s', 'Hb_s', 'OH_s', 'OOH_s', 'O_s', 'Hb-O_s', 'OOH-C6H12_s')

parse_headers = ['formation_energy', 'frequencies']

perturbation_size = 1e-14

prefactor_list = ['kB*T/h', 'kB*T/h', 'kB*T/h', 'kB*T/h', 'kB*T/h', 'kB*T/h', 'kB*T/h', 'kB*T/h']

pressure = 1.0

pressure_mode = 'concentration'

recalculate = True

required_headers = ['species_name', 'surface_name', 'site_name', 'formation_energy', 'frequencies', 'reference']

residual_threshold = 0.9

resolution = [1, 1]

rxn_expressions = ['* + H2O2_g <-> H2O2*', 'H2O2* + * -> Ha* + OOH*', '* + C6H12_g <-> C6H12*', 'OOH* + C6H12* + * <-> OOH-C6H12* + 2* -> C6H12O* + O* + Hb*', 'C6H12O* <-> C6H12O_g + *', 'Hb* + O* <-> Hb-O* + * -> OH* + *', 'Ha* + OH* -> * + H2O*', 'H2O* <-> H2O_g + *']

rxn_options_dict = {'prefactor': {}, 'beta': {}}

scaling_constraint_dict = {'OOH_s': ['+', 0, None], 'O_s': [0, '+', None]}

search_directions = [[0, 0], [0, 1], [1, 0], [0, -1], [-1, 0], [-1, 1], [1, 1], [1, -1], [-1, -1]]

setup_file = 'baseline_tico.mkm'

shomate_params = {'H2_g:298-1000': [33.066178, -11.363417, 11.432816, -2.772874, -0.158558, -9.980797, 172.707974, 0], 'H2_g:1000-2500': [18.563083, 12.257357, -2.859786, 0.268238, 1.97799, -1.147438, 156.288133, 0], 'H2_g:2500-6000': [43.41356, -4.293079, 1.272428, -0.096876, -20.533862, -38.515158, 162.081354, 0], 'CH4_g:298-1300': [-0.703029, 108.4773, -42.52157, 5.862788, 0.678565, -76.84376, 158.7163, -74.8731], 'CH4_g:1300-1600': [85.81217, 11.26467, -2.114146, 0.13819, -26.42221, -153.5327, 224.4143, -74.8731], 'CO_g:298-1300': [25.56759, 6.09613, 4.054656, -2.671201, 0.131021, -118.0089, 227.3665, -110.5271], 'CO_g:1300-1600': [35.1507, 1.300095, -0.205921, 0.01355, -3.28278, -127.8375, 231.712, -110.5271], 'H2O_g:100-500': [36.303952, -24.11232, 63.64111, -38.9524, -0.01385, -10.23966, 237.39431, 0.0], 'H2O_g:500-1700': [30.092, 6.832514, 6.793435, -2.53448, 0.082139, -250.881, 223.3967, -241.8264], 'H2O_g:1700-6000': [41.96426, 8.622053, -1.49978, 0.098119, -11.15764, -272.1797, 219.7809, -241.8264], 'CO2_g:298-1200': [24.99735, 55.18696, -33.69137, 7.948387, -0.136638, -403.6075, 228.2431, -393.5224], 'CO2_g:1200-6000': [58.16639, 2.720075, -0.492289, 0.038844, -6.447293, -425.9186, 263.6125, -393.5224], 'O2_g:100-700': [31.32234, -20.23531, 57.8664, -36.50624, -0.007374, -8.903471, 246.7945, 0.0], 'O2_g:700-2000': [30.03235, 8.772972, -3.988133, 0.788313, -0.741599, -11.32468, 236.1663, 0.0], 'O2_g:2000-6000': [20.91111, 10.72071, -2.020498, 0.146449, 9.245722, 5.337651, 237.6185, 0.0], 'NH3_g:298-1400': [19.99563, 49.77119, -15.37599, 1.921168, 0.189174, -53.30667, 203.8591, -45.89806], 'N2_g:100-500': [28.98641, 1.853978, -9.647459, 16.63537, 0.000117, -8.671914, 226.4168, 0.0], 'N2_g:500-2000': [19.50583, 19.88705, -8.598535, 1.369784, 0.527601, -4.935202, 212.39, 0.0], 'N2O_g:298-1400': [27.67988, 51.14898, -30.64454, 6.847911, -0.157906, 71.24934, 238.6164, 82.04824], 'NO2_g:298-1200': [16.10857, 75.89525, -54.3874, 14.30777, 0.239423, 26.17464, 240.5386, 33.09502], 'NO_g:298-1200': [23.83491, 12.58878, -1.139011, -1.497459, 0.214194, 83.35783, 237.1219, 90.29114], 'NO3_g:298-1200': [11.22316, 166.3889, -148.4458, 47.40598, -0.176791, 61.00858, 221.7679, 71.128], 'HNO2_g:298-1200': [24.89974, 91.37563, -64.84614, 17.92007, -0.134737, -88.13596, 254.2671, -76.73498], 'HNO3_g:298-1200': [19.63229, 153.9599, -115.8378, 32.87955, -0.249114, -146.8818, 247.7049, -134.306], 'HCN_g:298-1200': [32.69373, 22.59205, -4.369142, -0.407697, -0.282399, 123.4811, 233.2597, 135.1432], 'CH2CH2_g:298-1200': [-6.38788, 184.4019, -112.9718, 28.49593, 0.31554, 48.17332, 163.1568, 52.46694], 'CH2O_g:298-1500': [5.193767, 93.23249, -44.85457, 7.882279, 0.551175, -119.3591, 202.4663, -115.8972], 'CH3OH_g:298-1500': [-1.0845814245433651, 153.2463565199489, -79.53050359618254, 16.47130239316011, 0.5220334601533215, -4.897417024069, 199.1893745506112, 0.0], 'C5H4O2_g:100-1500': [-16.36694, 0.46958, -0.000331925, 8.50912e-08, 198590.9145, -1661.34999, -15.68938, 12461.34999], 'C5H6O2_g:100-1500': [-18.57626, 0.50733, -0.000335824, 8.28263e-08, 231619.2141, -6357.53523, 2.75692, 7057.53523], 'C5H6O_g:50-1500': [1.26847, 0.35388, -0.000173962, 2.87427e-08, 48401.71207, -5691.94893, -85.38991, 7191.94893], 'Cl2_g:298-1000': [33.0506, 12.2294, -12.0651, 4.38533, -0.159494, -10.8348, 259.029, 0.0], 'HCl_g:298-1200': [32.12392, -13.45805, 19.86852, -6.853936, -0.049672, -101.6206, 228.6866, -92.31201], 'CH3CH2OH_g:298-1500': [-4.7367880805894265, 271.96181550301463, -169.34946529216657, 43.73860153608533, 0.24643430702178773, -9.828280829187861, 203.3325622617075, 0.0], 'CH3CHO_g:298-1500': [4.8037386340099095, 185.92002366990326, -99.1084610902012, 20.61473919069016, 0.2770802548558646, -8.566600040790945, 220.00244674443837, 0.0], 'HCOOH_g:298-1500': [3.802752304225226, 153.66217894746168, -84.64046773816926, 16.297377707561505, 0.2772064997263338, -6.16527, 212.9698972559699, 0]}

site_names = ('g', 's')

species_definitions = {'C6H12_g': {'name': 'C6H12', 'site': 'g', 'type': 'gas', 'n_sites': 0, 'composition': {'C': 6, 'H': 12}, 'concentration': 1.0, 'formation_energy': -26.031223, 'formation_energy_source': 'DFT_Gibbs_gas', 'frequencies': []}, 'H2O2_g': {'name': 'H2O2', 'site': 'g', 'type': 'gas', 'n_sites': 0, 'composition': {'O': 2, 'H': 2}, 'concentration': 0.185, 'formation_energy': -7.162091, 'formation_energy_source': 'DFT_Gibbs_gas', 'frequencies': []}, 'H2O_g': {'name': 'H2O', 'site': 'g', 'type': 'gas', 'n_sites': 0, 'composition': {'O': 1, 'H': 2}, 'concentration': 0.815, 'formation_energy': -7.614457, 'formation_energy_source': 'DFT_Gibbs_gas', 'frequencies': []}, 'C6H12O_g': {'name': 'C6H12O', 'site': 'g', 'type': 'gas', 'n_sites': 0, 'composition': {'C': 6, 'O': 1, 'H': 12}, 'concentration': 1e-20, 'formation_energy': -27.667771, 'formation_energy_source': 'DFT_Gibbs_gas', 'frequencies': []}, 's': {'name': 's', 'site': 's', 'type': 'site', 'formation_energy': 0, 'n_sites': 1, 'composition': {}, 'site_names': ['111'], 'total': 1, 'frequencies': []}, 'Ha_s': {'name': 'Ha', 'site': 's', 'type': 'adsorbate', 'n_sites': 1, 'composition': {'H': 1}, 'formation_energy': [-2.1214675], 'formation_energy_source': ['DFT_Gibbs_single'], 'frequencies': []}, 'Hb_s': {'name': 'Hb', 'site': 's', 'type': 'adsorbate', 'n_sites': 1, 'composition': {'H': 1}, 'formation_energy': [-2.1621365], 'formation_energy_source': ['DFT_Gibbs_single'], 'frequencies': []}, 'Hb-O_s': {'name': 'Hb-O', 'site': 's', 'type': 'transition_state', 'n_sites': 1, 'composition': {'H': 1, 'O': 1}, 'formation_energy': [0.043544], 'formation_energy_source': ['NEB_forward_TS_minus_IS_mapped'], 'frequencies': []}, 'C6H12O_s': {'name': 'C6H12O', 'site': 's', 'type': 'adsorbate', 'n_sites': 1, 'composition': {'C': 6, 'O': 1, 'H': 12}, 'formation_energy': [-26.952178], 'formation_energy_source': ['DFT_Gibbs_single'], 'frequencies': []}, 'C6H12_s': {'name': 'C6H12', 'site': 's', 'type': 'adsorbate', 'n_sites': 1, 'composition': {'C': 6, 'H': 12}, 'formation_energy': [-26.161823], 'formation_energy_source': ['DFT_Gibbs_single'], 'frequencies': []}, 'H2O2_s': {'name': 'H2O2', 'site': 's', 'type': 'adsorbate', 'n_sites': 1, 'composition': {'O': 2, 'H': 2}, 'formation_energy': [-6.2175915], 'formation_energy_source': ['DFT_Gibbs_single'], 'frequencies': []}, 'H2O_s': {'name': 'H2O', 'site': 's', 'type': 'adsorbate', 'n_sites': 1, 'composition': {'O': 1, 'H': 2}, 'formation_energy': [-6.562752], 'formation_energy_source': ['DFT_Gibbs_single'], 'frequencies': []}, 'OH_s': {'name': 'OH', 'site': 's', 'type': 'adsorbate', 'n_sites': 1, 'composition': {'O': 1, 'H': 1}, 'formation_energy': [-2.244517], 'formation_energy_source': ['DFT_Gibbs_single'], 'frequencies': []}, 'OOH_s': {'name': 'OOH', 'site': 's', 'type': 'adsorbate', 'n_sites': 1, 'composition': {'O': 2, 'H': 1}, 'formation_energy': [-2.7734525], 'formation_energy_source': ['DFT_Gibbs_single'], 'frequencies': []}, 'O_s': {'name': 'O', 'site': 's', 'type': 'adsorbate', 'n_sites': 1, 'composition': {'O': 1}, 'formation_energy': [1.9796865], 'formation_energy_source': ['DFT_Gibbs_single'], 'frequencies': []}, 'OOH-C6H12_s': {'name': 'OOH-C6H12', 'site': 's', 'type': 'transition_state', 'n_sites': 1, 'composition': {'C': 6, 'O': 2, 'H': 13}, 'formation_energy': [-28.3789315], 'formation_energy_source': ['NEB_forward_TS_minus_IS_mapped'], 'frequencies': []}, 'g': {'name': 'g', 'site': 'g', 'type': 'site', 'formation_energy': 0, 'n_sites': 0, 'site_names': ['gas'], 'total': 0, 'composition': {}, 'frequencies': []}, '*_g': {'name': 'g', 'site': 'g', 'type': 'site', 'formation_energy': 0, 'n_sites': 0, 'site_names': ['gas'], 'total': 0, 'composition': {}, 'frequencies': []}, '*_s': {'name': 's', 'site': 's', 'type': 'site', 'formation_energy': 0, 'n_sites': 1, 'composition': {}, 'site_names': ['111'], 'total': 1, 'frequencies': []}}

standard_coadsorbate_coverage = 'min'

standard_coverage = 'min'

surface_names = ('tico',)

temperature = 333.15

thermodynamic_corrections = ['gas', 'adsorbate']

thermodynamic_variables = ['temperature', 'gas_pressures', 'voltage', 'beta', 'pH', 'Upzc', 'gas_thermo_mode', 'adsorbate_thermo_mode', 'pressure']

transition_state_names = ('Hb-O_s', 'OOH-C6H12_s')

use_numbers_solver = True

verbose = 1

stdout = """header_evaluation: fail - could not save mp = <mpmath.ctx_mp.MPContext object at 0x0000029C66272CF0>


header_evaluation: fail - could not save tolerance = mpf('1.0e-180')


initial_evaluation: success - initial guess at point [333.15, 1.00]
mapper_iteration_0: status - 0 points do not have valid solution.
header_evaluation: fail - could not save coverage_map = [[[333.15, 1.0], [mpf('6.1009495794428106323942516386343854189317666995111187661330616297154356527231613188275103328225266753878351044703757859723564543604879771432262931795027573262524768955981449693187661853471373688944821148417665806017667090616606357175388129773694150003915703895692749465391471704668391941e-99'), mpf('0.00000000000000000000000000000000000000000000000000000000000000000385757314976763713515444370129075061866309664394343042704137077128742122430148661744655094783905986808407731492542951737879384530786667658695099952411816413620914141892055595678452910836061830861897564597802708623094126108945996118466679158481647247866245165770534071450018255330093099289'), mpf('0.000000000000000000000000000000000000000000000000000000000000000000000000000000000038882156450574643369183150439642431464180022299840728612728008433867818839877899515364109780693610704689455065493245406215964794638258009770586803161097379943198730513107363600253471310754628158414688847554000975788203737969027005098537041212524779535070957024424142936474076381048527543'), mpf('0.00000000000000000000000000000000000000000000000000000000000000000000000000000000000409230772202507226803259267028169296311730814591619437209596046467014536631992562316710808785115239945502183804410648232559679680927805442707989245464085894073424870469005444354073615606131976717343577711001153022503868522494175155533467069375648718830966419367704583136817774257013105894'), mpf('4.30086268549981351285243986477901362834115759142094190820642236372303005765505835382685976578361929759801268440358413990417096660800713850313380728135891322900373592550299704980597125102618717759123946457036859067099737773703252041934795801836097624457807647243630152661685895557083518125e-186'), mpf('0.000000000000000000000000000000000000000000000000039098338400989344897631359477245567646092615210615396328910055778699378478846960196956403025564576885292049419694785471201031571618793502290926443716129821469114403974886837446940718507580743797078000751279925246167730788768353974868652002923459930486397395600263569384150836114972031938'), mpf('0.543948669813807297972047692654447918803144486415882698666151510094513809595581649559716891778488798128730018279688614574169496191045297304975092107601614040693949164973200891568153605145633769886433100206889637855697011286459929236472847073680200298387068183790421907315856981326982343708'), mpf('0.456051330186192702027952307345552081196855513584039104657046511211792556215889737355729692476929153483252466938334987525138315316602077246228090276972248851122506283096372510963863249779176917758063896529586966596717686290476400142607684737940794829702980000672808324166577493484362248332'), mpf('0.0000000000000000000000000000000000000000000000000390983384009893448976313594772455676460926152106153963289100557786993784788469601969564030255645768852920494196947854712010315716187935022909264437161298214691144039748868374469407185075807437970780007512799252461677307889173011446905137880233263533056543358614148593848204430922745971269'), mpf('0.000000000000000000000000000000000000000000000000000000000000000000040798319806484771132322640270345238531275473740811895144154720528949501853533434552271722245640258937076627693234109032703025410676977144115665527416314429498434069847426725567738677768999302499297242174075773700225711696199602095102775988165571493030635577876245958672031747068700887731')]]]


header_evaluation: fail - could not save kBT = mpf('0.0287086431504569980406454419608053285628557205200195312499999999999999999999999999999999999999999999999999999999999999999999999999999999999999999999999999999999999999999999999999999999999999999999999999999999999999999999999999999999999999999999999999999999999999999999999999999999999999994')


header_evaluation: fail - could not save mp = <mpmath.ctx_mp.MPContext object at 0x0000029C66272CF0>


header_evaluation: fail - could not save rate_map = [[[333.15, 1.0], [mpf('-2.76490506838259196215244763183220053705178912618774013612670865292980507544590386290607416665975993904871338276113994796884252713125509002483305587239534383075137342943359446778892201830856846156146567024827860689553828240681774163004692122423725772065024270169384159787549591079163762131e-195'), mpf('1.07879774493444362557717970799411080057236957850913589173239080447955515214069407976474926951724696682481770766786272512423832800419744128048714454372018905148974297047734226385367125758737923666097629564828143407668740226830787114282406614799948290270343593914072169343717231908414818764e-157'), mpf('-2.76490506838259196215244756878156618973224091892839640724624514668007110871196659277085541059908646384075408749178904681466410310156147529226672305117417716273121000652006376286419777982113671179755925314312968604559752456478761644510458558785033524252210948951668901585188775982348239428e-195'), mpf('2.86986198203675381408600793739534798278333114726584372012188861649776480761016427900884978046919806037214160434066964276858675982245622494842257061119282381724910658152516625665199181200675150664953253558698852316295457137416064579922278509102804918425204581227087319826067685986603674629e-148'), mpf('-2.76490506825968763178729854928551198318126894876620006418530123689362628411246298090166311788475002986038002302042396927835875713515577207657149003537760793430145240740786504349221251232817714111845548202911499022192712682302603016832016428235670745455847599726312180646253099150444611205e-195'), mpf('0.000000000000000000000000000000000000000000000000000000000000000000000000000000000000000000290488561053225203036410651948742328269009759745299527881276690623821743329691328817718435292565928492449128599763217484059543914285772571251587887878880259564336389979760664724407391899638047958849873539162455266413465938067360963539190454141708331527847122684282367326511586547390447542'), mpf('-6.63173820475519115156759171839510054596605414229457600658120444424801614505978066942650914670548136810101919075675157914274687006217642583475280747454232788235232287898537848329541041161811976523483926938883568846845917982669955249326904937551188807513406609053695875465534653637059139834e-172'), mpf('-2.76490506838259196215244696971991307746548706106639680608350287112638731869287051315490318365015266222500995308959083722234737592806227970884400637452777917061816043612851282845508240724465843803407171669703227642466136111110236214056914247526855855129724500597648539321599828310154250178e-195')]]]


header_evaluation: fail - could not save tolerance = mpf('1.0e-180')


header_evaluation: fail - could not save turnover_frequency_map = [[[333.15, 1.0], [mpf('-2.76490506825968763178729854928551198318126894876620006418530123689362628411246298090166311788475002986038002302042396927835875713515577207657149003537760793430145240740786504349221251232817714111845548202911499022192712682302603016832016428235670745455847599726312180646253099150444611205e-195'), mpf('2.76490506838259196215244756878156618973224091892839640724624514668007110871196659277085541059908646384075408749178904681466410310156147529226672305117417716273121000652006376286419777982113671179755925314312968604559752456478761644510458558785033524252210948951668901585188775982348239428e-195'), mpf('2.76490506838259196215244763183220053705178912618774013612670865292980507544590386290607416665975993904871338276113994796884252713125509002483305587239534383075137342943359446778892201830856846156146567024827860689553828240681774163004692122423725772065024270169384159787549591079163762131e-195'), mpf('-2.76490506838259196215244696971991307746548706106639680608350287112638731869287051315490318365015266222500995308959083722234737592806227970884400637452777917061816043612851282845508240724465843803407171669703227642466136111110236214056914247526855855129724500597648539321599828310154250178e-195')]]]

"""