from numpy import array

try:
    import cPickle as pickle

except: #workaround for python3.X
    import _pickle as pickle


from mpmath import mpf 

parser = None

scaler = 'ThermodynamicScaler'

thermodynamics = 'ThermoCorrections'

solver = 'SteadyStateSolver'

mapper = 'MinResidMapper'

binary_data = pickle.load(open("baseline_tico.pkl","rb"))

locals().update(binary_data)

__citation__ = """If you find CatMAP useful to your research, please cite both the following papers:

 Medford, A. J., Shi, C., Hoffmann, M. J., Lausche, A. C., Fitzgibbon, S. R., Bligaard, T., & Nørskov, J. K. (2015). CatMAP: a software package for descriptor-based microkinetic mapping of catalytic trends. Catalysis Letters, 145, 794-807. 
 Vijay, S., H. Heenen, H., Singh, A. R., Chan, K., & Voss, J. (2024). Number of sites-based solver for determining coverages from steady-state mean-field micro-kinetic models. Journal of Computational Chemistry, 45(9), 546-551.
"""
A_uc = None

DEBUG = False

adsorbate_interaction_model = 'ideal'

adsorbate_interactions = None

adsorbate_names = ('C6H12O_s', 'C6H12_s', 'H2O2_s', 'H2O_s', 'Ha_s', 'Hb_s', 'OH_s', 'OOH_s', 'O_s')

adsorbate_thermo_mode = 'frozen_adsorbate'

analytical_jacobian = True

atomic_reservoir_list = [{'O': 'C6H12O_g', 'H': 'H2O2_g', 'C': 'C6H12_g'}, {'O': 'C6H12O_g', 'H': 'H2O_g', 'C': 'C6H12_g'}, {'O': 'H2O2_g', 'H': 'H2O_g', 'C': 'C6H12O_g'}, {'O': 'H2O2_g', 'H': 'H2O_g', 'C': 'C6H12_g'}]

atoms_dict = {}

citation_info_written = True

coverage_headers = ['coverage', 'coadsorbate_coverage']

data_file = 'baseline_tico.pkl'

decimal_precision = 460

descriptor_decimal_precision = 2

descriptor_names = ('temperature', 'pressure')

descriptor_ranges = [[333.15, 333.15], [1.0, 1.0]]

echem_transition_state_names = []

electrochemical_thermo_mode = 'simple_electrochemical'

elementary_rxns = ([['s', 'H2O2_g'], ['H2O2_s']], [['H2O2_s', 's'], ['Ha_s', 'OOH_s']], [['s', 'C6H12_g'], ['C6H12_s']], [['OOH_s', 'C6H12_s', 's'], ['OOH-C6H12_s', 's', 's'], ['C6H12O_s', 'O_s', 'Hb_s']], [['C6H12O_s'], ['C6H12O_g', 's']], [['Hb_s', 'O_s'], ['Hb-O_s', 's'], ['OH_s', 's']], [['Ha_s', 'OH_s'], ['s', 'H2O_s']], [['H2O_s'], ['H2O_g', 's']])

estimate_frequencies = True

extrapolate_coverages = False

fix_x_star = False

fixed_entropy_dict = {'H2_g': 0.00135, 'other': 0.002}

force_recalculation = False

force_recompilation = False

frequency_dict = {'C6H12_g': [], 'H2O2_g': [], 'H2O_g': [], 'C6H12O_g': [], 's': [], 'Ha_s': [], 'Hb_s': [], 'Hb-O_s': [], 'C6H12O_s': [], 'C6H12_s': [], 'H2O2_s': [], 'H2O_s': [], 'OH_s': [], 'OOH_s': [], 'O_s': [], 'OOH-C6H12_s': [], '*_s': [], 'g': [], '*_g': []}

frequency_surface_names = []

frequency_unit_conversion = 0.0001239842

gas_names = ('C6H12O_g', 'C6H12_g', 'H2O2_g', 'H2O_g')

gas_pressures = [1e-20, 1.0, 0.185, 0.815]

gas_thermo_mode = 'frozen_gas'

hbond_dict = {'COOH': -0.25, 'OCHO': 0.0, 'CO': -0.1, 'CHO': -0.1, 'CH2O': 0.0, 'OCH3': 0.0, 'O': 0.0, 'OH': -0.5, 'H': 0.0, 'COH': -0.25, 'C': 0.0, 'CH': 0.0, 'CH2': 0.0, 'CH3': 0.0, 'CHOH': -0.25, 'COHOH': -0.25, 'OCH2O': 0.0, 'CH2OH': -0.25, 'OCHCH2': 0.0, 'OCHCHO': 0.0}

hindered_ads_params = {}

ideal_gas_params = {'H2_g': [2, 'linear', 0], 'N2_g': [2, 'linear', 0], 'O2_g': [2, 'linear', 1.0], 'H2O_g': [2, 'nonlinear', 0], 'CO_g': [1, 'linear', 0], 'CH4_g': [12, 'nonlinear', 0], 'NH3_g': [3, 'nonlinear', 0], 'CH3OH_g': [1, 'nonlinear', 0], 'CH3CH2OH_g': [1, 'nonlinear', 0], 'CO2_g': [2, 'linear', 0], 'CH2O_g': [2, 'nonlinear', 0], 'HCOOH_g': [1, 'nonlinear', 0], 'CH2CH2_g': [4, 'nonlinear', 0], 'CH3CHCH2_g': [1, 'nonlinear', 0], 'CH3CH2CHCH2_g': [1, 'nonlinear', 0], 'CH3CHCHCH3_g': [2, 'nonlinear', 0], 'CH3CH3CCH2_g': [2, 'nonlinear', 0], 'pe_g': [2, 'linear', 0], 'C2H2_g': [2, 'linear', 0], 'C2H4_g': [4, 'nonlinear', 0], 'C2H6_g': [6, 'nonlinear', 0], 'C3H6_g': [1, 'nonlinear', 0], 'CH3COOH_g': [1, 'nonlinear', 0], 'CH3CHO_g': [1, 'nonlinear', 0], 'C5H4O2_g': [1, 'nonlinear', 0], 'C5H6O2_g': [1, 'nonlinear', 0], 'C5H6O_g': [1, 'nonlinear', 0], 'HCl_g': [1, 'linear', 0], 'Cl2_g': [2, 'linear', 0]}

input_file = 'H:\\catmap\\catmap\\lyq_alkene_epoxidation\\2-creating_microkinetic_model\\energies_dft_neb.txt'

interaction_fitting_mode = None

interaction_surface_names = None

internally_constrain_coverages = True

max_bisections = 5

max_damping_iterations = 10

max_initial_guesses = 3

max_rootfinding_iterations = 400

model_name = 'baseline_tico'

numerical_representation = 'mpmath'

optimize_analytical_expressions = False

outer_solver_log = 'outer_solver.log'

output_labels = {'coverage': ('C6H12O_s', 'C6H12_s', 'H2O2_s', 'H2O_s', 'Ha_s', 'Hb_s', 'OH_s', 'OOH_s', 'O_s'), 'rate': ([['s', 'H2O2_g'], ['H2O2_s']], [['H2O2_s', 's'], ['Ha_s', 'OOH_s']], [['s', 'C6H12_g'], ['C6H12_s']], [['OOH_s', 'C6H12_s', 's'], ['OOH-C6H12_s', 's', 's'], ['C6H12O_s', 'O_s', 'Hb_s']], [['C6H12O_s'], ['C6H12O_g', 's']], [['Hb_s', 'O_s'], ['Hb-O_s', 's'], ['OH_s', 's']], [['Ha_s', 'OH_s'], ['s', 'H2O_s']], [['H2O_s'], ['H2O_g', 's']]), 'turnover_frequency': ('C6H12O_g', 'C6H12_g', 'H2O2_g', 'H2O_g')}

output_variables = ['coverage', 'rate', 'turnover_frequency']

parameter_mode = 'formation_energy'

parameter_names = ('C6H12O_s', 'C6H12_s', 'H2O2_s', 'H2O_s', 'Ha_s', 'Hb_s', 'OH_s', 'OOH_s', 'O_s', 'Hb-O_s', 'OOH-C6H12_s')

parse_headers = ['formation_energy', 'frequencies']

perturbation_size = 1e-14

prefactor_list = ['kB*T/h', 'kB*T/h', 'kB*T/h', 'kB*T/h', 'kB*T/h', 'kB*T/h', 'kB*T/h', 'kB*T/h']

pressure = 1.0

pressure_mode = 'concentration'

recalculate = True

required_headers = ['species_name', 'surface_name', 'site_name', 'formation_energy', 'frequencies', 'reference']

residual_threshold = 0.9

resolution = [1, 1]

rxn_expressions = ['* + H2O2_g <-> H2O2*', 'H2O2* + * -> Ha* + OOH*', '* + C6H12_g <-> C6H12*', 'OOH* + C6H12* + * <-> OOH-C6H12* + 2* -> C6H12O* + O* + Hb*', 'C6H12O* <-> C6H12O_g + *', 'Hb* + O* <-> Hb-O* + * -> OH* + *', 'Ha* + OH* -> * + H2O*', 'H2O* <-> H2O_g + *']

rxn_options_dict = {'prefactor': {}, 'beta': {}}

scaling_constraint_dict = {'OOH_s': ['+', 0, None], 'O_s': [0, '+', None]}

search_directions = [[0, 0], [0, 1], [1, 0], [0, -1], [-1, 0], [-1, 1], [1, 1], [1, -1], [-1, -1]]

setup_file = 'baseline_tico.mkm'

shomate_params = {'H2_g:298-1000': [33.066178, -11.363417, 11.432816, -2.772874, -0.158558, -9.980797, 172.707974, 0], 'H2_g:1000-2500': [18.563083, 12.257357, -2.859786, 0.268238, 1.97799, -1.147438, 156.288133, 0], 'H2_g:2500-6000': [43.41356, -4.293079, 1.272428, -0.096876, -20.533862, -38.515158, 162.081354, 0], 'CH4_g:298-1300': [-0.703029, 108.4773, -42.52157, 5.862788, 0.678565, -76.84376, 158.7163, -74.8731], 'CH4_g:1300-1600': [85.81217, 11.26467, -2.114146, 0.13819, -26.42221, -153.5327, 224.4143, -74.8731], 'CO_g:298-1300': [25.56759, 6.09613, 4.054656, -2.671201, 0.131021, -118.0089, 227.3665, -110.5271], 'CO_g:1300-1600': [35.1507, 1.300095, -0.205921, 0.01355, -3.28278, -127.8375, 231.712, -110.5271], 'H2O_g:100-500': [36.303952, -24.11232, 63.64111, -38.9524, -0.01385, -10.23966, 237.39431, 0.0], 'H2O_g:500-1700': [30.092, 6.832514, 6.793435, -2.53448, 0.082139, -250.881, 223.3967, -241.8264], 'H2O_g:1700-6000': [41.96426, 8.622053, -1.49978, 0.098119, -11.15764, -272.1797, 219.7809, -241.8264], 'CO2_g:298-1200': [24.99735, 55.18696, -33.69137, 7.948387, -0.136638, -403.6075, 228.2431, -393.5224], 'CO2_g:1200-6000': [58.16639, 2.720075, -0.492289, 0.038844, -6.447293, -425.9186, 263.6125, -393.5224], 'O2_g:100-700': [31.32234, -20.23531, 57.8664, -36.50624, -0.007374, -8.903471, 246.7945, 0.0], 'O2_g:700-2000': [30.03235, 8.772972, -3.988133, 0.788313, -0.741599, -11.32468, 236.1663, 0.0], 'O2_g:2000-6000': [20.91111, 10.72071, -2.020498, 0.146449, 9.245722, 5.337651, 237.6185, 0.0], 'NH3_g:298-1400': [19.99563, 49.77119, -15.37599, 1.921168, 0.189174, -53.30667, 203.8591, -45.89806], 'N2_g:100-500': [28.98641, 1.853978, -9.647459, 16.63537, 0.000117, -8.671914, 226.4168, 0.0], 'N2_g:500-2000': [19.50583, 19.88705, -8.598535, 1.369784, 0.527601, -4.935202, 212.39, 0.0], 'N2O_g:298-1400': [27.67988, 51.14898, -30.64454, 6.847911, -0.157906, 71.24934, 238.6164, 82.04824], 'NO2_g:298-1200': [16.10857, 75.89525, -54.3874, 14.30777, 0.239423, 26.17464, 240.5386, 33.09502], 'NO_g:298-1200': [23.83491, 12.58878, -1.139011, -1.497459, 0.214194, 83.35783, 237.1219, 90.29114], 'NO3_g:298-1200': [11.22316, 166.3889, -148.4458, 47.40598, -0.176791, 61.00858, 221.7679, 71.128], 'HNO2_g:298-1200': [24.89974, 91.37563, -64.84614, 17.92007, -0.134737, -88.13596, 254.2671, -76.73498], 'HNO3_g:298-1200': [19.63229, 153.9599, -115.8378, 32.87955, -0.249114, -146.8818, 247.7049, -134.306], 'HCN_g:298-1200': [32.69373, 22.59205, -4.369142, -0.407697, -0.282399, 123.4811, 233.2597, 135.1432], 'CH2CH2_g:298-1200': [-6.38788, 184.4019, -112.9718, 28.49593, 0.31554, 48.17332, 163.1568, 52.46694], 'CH2O_g:298-1500': [5.193767, 93.23249, -44.85457, 7.882279, 0.551175, -119.3591, 202.4663, -115.8972], 'CH3OH_g:298-1500': [-1.0845814245433651, 153.2463565199489, -79.53050359618254, 16.47130239316011, 0.5220334601533215, -4.897417024069, 199.1893745506112, 0.0], 'C5H4O2_g:100-1500': [-16.36694, 0.46958, -0.000331925, 8.50912e-08, 198590.9145, -1661.34999, -15.68938, 12461.34999], 'C5H6O2_g:100-1500': [-18.57626, 0.50733, -0.000335824, 8.28263e-08, 231619.2141, -6357.53523, 2.75692, 7057.53523], 'C5H6O_g:50-1500': [1.26847, 0.35388, -0.000173962, 2.87427e-08, 48401.71207, -5691.94893, -85.38991, 7191.94893], 'Cl2_g:298-1000': [33.0506, 12.2294, -12.0651, 4.38533, -0.159494, -10.8348, 259.029, 0.0], 'HCl_g:298-1200': [32.12392, -13.45805, 19.86852, -6.853936, -0.049672, -101.6206, 228.6866, -92.31201], 'CH3CH2OH_g:298-1500': [-4.7367880805894265, 271.96181550301463, -169.34946529216657, 43.73860153608533, 0.24643430702178773, -9.828280829187861, 203.3325622617075, 0.0], 'CH3CHO_g:298-1500': [4.8037386340099095, 185.92002366990326, -99.1084610902012, 20.61473919069016, 0.2770802548558646, -8.566600040790945, 220.00244674443837, 0.0], 'HCOOH_g:298-1500': [3.802752304225226, 153.66217894746168, -84.64046773816926, 16.297377707561505, 0.2772064997263338, -6.16527, 212.9698972559699, 0]}

site_names = ('s', 'g')

species_definitions = {'C6H12_g': {'name': 'C6H12', 'site': 'g', 'type': 'gas', 'n_sites': 0, 'composition': {'H': 12, 'C': 6}, 'concentration': 1.0, 'formation_energy': -26.031223, 'formation_energy_source': 'DFT_Gibbs_gas', 'frequencies': []}, 'H2O2_g': {'name': 'H2O2', 'site': 'g', 'type': 'gas', 'n_sites': 0, 'composition': {'O': 2, 'H': 2}, 'concentration': 0.185, 'formation_energy': -7.162091, 'formation_energy_source': 'DFT_Gibbs_gas', 'frequencies': []}, 'H2O_g': {'name': 'H2O', 'site': 'g', 'type': 'gas', 'n_sites': 0, 'composition': {'O': 1, 'H': 2}, 'concentration': 0.815, 'formation_energy': -7.614457, 'formation_energy_source': 'DFT_Gibbs_gas', 'frequencies': []}, 'C6H12O_g': {'name': 'C6H12O', 'site': 'g', 'type': 'gas', 'n_sites': 0, 'composition': {'O': 1, 'H': 12, 'C': 6}, 'concentration': 1e-20, 'formation_energy': -27.667771, 'formation_energy_source': 'DFT_Gibbs_gas', 'frequencies': []}, 's': {'name': 's', 'site': 's', 'type': 'site', 'formation_energy': 0, 'n_sites': 1, 'composition': {}, 'site_names': ['111'], 'total': 1, 'frequencies': []}, 'Ha_s': {'name': 'Ha', 'site': 's', 'type': 'adsorbate', 'n_sites': 1, 'composition': {'H': 1}, 'formation_energy': [-2.1214675], 'formation_energy_source': ['DFT_Gibbs_single'], 'frequencies': []}, 'Hb_s': {'name': 'Hb', 'site': 's', 'type': 'adsorbate', 'n_sites': 1, 'composition': {'H': 1}, 'formation_energy': [-2.1621365], 'formation_energy_source': ['DFT_Gibbs_single'], 'frequencies': []}, 'Hb-O_s': {'name': 'Hb-O', 'site': 's', 'type': 'transition_state', 'n_sites': 1, 'composition': {'H': 1, 'O': 1}, 'formation_energy': [0.043544], 'formation_energy_source': ['NEB_forward_TS_minus_IS_mapped'], 'frequencies': []}, 'C6H12O_s': {'name': 'C6H12O', 'site': 's', 'type': 'adsorbate', 'n_sites': 1, 'composition': {'O': 1, 'H': 12, 'C': 6}, 'formation_energy': [-26.952178], 'formation_energy_source': ['DFT_Gibbs_single'], 'frequencies': []}, 'C6H12_s': {'name': 'C6H12', 'site': 's', 'type': 'adsorbate', 'n_sites': 1, 'composition': {'H': 12, 'C': 6}, 'formation_energy': [-26.161823], 'formation_energy_source': ['DFT_Gibbs_single'], 'frequencies': []}, 'H2O2_s': {'name': 'H2O2', 'site': 's', 'type': 'adsorbate', 'n_sites': 1, 'composition': {'O': 2, 'H': 2}, 'formation_energy': [-6.2175915], 'formation_energy_source': ['DFT_Gibbs_single'], 'frequencies': []}, 'H2O_s': {'name': 'H2O', 'site': 's', 'type': 'adsorbate', 'n_sites': 1, 'composition': {'O': 1, 'H': 2}, 'formation_energy': [-6.562752], 'formation_energy_source': ['DFT_Gibbs_single'], 'frequencies': []}, 'OH_s': {'name': 'OH', 'site': 's', 'type': 'adsorbate', 'n_sites': 1, 'composition': {'O': 1, 'H': 1}, 'formation_energy': [-2.244517], 'formation_energy_source': ['DFT_Gibbs_single'], 'frequencies': []}, 'OOH_s': {'name': 'OOH', 'site': 's', 'type': 'adsorbate', 'n_sites': 1, 'composition': {'O': 2, 'H': 1}, 'formation_energy': [-2.7734525], 'formation_energy_source': ['DFT_Gibbs_single'], 'frequencies': []}, 'O_s': {'name': 'O', 'site': 's', 'type': 'adsorbate', 'n_sites': 1, 'composition': {'O': 1}, 'formation_energy': [1.9796865], 'formation_energy_source': ['DFT_Gibbs_single'], 'frequencies': []}, 'OOH-C6H12_s': {'name': 'OOH-C6H12', 'site': 's', 'type': 'transition_state', 'n_sites': 1, 'composition': {'O': 2, 'H': 13, 'C': 6}, 'formation_energy': [-28.3789315], 'formation_energy_source': ['NEB_forward_TS_minus_IS_mapped'], 'frequencies': []}, '*_s': {'name': 's', 'site': 's', 'type': 'site', 'formation_energy': 0, 'n_sites': 1, 'composition': {}, 'site_names': ['111'], 'total': 1, 'frequencies': []}, 'g': {'name': 'g', 'site': 'g', 'type': 'site', 'formation_energy': 0, 'n_sites': 0, 'site_names': ['gas'], 'total': 0, 'composition': {}, 'frequencies': []}, '*_g': {'name': 'g', 'site': 'g', 'type': 'site', 'formation_energy': 0, 'n_sites': 0, 'site_names': ['gas'], 'total': 0, 'composition': {}, 'frequencies': []}}

standard_coadsorbate_coverage = 'min'

standard_coverage = 'min'

surface_names = ('tico',)

temperature = 333.15

thermodynamic_corrections = ['gas', 'adsorbate']

thermodynamic_variables = ['temperature', 'gas_pressures', 'voltage', 'beta', 'pH', 'Upzc', 'gas_thermo_mode', 'adsorbate_thermo_mode', 'pressure']

transition_state_names = ('Hb-O_s', 'OOH-C6H12_s')

use_numbers_solver = True

verbose = 1

stdout = """header_evaluation: fail - could not save mp = <mpmath.ctx_mp.MPContext object at 0x0000021616772F90>


header_evaluation: fail - could not save tolerance = mpf('9.9999999999999999999999999999999999999999999999999999999999999999999999999999999999999999999999999999999999999999999999999999999999999999999999999999999999999999999999999999999999999999999999999999999999999999999999999999999999999999999999999999999999999999999999999999999999999999999999999999999999999999999999999999999999999999999999999999999999999999999999999999999999999999999999999279821642666651341375612045949991678539398627562470234654364573010444169760118642175447502958175667478e-341')


initial_evaluation: success - initial guess at point [333.15, 1.00]
mapper_iteration_0: status - 0 points do not have valid solution.
header_evaluation: fail - could not save coverage_map = [[[333.15, 1.0], [mpf('0.000000000000000000000000000000000000000000001640196848230361729771656467312049860954087476830825472652970359050848918346168948881925796216643534673972851655636034602256391376888285062234240170287709340904585391351834658125319232374336594548464854311861243406663481316329885189050228796248761908244535071004830311311994993519269282381848798000435065194864726245231308057074502662364551420884546921818766045962358859565345134463096107369645091634145535819663288069754718373593759233314326655546475257244758110474495023128316379411958'), mpf('0.000000000001037081070688802206249707242189396326382638407149003878148096098305083860710242188122101824017156173200154729159860335043311998681013363837498099832750220109222269446700337707072846487124800784647462915459904635159727556414943869436901877748630953700272012098998671449299710661859112912890550105185666890601447261816529046213480976086897157529751839465235150194234953982603331537380240699023500123172546257084561679882184931233883408206319370296232782271382498077147171281649838150196506'), mpf('0.000000000000000000000000000010453190873355286026188051417011093377801448681485598747790136632498424897662680750107774503703312741146881118428944056267148132528354881785064062295048035681585207851109261351486171035149934409830984173272904874631289310123960831703745515212717366326790270334535131200530521145909003398454217190596953797273232477447347219320052634749221514914541950673263240454469701334243051687521430739810720664854242719727078058399591303869029741406825976582543005436373591622172990493266440086681449'), mpf('0.0000000000000000000000000000011001877888437340167161780047011256004930922421595114453517150246103354381909198116441166276624332440133729838189898034402767968124883062139784250447136920761867340512248276699240581958400024712510089926617725053149680440443914076926299578669148503902254824942750249871875042069378056471944595507560808597729213541281690660505065865667707997502296711293987322376271655067681986604765592945228157729670626163080011969876069990484902357878921804472918325910632894094942264947379427851616388'), mpf('0.99999999999895195059156502645516455538677036478960398327672899831809662301897988109465445374852759419446667284341846920117220175866467679845515106531230837883687045542026905691380403232427899351045982016744012740150499210502192657514529608051524592377968059053113911309445036358071806855760356387750426536244821315095309909151763130154411088756380523416916808336235808294589309684216737712898128094375188804261098840825831004719513503538439026444503164980680540456897642861110991456288925'), mpf('0.0000000000000000000000000000000000000000000000000000000043934272803068382127899611751856274130476767717222476819157580185198642944381283082714879513903978469086034200181307817230337253090095041188155127289658224190002146588944665084597207599414347638784858947087607050368697964267528353744749668958037566237970425323197368006857482081497214736591933178598608675216049049893114931749689951528535214009895278540306964330746223268627336249448768480031694195680465108482958151308030098965310836502442725573487818390927009413871295127011899636341367'), mpf('0.0000000000000000000000000000000000000000000000000000000000000000000000000000070739872065653912758629757400675929164085906346453295904153499478202835195239102975176573580687475196955671757719070845451897434825018475459669765323176554725637793544993302891612352953645362014228421057844417796045605121461337841541017749562844661151262910893404633703755123209736839022421177100038051861263642312308944809206179620248519395999541027039089360057577642888494263743136417470172926712590872820181586906730643292560286749995412981944993371079152832591350736370352527312992114'), mpf('0.000000000000000000000000000000000000000000000000000000000000001123233516488032425707669266870199011982997615868605006440307408118434868953045783537982146727362327804224367993128298890990444675057929703827073764493843292656304854660354587103871810970318186016490969400379387058541415576548256871073517726150754152047498105349421896279843928973953199619595399499623596500489903733185223718980604192246363502202659599068027083012117882918153081801233792578819245138686408333589620962330043824675620565496728267708987524247090867530234668209486465275698'), mpf('0.0000000000000000000000000000000000000000000000000000000043934272803068382127899611751856274130476767717222476819157580185198642944381283082714879513903978469086034200181307817230337253090095041188155127289658224190002146588944665084597207599414347638784858947087607050368697964267528353744749668958037566237970425323197368006857482081497214736591933178598608675216049049893114931749689951528535214009895278540306964330746223268627336249448768480031694195680465108482958151308030098965310897172510056288421112055622713234581480532357112552163992'), mpf('0.000000000000010968337746171327032358708841217200912300655261193369957079733400641852158888487845842490510032545427635524151461002304419964435787312887450604876449232596376505317386931192400457432266030093428877920820819302791014995421895718527560704077773768504876738742484065702031982626153893400080714992186660713707919969135003626114743919696754360429699692056057966942067140286727824239452560168184139651113771861202175603458008223652962176286934012986501964080187286165662773408572759459340639196')]]]


header_evaluation: fail - could not save kBT = mpf('0.028708643150456998040645441960805328562855720520019531249999999999999999999999999999999999999999999999999999999999999999999999999999999999999999999999999999999999999999999999999999999999999999999999999999999999999999999999999999999999999999999999999999999999999999999999999999999999999999999999999999999999999999999999999999999999999999999999999999999999999999999999999999999999999999999999999999999999999999999999999999999999999999999999999999999999999999999999999999999999999999999999966')


header_evaluation: fail - could not save mp = <mpmath.ctx_mp.MPContext object at 0x0000021616772F90>


header_evaluation: fail - could not save rate_map = [[[333.15, 1.0], [mpf('0.000000000000000000000000000000000000000000000000000000000000000000000000000000000000000000000000000000051087471998482155513318664034524252911185361209027879354984826506794065158762359303157801423515962763369953496421788653583431613433405522071754142155371121342891297692489444492350509858373913142619474569631629461861419521800629997590209692978709170553608448636038083138853577279212975987744602787735998347198903535153919200381158489221701423511571909275285533361399840688449499360980093631245120600093635703937075316367478279106360518929580787959824516986097620465364438969600819200659505'), mpf('0.000000000000000000000000000000000000000000000000000000000000000000000000000000000000000000000000000000051087471998482155513318664034524252911185361209027879354984826506794065158762359303157801423515962763369953496421788653583431613433405522071754142155371121342891297715808724096219484755439732581771686759280494942631269831451870981552870305344704121908711893245653787773552114442500345973377385037229643227043758015110586527020915645991701913767231460318120253492646535326879230959164030691909317215172352845896504396101840515550254097742355156733573455868291319041897601621639651990923075'), mpf('0.000000000000000000000000000000000000000000000000000000000000000000000000000000000000000000000000000000051087471998482155513318664034524252911185361209027879354984826506794065158762359303157801423515962763369953496421788653583431613433405522071754142155371121342891297692489444492350509858373913142619474569631629461861419521800629997590209692978709170553608448636038083138853577279212975987744602787735998347682968257844963855088042154023008468832901874387037347664939923500464193299610803138114023965158154657639687859077855382333685720816122014311522167319013815343604048660235370883491863'), mpf('0.000000000000000000000000000000000000000000000000000000000000000000000000000000000000000000000000000000051087471998482155513318664034524252911185361209027879354984826506794065158762359303157801423515962763369953496421788653583431613433405522071754142155371121342891297692489437479318272871138235044065754811925736405988742977925300774993893320973615187555741046816033635827490453238982160885057122899850314596798606697679070037634193940092093914199178363101703682290274390081892423647217317652258361973062092800333682848950475427927712615545966183030279220012309818471648242215426639144626604'), mpf('0.000000000000000000000000000000000000000000000000000000000000000000000000000000000000000000000000000000051087471998482155513318664034524252911185361209027879354984826506794065158762359303157801423515962763369953496421788653583431613433405522071754142155371121342891297692489444492350509858373913142619474569631629461861419521800629997590209692978709170553608448636038083138853577279212975987747687796067045099201922888538675709393728134116811180597814518888533603803037180657074204056213831379919844908661119955364427088695748798547519687405376047853162415527869276619317226702392283017331953'), mpf('0.000000000000000000000000000000000000000000000000000000000000000000000000000000000000000000000000000000051087471998482155513318664034524252911185361209027879354984826506794065158762359303157801423515962763369953496421788653583431613435035757548469950237671453991307292127979328108366674872506349115230912829137341282317704979938351353734346259994363586284507917721493290634883305457945297505615848422099802681602287009731068678350979889055296862301101560132048283358746496645696365949632216260439075893126666739850635718057698942317595900992677046778925638997818310080615872087431036112507015'), mpf('0.000000000000000000000000000000000000000000000000000000000000000000000000000000000000000000000000000000051087471998482155513318664034524252911185361209027879354984826506794065158762359303157801423515962763369953496421788653583431613433405522071754142155371121342891297692489444492350362996402787567698198790951293078370956074594358400126574617198457229744675460112201430623342929040798609649534070935439103667168296494078244129836070994681790610383855344128592612776287049127638381109839756866183473485531844551188727139294837387575990203224265681975945599272289490711152071462908993371661262'), mpf('0.000000000000000000000000000000000000000000000000000000000000000000000000000000000000000000000000000000051087471998482155513318664034524252911185361209027879354984826506794065158762359303157801423515962763369953496421788653583431613433405522071754142155371121342891297692489444492350509858373913142619474569631629461861419521800629997590209692978709170553608448636038083138853577279212975987744602787735998352282202127423927658748212871223858780235354590530886904311104878803687492717092177565217330989251436846944770637107995748628045616589349908807599909237174771156557099581071571065983326')]]]


header_evaluation: fail - could not save tolerance = mpf('9.9999999999999999999999999999999999999999999999999999999999999999999999999999999999999999999999999999999999999999999999999999999999999999999999999999999999999999999999999999999999999999999999999999999999999999999999999999999999999999999999999999999999999999999999999999999999999999999999999999999999999999999999999999999999999999999999999999999999999999999999999999999999999999999999999279821642666651341375612045949991678539398627562470234654364573010444169760118642175447502958175667478e-341')


header_evaluation: fail - could not save turnover_frequency_map = [[[333.15, 1.0], [mpf('0.000000000000000000000000000000000000000000000000000000000000000000000000000000000000000000000000000000051087471998482155513318664034524252911185361209027879354984826506794065158762359303157801423515962763369953496421788653583431613433405522071754142155371121342891297692489444492350509858373913142619474569631629461861419521800629997590209692978709170553608448636038083138853577279212975987747687796067045099201922888538675709393728134116811180597814518888533603803037180657074204056213831379919844908661119955364427088695748798547519687405376047853162415527869276619317226702392283017331953'), mpf('-0.000000000000000000000000000000000000000000000000000000000000000000000000000000000000000000000000000000051087471998482155513318664034524252911185361209027879354984826506794065158762359303157801423515962763369953496421788653583431613433405522071754142155371121342891297692489444492350509858373913142619474569631629461861419521800629997590209692978709170553608448636038083138853577279212975987744602787735998347682968257844963855088042154023008468832901874387037347664939923500464193299610803138114023965158154657639687859077855382333685720816122014311522167319013815343604048660235370883491863'), mpf('-0.000000000000000000000000000000000000000000000000000000000000000000000000000000000000000000000000000000051087471998482155513318664034524252911185361209027879354984826506794065158762359303157801423515962763369953496421788653583431613433405522071754142155371121342891297692489444492350509858373913142619474569631629461861419521800629997590209692978709170553608448636038083138853577279212975987744602787735998347198903535153919200381158489221701423511571909275285533361399840688449499360980093631245120600093635703937075316367478279106360518929580787959824516986097620465364438969600819200659505'), mpf('0.000000000000000000000000000000000000000000000000000000000000000000000000000000000000000000000000000000051087471998482155513318664034524252911185361209027879354984826506794065158762359303157801423515962763369953496421788653583431613433405522071754142155371121342891297692489444492350509858373913142619474569631629461861419521800629997590209692978709170553608448636038083138853577279212975987744602787735998352282202127423927658748212871223858780235354590530886904311104878803687492717092177565217330989251436846944770637107995748628045616589349908807599909237174771156557099581071571065983326')]]]

"""