from numpy import array

try:
    import cPickle as pickle

except: #workaround for python3.X
    import _pickle as pickle


from mpmath import mpf 

parser = None

scaler = 'ThermodynamicScaler'

thermodynamics = 'ThermoCorrections'

solver = 'SteadyStateSolver'

mapper = 'MinResidMapper'

binary_data = pickle.load(open("baseline_titi.pkl","rb"))

locals().update(binary_data)

__citation__ = """If you find CatMAP useful to your research, please cite both the following papers:

 Medford, A. J., Shi, C., Hoffmann, M. J., Lausche, A. C., Fitzgibbon, S. R., Bligaard, T., & Nørskov, J. K. (2015). CatMAP: a software package for descriptor-based microkinetic mapping of catalytic trends. Catalysis Letters, 145, 794-807. 
 Vijay, S., H. Heenen, H., Singh, A. R., Chan, K., & Voss, J. (2024). Number of sites-based solver for determining coverages from steady-state mean-field micro-kinetic models. Journal of Computational Chemistry, 45(9), 546-551.
"""
A_uc = None

DEBUG = False

adsorbate_interaction_model = 'ideal'

adsorbate_interactions = None

adsorbate_names = ('C6H12O_s', 'C6H12_s', 'H2O2_s', 'H2O_s', 'Ha_s', 'Hb_s', 'OH_s', 'OOH_s', 'O_s')

adsorbate_thermo_mode = 'frozen_adsorbate'

analytical_jacobian = True

atomic_reservoir_dict = {'O': 'H2O2_g', 'C': 'C6H12_g', 'H': 'H2O_g'}

atomic_reservoir_list = [{'O': 'C6H12O_g', 'C': 'C6H12_g', 'H': 'H2O2_g'}, {'O': 'C6H12O_g', 'C': 'C6H12_g', 'H': 'H2O_g'}, {'O': 'H2O2_g', 'C': 'C6H12O_g', 'H': 'H2O_g'}, {'O': 'H2O2_g', 'C': 'C6H12_g', 'H': 'H2O_g'}]

atoms_dict = {}

citation_info_written = True

coverage_headers = ['coverage', 'coadsorbate_coverage']

data_file = 'baseline_titi.pkl'

decimal_precision = 360

descriptor_decimal_precision = 2

descriptor_names = ('temperature', 'pressure')

descriptor_ranges = [[333.15, 333.15], [1.0, 1.0]]

echem_transition_state_names = []

electrochemical_thermo_mode = 'simple_electrochemical'

elementary_rxns = ([['s', 'H2O2_g'], ['H2O2_s']], [['H2O2_s', 's'], ['Ha_s', 'OOH_s']], [['s', 'C6H12_g'], ['C6H12_s']], [['OOH_s', 'C6H12_s', 's'], ['OOH-C6H12_s', 's', 's'], ['C6H12O_s', 'O_s', 'Hb_s']], [['C6H12O_s'], ['C6H12O_g', 's']], [['Hb_s', 'O_s'], ['Hb-O_s', 's'], ['OH_s', 's']], [['Ha_s', 'OH_s'], ['s', 'H2O_s']], [['H2O_s'], ['H2O_g', 's']])

estimate_frequencies = True

extrapolate_coverages = False

fix_x_star = False

fixed_entropy_dict = {'H2_g': 0.00135, 'other': 0.002}

force_recalculation = False

force_recompilation = False

frequency_dict = {'C6H12_g': [], 'H2O2_g': [], 'H2O_g': [], 'C6H12O_g': [], 's': [], 'Ha_s': [], 'Hb_s': [], 'Hb-O_s': [], 'C6H12O_s': [], 'C6H12_s': [], 'H2O2_s': [], 'H2O_s': [], 'OH_s': [], 'OOH_s': [], 'O_s': [], 'OOH-C6H12_s': [], 'g': [], '*_g': [], '*_s': []}

frequency_surface_names = []

frequency_unit_conversion = 0.0001239842

gas_names = ('C6H12O_g', 'C6H12_g', 'H2O2_g', 'H2O_g')

gas_pressures = [np.float64(1e-20), np.float64(1.0), np.float64(0.185), np.float64(0.815)]

gas_thermo_mode = 'frozen_gas'

hbond_dict = {'COOH': -0.25, 'OCHO': 0.0, 'CO': -0.1, 'CHO': -0.1, 'CH2O': 0.0, 'OCH3': 0.0, 'O': 0.0, 'OH': -0.5, 'H': 0.0, 'COH': -0.25, 'C': 0.0, 'CH': 0.0, 'CH2': 0.0, 'CH3': 0.0, 'CHOH': -0.25, 'COHOH': -0.25, 'OCH2O': 0.0, 'CH2OH': -0.25, 'OCHCH2': 0.0, 'OCHCHO': 0.0}

hindered_ads_params = {}

ideal_gas_params = {'H2_g': [2, 'linear', 0], 'N2_g': [2, 'linear', 0], 'O2_g': [2, 'linear', 1.0], 'H2O_g': [2, 'nonlinear', 0], 'CO_g': [1, 'linear', 0], 'CH4_g': [12, 'nonlinear', 0], 'NH3_g': [3, 'nonlinear', 0], 'CH3OH_g': [1, 'nonlinear', 0], 'CH3CH2OH_g': [1, 'nonlinear', 0], 'CO2_g': [2, 'linear', 0], 'CH2O_g': [2, 'nonlinear', 0], 'HCOOH_g': [1, 'nonlinear', 0], 'CH2CH2_g': [4, 'nonlinear', 0], 'CH3CHCH2_g': [1, 'nonlinear', 0], 'CH3CH2CHCH2_g': [1, 'nonlinear', 0], 'CH3CHCHCH3_g': [2, 'nonlinear', 0], 'CH3CH3CCH2_g': [2, 'nonlinear', 0], 'pe_g': [2, 'linear', 0], 'C2H2_g': [2, 'linear', 0], 'C2H4_g': [4, 'nonlinear', 0], 'C2H6_g': [6, 'nonlinear', 0], 'C3H6_g': [1, 'nonlinear', 0], 'CH3COOH_g': [1, 'nonlinear', 0], 'CH3CHO_g': [1, 'nonlinear', 0], 'C5H4O2_g': [1, 'nonlinear', 0], 'C5H6O2_g': [1, 'nonlinear', 0], 'C5H6O_g': [1, 'nonlinear', 0], 'HCl_g': [1, 'linear', 0], 'Cl2_g': [2, 'linear', 0]}

input_file = 'H:\\catmap\\catmap\\lyq_alkene_epoxidation\\2-creating_microkinetic_model\\energies_dft_neb.txt'

interaction_fitting_mode = None

interaction_surface_names = None

internally_constrain_coverages = True

max_bisections = 5

max_damping_iterations = 10

max_initial_guesses = 3

max_rootfinding_iterations = 400

model_name = 'H:\\catmap\\catmap\\lyq_alkene_epoxidation\\2-creating_microkinetic_model\\analysis_ooh\\steady_state_branch_audit\\replay\\titi__vacant__stage_02\\titi\\baseline_titi'

numerical_representation = 'mpmath'

optimize_analytical_expressions = False

outer_solver_log = 'outer_solver.log'

output_labels = {'coverage': ('C6H12O_s', 'C6H12_s', 'H2O2_s', 'H2O_s', 'Ha_s', 'Hb_s', 'OH_s', 'OOH_s', 'O_s'), 'rate': ([['s', 'H2O2_g'], ['H2O2_s']], [['H2O2_s', 's'], ['Ha_s', 'OOH_s']], [['s', 'C6H12_g'], ['C6H12_s']], [['OOH_s', 'C6H12_s', 's'], ['OOH-C6H12_s', 's', 's'], ['C6H12O_s', 'O_s', 'Hb_s']], [['C6H12O_s'], ['C6H12O_g', 's']], [['Hb_s', 'O_s'], ['Hb-O_s', 's'], ['OH_s', 's']], [['Ha_s', 'OH_s'], ['s', 'H2O_s']], [['H2O_s'], ['H2O_g', 's']])}

output_variables = ['coverage', 'rate']

parameter_mode = 'formation_energy'

parameter_names = ('C6H12O_s', 'C6H12_s', 'H2O2_s', 'H2O_s', 'Ha_s', 'Hb_s', 'OH_s', 'OOH_s', 'O_s', 'Hb-O_s', 'OOH-C6H12_s')

parse_headers = ['formation_energy', 'frequencies']

perturbation_size = 1e-14

prefactor_list = ['kB*T/h', 'kB*T/h', 'kB*T/h', 'kB*T/h', 'kB*T/h', 'kB*T/h', 'kB*T/h', 'kB*T/h']

pressure = np.float64(1.0)

pressure_mode = 'concentration'

recalculate = True

required_headers = ['species_name', 'surface_name', 'site_name', 'formation_energy', 'frequencies', 'reference']

residual_threshold = 0.9

resolution = [1, 1]

rxn_expressions = ['* + H2O2_g <-> H2O2*', 'H2O2* + * -> Ha* + OOH*', '* + C6H12_g <-> C6H12*', 'OOH* + C6H12* + * <-> OOH-C6H12* + 2* -> C6H12O* + O* + Hb*', 'C6H12O* <-> C6H12O_g + *', 'Hb* + O* <-> Hb-O* + * -> OH* + *', 'Ha* + OH* -> * + H2O*', 'H2O* <-> H2O_g + *']

rxn_options_dict = {'prefactor': {}, 'beta': {}}

scaling_constraint_dict = {'OOH_s': ['+', 0, None], 'O_s': [0, '+', None]}

search_directions = [[0, 0], [0, 1], [1, 0], [0, -1], [-1, 0], [-1, 1], [1, 1], [1, -1], [-1, -1]]

setup_file = 'H:\\catmap\\catmap\\lyq_alkene_epoxidation\\2-creating_microkinetic_model\\analysis_ooh\\steady_state_branch_audit\\replay\\titi__vacant__stage_02\\titi\\baseline_titi.mkm'

shomate_params = {'H2_g:298-1000': [33.066178, -11.363417, 11.432816, -2.772874, -0.158558, -9.980797, 172.707974, 0], 'H2_g:1000-2500': [18.563083, 12.257357, -2.859786, 0.268238, 1.97799, -1.147438, 156.288133, 0], 'H2_g:2500-6000': [43.41356, -4.293079, 1.272428, -0.096876, -20.533862, -38.515158, 162.081354, 0], 'CH4_g:298-1300': [-0.703029, 108.4773, -42.52157, 5.862788, 0.678565, -76.84376, 158.7163, -74.8731], 'CH4_g:1300-1600': [85.81217, 11.26467, -2.114146, 0.13819, -26.42221, -153.5327, 224.4143, -74.8731], 'CO_g:298-1300': [25.56759, 6.09613, 4.054656, -2.671201, 0.131021, -118.0089, 227.3665, -110.5271], 'CO_g:1300-1600': [35.1507, 1.300095, -0.205921, 0.01355, -3.28278, -127.8375, 231.712, -110.5271], 'H2O_g:100-500': [36.303952, -24.11232, 63.64111, -38.9524, -0.01385, -10.23966, 237.39431, 0.0], 'H2O_g:500-1700': [30.092, 6.832514, 6.793435, -2.53448, 0.082139, -250.881, 223.3967, -241.8264], 'H2O_g:1700-6000': [41.96426, 8.622053, -1.49978, 0.098119, -11.15764, -272.1797, 219.7809, -241.8264], 'CO2_g:298-1200': [24.99735, 55.18696, -33.69137, 7.948387, -0.136638, -403.6075, 228.2431, -393.5224], 'CO2_g:1200-6000': [58.16639, 2.720075, -0.492289, 0.038844, -6.447293, -425.9186, 263.6125, -393.5224], 'O2_g:100-700': [31.32234, -20.23531, 57.8664, -36.50624, -0.007374, -8.903471, 246.7945, 0.0], 'O2_g:700-2000': [30.03235, 8.772972, -3.988133, 0.788313, -0.741599, -11.32468, 236.1663, 0.0], 'O2_g:2000-6000': [20.91111, 10.72071, -2.020498, 0.146449, 9.245722, 5.337651, 237.6185, 0.0], 'NH3_g:298-1400': [19.99563, 49.77119, -15.37599, 1.921168, 0.189174, -53.30667, 203.8591, -45.89806], 'N2_g:100-500': [28.98641, 1.853978, -9.647459, 16.63537, 0.000117, -8.671914, 226.4168, 0.0], 'N2_g:500-2000': [19.50583, 19.88705, -8.598535, 1.369784, 0.527601, -4.935202, 212.39, 0.0], 'N2O_g:298-1400': [27.67988, 51.14898, -30.64454, 6.847911, -0.157906, 71.24934, 238.6164, 82.04824], 'NO2_g:298-1200': [16.10857, 75.89525, -54.3874, 14.30777, 0.239423, 26.17464, 240.5386, 33.09502], 'NO_g:298-1200': [23.83491, 12.58878, -1.139011, -1.497459, 0.214194, 83.35783, 237.1219, 90.29114], 'NO3_g:298-1200': [11.22316, 166.3889, -148.4458, 47.40598, -0.176791, 61.00858, 221.7679, 71.128], 'HNO2_g:298-1200': [24.89974, 91.37563, -64.84614, 17.92007, -0.134737, -88.13596, 254.2671, -76.73498], 'HNO3_g:298-1200': [19.63229, 153.9599, -115.8378, 32.87955, -0.249114, -146.8818, 247.7049, -134.306], 'HCN_g:298-1200': [32.69373, 22.59205, -4.369142, -0.407697, -0.282399, 123.4811, 233.2597, 135.1432], 'CH2CH2_g:298-1200': [-6.38788, 184.4019, -112.9718, 28.49593, 0.31554, 48.17332, 163.1568, 52.46694], 'CH2O_g:298-1500': [5.193767, 93.23249, -44.85457, 7.882279, 0.551175, -119.3591, 202.4663, -115.8972], 'CH3OH_g:298-1500': [-1.0845814245433651, 153.2463565199489, -79.53050359618254, 16.47130239316011, 0.5220334601533215, -4.897417024069, 199.1893745506112, 0.0], 'C5H4O2_g:100-1500': [-16.36694, 0.46958, -0.000331925, 8.50912e-08, 198590.9145, -1661.34999, -15.68938, 12461.34999], 'C5H6O2_g:100-1500': [-18.57626, 0.50733, -0.000335824, 8.28263e-08, 231619.2141, -6357.53523, 2.75692, 7057.53523], 'C5H6O_g:50-1500': [1.26847, 0.35388, -0.000173962, 2.87427e-08, 48401.71207, -5691.94893, -85.38991, 7191.94893], 'Cl2_g:298-1000': [33.0506, 12.2294, -12.0651, 4.38533, -0.159494, -10.8348, 259.029, 0.0], 'HCl_g:298-1200': [32.12392, -13.45805, 19.86852, -6.853936, -0.049672, -101.6206, 228.6866, -92.31201], 'CH3CH2OH_g:298-1500': [-4.7367880805894265, 271.96181550301463, -169.34946529216657, 43.73860153608533, 0.24643430702178773, -9.828280829187861, 203.3325622617075, 0.0], 'CH3CHO_g:298-1500': [4.8037386340099095, 185.92002366990326, -99.1084610902012, 20.61473919069016, 0.2770802548558646, -8.566600040790945, 220.00244674443837, 0.0], 'HCOOH_g:298-1500': [3.802752304225226, 153.66217894746168, -84.64046773816926, 16.297377707561505, 0.2772064997263338, -6.16527, 212.9698972559699, 0]}

site_names = ('g', 's')

species_definitions = {'C6H12_g': {'name': 'C6H12', 'site': 'g', 'type': 'gas', 'n_sites': 0, 'composition': {'C': 6, 'H': 12}, 'concentration': 1.0, 'formation_energy': -26.031223, 'formation_energy_source': 'DFT_Gibbs_gas', 'frequencies': []}, 'H2O2_g': {'name': 'H2O2', 'site': 'g', 'type': 'gas', 'n_sites': 0, 'composition': {'O': 2, 'H': 2}, 'concentration': 0.185, 'formation_energy': -7.162091, 'formation_energy_source': 'DFT_Gibbs_gas', 'frequencies': []}, 'H2O_g': {'name': 'H2O', 'site': 'g', 'type': 'gas', 'n_sites': 0, 'composition': {'O': 1, 'H': 2}, 'concentration': 0.815, 'formation_energy': -7.614457, 'formation_energy_source': 'DFT_Gibbs_gas', 'frequencies': []}, 'C6H12O_g': {'name': 'C6H12O', 'site': 'g', 'type': 'gas', 'n_sites': 0, 'composition': {'O': 1, 'C': 6, 'H': 12}, 'concentration': 1e-20, 'formation_energy': -27.667771, 'formation_energy_source': 'DFT_Gibbs_gas', 'frequencies': []}, 's': {'name': 's', 'site': 's', 'type': 'site', 'formation_energy': 0, 'n_sites': 1, 'composition': {}, 'site_names': ['111'], 'total': 1, 'frequencies': []}, 'Ha_s': {'name': 'Ha', 'site': 's', 'type': 'adsorbate', 'n_sites': 1, 'composition': {'H': 1}, 'formation_energy': [-1.754743], 'formation_energy_source': ['DFT_Gibbs_single'], 'frequencies': []}, 'Hb_s': {'name': 'Hb', 'site': 's', 'type': 'adsorbate', 'n_sites': 1, 'composition': {'H': 1}, 'formation_energy': [-1.50894], 'formation_energy_source': ['DFT_Gibbs_single'], 'frequencies': []}, 'Hb-O_s': {'name': 'Hb-O', 'site': 's', 'type': 'transition_state', 'n_sites': 1, 'composition': {'H': 1, 'O': 1}, 'formation_energy': [-0.889662], 'formation_energy_source': ['NEB_forward_TS_minus_IS_mapped'], 'frequencies': []}, 'C6H12O_s': {'name': 'C6H12O', 'site': 's', 'type': 'adsorbate', 'n_sites': 1, 'composition': {'O': 1, 'C': 6, 'H': 12}, 'formation_energy': [-28.152308], 'formation_energy_source': ['DFT_Gibbs_single'], 'frequencies': []}, 'C6H12_s': {'name': 'C6H12', 'site': 's', 'type': 'adsorbate', 'n_sites': 1, 'composition': {'C': 6, 'H': 12}, 'formation_energy': [-26.2167775], 'formation_energy_source': ['DFT_Gibbs_single'], 'frequencies': []}, 'H2O2_s': {'name': 'H2O2', 'site': 's', 'type': 'adsorbate', 'n_sites': 1, 'composition': {'O': 2, 'H': 2}, 'formation_energy': [-7.3379775], 'formation_energy_source': ['DFT_Gibbs_single'], 'frequencies': []}, 'H2O_s': {'name': 'H2O', 'site': 's', 'type': 'adsorbate', 'n_sites': 1, 'composition': {'O': 1, 'H': 2}, 'formation_energy': [-8.5669295], 'formation_energy_source': ['DFT_Gibbs_single'], 'frequencies': []}, 'OH_s': {'name': 'OH', 'site': 's', 'type': 'adsorbate', 'n_sites': 1, 'composition': {'O': 1, 'H': 1}, 'formation_energy': [-3.8609795], 'formation_energy_source': ['DFT_Gibbs_single'], 'frequencies': []}, 'OOH_s': {'name': 'OOH', 'site': 's', 'type': 'adsorbate', 'n_sites': 1, 'composition': {'O': 2, 'H': 1}, 'formation_energy': [-3.975032], 'formation_energy_source': ['DFT_Gibbs_single'], 'frequencies': []}, 'O_s': {'name': 'O', 'site': 's', 'type': 'adsorbate', 'n_sites': 1, 'composition': {'O': 1}, 'formation_energy': [0.463091], 'formation_energy_source': ['DFT_Gibbs_single'], 'frequencies': []}, 'OOH-C6H12_s': {'name': 'OOH-C6H12', 'site': 's', 'type': 'transition_state', 'n_sites': 1, 'composition': {'O': 2, 'C': 6, 'H': 13}, 'formation_energy': [-29.8971925], 'formation_energy_source': ['NEB_forward_TS_minus_IS_mapped'], 'frequencies': []}, 'g': {'name': 'g', 'site': 'g', 'type': 'site', 'formation_energy': 0, 'n_sites': 0, 'site_names': ['gas'], 'total': 0, 'composition': {}, 'frequencies': []}, '*_g': {'name': 'g', 'site': 'g', 'type': 'site', 'formation_energy': 0, 'n_sites': 0, 'site_names': ['gas'], 'total': 0, 'composition': {}, 'frequencies': []}, '*_s': {'name': 's', 'site': 's', 'type': 'site', 'formation_energy': 0, 'n_sites': 1, 'composition': {}, 'site_names': ['111'], 'total': 1, 'frequencies': []}}

standard_coadsorbate_coverage = 'min'

standard_coverage = 'min'

surface_names = ('titi',)

temperature = np.float64(333.15)

thermodynamic_corrections = ['gas', 'adsorbate']

thermodynamic_variables = ['temperature', 'gas_pressures', 'voltage', 'beta', 'pH', 'Upzc', 'gas_thermo_mode', 'adsorbate_thermo_mode', 'pressure']

transition_state_names = ('Hb-O_s', 'OOH-C6H12_s')

use_numbers_solver = True

verbose = 1

stdout = """header_evaluation: fail - could not save mp = <mpmath.ctx_mp.MPContext object at 0x0000016EBD992CF0>


header_evaluation: fail - could not save numbers_map = [[[np.float64(333.15), np.float64(1.0)], [mpf('0.000000000000000000000000000000000000000003431302667663365701349816644569793168087910850274726504010391948252228202817380032703033610962971835898823839296767028997797998013292111550629976171098802563564600504685826614734424947980477345365492835689824372831761985731790980512818062088374595921229600850610259884701765369371481854577911706260110472075247031707549052000785119178697223951994369326515462585565983932047635288760410938'), mpf('-0.000000000000000000000000000000000187934624936305307798090426521286869236746897722157288028226717238331447082539012035258749560533524969863039915460906555801051280092490482999910395718923293756699492303947601290356462561241363956858283908648455032766399994222826364467405853574710682268009229623045153526844441179909610892993073360522313131311377076591439643386772108710305701192606403645346753339044460977906031972916306'), mpf('0.00000000000000000000000000000000006830705727577271392804489283807651359646626314445365385562051711459389170814100753634532260875949057774707807625944535049107171392466169022906530886989749678533866225072090906537805651946970454290833702611387382138229103844497191976437537445497725182928178677320263802139141531325053298302977297863766289875984040144577712959532695303773094763172487107067958456444884931133114121515650539'), mpf('0.0000000000000000000000000001072559768799112473744455069873335519911587792422416558895378992925342580961991277497764481453361328283019439536652749568082220704674397181908548937814702068226653345594899857725504343330902619124121742764769545430952881578217924410571338432198361974414225238563730556777776350606083597988509536007988766439255155064321917733436250358550470275434771850717970281509761261354008088473557243'), mpf('-0.0000000000000000000000000000000000000000000000000000000000000000000000000000000000000000000002454876077769821563708795682986140582404075338875083569201711161796059290561531861344581274101941686308117053753051927836054436067402625029754604007359613791524914518717194279889899126847113847560609780911901848005293899233945468779791022971227118985200297887217904851098974287711607095587305549960214533177333705632822452005574110400808982093381065392686399407870128622835071002946681082'), mpf('-0.0000000000000000000000000000000000000000000000000000005969012597632808440259632104336973626058558822228832095014255783137408483476127973986388279980900447709663815567408679074452786537857482970058001634019095685493830333748984542078706195630074624108274048648812346993855729283877871110311187121502964105442849254741551958497860711356491769981054615575702370826207894263547747520935965263579538273017121955891721211715390581263881472881622336'), mpf('2813.225042457885284005339432492832891771574602705946311486593706265588887952245275461560624641558506940404793422093950467589282728023523950663864924570027487710593454539198197933266250975380004686997707680529411716986462366051640125688254919245741707915556969819136669346577980867104826579413939181321393939265380729049926458922382545513279761537092891603474888999828982819518561056751234'), mpf('54131381.11339360377115487906302224557144633088948821579118503921180050603030003480042156330892130940907926812149503364763741241111348283445651796309091209150369219474480221553748117688431545297370973887644762549004687204917771781686384340918968439226463702252929836028565679112169047762890250344846060048256134943262965326695958014726567103501597737593181956371019296477392753763630516589'), mpf('17.80915626235086502031453136757310439573681056903533065241033206298284546725668162946934707774843118949228556914667052153831239373366479152570159333526268129495543671943878588407872276009351120366305070641839513233588590722898243967338851170958343990176137022950648666122516690193399795328840699806654771630238158463845977902413621417584486673815574768774237932394310983257281638085685102'), mpf('0.000000000000000000000000000000000007421718291998082707251549535970678663725515971166000768646922892610569005737133646165370416157170702991150075524208635515087922761421457424861070458556649597985268309237955243034751999887493812968205370814220314637163733885918648475497725484216337723305162909666150426990915943090716840398822142182447396276327488870906807797074106780654006552194050743233579427815812862687667965134901151')]]]


header_evaluation: fail - could not save tolerance = mpf('1.0e-260')


mapper_iteration_0: status - 1 points do not have valid solution.
rootfinding_iteration_2: cancel - stationary point or singular jacobian (residual = 0.0014676117008051088)
minresid_iteration_0: fail - [333.15, 1.00] using coverages from [333.15, 1.00]; initial residual was 1.4986950689951293e+43 (residual = 0.0014676117008051088)
rootfinding_iteration_2: cancel - stationary point or singular jacobian (residual = 0.00151803014272254)
minresid_iteration_1: fail - [333.15, 1.00] using coverages from [333.15, 1.00]; initial residual was 2.632863471624095e+26 (residual = 0.00151803014272254)
minresid_iteration_2: success - [333.15, 1.00] using coverages from [333.15, 1.00]
mapper_iteration_1: status - 0 points do not have valid solution.
header_evaluation: fail - could not save coverage_map = [[[np.float64(333.15), np.float64(1.0)], [mpf('0.000000000000000000000000000000000000000000000000000000000000000000000000000000002214728208963274618228459065397121501120079278879291284895494772763344543114920955183118305209002658197464652929494359331057801788383971945676268162537355303813320172274811319929724530882506235429122504906552749370668316086407787829213919828822712840870899726275350404619106426316599835771570106169235563980600833682347109260944644900132590182632406511992412160320916727512388525863342514'), mpf('0.000000000000000000000000000000000000000000000000000000000000000006643791346131382444277143245165059500196889573807140308796921845910746108024051129772699017619808122269186948405733917250914352626751410981444395631802704703587015065706481851603426191466221013278902814899499954590883245237832893504945281443528997393292236916319216101301416075117371367606955502169033159691789418462651997804265141246107821599000424973670780673643463476414624834702934868'), mpf('0.00000000000000000000000000000000000000000000000000000000000000000087767460690464525269953196455879439803445055945749401805487604157045420500876722990671355648207840659517435103069692645532539170492051076477645621098128458914891126048611270303440653613343777431928929564064835974631164747584356386926275679882234841070849204757715157855130407208629207907782463558656409730443035266373360685608277014891734158880534773459894436156102850183067142509046659'), mpf('0.000000000000000000000000000000000000000000000000000002163940857795889251223808978906724488062827577807522968473907045196554788565184134210490606784122073892935926530999678853476402747913099540316332536264144099042253500909309709507009912625127083168118139014473332838835227425200891286110034579797196243979599516027122855491481346926270290640001084881605753808919662378041964355170837878782604963492847478712240711732005564596199632972809565'), mpf('1.146622118199080834280027502785310386947895454080369520778961121205223962621038287005614315390649192186872019864130734072409751358328766529281708780103586783704339602827490996589440557727485140013077358660474816328203894194500495658890570062117870532418139259085119691044062930347497091907484900489296066204065303793034108119432449748067472111246193819891760754483551523517910407203815712e-160'), mpf('0.00000000000000000000000000000000000000000000000000000000000000000000000000000000000000000000000000000000006702045507728243537022610843464839189255930282069555534691324187241625801172981761069221125318533242380232941902514873414737201469213557990585669326495044052753422377426426958295030487402882784151953812563991169133122063926874187894050874180184928401621801831777875600117697689096902774281370038070838767585924179674885077127665047589748617102229312150190905983275564019408124484754147044'), mpf('0.000000002700913853972496796652445605008316529100558544449624479492418205735913083200060551299249524575205339883773168046984477267117380674151659269397320190302525458318150009353810362148926378011787287811060838543491256583216240957176082954055537193365996843453369497414222718804819751497925281077500851744122036045049211529507750110853587472994986071621191080146675189514259643728647452718588504'), mpf('0.9999999972989779058558822683328388477239193404601941762540903264800518594979117915788397672875765490994187593131767610284311672696016160262896079493809303226023321966782489825993548992767529995507466461168631505688315444612277845789148262611181462538889809310453126261111032120012605840244371405588508022749855516043159501578189888398178958672301780654235556381313195510622681366699081823'), mpf('0.0000000000001082401716209350147155472677641304392472771323443362241088563593648879034182653261290953570706135960273952937105425758231224413852606757694158493820368209254259295006069000774137389272375285469058644732491597884029484629511335376938711650488681751668450506755172390755689260176055753760136410775719692776934206703597400654730494772807371559486432210560347813339294276310307693328929806289'), mpf('0.00000000000000000000000000000000000000000000000000000000000000000001036122996522849925204385121878103409184618227441770495257732939282679076338163900348336019887570564213739228929631684502544611791677357917156786392168202798455786212335028976688992893470644887920225770735832378093572764286468966714464585744575343783623918330094766529484555542439539632432584350650981109243093004128511730836352777078527326552908035842371056646370548223870906980383662046')]]]


header_evaluation: fail - could not save kBT = mpf('0.0287086431504569980406454419608053285628557205200195312499999999999999999999999999999999999999999999999999999999999999999999999999999999999999999999999999999999999999999999999999999999999999999999999999999999999999999999999999999999999999999999999999999999999999999999999999999999999999999999999999999999999999999999999999999999999999999999999999999999999999999999999999999999999999999999')


header_evaluation: fail - could not save mp = <mpmath.ctx_mp.MPContext object at 0x0000016EBD992CF0>


header_evaluation: fail - could not save rate_map = [[[np.float64(333.15), np.float64(1.0)], [mpf('-8.033406779490256130903736671554662421072506431728638270980185515482996624762485379320313424533927005351068246359841664738785994218994375517863624569715343478577606974169973255669578394194692360348405957658691064576987343335635800005828774156109738569960735494968839979030790939006030052796348773422554495096020264855836728589403565447692290458720373880588327866396145913847683467879228538e-138'), mpf('2.884399725515960083101584505321862670961122410760021524411727079598645941490120758418286043882590725014937576710899947073499881051577081818967528909278046534889964742534414740722528325572317683517214461615962528101266275146968431770117070561817141821735767791553452954682302727468712681483480156442730496011768862638722719174811706559278569643035344940815582473080425869502139336894485907e-146'), mpf('3.980106768160218249984119304326199960366182549357471804183592441728204605245621654518818823689103418402289017758487889711219294127088767009429114130646139741196647070249267009026592859268105938087985544468077378168540357496640927899867645890991616627725734282575007817848722121309795520837388408227413008792472701174509870787106341080997259658044937822107466371574154769449315435484289329e-138'), mpf('4.44284335595208398822822181704624948215889231122923034444677791441007070140944781880196028894484576948559196369654949577575461128479230376970653192832350622259276086952623369940748422245976211265379849951326677682976560594129025125154225783302077197577123698231371943978394479082841561194303871889929635404638066641230504261784270641345676330105340848272347655492529138567246267706413824e-136'), mpf('6.408929644484191987562594291075492345685390024791551157039028434806754721463050889262314932399832735528676729473170906087660514303628709909617171345546398832897732715806398955917408339442849392455435551220075612963775497621074313237912571404282107011546385085644461341908913961643405210251631194194419291505441117493777846848109728918210020353697832888663061776638046256442872676018586979e-131'), mpf('1.254312097465833183476515983179992576956629228041132549504282953704850418843577004304955683764569889933412283099625576435141824242300996987602034220059434465377972394550268828698385422365375814112153973579538963139618201322017357951631557246996909201356610637731445897241888325802559345421806435910855477978220029803587427917860048228628098225937637829202212188924095444314758636783836583e-173'), mpf('-3.504475533254063373677087374710187592929296067182913541885774618615940664662705846424487594675482508337936414643714013276995395704446099251454751155713006523442882462284462702208284474798343396780451384933050130571267635589726681992839020932426662697875799925980183096675573679031219656049301287928786987302689375073219347377557658329211181325388880339504584441491348914482042885709732969e-154'), mpf('1.196934972505367087975394143077113615337318185632702638577221144371501690245214770305755663312716654766176456423248308665988560353379575073889487021814646733661900970808931501032409930965169130478413246623159476639723318023100193822775751079518635559516085665009184007423581050354978585855519696738064751438225534358396130362177852927911147562059502922521761053422925165632994250023568265e-138')]]]


header_evaluation: fail - could not save tolerance = mpf('1.0e-260')

"""