from numpy import array

try:
    import cPickle as pickle

except: #workaround for python3.X
    import _pickle as pickle


from mpmath import mpf 

parser = None

scaler = 'ThermodynamicScaler'

thermodynamics = 'ThermoCorrections'

solver = 'SteadyStateSolver'

mapper = 'MinResidMapper'

binary_data = pickle.load(open("baseline_timo.pkl","rb"))

locals().update(binary_data)

__citation__ = """If you find CatMAP useful to your research, please cite both the following papers:

 Medford, A. J., Shi, C., Hoffmann, M. J., Lausche, A. C., Fitzgibbon, S. R., Bligaard, T., & Nørskov, J. K. (2015). CatMAP: a software package for descriptor-based microkinetic mapping of catalytic trends. Catalysis Letters, 145, 794-807. 
 Vijay, S., H. Heenen, H., Singh, A. R., Chan, K., & Voss, J. (2024). Number of sites-based solver for determining coverages from steady-state mean-field micro-kinetic models. Journal of Computational Chemistry, 45(9), 546-551.
"""
A_uc = None

DEBUG = False

adsorbate_interaction_model = 'ideal'

adsorbate_interactions = None

adsorbate_names = ('C6H12O_s', 'C6H12_s', 'H2O2_s', 'H2O_s', 'Ha_s', 'Hb_s', 'OH_s', 'OOH_s', 'O_s')

adsorbate_thermo_mode = 'frozen_adsorbate'

analytical_jacobian = True

atomic_reservoir_dict = {'O': 'H2O2_g', 'C': 'C6H12_g', 'H': 'H2O_g'}

atomic_reservoir_list = [{'O': 'C6H12O_g', 'C': 'C6H12_g', 'H': 'H2O2_g'}, {'O': 'C6H12O_g', 'C': 'C6H12_g', 'H': 'H2O_g'}, {'O': 'H2O2_g', 'C': 'C6H12O_g', 'H': 'H2O_g'}, {'O': 'H2O2_g', 'C': 'C6H12_g', 'H': 'H2O_g'}]

atoms_dict = {}

citation_info_written = True

coverage_headers = ['coverage', 'coadsorbate_coverage']

data_file = 'baseline_timo.pkl'

decimal_precision = 360

descriptor_decimal_precision = 2

descriptor_names = ('temperature', 'pressure')

descriptor_ranges = [[333.15, 333.15], [1.0, 1.0]]

echem_transition_state_names = []

electrochemical_thermo_mode = 'simple_electrochemical'

elementary_rxns = ([['s', 'H2O2_g'], ['H2O2_s']], [['H2O2_s', 's'], ['Ha_s', 'OOH_s']], [['s', 'C6H12_g'], ['C6H12_s']], [['OOH_s', 'C6H12_s', 's'], ['OOH-C6H12_s', 's', 's'], ['C6H12O_s', 'O_s', 'Hb_s']], [['C6H12O_s'], ['C6H12O_g', 's']], [['Hb_s', 'O_s'], ['Hb-O_s', 's'], ['OH_s', 's']], [['Ha_s', 'OH_s'], ['s', 'H2O_s']], [['H2O_s'], ['H2O_g', 's']])

estimate_frequencies = True

extrapolate_coverages = False

fix_x_star = False

fixed_entropy_dict = {'H2_g': 0.00135, 'other': 0.002}

force_recalculation = False

force_recompilation = False

frequency_dict = {'C6H12_g': [], 'H2O2_g': [], 'H2O_g': [], 'C6H12O_g': [], 's': [], 'Ha_s': [], 'Hb_s': [], 'Hb-O_s': [], 'C6H12O_s': [], 'C6H12_s': [], 'H2O2_s': [], 'H2O_s': [], 'OH_s': [], 'OOH_s': [], 'O_s': [], 'OOH-C6H12_s': [], 'g': [], '*_g': [], '*_s': []}

frequency_surface_names = []

frequency_unit_conversion = 0.0001239842

gas_names = ('C6H12O_g', 'C6H12_g', 'H2O2_g', 'H2O_g')

gas_pressures = [np.float64(1e-20), np.float64(1.0), np.float64(0.185), np.float64(0.815)]

gas_thermo_mode = 'frozen_gas'

hbond_dict = {'COOH': -0.25, 'OCHO': 0.0, 'CO': -0.1, 'CHO': -0.1, 'CH2O': 0.0, 'OCH3': 0.0, 'O': 0.0, 'OH': -0.5, 'H': 0.0, 'COH': -0.25, 'C': 0.0, 'CH': 0.0, 'CH2': 0.0, 'CH3': 0.0, 'CHOH': -0.25, 'COHOH': -0.25, 'OCH2O': 0.0, 'CH2OH': -0.25, 'OCHCH2': 0.0, 'OCHCHO': 0.0}

hindered_ads_params = {}

ideal_gas_params = {'H2_g': [2, 'linear', 0], 'N2_g': [2, 'linear', 0], 'O2_g': [2, 'linear', 1.0], 'H2O_g': [2, 'nonlinear', 0], 'CO_g': [1, 'linear', 0], 'CH4_g': [12, 'nonlinear', 0], 'NH3_g': [3, 'nonlinear', 0], 'CH3OH_g': [1, 'nonlinear', 0], 'CH3CH2OH_g': [1, 'nonlinear', 0], 'CO2_g': [2, 'linear', 0], 'CH2O_g': [2, 'nonlinear', 0], 'HCOOH_g': [1, 'nonlinear', 0], 'CH2CH2_g': [4, 'nonlinear', 0], 'CH3CHCH2_g': [1, 'nonlinear', 0], 'CH3CH2CHCH2_g': [1, 'nonlinear', 0], 'CH3CHCHCH3_g': [2, 'nonlinear', 0], 'CH3CH3CCH2_g': [2, 'nonlinear', 0], 'pe_g': [2, 'linear', 0], 'C2H2_g': [2, 'linear', 0], 'C2H4_g': [4, 'nonlinear', 0], 'C2H6_g': [6, 'nonlinear', 0], 'C3H6_g': [1, 'nonlinear', 0], 'CH3COOH_g': [1, 'nonlinear', 0], 'CH3CHO_g': [1, 'nonlinear', 0], 'C5H4O2_g': [1, 'nonlinear', 0], 'C5H6O2_g': [1, 'nonlinear', 0], 'C5H6O_g': [1, 'nonlinear', 0], 'HCl_g': [1, 'linear', 0], 'Cl2_g': [2, 'linear', 0]}

input_file = 'H:\\catmap\\catmap\\lyq_alkene_epoxidation\\2-creating_microkinetic_model\\energies_dft_neb.txt'

interaction_fitting_mode = None

interaction_surface_names = None

internally_constrain_coverages = True

max_bisections = 5

max_damping_iterations = 10

max_initial_guesses = 3

max_rootfinding_iterations = 400

model_name = 'H:\\catmap\\catmap\\lyq_alkene_epoxidation\\2-creating_microkinetic_model\\analysis_ooh\\steady_state_branch_audit\\replay\\timo__O_dominant__stage_02\\timo\\baseline_timo'

numerical_representation = 'mpmath'

optimize_analytical_expressions = False

outer_solver_log = 'outer_solver.log'

output_labels = {'coverage': ('C6H12O_s', 'C6H12_s', 'H2O2_s', 'H2O_s', 'Ha_s', 'Hb_s', 'OH_s', 'OOH_s', 'O_s'), 'rate': ([['s', 'H2O2_g'], ['H2O2_s']], [['H2O2_s', 's'], ['Ha_s', 'OOH_s']], [['s', 'C6H12_g'], ['C6H12_s']], [['OOH_s', 'C6H12_s', 's'], ['OOH-C6H12_s', 's', 's'], ['C6H12O_s', 'O_s', 'Hb_s']], [['C6H12O_s'], ['C6H12O_g', 's']], [['Hb_s', 'O_s'], ['Hb-O_s', 's'], ['OH_s', 's']], [['Ha_s', 'OH_s'], ['s', 'H2O_s']], [['H2O_s'], ['H2O_g', 's']])}

output_variables = ['coverage', 'rate']

parameter_mode = 'formation_energy'

parameter_names = ('C6H12O_s', 'C6H12_s', 'H2O2_s', 'H2O_s', 'Ha_s', 'Hb_s', 'OH_s', 'OOH_s', 'O_s', 'Hb-O_s', 'OOH-C6H12_s')

parse_headers = ['formation_energy', 'frequencies']

perturbation_size = 1e-14

prefactor_list = ['kB*T/h', 'kB*T/h', 'kB*T/h', 'kB*T/h', 'kB*T/h', 'kB*T/h', 'kB*T/h', 'kB*T/h']

pressure = np.float64(1.0)

pressure_mode = 'concentration'

recalculate = True

required_headers = ['species_name', 'surface_name', 'site_name', 'formation_energy', 'frequencies', 'reference']

residual_threshold = 0.9

resolution = [1, 1]

rxn_expressions = ['* + H2O2_g <-> H2O2*', 'H2O2* + * -> Ha* + OOH*', '* + C6H12_g <-> C6H12*', 'OOH* + C6H12* + * <-> OOH-C6H12* + 2* -> C6H12O* + O* + Hb*', 'C6H12O* <-> C6H12O_g + *', 'Hb* + O* <-> Hb-O* + * -> OH* + *', 'Ha* + OH* -> * + H2O*', 'H2O* <-> H2O_g + *']

rxn_options_dict = {'prefactor': {}, 'beta': {}}

scaling_constraint_dict = {'OOH_s': ['+', 0, None], 'O_s': [0, '+', None]}

search_directions = [[0, 0], [0, 1], [1, 0], [0, -1], [-1, 0], [-1, 1], [1, 1], [1, -1], [-1, -1]]

setup_file = 'H:\\catmap\\catmap\\lyq_alkene_epoxidation\\2-creating_microkinetic_model\\analysis_ooh\\steady_state_branch_audit\\replay\\timo__O_dominant__stage_02\\timo\\baseline_timo.mkm'

shomate_params = {'H2_g:298-1000': [33.066178, -11.363417, 11.432816, -2.772874, -0.158558, -9.980797, 172.707974, 0], 'H2_g:1000-2500': [18.563083, 12.257357, -2.859786, 0.268238, 1.97799, -1.147438, 156.288133, 0], 'H2_g:2500-6000': [43.41356, -4.293079, 1.272428, -0.096876, -20.533862, -38.515158, 162.081354, 0], 'CH4_g:298-1300': [-0.703029, 108.4773, -42.52157, 5.862788, 0.678565, -76.84376, 158.7163, -74.8731], 'CH4_g:1300-1600': [85.81217, 11.26467, -2.114146, 0.13819, -26.42221, -153.5327, 224.4143, -74.8731], 'CO_g:298-1300': [25.56759, 6.09613, 4.054656, -2.671201, 0.131021, -118.0089, 227.3665, -110.5271], 'CO_g:1300-1600': [35.1507, 1.300095, -0.205921, 0.01355, -3.28278, -127.8375, 231.712, -110.5271], 'H2O_g:100-500': [36.303952, -24.11232, 63.64111, -38.9524, -0.01385, -10.23966, 237.39431, 0.0], 'H2O_g:500-1700': [30.092, 6.832514, 6.793435, -2.53448, 0.082139, -250.881, 223.3967, -241.8264], 'H2O_g:1700-6000': [41.96426, 8.622053, -1.49978, 0.098119, -11.15764, -272.1797, 219.7809, -241.8264], 'CO2_g:298-1200': [24.99735, 55.18696, -33.69137, 7.948387, -0.136638, -403.6075, 228.2431, -393.5224], 'CO2_g:1200-6000': [58.16639, 2.720075, -0.492289, 0.038844, -6.447293, -425.9186, 263.6125, -393.5224], 'O2_g:100-700': [31.32234, -20.23531, 57.8664, -36.50624, -0.007374, -8.903471, 246.7945, 0.0], 'O2_g:700-2000': [30.03235, 8.772972, -3.988133, 0.788313, -0.741599, -11.32468, 236.1663, 0.0], 'O2_g:2000-6000': [20.91111, 10.72071, -2.020498, 0.146449, 9.245722, 5.337651, 237.6185, 0.0], 'NH3_g:298-1400': [19.99563, 49.77119, -15.37599, 1.921168, 0.189174, -53.30667, 203.8591, -45.89806], 'N2_g:100-500': [28.98641, 1.853978, -9.647459, 16.63537, 0.000117, -8.671914, 226.4168, 0.0], 'N2_g:500-2000': [19.50583, 19.88705, -8.598535, 1.369784, 0.527601, -4.935202, 212.39, 0.0], 'N2O_g:298-1400': [27.67988, 51.14898, -30.64454, 6.847911, -0.157906, 71.24934, 238.6164, 82.04824], 'NO2_g:298-1200': [16.10857, 75.89525, -54.3874, 14.30777, 0.239423, 26.17464, 240.5386, 33.09502], 'NO_g:298-1200': [23.83491, 12.58878, -1.139011, -1.497459, 0.214194, 83.35783, 237.1219, 90.29114], 'NO3_g:298-1200': [11.22316, 166.3889, -148.4458, 47.40598, -0.176791, 61.00858, 221.7679, 71.128], 'HNO2_g:298-1200': [24.89974, 91.37563, -64.84614, 17.92007, -0.134737, -88.13596, 254.2671, -76.73498], 'HNO3_g:298-1200': [19.63229, 153.9599, -115.8378, 32.87955, -0.249114, -146.8818, 247.7049, -134.306], 'HCN_g:298-1200': [32.69373, 22.59205, -4.369142, -0.407697, -0.282399, 123.4811, 233.2597, 135.1432], 'CH2CH2_g:298-1200': [-6.38788, 184.4019, -112.9718, 28.49593, 0.31554, 48.17332, 163.1568, 52.46694], 'CH2O_g:298-1500': [5.193767, 93.23249, -44.85457, 7.882279, 0.551175, -119.3591, 202.4663, -115.8972], 'CH3OH_g:298-1500': [-1.0845814245433651, 153.2463565199489, -79.53050359618254, 16.47130239316011, 0.5220334601533215, -4.897417024069, 199.1893745506112, 0.0], 'C5H4O2_g:100-1500': [-16.36694, 0.46958, -0.000331925, 8.50912e-08, 198590.9145, -1661.34999, -15.68938, 12461.34999], 'C5H6O2_g:100-1500': [-18.57626, 0.50733, -0.000335824, 8.28263e-08, 231619.2141, -6357.53523, 2.75692, 7057.53523], 'C5H6O_g:50-1500': [1.26847, 0.35388, -0.000173962, 2.87427e-08, 48401.71207, -5691.94893, -85.38991, 7191.94893], 'Cl2_g:298-1000': [33.0506, 12.2294, -12.0651, 4.38533, -0.159494, -10.8348, 259.029, 0.0], 'HCl_g:298-1200': [32.12392, -13.45805, 19.86852, -6.853936, -0.049672, -101.6206, 228.6866, -92.31201], 'CH3CH2OH_g:298-1500': [-4.7367880805894265, 271.96181550301463, -169.34946529216657, 43.73860153608533, 0.24643430702178773, -9.828280829187861, 203.3325622617075, 0.0], 'CH3CHO_g:298-1500': [4.8037386340099095, 185.92002366990326, -99.1084610902012, 20.61473919069016, 0.2770802548558646, -8.566600040790945, 220.00244674443837, 0.0], 'HCOOH_g:298-1500': [3.802752304225226, 153.66217894746168, -84.64046773816926, 16.297377707561505, 0.2772064997263338, -6.16527, 212.9698972559699, 0]}

site_names = ('g', 's')

species_definitions = {'C6H12_g': {'name': 'C6H12', 'site': 'g', 'type': 'gas', 'n_sites': 0, 'composition': {'C': 6, 'H': 12}, 'concentration': 1.0, 'formation_energy': -26.031223, 'formation_energy_source': 'DFT_Gibbs_gas', 'frequencies': []}, 'H2O2_g': {'name': 'H2O2', 'site': 'g', 'type': 'gas', 'n_sites': 0, 'composition': {'O': 2, 'H': 2}, 'concentration': 0.185, 'formation_energy': -7.162091, 'formation_energy_source': 'DFT_Gibbs_gas', 'frequencies': []}, 'H2O_g': {'name': 'H2O', 'site': 'g', 'type': 'gas', 'n_sites': 0, 'composition': {'O': 1, 'H': 2}, 'concentration': 0.815, 'formation_energy': -7.614457, 'formation_energy_source': 'DFT_Gibbs_gas', 'frequencies': []}, 'C6H12O_g': {'name': 'C6H12O', 'site': 'g', 'type': 'gas', 'n_sites': 0, 'composition': {'O': 1, 'C': 6, 'H': 12}, 'concentration': 1e-20, 'formation_energy': -27.667771, 'formation_energy_source': 'DFT_Gibbs_gas', 'frequencies': []}, 's': {'name': 's', 'site': 's', 'type': 'site', 'formation_energy': 0, 'n_sites': 1, 'composition': {}, 'site_names': ['111'], 'total': 1, 'frequencies': []}, 'Ha_s': {'name': 'Ha', 'site': 's', 'type': 'adsorbate', 'n_sites': 1, 'composition': {'H': 1}, 'formation_energy': [-1.805428], 'formation_energy_source': ['DFT_Gibbs_single'], 'frequencies': []}, 'Hb_s': {'name': 'Hb', 'site': 's', 'type': 'adsorbate', 'n_sites': 1, 'composition': {'H': 1}, 'formation_energy': [-1.2340725], 'formation_energy_source': ['DFT_Gibbs_single'], 'frequencies': []}, 'Hb-O_s': {'name': 'Hb-O', 'site': 's', 'type': 'transition_state', 'n_sites': 1, 'composition': {'H': 1, 'O': 1}, 'formation_energy': [-4.394672], 'formation_energy_source': ['NEB_forward_TS_minus_IS_mapped'], 'frequencies': []}, 'C6H12O_s': {'name': 'C6H12O', 'site': 's', 'type': 'adsorbate', 'n_sites': 1, 'composition': {'O': 1, 'C': 6, 'H': 12}, 'formation_energy': [-28.150727], 'formation_energy_source': ['DFT_Gibbs_single'], 'frequencies': []}, 'C6H12_s': {'name': 'C6H12', 'site': 's', 'type': 'adsorbate', 'n_sites': 1, 'composition': {'C': 6, 'H': 12}, 'formation_energy': [-26.1771085], 'formation_energy_source': ['DFT_Gibbs_single'], 'frequencies': []}, 'H2O2_s': {'name': 'H2O2', 'site': 's', 'type': 'adsorbate', 'n_sites': 1, 'composition': {'O': 2, 'H': 2}, 'formation_energy': [-7.456025], 'formation_energy_source': ['DFT_Gibbs_single'], 'frequencies': []}, 'H2O_s': {'name': 'H2O', 'site': 's', 'type': 'adsorbate', 'n_sites': 1, 'composition': {'O': 1, 'H': 2}, 'formation_energy': [-7.885157], 'formation_energy_source': ['DFT_Gibbs_single'], 'frequencies': []}, 'OH_s': {'name': 'OH', 'site': 's', 'type': 'adsorbate', 'n_sites': 1, 'composition': {'O': 1, 'H': 1}, 'formation_energy': [-5.7373755], 'formation_energy_source': ['DFT_Gibbs_single'], 'frequencies': []}, 'OOH_s': {'name': 'OOH', 'site': 's', 'type': 'adsorbate', 'n_sites': 1, 'composition': {'O': 2, 'H': 1}, 'formation_energy': [-4.973045], 'formation_energy_source': ['DFT_Gibbs_single'], 'frequencies': []}, 'O_s': {'name': 'O', 'site': 's', 'type': 'adsorbate', 'n_sites': 1, 'composition': {'O': 1}, 'formation_energy': [-3.1477795], 'formation_energy_source': ['DFT_Gibbs_single'], 'frequencies': []}, 'OOH-C6H12_s': {'name': 'OOH-C6H12', 'site': 's', 'type': 'transition_state', 'n_sites': 1, 'composition': {'O': 2, 'C': 6, 'H': 13}, 'formation_energy': [-31.0119695], 'formation_energy_source': ['NEB_forward_TS_minus_IS_mapped'], 'frequencies': []}, 'g': {'name': 'g', 'site': 'g', 'type': 'site', 'formation_energy': 0, 'n_sites': 0, 'site_names': ['gas'], 'total': 0, 'composition': {}, 'frequencies': []}, '*_g': {'name': 'g', 'site': 'g', 'type': 'site', 'formation_energy': 0, 'n_sites': 0, 'site_names': ['gas'], 'total': 0, 'composition': {}, 'frequencies': []}, '*_s': {'name': 's', 'site': 's', 'type': 'site', 'formation_energy': 0, 'n_sites': 1, 'composition': {}, 'site_names': ['111'], 'total': 1, 'frequencies': []}}

standard_coadsorbate_coverage = 'min'

standard_coverage = 'min'

surface_names = ('timo',)

temperature = np.float64(333.15)

thermodynamic_corrections = ['gas', 'adsorbate']

thermodynamic_variables = ['temperature', 'gas_pressures', 'voltage', 'beta', 'pH', 'Upzc', 'gas_thermo_mode', 'adsorbate_thermo_mode', 'pressure']

transition_state_names = ('Hb-O_s', 'OOH-C6H12_s')

use_numbers_solver = True

verbose = 1

stdout = """header_evaluation: fail - could not save mp = <mpmath.ctx_mp.MPContext object at 0x0000016EBD992CF0>


header_evaluation: fail - could not save numbers_map = [[[np.float64(333.15), np.float64(1.0)], [mpf('0.0000000000000000000000007118308288912257533652343576027081436314129253991604067538621759118801338304262259093733871188550334326917078446006737628277401826516211724475407722245844249984589647210649900473149126934825403522987147069309144883587822686831565297617238096708712686464710902108378880370831649667233466044711255218031452778371752790524548905303851689771009096138833705133251152370647596341818760804361764'), mpf('0.0000000000000000200832263543424141141177574022424280935178708071462641654743054922901326296663338627531400139608402520375001697441516797520483447078759523545059537529564479464674616582466915142131589148202388033413203641759465001677158605738715507562103129041408795291697245181769089472874605972775524019346570587942611475607862898950457953933410204714694557956821574861210341652935764094279688281360855'), mpf('0.0000000000000001138237127652973016107167084632248361847926588885598177266799225314912771485987680351890730311210092058524844372155953074176116172103735926951957039250598599758909035622178393713527248546254333490364587644493835036152986799082386705087201922244595371968476752975531111930742216106882979902741793310809121671001463634403991313009721242443598242835513372301240937026381353668153469056857145'), mpf('0.0000000000000001593997758395739287124183630732981670288932913370813760203006723910009967761870362388981174544918826685093523617447780927164256651886609117872292285200327088616409196457252507023296452745813564930879296118655633844636537979981714887290234128248902463303654511376139960487227419947760756758698377576478650340745344758436005818303780307050250776577145119642773788768289264633128128848511018'), mpf('0.00000000000000000000000000000000000000000000000000000000673284107164055335694774491144683689342642164270277836477684557116046164327128956344802200162528959459575597194024717831753833097349149420783283066025155046937278129860484525270017121084716157035501660052034316118192203374494732281816568658412351290014956985508923384181324911851424004469011423607170158175986121049635858197127852795580804110840637034147159004755343601865802895540994635'), mpf('0.000000000000000000000006696678218577495859764603259486383273017081576547861798774853635746866728408326937381224546764637000195813307751521424621225130608630197310800598413112836729106092697264974837234325567066711424129802762968502114712866911152003560624002302892989468757923343349137309515612879736489911861749491958231539711579813162137551112937605796666006784492877938761118275346468744356394026943563506996'), mpf('12167515358010194285.61900417982346325268603146744275294176730534810600859978154756007803016442999798183902655221477241105461357189512186221127378880085913142876522756333664739421796941372708585850888011286888778322113397120556790469856941530618285933196444400564790160520173521339154691907694127677943130237627753659048026955736589280565358082026421396556184388431036632619033734074848649'), mpf('41785249.35135124404221162294047642961759894276258637682210971244467144929348021474971062274054239318494530302023539666161487690814150183990615884649991357700750426398771597134871961052347190288788978751001599552498039992849389135349269085430750326826235025743991385224313995578270336315945929923727699783237783634039992573491883292367358410775808121535899670336985304289315490714810469714'), mpf('160611417210977.3217832537017904391377430992244438188510261511546378931380529345951091297764265306219709955595005279153525161781840281705654173300903402937255041104523534089017839336555847144924389295811812713059759401280929923798968822318405936217892323167044884262662941218682615721167065471511363654633993319310443735047563996030861792667254763684998848042262609647129183689567331146103'), mpf('0.000000000000000001582634552174915933696913391109292200204513637531377268459227521207654055308389357751412602642597907994942829882214470495059847474572325660054398743660299971749676525654790714383793547374524224502063565951487425220790400132343879117964832740033971453085768110157521383359815981326274953582477136326944393273035362017430492605352137017010281772187426896171887281220709726732465902756566823')]]]


header_evaluation: fail - could not save tolerance = mpf('9.999999999999999999999999999999999999999999999999999999999999999999999999999999999999999999999999999999999999999999999999999999999999999999999999999999999999999999999999999999999999999999999999999999999999999999999999999999999999999999999999999999999999999999999999999999999999999999999999999999999999999999999999999999999999999999999999999999999999999999999999999999999999999999999999996e-261')


mapper_iteration_0: status - 1 points do not have valid solution.
minresid_iteration_0: success - [333.15, 1.00] using coverages from [333.15, 1.00]
mapper_iteration_1: status - 0 points do not have valid solution.
header_evaluation: fail - could not save coverage_map = [[[np.float64(333.15), np.float64(1.0)], [mpf('0.000000000000000000000000000000000000000000000000000000000000000000000000000000000000003422549829908751638012945401311579052289549161145388106771988867351199997649881369985463311357658543267159905742125545741287306844792515397349649354802909988123487699175819520650319046187788655820098499978646031160316139108783019812524800774199272246565665375539610801309646105947302666979836885312886567685242028230861417179972958055032461720050956346403315270798943841908705475182172212'), mpf('0.00000000000000000000000000000000000000000000000000000000000000000000000272435162442293430721371734156169067167194076701215479002147174841585434028352520547433145087829710676286035794771996588114336927916088485980144166423733441779355789382743053769183860817039664922346586014215811447326896666237220369193283119116440582652061860990168857526803957050638229037391166448035465590183739685587252978193870152463556819641280837733175027343587174957726088634615348'), mpf('0.00000000000000000000000000000000000000000000000000000000000000000000008751080701444039918199200104357299490822515948392642970862027947713433033966884503384163321753979370088108603519051083822378225943858792116336152856042620865346750655453560297138473511638862553308246156709560310167372482273692269439652420048638397889276288660524679148929278107108482436608268417190086670379646550174762046347414166057251644068325722901719158641096378746222081082819935626'), mpf('0.0000000000000000000000000000000000000000000000000000000000000000000001716214655936527075204039569960707314657193901629489196308785971004649762318691669740260066300070492771460975618099890483878761253962380310538762580726389293056734046825118206212812044670724535167567254605980763081434030275220759341766864831074978233781465545203477270529804517365555206024673086873288881447824493763650590340108329301705042298197400281062099089626583999135364531587729965'), mpf('3.061913516538144661266689041631626502630711993264374851856667220296872481778237624536719519483715030817599614904742881691410093003802651584532820085519430832515150146011765210077892712145087558824520150532567761334895189077015896645002137339504063300382521840071123037523815354149475249698436962465513633628667483233162620176439824654826141320754177084452208383153657029674520243776561777e-151'), mpf('0.0000000000000000000000000000000000000000000000000000000000000000000000000000000000003029110079665742956462059244665507508889789680216087864207936898443884950251755135310486217715205867847729429783061690052862716240276862357716831864272133055767723918915725981674483116943731632482057296904585585044373692861477995030955597981276293333760030358424423183632141508635334497279735782169623603480538312221106159188306586185749899387011771872552868858635668921163129251853160957'), mpf('0.9999999998257595346589041417723926366100844341248461681006342605275408455061651047871995696194819915312311016047537112388006371517271737103593359701857451936214578664402254911062705914714935034302557915270773654814850721904711756722938400840198395179554359846260081664458922193353536716401281971519486651511450917691628880360416073622582166283325471231864665687287765928301089121329878695'), mpf('0.00000000000000000000001179348584242877768107647263250916497863796054435420779410941922840792212437949773669386550865607995424936226213195946279964069421515026733100685705791805774483670610831869765574269304474146557952110347194505962943950164747255628277759422336024165800743893007212932068125509646798246109138697155658320122558674130204855481802682497501637081551697798028645149608611462588474687691632661725'), mpf('0.000000000174240465341084064741764934612234489402521322734387101511914538412498223744689913365775197447917484108929632252757214182320434237185464177332091999131820307816070185989736404467585464853769122506101405418740116793002006294773994298371961468185769430340587216440923608025411297452995596035589861579078635008095738336603277046870518449483262950444614450457551615715410783383697684867575891'), mpf('0.00000000000000000000000000000000000000000000000000000000000000000000000001691832953253476592514656727041345593444972421104250126615917990330392271153868842863361318437940086081525181115665704613319049725072618494206482661123563944059790707359332871712531698015577239389258693666723251784048754380101159715666200366746743187616017547652502136899335101044886311299066083206203436746817789569311072172371578593551478502327274177964659250539340860793844507283755578')]]]


header_evaluation: fail - could not save kBT = mpf('0.0287086431504569980406454419608053285628557205200195312499999999999999999999999999999999999999999999999999999999999999999999999999999999999999999999999999999999999999999999999999999999999999999999999999999999999999999999999999999999999999999999999999999999999999999999999999999999999999999999999999999999999999999999999999999999999999999999999999999999999999999999999999999999999999999999')


header_evaluation: fail - could not save mp = <mpmath.ctx_mp.MPContext object at 0x0000016EBD992CF0>


header_evaluation: fail - could not save rate_map = [[[np.float64(333.15), np.float64(1.0)], [mpf('4.803526435433249081825485827403592721397663899358525146882059326811253864278105917824431531124875260477384992787007937118842986851586311592376608925791818442061854270992934835476999832770198734069398403086769674762514329039192563651154401067690641210406101551199227783433644079549824594127823120248761942113760671935468546149670940790740157355378413266899366772009782664693549263195580008e-156'), mpf('5.782458761788088125734068579642767687858266060643382240858798603090492528739832599988621731132771533614065259061664930243494166158356362606000723626837760621354956504334232479642941546843956056001918114900787755002269763527228234912578413203715854780075463696019182782363427137333240199967739225433385902911030393930809856208583164065410930354625452275863204404882247069432542452203668771e-142'), mpf('-6.209298239205317694435683900397354868200782709287387464389694902979886458790434432808649778808006665492082972809785987446890085707928255075169488705486141838629120754840368970714325513230787456718328182545362718877752289602813045941360884439718614406810365061500992736004861598998707076968709246421042982276954374454222581872311764436755349676450363496938461498444804464856212471141610905e-159'), mpf('3.064289858046582455859957282199542734488785938056425157850469844675153420152298758553711994570770515872205303973325971582713653322671290946394891844846360789618256262848488635451711087753871641129760034558267470611776235423971991515495545607888691996217396021774709245715194601768346581324247569892215196722764382757116286895985953983317580456340925981764031898573943280545941809822497286e-158'), mpf('5.769017614758623467984537468659157804696537750961098402371173463479087790080641664875648801756163951929652444678088005205292065096302724507189305983038567383673278449325754042153231897065493831105203084611356123590627120821334384830768179942894308444750780962067921256492874230696942732529170852245707506150272641939901716630244225249477529277496559767804681792232035228330477674554816218e-167'), mpf('4.632276393798831019686538799572958393447417981691586426681197052463679477317907406888755133326955910881821230311100881494334791622001077771665106896339222590905511182159846887143065857597601056731442518376914079235705546906218970435414341462619151326823829093562564923234037680289674943489935996630627335422221967221385996830269680411805178478575675943564811574440942712326037765791536207e-157'), mpf('-1.313464874836436812159130036189415421473775814137165530699347799301084758374490490336276027173835657692477933017872065163926028094300693377730804770501328481690400695521429616279324023988083196903904615609063151803701658327131529066030884012206419425584445651335500762312177163711158169912890431186967454558891324304711997625302440528068913305130655942198077908428586205206798157091782475e-136'), mpf('3.223442219656029594638331403229114440064331932546584692586947964129547542204978757660758602392387463559501559154554263395873145928168918618421100470182204213835149906916169818968800631517558183590570279958428979732952062479596905753529272338507941618871511606512317768442306832223699203494569690001459557748701298428699018977192716940765692439447967095684251598935997783280115479704835342e-131')]]]


header_evaluation: fail - could not save tolerance = mpf('9.999999999999999999999999999999999999999999999999999999999999999999999999999999999999999999999999999999999999999999999999999999999999999999999999999999999999999999999999999999999999999999999999999999999999999999999999999999999999999999999999999999999999999999999999999999999999999999999999999999999999999999999999999999999999999999999999999999999999999999999999999999999999999999999999996e-261')

"""