from numpy import array

try:
    import cPickle as pickle

except: #workaround for python3.X
    import _pickle as pickle


from mpmath import mpf 

parser = None

scaler = 'ThermodynamicScaler'

thermodynamics = 'ThermoCorrections'

solver = 'SteadyStateSolver'

mapper = 'MinResidMapper'

binary_data = pickle.load(open("baseline_tihf.pkl","rb"))

locals().update(binary_data)

__citation__ = """If you find CatMAP useful to your research, please cite both the following papers:

 Medford, A. J., Shi, C., Hoffmann, M. J., Lausche, A. C., Fitzgibbon, S. R., Bligaard, T., & Nørskov, J. K. (2015). CatMAP: a software package for descriptor-based microkinetic mapping of catalytic trends. Catalysis Letters, 145, 794-807. 
 Vijay, S., H. Heenen, H., Singh, A. R., Chan, K., & Voss, J. (2024). Number of sites-based solver for determining coverages from steady-state mean-field micro-kinetic models. Journal of Computational Chemistry, 45(9), 546-551.
"""
A_uc = None

DEBUG = False

adsorbate_interaction_model = 'ideal'

adsorbate_interactions = None

adsorbate_names = ('C6H12O_s', 'C6H12_s', 'H2O2_s', 'H2O_s', 'Ha_s', 'Hb_s', 'OH_s', 'OOH_s', 'O_s')

adsorbate_thermo_mode = 'frozen_adsorbate'

analytical_jacobian = True

atomic_reservoir_list = [{'O': 'C6H12O_g', 'H': 'H2O2_g', 'C': 'C6H12_g'}, {'O': 'C6H12O_g', 'H': 'H2O_g', 'C': 'C6H12_g'}, {'O': 'H2O2_g', 'H': 'H2O_g', 'C': 'C6H12O_g'}, {'O': 'H2O2_g', 'H': 'H2O_g', 'C': 'C6H12_g'}]

atoms_dict = {}

citation_info_written = True

coverage_headers = ['coverage', 'coadsorbate_coverage']

data_file = 'baseline_tihf.pkl'

decimal_precision = 360

descriptor_decimal_precision = 2

descriptor_names = ('temperature', 'pressure')

descriptor_ranges = [[333.15, 333.15], [1.0, 1.0]]

echem_transition_state_names = []

electrochemical_thermo_mode = 'simple_electrochemical'

elementary_rxns = ([['s', 'H2O2_g'], ['H2O2_s']], [['H2O2_s', 's'], ['Ha_s', 'OOH_s']], [['s', 'C6H12_g'], ['C6H12_s']], [['OOH_s', 'C6H12_s', 's'], ['OOH-C6H12_s', 's', 's'], ['C6H12O_s', 'O_s', 'Hb_s']], [['C6H12O_s'], ['C6H12O_g', 's']], [['Hb_s', 'O_s'], ['Hb-O_s', 's'], ['OH_s', 's']], [['Ha_s', 'OH_s'], ['s', 'H2O_s']], [['H2O_s'], ['H2O_g', 's']])

estimate_frequencies = True

extrapolate_coverages = False

fix_x_star = False

fixed_entropy_dict = {'H2_g': 0.00135, 'other': 0.002}

force_recalculation = False

force_recompilation = False

frequency_dict = {'C6H12_g': [], 'H2O2_g': [], 'H2O_g': [], 'C6H12O_g': [], 's': [], 'Ha_s': [], 'Hb_s': [], 'Hb-O_s': [], 'C6H12O_s': [], 'C6H12_s': [], 'H2O2_s': [], 'H2O_s': [], 'OH_s': [], 'OOH_s': [], 'O_s': [], 'OOH-C6H12_s': [], 'g': [], '*_g': [], '*_s': []}

frequency_surface_names = []

frequency_unit_conversion = 0.0001239842

gas_names = ('C6H12O_g', 'C6H12_g', 'H2O2_g', 'H2O_g')

gas_pressures = [1e-20, 1.0, 0.185, 0.815]

gas_thermo_mode = 'frozen_gas'

hbond_dict = {'COOH': -0.25, 'OCHO': 0.0, 'CO': -0.1, 'CHO': -0.1, 'CH2O': 0.0, 'OCH3': 0.0, 'O': 0.0, 'OH': -0.5, 'H': 0.0, 'COH': -0.25, 'C': 0.0, 'CH': 0.0, 'CH2': 0.0, 'CH3': 0.0, 'CHOH': -0.25, 'COHOH': -0.25, 'OCH2O': 0.0, 'CH2OH': -0.25, 'OCHCH2': 0.0, 'OCHCHO': 0.0}

hindered_ads_params = {}

ideal_gas_params = {'H2_g': [2, 'linear', 0], 'N2_g': [2, 'linear', 0], 'O2_g': [2, 'linear', 1.0], 'H2O_g': [2, 'nonlinear', 0], 'CO_g': [1, 'linear', 0], 'CH4_g': [12, 'nonlinear', 0], 'NH3_g': [3, 'nonlinear', 0], 'CH3OH_g': [1, 'nonlinear', 0], 'CH3CH2OH_g': [1, 'nonlinear', 0], 'CO2_g': [2, 'linear', 0], 'CH2O_g': [2, 'nonlinear', 0], 'HCOOH_g': [1, 'nonlinear', 0], 'CH2CH2_g': [4, 'nonlinear', 0], 'CH3CHCH2_g': [1, 'nonlinear', 0], 'CH3CH2CHCH2_g': [1, 'nonlinear', 0], 'CH3CHCHCH3_g': [2, 'nonlinear', 0], 'CH3CH3CCH2_g': [2, 'nonlinear', 0], 'pe_g': [2, 'linear', 0], 'C2H2_g': [2, 'linear', 0], 'C2H4_g': [4, 'nonlinear', 0], 'C2H6_g': [6, 'nonlinear', 0], 'C3H6_g': [1, 'nonlinear', 0], 'CH3COOH_g': [1, 'nonlinear', 0], 'CH3CHO_g': [1, 'nonlinear', 0], 'C5H4O2_g': [1, 'nonlinear', 0], 'C5H6O2_g': [1, 'nonlinear', 0], 'C5H6O_g': [1, 'nonlinear', 0], 'HCl_g': [1, 'linear', 0], 'Cl2_g': [2, 'linear', 0]}

input_file = 'H:\\catmap\\catmap\\lyq_alkene_epoxidation\\2-creating_microkinetic_model\\energies_dft_neb.txt'

interaction_fitting_mode = None

interaction_surface_names = None

internally_constrain_coverages = True

max_bisections = 5

max_damping_iterations = 10

max_initial_guesses = 3

max_rootfinding_iterations = 400

model_name = 'baseline_tihf'

numerical_representation = 'mpmath'

optimize_analytical_expressions = False

outer_solver_log = 'outer_solver.log'

output_labels = {'coverage': ('C6H12O_s', 'C6H12_s', 'H2O2_s', 'H2O_s', 'Ha_s', 'Hb_s', 'OH_s', 'OOH_s', 'O_s'), 'rate': ([['s', 'H2O2_g'], ['H2O2_s']], [['H2O2_s', 's'], ['Ha_s', 'OOH_s']], [['s', 'C6H12_g'], ['C6H12_s']], [['OOH_s', 'C6H12_s', 's'], ['OOH-C6H12_s', 's', 's'], ['C6H12O_s', 'O_s', 'Hb_s']], [['C6H12O_s'], ['C6H12O_g', 's']], [['Hb_s', 'O_s'], ['Hb-O_s', 's'], ['OH_s', 's']], [['Ha_s', 'OH_s'], ['s', 'H2O_s']], [['H2O_s'], ['H2O_g', 's']]), 'turnover_frequency': ('C6H12O_g', 'C6H12_g', 'H2O2_g', 'H2O_g')}

output_variables = ['coverage', 'rate', 'turnover_frequency']

parameter_mode = 'formation_energy'

parameter_names = ('C6H12O_s', 'C6H12_s', 'H2O2_s', 'H2O_s', 'Ha_s', 'Hb_s', 'OH_s', 'OOH_s', 'O_s', 'Hb-O_s', 'OOH-C6H12_s')

parse_headers = ['formation_energy', 'frequencies']

perturbation_size = 1e-14

prefactor_list = ['kB*T/h', 'kB*T/h', 'kB*T/h', 'kB*T/h', 'kB*T/h', 'kB*T/h', 'kB*T/h', 'kB*T/h']

pressure = 1.0

pressure_mode = 'concentration'

recalculate = True

required_headers = ['species_name', 'surface_name', 'site_name', 'formation_energy', 'frequencies', 'reference']

residual_threshold = 0.9

resolution = [1, 1]

rxn_expressions = ['* + H2O2_g <-> H2O2*', 'H2O2* + * -> Ha* + OOH*', '* + C6H12_g <-> C6H12*', 'OOH* + C6H12* + * <-> OOH-C6H12* + 2* -> C6H12O* + O* + Hb*', 'C6H12O* <-> C6H12O_g + *', 'Hb* + O* <-> Hb-O* + * -> OH* + *', 'Ha* + OH* -> * + H2O*', 'H2O* <-> H2O_g + *']

rxn_options_dict = {'prefactor': {}, 'beta': {}}

scaling_constraint_dict = {'OOH_s': ['+', 0, None], 'O_s': [0, '+', None]}

search_directions = [[0, 0], [0, 1], [1, 0], [0, -1], [-1, 0], [-1, 1], [1, 1], [1, -1], [-1, -1]]

setup_file = 'baseline_tihf.mkm'

shomate_params = {'H2_g:298-1000': [33.066178, -11.363417, 11.432816, -2.772874, -0.158558, -9.980797, 172.707974, 0], 'H2_g:1000-2500': [18.563083, 12.257357, -2.859786, 0.268238, 1.97799, -1.147438, 156.288133, 0], 'H2_g:2500-6000': [43.41356, -4.293079, 1.272428, -0.096876, -20.533862, -38.515158, 162.081354, 0], 'CH4_g:298-1300': [-0.703029, 108.4773, -42.52157, 5.862788, 0.678565, -76.84376, 158.7163, -74.8731], 'CH4_g:1300-1600': [85.81217, 11.26467, -2.114146, 0.13819, -26.42221, -153.5327, 224.4143, -74.8731], 'CO_g:298-1300': [25.56759, 6.09613, 4.054656, -2.671201, 0.131021, -118.0089, 227.3665, -110.5271], 'CO_g:1300-1600': [35.1507, 1.300095, -0.205921, 0.01355, -3.28278, -127.8375, 231.712, -110.5271], 'H2O_g:100-500': [36.303952, -24.11232, 63.64111, -38.9524, -0.01385, -10.23966, 237.39431, 0.0], 'H2O_g:500-1700': [30.092, 6.832514, 6.793435, -2.53448, 0.082139, -250.881, 223.3967, -241.8264], 'H2O_g:1700-6000': [41.96426, 8.622053, -1.49978, 0.098119, -11.15764, -272.1797, 219.7809, -241.8264], 'CO2_g:298-1200': [24.99735, 55.18696, -33.69137, 7.948387, -0.136638, -403.6075, 228.2431, -393.5224], 'CO2_g:1200-6000': [58.16639, 2.720075, -0.492289, 0.038844, -6.447293, -425.9186, 263.6125, -393.5224], 'O2_g:100-700': [31.32234, -20.23531, 57.8664, -36.50624, -0.007374, -8.903471, 246.7945, 0.0], 'O2_g:700-2000': [30.03235, 8.772972, -3.988133, 0.788313, -0.741599, -11.32468, 236.1663, 0.0], 'O2_g:2000-6000': [20.91111, 10.72071, -2.020498, 0.146449, 9.245722, 5.337651, 237.6185, 0.0], 'NH3_g:298-1400': [19.99563, 49.77119, -15.37599, 1.921168, 0.189174, -53.30667, 203.8591, -45.89806], 'N2_g:100-500': [28.98641, 1.853978, -9.647459, 16.63537, 0.000117, -8.671914, 226.4168, 0.0], 'N2_g:500-2000': [19.50583, 19.88705, -8.598535, 1.369784, 0.527601, -4.935202, 212.39, 0.0], 'N2O_g:298-1400': [27.67988, 51.14898, -30.64454, 6.847911, -0.157906, 71.24934, 238.6164, 82.04824], 'NO2_g:298-1200': [16.10857, 75.89525, -54.3874, 14.30777, 0.239423, 26.17464, 240.5386, 33.09502], 'NO_g:298-1200': [23.83491, 12.58878, -1.139011, -1.497459, 0.214194, 83.35783, 237.1219, 90.29114], 'NO3_g:298-1200': [11.22316, 166.3889, -148.4458, 47.40598, -0.176791, 61.00858, 221.7679, 71.128], 'HNO2_g:298-1200': [24.89974, 91.37563, -64.84614, 17.92007, -0.134737, -88.13596, 254.2671, -76.73498], 'HNO3_g:298-1200': [19.63229, 153.9599, -115.8378, 32.87955, -0.249114, -146.8818, 247.7049, -134.306], 'HCN_g:298-1200': [32.69373, 22.59205, -4.369142, -0.407697, -0.282399, 123.4811, 233.2597, 135.1432], 'CH2CH2_g:298-1200': [-6.38788, 184.4019, -112.9718, 28.49593, 0.31554, 48.17332, 163.1568, 52.46694], 'CH2O_g:298-1500': [5.193767, 93.23249, -44.85457, 7.882279, 0.551175, -119.3591, 202.4663, -115.8972], 'CH3OH_g:298-1500': [-1.0845814245433651, 153.2463565199489, -79.53050359618254, 16.47130239316011, 0.5220334601533215, -4.897417024069, 199.1893745506112, 0.0], 'C5H4O2_g:100-1500': [-16.36694, 0.46958, -0.000331925, 8.50912e-08, 198590.9145, -1661.34999, -15.68938, 12461.34999], 'C5H6O2_g:100-1500': [-18.57626, 0.50733, -0.000335824, 8.28263e-08, 231619.2141, -6357.53523, 2.75692, 7057.53523], 'C5H6O_g:50-1500': [1.26847, 0.35388, -0.000173962, 2.87427e-08, 48401.71207, -5691.94893, -85.38991, 7191.94893], 'Cl2_g:298-1000': [33.0506, 12.2294, -12.0651, 4.38533, -0.159494, -10.8348, 259.029, 0.0], 'HCl_g:298-1200': [32.12392, -13.45805, 19.86852, -6.853936, -0.049672, -101.6206, 228.6866, -92.31201], 'CH3CH2OH_g:298-1500': [-4.7367880805894265, 271.96181550301463, -169.34946529216657, 43.73860153608533, 0.24643430702178773, -9.828280829187861, 203.3325622617075, 0.0], 'CH3CHO_g:298-1500': [4.8037386340099095, 185.92002366990326, -99.1084610902012, 20.61473919069016, 0.2770802548558646, -8.566600040790945, 220.00244674443837, 0.0], 'HCOOH_g:298-1500': [3.802752304225226, 153.66217894746168, -84.64046773816926, 16.297377707561505, 0.2772064997263338, -6.16527, 212.9698972559699, 0]}

site_names = ('g', 's')

species_definitions = {'C6H12_g': {'name': 'C6H12', 'site': 'g', 'type': 'gas', 'n_sites': 0, 'composition': {'H': 12, 'C': 6}, 'concentration': 1.0, 'formation_energy': -26.031223, 'formation_energy_source': 'DFT_Gibbs_gas', 'frequencies': []}, 'H2O2_g': {'name': 'H2O2', 'site': 'g', 'type': 'gas', 'n_sites': 0, 'composition': {'O': 2, 'H': 2}, 'concentration': 0.185, 'formation_energy': -7.162091, 'formation_energy_source': 'DFT_Gibbs_gas', 'frequencies': []}, 'H2O_g': {'name': 'H2O', 'site': 'g', 'type': 'gas', 'n_sites': 0, 'composition': {'O': 1, 'H': 2}, 'concentration': 0.815, 'formation_energy': -7.614457, 'formation_energy_source': 'DFT_Gibbs_gas', 'frequencies': []}, 'C6H12O_g': {'name': 'C6H12O', 'site': 'g', 'type': 'gas', 'n_sites': 0, 'composition': {'O': 1, 'H': 12, 'C': 6}, 'concentration': 1e-20, 'formation_energy': -27.667771, 'formation_energy_source': 'DFT_Gibbs_gas', 'frequencies': []}, 's': {'name': 's', 'site': 's', 'type': 'site', 'formation_energy': 0, 'n_sites': 1, 'composition': {}, 'site_names': ['111'], 'total': 1, 'frequencies': []}, 'Ha_s': {'name': 'Ha', 'site': 's', 'type': 'adsorbate', 'n_sites': 1, 'composition': {'H': 1}, 'formation_energy': [-0.8904355], 'formation_energy_source': ['DFT_Gibbs_single'], 'frequencies': []}, 'Hb_s': {'name': 'Hb', 'site': 's', 'type': 'adsorbate', 'n_sites': 1, 'composition': {'H': 1}, 'formation_energy': [0.4834265], 'formation_energy_source': ['DFT_Gibbs_single'], 'frequencies': []}, 'Hb-O_s': {'name': 'Hb-O', 'site': 's', 'type': 'transition_state', 'n_sites': 1, 'composition': {'H': 1, 'O': 1}, 'formation_energy': [1.042426], 'formation_energy_source': ['NEB_forward_TS_minus_IS_mapped'], 'frequencies': []}, 'C6H12O_s': {'name': 'C6H12O', 'site': 's', 'type': 'adsorbate', 'n_sites': 1, 'composition': {'O': 1, 'H': 12, 'C': 6}, 'formation_energy': [-27.953115], 'formation_energy_source': ['DFT_Gibbs_single'], 'frequencies': []}, 'C6H12_s': {'name': 'C6H12', 'site': 's', 'type': 'adsorbate', 'n_sites': 1, 'composition': {'H': 12, 'C': 6}, 'formation_energy': [-26.1186915], 'formation_energy_source': ['DFT_Gibbs_single'], 'frequencies': []}, 'H2O2_s': {'name': 'H2O2', 'site': 's', 'type': 'adsorbate', 'n_sites': 1, 'composition': {'O': 2, 'H': 2}, 'formation_energy': [-7.2401555], 'formation_energy_source': ['DFT_Gibbs_single'], 'frequencies': []}, 'H2O_s': {'name': 'H2O', 'site': 's', 'type': 'adsorbate', 'n_sites': 1, 'composition': {'O': 1, 'H': 2}, 'formation_energy': [-7.729881], 'formation_energy_source': ['DFT_Gibbs_single'], 'frequencies': []}, 'OH_s': {'name': 'OH', 'site': 's', 'type': 'adsorbate', 'n_sites': 1, 'composition': {'O': 1, 'H': 1}, 'formation_energy': [-3.1592795], 'formation_energy_source': ['DFT_Gibbs_single'], 'frequencies': []}, 'OOH_s': {'name': 'OOH', 'site': 's', 'type': 'adsorbate', 'n_sites': 1, 'composition': {'O': 2, 'H': 1}, 'formation_energy': [-3.8063665], 'formation_energy_source': ['DFT_Gibbs_single'], 'frequencies': []}, 'O_s': {'name': 'O', 'site': 's', 'type': 'adsorbate', 'n_sites': 1, 'composition': {'O': 1}, 'formation_energy': [0.3350345], 'formation_energy_source': ['DFT_Gibbs_single'], 'frequencies': []}, 'OOH-C6H12_s': {'name': 'OOH-C6H12', 'site': 's', 'type': 'transition_state', 'n_sites': 1, 'composition': {'O': 2, 'H': 13, 'C': 6}, 'formation_energy': [-29.693216], 'formation_energy_source': ['NEB_forward_TS_minus_IS_mapped'], 'frequencies': []}, 'g': {'name': 'g', 'site': 'g', 'type': 'site', 'formation_energy': 0, 'n_sites': 0, 'site_names': ['gas'], 'total': 0, 'composition': {}, 'frequencies': []}, '*_g': {'name': 'g', 'site': 'g', 'type': 'site', 'formation_energy': 0, 'n_sites': 0, 'site_names': ['gas'], 'total': 0, 'composition': {}, 'frequencies': []}, '*_s': {'name': 's', 'site': 's', 'type': 'site', 'formation_energy': 0, 'n_sites': 1, 'composition': {}, 'site_names': ['111'], 'total': 1, 'frequencies': []}}

standard_coadsorbate_coverage = 'min'

standard_coverage = 'min'

surface_names = ('tihf',)

temperature = 333.15

thermodynamic_corrections = ['gas', 'adsorbate']

thermodynamic_variables = ['temperature', 'gas_pressures', 'voltage', 'beta', 'pH', 'Upzc', 'gas_thermo_mode', 'adsorbate_thermo_mode', 'pressure']

transition_state_names = ('Hb-O_s', 'OOH-C6H12_s')

use_numbers_solver = True

verbose = 1

stdout = """header_evaluation: fail - could not save mp = <mpmath.ctx_mp.MPContext object at 0x000001F793B32F90>


header_evaluation: fail - could not save tolerance = mpf('9.9999999999999999999999999999999999999999999999999999999999999999999999999999999999999999999999999999999999999999999999999999999999999999999999999999999999999999999999999999999999999999999999999999999999999999999999999999999999999999999999999999999999999999999999999999999999999999999991986250407867081045460800221478231602755638906948741730799667110094055338977449079126578103680743092e-261')


initial_evaluation: success - initial guess at point [333.15, 1.00]
mapper_iteration_0: status - 0 points do not have valid solution.
header_evaluation: fail - could not save coverage_map = [[[333.15, 1.0], [mpf('0.00000000000000000000000000000000000000000000000000000000000000000000000000000000001693041894589260300528948656578110744605119665354386518457664871916003546308534974086084520256607661694318549076934562856404363774817855348512331185776470573602663804254492297259363674330573714116569194091026598917471278081554724668694333360438733857342242929117213286583133988813113403845834092981174006896850037934026086290177382410592422149390000625016969617932781575377045103911391282'), mpf('0.000000000000000000000000000000000000000000000000000000000000000001718997249796545715392490099019450228243665746000737619872899338642157995298317114453747657331521999813111609767577394758034300593606538145511443318160910159964006208706279526236434850732550272831971690089616083945626573723936438836139172148576543040640348392590286632001382810902893570947169370502965083575565090161982765297329798670450047538272977958598351362911631217993081082890828358'), mpf('0.0000000000000000000000000000000000000000000000000000000000000000002291851276817321831394899246107712171898504807586493242658826284632756655621029844199180193524139400729193559932436291348459080749882477547387236929920121059470309695706233569948586837992480741925813194841475418955824300094460325716187292634713207056379545145368780867498812709932780257016671268505334123464271758718022303737328353249453716456067065614527743593754188795594867606246436537'), mpf('0.000000000000000000000000000000000000000000000000000000000000000003709658929567731521059963090454665100491707122645727618381305860478094387148556411029857645660232046256345762814229411964128695507760702374909766610369784965365364498880985827566352950118188162800915276044898353040623474525108772356200541240031629850305572050117799457607509598220483129365443722692716170092607818921072035800294816043494120620626585214266999060663790631068942997132627395'), mpf('4.043174619467285271075559048722564442286155264089741278788415751328521955969464187784162574524106401918843486340793752933079394413965854662140460971787059403907163329106916087185119141251296831482406428823692071943351408675998574184924987091750861960555557807707141985079014325493917048959562285814680002937211837744368376425894842958552095574355407890291237482710748519571182247284232181e-186'), mpf('0.0000000000000000000000000000000000000000000000000000000000000000000003722912920288172357109063685861276882468982845431992758377166627498454370389936759686493379056168402773940285671528978558921983843221312303331543222779163010794473107618006181216385662553206920010234586184595778056425502906589948043124264652022214690434449194844073251489545879792922709900594480221980555982995836534297646150011191758605384611025444989179637159923982667935307536724165004'), mpf('0.000000000002350810111031255569082971852638664150576665421714521108696678273680820580680225771020086602817610567007336680948768221337724796648363983710190644189049437412753922780408451130365395136846569557593156572013734473889422500692185645899803719533335911931584180324612701829473531610183394456357635074624892771172893323576272115225920131729212838793820402589662581516556955505339136826014323357'), mpf('0.999999999997649189888968744430917028147361335849423334578285478885563062219433959282538901337665985222405764745546294115557057849150414248503673700314133901641123102074570434290296160239130879086290797245642642138563042597769576785651576248808376968513909916269446828767690334113116842903477972997640714457174884892491185651435682356042375406839902072458415125385332934079552962735517029'), mpf('0.0000000000000000000000000000000000000000000000000000000000000000000003722912920288172357109063685861276882468982845431992758377166627498454370389936759686493379056168402773940285671528978558921983843221312303331543222779163010794473107618006181216385662553206920010234586184595778056425502906589948043124264652022214690434449194844073251489545879792922709900594480221980555982995836534297595048102929379012460055476677708868950803653764547375799124135148023'), mpf('0.00000000000000000000000000000000000000000000000000000000000000000008167361725515306578708901859926636818542097569106079637121401505896803138825909956017937006449849982889892373103403003055437181492558682402440456235484193705297302002237877844287575629681209202639772728189835033016751929815659527692804921456368319590477091137631299251314417705897558325324815776649224256845563634283343513611784236087779195095554601470255683702498547158999202744374993917')]]]


header_evaluation: fail - could not save kBT = mpf('0.0287086431504569980406454419608053285628557205200195312499999999999999999999999999999999999999999999999999999999999999999999999999999999999999999999999999999999999999999999999999999999999999999999999999999999999999999999999999999999999999999999999999999999999999999999999999999999999999999999999999999999999999999999999999999999999999999999999999999999999999999999999999999999999999999999')


header_evaluation: fail - could not save mp = <mpmath.ctx_mp.MPContext object at 0x000001F793B32F90>


header_evaluation: fail - could not save rate_map = [[[333.15, 1.0], [mpf('2.433331613128308338170105891496713363863239886457815482877997101245390542803403302412932970859406856470259930806580741784340164299197291532563403202603385277789519354360829205169913967471299888742108038211925346413916645123099392429138881442920225295070163632615791187482480147346488742046643778798356273766420500579466246913703349896972259254311109099934042597296084579648070708136739426e-211'), mpf('4.352693385717798073025157691455237616420446676968823331276617654694350794971412144745404042084557808200717076816778003757644130915076820595195134642321116912569472332099672466895444883145930575316114038674643394459624899077242519457004822677123819430488126172098665581060249139600977060116776800714811526711845913780841686154664986724646655141171553539809652650740402345585256475204601965e-160'), mpf('2.433331613128308338170105891496713363863239886457815483566402235971668408715200901147355068798644812472645309436143830716324640058375585295421530165716669645373918385072968719540081711241064484949161922070440337464249780442461621727895781401343904292459369255880824378957834037148876152297327992582407247333924806716601783262696877135510136291928643199553345034859619079833820068203911087e-211'), mpf('5.977943576167235722006557923378207755073848293718562654615659547465634210382878909451182710997450636499212175233441674054967777224039774312803020189031812925162691640955144066085406149910339191165581327144858499751635339677983227957454965397303159456937295309715522145857282012133940791399459447478489354110221913565425048849283198895420267597956738427238844393116269634671900581580220159e-163'), mpf('2.433331613128308338170105891496713379489614110305841287789322720413297715568209502406596201501085649738010127640373645290619319494155996153689110997818320385644109141083675360278264454576967577863481340764069324370203349860409844520078124114910202800587774928607408391902210213420287487917017974425019507425074200848392508739672233748212596311912432581072046983594031522380325031344660487e-211'), mpf('2.826651084541094632353093245417291108272643582131165291566111811990119836708332225820804807254504145871666846098759437984608442269300300233244647892700807537146177220291551656720966363880654333764568475150592082679351578845379325407588522299037992343747401135655269943632567600573364813530192874136263851339567036331007002430613427800456004606594529027978415887004212539518459478174781691e-131'), mpf('-4.472980718980705141850876420104746739149246172438466738996861487181344904474975306921433237337759292422147915032443406378671907126456534446990432537785484829474306025146491225517328381252154693457736872788468552535895548250302448213914787697293760393217503462594574222642617121482231512878951112048065335250118020067853083021217880678841296843402116812990256753647438480716698349133923448e-176'), mpf('2.43333161312830833817010589149671336386323988645781548391440063126349867007216687580267196122305250354314873311325239198248250414129264573815310964994028238231401730712252257988978887759536836195613335777398586329947657107568620848201667982847666935279754508719016055021245244575105250403236932650312352888783457269381290478785467534845984829386829920117442398427994049648828917667113686e-211')]]]


header_evaluation: fail - could not save tolerance = mpf('9.9999999999999999999999999999999999999999999999999999999999999999999999999999999999999999999999999999999999999999999999999999999999999999999999999999999999999999999999999999999999999999999999999999999999999999999999999999999999999999999999999999999999999999999999999999999999999999999991986250407867081045460800221478231602755638906948741730799667110094055338977449079126578103680743092e-261')


header_evaluation: fail - could not save turnover_frequency_map = [[[333.15, 1.0], [mpf('2.433331613128308338170105891496713379489614110305841287789322720413297715568209502406596201501085649738010127640373645290619319494155996153689110997818320385644109141083675360278264454576967577863481340764069324370203349860409844520078124114910202800587774928607408391902210213420287487917017974425019507425074200848392508739672233748212596311912432581072046983594031522380325031344660487e-211'), mpf('-2.433331613128308338170105891496713363863239886457815483566402235971668408715200901147355068798644812472645309436143830716324640058375585295421530165716669645373918385072968719540081711241064484949161922070440337464249780442461621727895781401343904292459369255880824378957834037148876152297327992582407247333924806716601783262696877135510136291928643199553345034859619079833820068203911087e-211'), mpf('-2.433331613128308338170105891496713363863239886457815482877997101245390542803403302412932970859406856470259930806580741784340164299197291532563403202603385277789519354360829205169913967471299888742108038211925346413916645123099392429138881442920225295070163632615791187482480147346488742046643778798356273766420500579466246913703349896972259254311109099934042597296084579648070708136739426e-211'), mpf('2.43333161312830833817010589149671336386323988645781548391440063126349867007216687580267196122305250354314873311325239198248250414129264573815310964994028238231401730712252257988978887759536836195613335777398586329947657107568620848201667982847666935279754508719016055021245244575105250403236932650312352888783457269381290478785467534845984829386829920117442398427994049648828917667113686e-211')]]]

"""