from numpy import array

try:
    import cPickle as pickle

except: #workaround for python3.X
    import _pickle as pickle


from mpmath import mpf 

parser = None

scaler = 'ThermodynamicScaler'

thermodynamics = 'ThermoCorrections'

solver = 'SteadyStateSolver'

mapper = 'MinResidMapper'

binary_data = pickle.load(open("baseline_tiv.pkl","rb"))

locals().update(binary_data)

__citation__ = """If you find CatMAP useful to your research, please cite both the following papers:

 Medford, A. J., Shi, C., Hoffmann, M. J., Lausche, A. C., Fitzgibbon, S. R., Bligaard, T., & Nørskov, J. K. (2015). CatMAP: a software package for descriptor-based microkinetic mapping of catalytic trends. Catalysis Letters, 145, 794-807. 
 Vijay, S., H. Heenen, H., Singh, A. R., Chan, K., & Voss, J. (2024). Number of sites-based solver for determining coverages from steady-state mean-field micro-kinetic models. Journal of Computational Chemistry, 45(9), 546-551.
"""
A_uc = None

DEBUG = False

adsorbate_interaction_model = 'ideal'

adsorbate_interactions = None

adsorbate_names = ('C6H12O_s', 'C6H12_s', 'H2O2_s', 'H2O_s', 'Ha_s', 'Hb_s', 'OH_s', 'OOH_s', 'O_s')

adsorbate_thermo_mode = 'frozen_adsorbate'

analytical_jacobian = True

atomic_reservoir_list = [{'O': 'C6H12O_g', 'H': 'H2O2_g', 'C': 'C6H12_g'}, {'O': 'C6H12O_g', 'H': 'H2O_g', 'C': 'C6H12_g'}, {'O': 'H2O2_g', 'H': 'H2O_g', 'C': 'C6H12O_g'}, {'O': 'H2O2_g', 'H': 'H2O_g', 'C': 'C6H12_g'}]

atoms_dict = {}

citation_info_written = True

coverage_headers = ['coverage', 'coadsorbate_coverage']

data_file = 'baseline_tiv.pkl'

decimal_precision = 360

descriptor_decimal_precision = 2

descriptor_names = ('temperature', 'pressure')

descriptor_ranges = [[333.15, 333.15], [1.0, 1.0]]

echem_transition_state_names = []

electrochemical_thermo_mode = 'simple_electrochemical'

elementary_rxns = ([['s', 'H2O2_g'], ['H2O2_s']], [['H2O2_s', 's'], ['Ha_s', 'OOH_s']], [['s', 'C6H12_g'], ['C6H12_s']], [['OOH_s', 'C6H12_s', 's'], ['OOH-C6H12_s', 's', 's'], ['C6H12O_s', 'O_s', 'Hb_s']], [['C6H12O_s'], ['C6H12O_g', 's']], [['Hb_s', 'O_s'], ['Hb-O_s', 's'], ['OH_s', 's']], [['Ha_s', 'OH_s'], ['s', 'H2O_s']], [['H2O_s'], ['H2O_g', 's']])

estimate_frequencies = True

extrapolate_coverages = False

fix_x_star = False

fixed_entropy_dict = {'H2_g': 0.00135, 'other': 0.002}

force_recalculation = False

force_recompilation = False

frequency_dict = {'C6H12_g': [], 'H2O2_g': [], 'H2O_g': [], 'C6H12O_g': [], 's': [], 'Ha_s': [], 'Hb_s': [], 'Hb-O_s': [], 'C6H12O_s': [], 'C6H12_s': [], 'H2O2_s': [], 'H2O_s': [], 'OH_s': [], 'OOH_s': [], 'O_s': [], 'OOH-C6H12_s': [], 'g': [], '*_g': [], '*_s': []}

frequency_surface_names = []

frequency_unit_conversion = 0.0001239842

gas_names = ('C6H12O_g', 'C6H12_g', 'H2O2_g', 'H2O_g')

gas_pressures = [1e-20, 1.0, 0.185, 0.815]

gas_thermo_mode = 'frozen_gas'

hbond_dict = {'COOH': -0.25, 'OCHO': 0.0, 'CO': -0.1, 'CHO': -0.1, 'CH2O': 0.0, 'OCH3': 0.0, 'O': 0.0, 'OH': -0.5, 'H': 0.0, 'COH': -0.25, 'C': 0.0, 'CH': 0.0, 'CH2': 0.0, 'CH3': 0.0, 'CHOH': -0.25, 'COHOH': -0.25, 'OCH2O': 0.0, 'CH2OH': -0.25, 'OCHCH2': 0.0, 'OCHCHO': 0.0}

hindered_ads_params = {}

ideal_gas_params = {'H2_g': [2, 'linear', 0], 'N2_g': [2, 'linear', 0], 'O2_g': [2, 'linear', 1.0], 'H2O_g': [2, 'nonlinear', 0], 'CO_g': [1, 'linear', 0], 'CH4_g': [12, 'nonlinear', 0], 'NH3_g': [3, 'nonlinear', 0], 'CH3OH_g': [1, 'nonlinear', 0], 'CH3CH2OH_g': [1, 'nonlinear', 0], 'CO2_g': [2, 'linear', 0], 'CH2O_g': [2, 'nonlinear', 0], 'HCOOH_g': [1, 'nonlinear', 0], 'CH2CH2_g': [4, 'nonlinear', 0], 'CH3CHCH2_g': [1, 'nonlinear', 0], 'CH3CH2CHCH2_g': [1, 'nonlinear', 0], 'CH3CHCHCH3_g': [2, 'nonlinear', 0], 'CH3CH3CCH2_g': [2, 'nonlinear', 0], 'pe_g': [2, 'linear', 0], 'C2H2_g': [2, 'linear', 0], 'C2H4_g': [4, 'nonlinear', 0], 'C2H6_g': [6, 'nonlinear', 0], 'C3H6_g': [1, 'nonlinear', 0], 'CH3COOH_g': [1, 'nonlinear', 0], 'CH3CHO_g': [1, 'nonlinear', 0], 'C5H4O2_g': [1, 'nonlinear', 0], 'C5H6O2_g': [1, 'nonlinear', 0], 'C5H6O_g': [1, 'nonlinear', 0], 'HCl_g': [1, 'linear', 0], 'Cl2_g': [2, 'linear', 0]}

input_file = 'H:\\catmap\\catmap\\lyq_alkene_epoxidation\\2-creating_microkinetic_model\\energies_dft_neb.txt'

interaction_fitting_mode = None

interaction_surface_names = None

internally_constrain_coverages = True

max_bisections = 5

max_damping_iterations = 10

max_initial_guesses = 3

max_rootfinding_iterations = 400

model_name = 'baseline_tiv'

numerical_representation = 'mpmath'

optimize_analytical_expressions = False

outer_solver_log = 'outer_solver.log'

output_labels = {'coverage': ('C6H12O_s', 'C6H12_s', 'H2O2_s', 'H2O_s', 'Ha_s', 'Hb_s', 'OH_s', 'OOH_s', 'O_s'), 'rate': ([['s', 'H2O2_g'], ['H2O2_s']], [['H2O2_s', 's'], ['Ha_s', 'OOH_s']], [['s', 'C6H12_g'], ['C6H12_s']], [['OOH_s', 'C6H12_s', 's'], ['OOH-C6H12_s', 's', 's'], ['C6H12O_s', 'O_s', 'Hb_s']], [['C6H12O_s'], ['C6H12O_g', 's']], [['Hb_s', 'O_s'], ['Hb-O_s', 's'], ['OH_s', 's']], [['Ha_s', 'OH_s'], ['s', 'H2O_s']], [['H2O_s'], ['H2O_g', 's']]), 'turnover_frequency': ('C6H12O_g', 'C6H12_g', 'H2O2_g', 'H2O_g')}

output_variables = ['coverage', 'rate', 'turnover_frequency']

parameter_mode = 'formation_energy'

parameter_names = ('C6H12O_s', 'C6H12_s', 'H2O2_s', 'H2O_s', 'Ha_s', 'Hb_s', 'OH_s', 'OOH_s', 'O_s', 'Hb-O_s', 'OOH-C6H12_s')

parse_headers = ['formation_energy', 'frequencies']

perturbation_size = 1e-14

prefactor_list = ['kB*T/h', 'kB*T/h', 'kB*T/h', 'kB*T/h', 'kB*T/h', 'kB*T/h', 'kB*T/h', 'kB*T/h']

pressure = 1.0

pressure_mode = 'concentration'

recalculate = True

required_headers = ['species_name', 'surface_name', 'site_name', 'formation_energy', 'frequencies', 'reference']

residual_threshold = 0.9

resolution = [1, 1]

rxn_expressions = ['* + H2O2_g <-> H2O2*', 'H2O2* + * -> Ha* + OOH*', '* + C6H12_g <-> C6H12*', 'OOH* + C6H12* + * <-> OOH-C6H12* + 2* -> C6H12O* + O* + Hb*', 'C6H12O* <-> C6H12O_g + *', 'Hb* + O* <-> Hb-O* + * -> OH* + *', 'Ha* + OH* -> * + H2O*', 'H2O* <-> H2O_g + *']

rxn_options_dict = {'prefactor': {}, 'beta': {}}

scaling_constraint_dict = {'OOH_s': ['+', 0, None], 'O_s': [0, '+', None]}

search_directions = [[0, 0], [0, 1], [1, 0], [0, -1], [-1, 0], [-1, 1], [1, 1], [1, -1], [-1, -1]]

setup_file = 'baseline_tiv.mkm'

shomate_params = {'H2_g:298-1000': [33.066178, -11.363417, 11.432816, -2.772874, -0.158558, -9.980797, 172.707974, 0], 'H2_g:1000-2500': [18.563083, 12.257357, -2.859786, 0.268238, 1.97799, -1.147438, 156.288133, 0], 'H2_g:2500-6000': [43.41356, -4.293079, 1.272428, -0.096876, -20.533862, -38.515158, 162.081354, 0], 'CH4_g:298-1300': [-0.703029, 108.4773, -42.52157, 5.862788, 0.678565, -76.84376, 158.7163, -74.8731], 'CH4_g:1300-1600': [85.81217, 11.26467, -2.114146, 0.13819, -26.42221, -153.5327, 224.4143, -74.8731], 'CO_g:298-1300': [25.56759, 6.09613, 4.054656, -2.671201, 0.131021, -118.0089, 227.3665, -110.5271], 'CO_g:1300-1600': [35.1507, 1.300095, -0.205921, 0.01355, -3.28278, -127.8375, 231.712, -110.5271], 'H2O_g:100-500': [36.303952, -24.11232, 63.64111, -38.9524, -0.01385, -10.23966, 237.39431, 0.0], 'H2O_g:500-1700': [30.092, 6.832514, 6.793435, -2.53448, 0.082139, -250.881, 223.3967, -241.8264], 'H2O_g:1700-6000': [41.96426, 8.622053, -1.49978, 0.098119, -11.15764, -272.1797, 219.7809, -241.8264], 'CO2_g:298-1200': [24.99735, 55.18696, -33.69137, 7.948387, -0.136638, -403.6075, 228.2431, -393.5224], 'CO2_g:1200-6000': [58.16639, 2.720075, -0.492289, 0.038844, -6.447293, -425.9186, 263.6125, -393.5224], 'O2_g:100-700': [31.32234, -20.23531, 57.8664, -36.50624, -0.007374, -8.903471, 246.7945, 0.0], 'O2_g:700-2000': [30.03235, 8.772972, -3.988133, 0.788313, -0.741599, -11.32468, 236.1663, 0.0], 'O2_g:2000-6000': [20.91111, 10.72071, -2.020498, 0.146449, 9.245722, 5.337651, 237.6185, 0.0], 'NH3_g:298-1400': [19.99563, 49.77119, -15.37599, 1.921168, 0.189174, -53.30667, 203.8591, -45.89806], 'N2_g:100-500': [28.98641, 1.853978, -9.647459, 16.63537, 0.000117, -8.671914, 226.4168, 0.0], 'N2_g:500-2000': [19.50583, 19.88705, -8.598535, 1.369784, 0.527601, -4.935202, 212.39, 0.0], 'N2O_g:298-1400': [27.67988, 51.14898, -30.64454, 6.847911, -0.157906, 71.24934, 238.6164, 82.04824], 'NO2_g:298-1200': [16.10857, 75.89525, -54.3874, 14.30777, 0.239423, 26.17464, 240.5386, 33.09502], 'NO_g:298-1200': [23.83491, 12.58878, -1.139011, -1.497459, 0.214194, 83.35783, 237.1219, 90.29114], 'NO3_g:298-1200': [11.22316, 166.3889, -148.4458, 47.40598, -0.176791, 61.00858, 221.7679, 71.128], 'HNO2_g:298-1200': [24.89974, 91.37563, -64.84614, 17.92007, -0.134737, -88.13596, 254.2671, -76.73498], 'HNO3_g:298-1200': [19.63229, 153.9599, -115.8378, 32.87955, -0.249114, -146.8818, 247.7049, -134.306], 'HCN_g:298-1200': [32.69373, 22.59205, -4.369142, -0.407697, -0.282399, 123.4811, 233.2597, 135.1432], 'CH2CH2_g:298-1200': [-6.38788, 184.4019, -112.9718, 28.49593, 0.31554, 48.17332, 163.1568, 52.46694], 'CH2O_g:298-1500': [5.193767, 93.23249, -44.85457, 7.882279, 0.551175, -119.3591, 202.4663, -115.8972], 'CH3OH_g:298-1500': [-1.0845814245433651, 153.2463565199489, -79.53050359618254, 16.47130239316011, 0.5220334601533215, -4.897417024069, 199.1893745506112, 0.0], 'C5H4O2_g:100-1500': [-16.36694, 0.46958, -0.000331925, 8.50912e-08, 198590.9145, -1661.34999, -15.68938, 12461.34999], 'C5H6O2_g:100-1500': [-18.57626, 0.50733, -0.000335824, 8.28263e-08, 231619.2141, -6357.53523, 2.75692, 7057.53523], 'C5H6O_g:50-1500': [1.26847, 0.35388, -0.000173962, 2.87427e-08, 48401.71207, -5691.94893, -85.38991, 7191.94893], 'Cl2_g:298-1000': [33.0506, 12.2294, -12.0651, 4.38533, -0.159494, -10.8348, 259.029, 0.0], 'HCl_g:298-1200': [32.12392, -13.45805, 19.86852, -6.853936, -0.049672, -101.6206, 228.6866, -92.31201], 'CH3CH2OH_g:298-1500': [-4.7367880805894265, 271.96181550301463, -169.34946529216657, 43.73860153608533, 0.24643430702178773, -9.828280829187861, 203.3325622617075, 0.0], 'CH3CHO_g:298-1500': [4.8037386340099095, 185.92002366990326, -99.1084610902012, 20.61473919069016, 0.2770802548558646, -8.566600040790945, 220.00244674443837, 0.0], 'HCOOH_g:298-1500': [3.802752304225226, 153.66217894746168, -84.64046773816926, 16.297377707561505, 0.2772064997263338, -6.16527, 212.9698972559699, 0]}

site_names = ('g', 's')

species_definitions = {'C6H12_g': {'name': 'C6H12', 'site': 'g', 'type': 'gas', 'n_sites': 0, 'composition': {'H': 12, 'C': 6}, 'concentration': 1.0, 'formation_energy': -26.031223, 'formation_energy_source': 'DFT_Gibbs_gas', 'frequencies': []}, 'H2O2_g': {'name': 'H2O2', 'site': 'g', 'type': 'gas', 'n_sites': 0, 'composition': {'O': 2, 'H': 2}, 'concentration': 0.185, 'formation_energy': -7.162091, 'formation_energy_source': 'DFT_Gibbs_gas', 'frequencies': []}, 'H2O_g': {'name': 'H2O', 'site': 'g', 'type': 'gas', 'n_sites': 0, 'composition': {'O': 1, 'H': 2}, 'concentration': 0.815, 'formation_energy': -7.614457, 'formation_energy_source': 'DFT_Gibbs_gas', 'frequencies': []}, 'C6H12O_g': {'name': 'C6H12O', 'site': 'g', 'type': 'gas', 'n_sites': 0, 'composition': {'O': 1, 'H': 12, 'C': 6}, 'concentration': 1e-20, 'formation_energy': -27.667771, 'formation_energy_source': 'DFT_Gibbs_gas', 'frequencies': []}, 's': {'name': 's', 'site': 's', 'type': 'site', 'formation_energy': 0, 'n_sites': 1, 'composition': {}, 'site_names': ['111'], 'total': 1, 'frequencies': []}, 'Ha_s': {'name': 'Ha', 'site': 's', 'type': 'adsorbate', 'n_sites': 1, 'composition': {'H': 1}, 'formation_energy': [-1.213161], 'formation_energy_source': ['DFT_Gibbs_single'], 'frequencies': []}, 'Hb_s': {'name': 'Hb', 'site': 's', 'type': 'adsorbate', 'n_sites': 1, 'composition': {'H': 1}, 'formation_energy': [-0.8032305], 'formation_energy_source': ['DFT_Gibbs_single'], 'frequencies': []}, 'Hb-O_s': {'name': 'Hb-O', 'site': 's', 'type': 'transition_state', 'n_sites': 1, 'composition': {'H': 1, 'O': 1}, 'formation_energy': [-1.293209], 'formation_energy_source': ['NEB_forward_TS_minus_IS_mapped'], 'frequencies': []}, 'C6H12O_s': {'name': 'C6H12O', 'site': 's', 'type': 'adsorbate', 'n_sites': 1, 'composition': {'O': 1, 'H': 12, 'C': 6}, 'formation_energy': [-27.867463], 'formation_energy_source': ['DFT_Gibbs_single'], 'frequencies': []}, 'C6H12_s': {'name': 'C6H12', 'site': 's', 'type': 'adsorbate', 'n_sites': 1, 'composition': {'H': 12, 'C': 6}, 'formation_energy': [-26.127434], 'formation_energy_source': ['DFT_Gibbs_single'], 'frequencies': []}, 'H2O2_s': {'name': 'H2O2', 'site': 's', 'type': 'adsorbate', 'n_sites': 1, 'composition': {'O': 2, 'H': 2}, 'formation_energy': [-7.120301], 'formation_energy_source': ['DFT_Gibbs_single'], 'frequencies': []}, 'H2O_s': {'name': 'H2O', 'site': 's', 'type': 'adsorbate', 'n_sites': 1, 'composition': {'O': 1, 'H': 2}, 'formation_energy': [-7.5649025], 'formation_energy_source': ['DFT_Gibbs_single'], 'frequencies': []}, 'OH_s': {'name': 'OH', 'site': 's', 'type': 'adsorbate', 'n_sites': 1, 'composition': {'O': 1, 'H': 1}, 'formation_energy': [-4.8099835], 'formation_energy_source': ['DFT_Gibbs_single'], 'frequencies': []}, 'OOH_s': {'name': 'OOH', 'site': 's', 'type': 'adsorbate', 'n_sites': 1, 'composition': {'O': 2, 'H': 1}, 'formation_energy': [-4.737763], 'formation_energy_source': ['DFT_Gibbs_single'], 'frequencies': []}, 'O_s': {'name': 'O', 'site': 's', 'type': 'adsorbate', 'n_sites': 1, 'composition': {'O': 1}, 'formation_energy': [-0.4653015], 'formation_energy_source': ['DFT_Gibbs_single'], 'frequencies': []}, 'OOH-C6H12_s': {'name': 'OOH-C6H12', 'site': 's', 'type': 'transition_state', 'n_sites': 1, 'composition': {'O': 2, 'H': 13, 'C': 6}, 'formation_energy': [-30.708048], 'formation_energy_source': ['NEB_forward_TS_minus_IS_mapped'], 'frequencies': []}, 'g': {'name': 'g', 'site': 'g', 'type': 'site', 'formation_energy': 0, 'n_sites': 0, 'site_names': ['gas'], 'total': 0, 'composition': {}, 'frequencies': []}, '*_g': {'name': 'g', 'site': 'g', 'type': 'site', 'formation_energy': 0, 'n_sites': 0, 'site_names': ['gas'], 'total': 0, 'composition': {}, 'frequencies': []}, '*_s': {'name': 's', 'site': 's', 'type': 'site', 'formation_energy': 0, 'n_sites': 1, 'composition': {}, 'site_names': ['111'], 'total': 1, 'frequencies': []}}

standard_coadsorbate_coverage = 'min'

standard_coverage = 'min'

surface_names = ('tiv',)

temperature = 333.15

thermodynamic_corrections = ['gas', 'adsorbate']

thermodynamic_variables = ['temperature', 'gas_pressures', 'voltage', 'beta', 'pH', 'Upzc', 'gas_thermo_mode', 'adsorbate_thermo_mode', 'pressure']

transition_state_names = ('Hb-O_s', 'OOH-C6H12_s')

use_numbers_solver = True

verbose = 1

stdout = """header_evaluation: fail - could not save mp = <mpmath.ctx_mp.MPContext object at 0x000001F793B32F90>


header_evaluation: fail - could not save tolerance = mpf('9.9999999999999999999999999999999999999999999999999999999999999999999999999999999999999999999999999999999999999999999999999999999999999999999999999999999999999999999999999999999999999999999999999999999999999999999999999999999999999999999999999999999999999999999999999999999999999999999991986250407867081045460800221478231602755638906948741730799667110094055338977449079126578103680743092e-261')


initial_evaluation: success - initial guess at point [333.15, 1.00]
mapper_iteration_0: status - 0 points do not have valid solution.
header_evaluation: fail - could not save coverage_map = [[[333.15, 1.0], [mpf('0.00000000000000000000000000000000000000000000000000000000000000000000000000000000000000000000009454327669366511070777081536497623824387931181640228154196548656167772038889346343818127975890576090969319628384636559345681600069479074679956950034384716780621433177821363674607818369879985701813422676429053031441574249397117258155784559993765444833484366647093313262914102416639619517952876498381212490599039080253372403077685577750286625266158500093628619802829495249560444470263085756'), mpf('0.0000000000000000000000000000000000000000000000000000000000000000000000000002571613309246714722246184978067627912871037534560564595827536386673374009751572097375717757517210928123626555738187296753448954255309818118837938078220311887037599686831175063472360719709745037506821008958884988913224458603274396298327808300816530329783147700653029906284528948649594879190880186978243692767683208253714248191096180069281348239488302746645416093559708264353775465276322162'), mpf('0.0000000000000000000000000000000000000000000000000000000000000000000000000000003888174232605408130337655946698878857955491599892033314775034820918515709854082800841321606593824069034805233242522880494467734147434797115840315646825176514338899703661794250821263455338777094830803232665973099777387534260263775558087789673930287167146011617446788160359903974255518543311868261806665415031011075825939553998426281626745099612227611248239746252867994870286732496612920307'), mpf('0.000000000000000000000000000000000000000000000000000000000000000000000000000001306991948030522382378420959490268358424440632875389676649491017900803204648831937065453061587723659250523483158326628374768408312157629016105779063846073496689815218950753557666531722117324148712955572368980914231170231574245270590511599062551863666816236657473947388506433449958291936881794719238662665317884889908538552904219789886561037035793798216832145603503732611275173725861221223'), mpf('1.718879192104492591742537539848862359596679504104068179403751900442967736953660760243534228354197805768166604560496768071495699054637255104546949514661529786464679358331660867447156100755576734270976481620626298427593714110217841432310492472275116264777792279105917310515069357856203543281821444490744133745006083713170694025167514498578680922060154280231590416192522721310614655785887263e-193'), mpf('0.000000000000000000000000000000000000000000000000000000000000000000000008218942239787364482967310664667666767380143334043393948654656770775255266232183475210408017964740068708516722768131361011391947401399445242490832855444753282688993264507011034172287095609996404079383762027111031875346610123931552083655207267822545688549286480819709764142692630421077676205365328465452386782481278233330483950754288981275139101495651698977582730985554889903051215220285992'), mpf('0.000000000002608415249930672172111974846502146016976189261204317194129240930629672776100003132886990953509089991471697689442903889598236760469926254831696100827390401864979576543673199990522000052376074650929159164205771929018839011506506034985274815922109928834523039918649316327347311858325160791142526929179025899198629294878534647788552996536907848002613794202871862807751980749227367265996570826'), mpf('0.9999999999973915847500693278278880251534978539830238107387956828058707426312179798045391556390882437089061496462653393826006991322411222615849214982190425952833804219708945050257997245764224646768051625786568794618619463128257321520268353258535910765719577255988954343552657823635741854599411140112078107008030888792579922822741918355962466152916962678701458000298304723439358301339754664'), mpf('0.000000000000000000000000000000000000000000000000000000000000000000000008218942239787364482967310664667666767380143334043393948654656770775255266232183475210408017964740068708516722768131361011391947401399445242490832855444753282688993264507011034172287095609996404079383762027111031875346610123931552083655207267822545688549286480819709764142692630421077676205365328465452386782481261943647412261300718095063564398385096472004961652716607872043057921700943357'), mpf('0.000000000000000000000000000000000000000000000000000000000000000000000000000009010704335912757888862041196637543737200282554602378012339482450887445289553946556794165321126839080383599831126442813573733869969968703944517264617276972160726040515966215420352019460160329237528502243267982435067318908266797417531698724799325353629110214678544571465317410320675697531111964818288654933465490389953647460590859364232671375124401714024914280675896967746348764139969691959')]]]


header_evaluation: fail - could not save kBT = mpf('0.0287086431504569980406454419608053285628557205200195312499999999999999999999999999999999999999999999999999999999999999999999999999999999999999999999999999999999999999999999999999999999999999999999999999999999999999999999999999999999999999999999999999999999999999999999999999999999999999999999999999999999999999999999999999999999999999999999999999999999999999999999999999999999999999999999')


header_evaluation: fail - could not save mp = <mpmath.ctx_mp.MPContext object at 0x000001F793B32F90>


header_evaluation: fail - could not save rate_map = [[[333.15, 1.0], [mpf('2.379792982480096640750813751855771512442408513950537103020050187350365146488101731044022379609160097365385551360568276824281916936807777769857417777184925935457798684156727441954878625366238340966260276286676025063503585536257866835339818945187617188248300071605919444648141707408503627916471912979516672605775285122109407055350900561746524831831451553450472184727806473851951192639133088e-224'), mpf('4.966361752291056470005243067115297007975748994254895634606288610284639875569812547918001103837538433661057726579202517524324204000227638153547622903647806487381405148453565232255833756169972089975984671969799239663356055196140520690748348823850642942398458931474523242729718883619674738863658140932483744804266525951269693729618596593868597848765158189214970088167050635463608454637143667e-161'), mpf('2.379792982480096640750813751855771512538237734333886898918635856678809803513926552906741112043461969873220146225776556762238117527558086284466212307454404724771595103596642662621997141206789173131085893704070512929285738045536094073865718909766172614543673704439956008713271534421806421849696179492342117617477100327130700155421378730297492713649586828664095952478934932153352640734320915e-224'), mpf('1.115984589347221180148359409759268712956971183044268836970808967949890583179822516621623057788645163265836867149539633777332801091639206955440355482474631679691596211545338579949886607426951807028619317297391493123976379982663220830708969582113121065711514993043945708197872485221191069638296444325288593621826186699009960043604735423752784923723611724054049272192320609357227874718271764e-166'), mpf('2.379792982480096641182970551405567838274328679912196512242233816464958368956955697432007962136291509795047208584172351129433908509760253436382781572667204099779109487661388946616432239622666484926983129309847401229455966649044089596358611515059174106911409676034092431565026716649861658513758927598838093895760212337843051932241782858509089265833535511902467337331241394927265966895208735e-224'), mpf('3.366695294585538411916340804752776356685544303145233279264058043439027803591361040410519117403729381185388908136509220879791808671564607533468414601078067694364441097480590493363327478828404570488346494727513190699999831871928254486713314067875011600223842484682226589933652979019853984960688125969247670714659511685718527594880408171366029545749972074202897195178712064418128443487183592e-131'), mpf('-3.884309461955648944526375232714121442651316100077435140012693796121458133948381861654287481312423096689994877006254125119844607279428171669096948968518272584447911528648762147788421768457784368554562270446299643884248828693984455624024820635344661005898743608009721587635883040170054610767433501309077255524341007813760931718149825237013986019367203207087735325843639824059898476608286919e-166'), mpf('2.379792982480096640750813751855771512572353190144572779782326698699634308632515910478707209807022824326328394335527027451140132977192749235542472478772906419686860187841443179116144375286138811962116278342810138226952392253123496124968756345212707480965628028171182281645001158353637826548695802110053482217101035579023737305732629709429195436018419944658484047756843598776091755528465025e-224')]]]


header_evaluation: fail - could not save tolerance = mpf('9.9999999999999999999999999999999999999999999999999999999999999999999999999999999999999999999999999999999999999999999999999999999999999999999999999999999999999999999999999999999999999999999999999999999999999999999999999999999999999999999999999999999999999999999999999999999999999999999991986250407867081045460800221478231602755638906948741730799667110094055338977449079126578103680743092e-261')


header_evaluation: fail - could not save turnover_frequency_map = [[[333.15, 1.0], [mpf('2.379792982480096641182970551405567838274328679912196512242233816464958368956955697432007962136291509795047208584172351129433908509760253436382781572667204099779109487661388946616432239622666484926983129309847401229455966649044089596358611515059174106911409676034092431565026716649861658513758927598838093895760212337843051932241782858509089265833535511902467337331241394927265966895208735e-224'), mpf('-2.379792982480096640750813751855771512538237734333886898918635856678809803513926552906741112043461969873220146225776556762238117527558086284466212307454404724771595103596642662621997141206789173131085893704070512929285738045536094073865718909766172614543673704439956008713271534421806421849696179492342117617477100327130700155421378730297492713649586828664095952478934932153352640734320915e-224'), mpf('-2.379792982480096640750813751855771512442408513950537103020050187350365146488101731044022379609160097365385551360568276824281916936807777769857417777184925935457798684156727441954878625366238340966260276286676025063503585536257866835339818945187617188248300071605919444648141707408503627916471912979516672605775285122109407055350900561746524831831451553450472184727806473851951192639133088e-224'), mpf('2.379792982480096640750813751855771512572353190144572779782326698699634308632515910478707209807022824326328394335527027451140132977192749235542472478772906419686860187841443179116144375286138811962116278342810138226952392253123496124968756345212707480965628028171182281645001158353637826548695802110053482217101035579023737305732629709429195436018419944658484047756843598776091755528465025e-224')]]]

"""